Archive member included to satisfy reference by file (symbol)

/home/bhavya/Downloads/1/plugins/fr.ac6.mcu.externaltools.arm-none.linux64_1.17.0.201812190825/tools/compiler/bin/../lib/gcc/arm-none-eabi/7.3.1/../../../../arm-none-eabi/lib/thumb/v7e-m/fpv4-sp/hard/libc.a(lib_a-errno.o)
                              startup/sysmem.o (__errno)
/home/bhavya/Downloads/1/plugins/fr.ac6.mcu.externaltools.arm-none.linux64_1.17.0.201812190825/tools/compiler/bin/../lib/gcc/arm-none-eabi/7.3.1/../../../../arm-none-eabi/lib/thumb/v7e-m/fpv4-sp/hard/libc.a(lib_a-exit.o)
                              /home/bhavya/Downloads/1/plugins/fr.ac6.mcu.externaltools.arm-none.linux64_1.17.0.201812190825/tools/compiler/bin/../lib/gcc/arm-none-eabi/7.3.1/../../../../arm-none-eabi/lib/thumb/v7e-m/fpv4-sp/hard/crt0.o (exit)
/home/bhavya/Downloads/1/plugins/fr.ac6.mcu.externaltools.arm-none.linux64_1.17.0.201812190825/tools/compiler/bin/../lib/gcc/arm-none-eabi/7.3.1/../../../../arm-none-eabi/lib/thumb/v7e-m/fpv4-sp/hard/libc.a(lib_a-impure.o)
                              /home/bhavya/Downloads/1/plugins/fr.ac6.mcu.externaltools.arm-none.linux64_1.17.0.201812190825/tools/compiler/bin/../lib/gcc/arm-none-eabi/7.3.1/../../../../arm-none-eabi/lib/thumb/v7e-m/fpv4-sp/hard/libc.a(lib_a-exit.o) (_global_impure_ptr)
/home/bhavya/Downloads/1/plugins/fr.ac6.mcu.externaltools.arm-none.linux64_1.17.0.201812190825/tools/compiler/bin/../lib/gcc/arm-none-eabi/7.3.1/../../../../arm-none-eabi/lib/thumb/v7e-m/fpv4-sp/hard/libc.a(lib_a-init.o)
                              /home/bhavya/Downloads/1/plugins/fr.ac6.mcu.externaltools.arm-none.linux64_1.17.0.201812190825/tools/compiler/bin/../lib/gcc/arm-none-eabi/7.3.1/../../../../arm-none-eabi/lib/thumb/v7e-m/fpv4-sp/hard/crt0.o (__libc_init_array)
/home/bhavya/Downloads/1/plugins/fr.ac6.mcu.externaltools.arm-none.linux64_1.17.0.201812190825/tools/compiler/bin/../lib/gcc/arm-none-eabi/7.3.1/../../../../arm-none-eabi/lib/thumb/v7e-m/fpv4-sp/hard/libc.a(lib_a-memset.o)
                              /home/bhavya/Downloads/1/plugins/fr.ac6.mcu.externaltools.arm-none.linux64_1.17.0.201812190825/tools/compiler/bin/../lib/gcc/arm-none-eabi/7.3.1/../../../../arm-none-eabi/lib/thumb/v7e-m/fpv4-sp/hard/crt0.o (memset)
/home/bhavya/Downloads/1/plugins/fr.ac6.mcu.externaltools.arm-none.linux64_1.17.0.201812190825/tools/compiler/bin/../lib/gcc/arm-none-eabi/7.3.1/../../../../arm-none-eabi/lib/thumb/v7e-m/fpv4-sp/hard/libc.a(lib_a-__call_atexit.o)
                              /home/bhavya/Downloads/1/plugins/fr.ac6.mcu.externaltools.arm-none.linux64_1.17.0.201812190825/tools/compiler/bin/../lib/gcc/arm-none-eabi/7.3.1/../../../../arm-none-eabi/lib/thumb/v7e-m/fpv4-sp/hard/libc.a(lib_a-exit.o) (__call_exitprocs)
/home/bhavya/Downloads/1/plugins/fr.ac6.mcu.externaltools.arm-none.linux64_1.17.0.201812190825/tools/compiler/bin/../lib/gcc/arm-none-eabi/7.3.1/../../../../arm-none-eabi/lib/thumb/v7e-m/fpv4-sp/hard/libc.a(lib_a-atexit.o)
                              /home/bhavya/Downloads/1/plugins/fr.ac6.mcu.externaltools.arm-none.linux64_1.17.0.201812190825/tools/compiler/bin/../lib/gcc/arm-none-eabi/7.3.1/../../../../arm-none-eabi/lib/thumb/v7e-m/fpv4-sp/hard/libc.a(lib_a-__call_atexit.o) (atexit)
/home/bhavya/Downloads/1/plugins/fr.ac6.mcu.externaltools.arm-none.linux64_1.17.0.201812190825/tools/compiler/bin/../lib/gcc/arm-none-eabi/7.3.1/../../../../arm-none-eabi/lib/thumb/v7e-m/fpv4-sp/hard/libc.a(lib_a-fini.o)
                              /home/bhavya/Downloads/1/plugins/fr.ac6.mcu.externaltools.arm-none.linux64_1.17.0.201812190825/tools/compiler/bin/../lib/gcc/arm-none-eabi/7.3.1/../../../../arm-none-eabi/lib/thumb/v7e-m/fpv4-sp/hard/libc.a(lib_a-__call_atexit.o) (__libc_fini_array)
/home/bhavya/Downloads/1/plugins/fr.ac6.mcu.externaltools.arm-none.linux64_1.17.0.201812190825/tools/compiler/bin/../lib/gcc/arm-none-eabi/7.3.1/../../../../arm-none-eabi/lib/thumb/v7e-m/fpv4-sp/hard/libc.a(lib_a-lock.o)
                              /home/bhavya/Downloads/1/plugins/fr.ac6.mcu.externaltools.arm-none.linux64_1.17.0.201812190825/tools/compiler/bin/../lib/gcc/arm-none-eabi/7.3.1/../../../../arm-none-eabi/lib/thumb/v7e-m/fpv4-sp/hard/libc.a(lib_a-__call_atexit.o) (__retarget_lock_acquire_recursive)
/home/bhavya/Downloads/1/plugins/fr.ac6.mcu.externaltools.arm-none.linux64_1.17.0.201812190825/tools/compiler/bin/../lib/gcc/arm-none-eabi/7.3.1/../../../../arm-none-eabi/lib/thumb/v7e-m/fpv4-sp/hard/libc.a(lib_a-__atexit.o)
                              /home/bhavya/Downloads/1/plugins/fr.ac6.mcu.externaltools.arm-none.linux64_1.17.0.201812190825/tools/compiler/bin/../lib/gcc/arm-none-eabi/7.3.1/../../../../arm-none-eabi/lib/thumb/v7e-m/fpv4-sp/hard/libc.a(lib_a-atexit.o) (__register_exitproc)

Allocating common symbols
Common symbol       size              file

PECC7               0x4               Ventilation/src/MAIN/MAIN_Global_Variables_Init.o
[...]
Memory Configuration

Name             Origin             Length             Attributes
RAM              0x0000000020000000 0x0000000000020000 xrw
ROM              0x0000000008000000 0x0000000000080000 xr
*default*        0x0000000000000000 0xffffffffffffffff

Linker script and memory map

LOAD /home/bhavya/Downloads/1/plugins/fr.ac6.mcu.externaltools.arm-none.linux64_1.17.0.201812190825/tools/compiler/bin/../lib/gcc/arm-none-eabi/7.3.1/thumb/v7e-m/fpv4-sp/hard/crti.o
LOAD /home/bhavya/Downloads/1/plugins/fr.ac6.mcu.externaltools.arm-none.linux64_1.17.0.201812190825/tools/compiler/bin/../lib/gcc/arm-none-eabi/7.3.1/thumb/v7e-m/fpv4-sp/hard/crtbegin.o
LOAD /home/bhavya/Downloads/1/plugins/fr.ac6.mcu.externaltools.arm-none.linux64_1.17.0.201812190825/tools/compiler/bin/../lib/gcc/arm-none-eabi/7.3.1/../../../../arm-none-eabi/lib/thumb/v7e-m/fpv4-sp/hard/crt0.o
LOAD Ventilation/src/ACTUATOR/ACT_BlowerCmd.o
LOAD Ventilation/src/ACTUATOR/ACT_BrakePower.o
LOAD Ventilation/src/DATABASE/DB_AlarmInfoWrite.o
LOAD Ventilation/src/DATABASE/DB_AlarmStatusWrite.o
LOAD Ventilation/src/DATABASE/DB_ComputeRead.o
LOAD Ventilation/src/DATABASE/DB_ComputeWrite.o
LOAD Ventilation/src/DATABASE/DB_ConfigRead.o
LOAD Ventilation/src/DATABASE/DB_ConfigWrite.o
LOAD Ventilation/src/DATABASE/DB_ControlRead.o
LOAD Ventilation/src/DATABASE/DB_ControlWrite.o
LOAD Ventilation/src/DATABASE/DB_CurrentRead.o
LOAD Ventilation/src/DATABASE/DB_EventMngt.o
LOAD Ventilation/src/DATABASE/DB_RTCRead.o
LOAD Ventilation/src/DATABASE/DB_RTCWrite.o
LOAD Ventilation/src/DATABASE/DB_StartInitDb.o
LOAD Ventilation/src/DATABASE/DB_TrendWrite.o
LOAD Ventilation/src/DATABASE_SETTINGS/DB_IhmAccessParaDataBase.o
LOAD Ventilation/src/INTERRUPTS/It_watchdog.o
LOAD Ventilation/src/MAIN/MAIN_Global_Variables_Init.o
LOAD Ventilation/src/MAIN/MAIN_Interfaces_Init.o
LOAD Ventilation/src/MAIN/MAIN_Security_Init.o
LOAD Ventilation/src/MAIN/MAIN_System_Init.o
LOAD Ventilation/src/MAIN/MAIN_Target_Init.o
LOAD Ventilation/src/MAIN/MAIN_Tasks_Init.o
LOAD Ventilation/src/MAIN/MAIN_Ventilation_Init.o
LOAD Ventilation/src/SCHEDULER/SCHED_Setup_Main.o
LOAD Ventilation/src/SCHEDULER/SCHED_Setup_entry.o
LOAD Ventilation/src/SCHEDULER/SCHED_Ventilation_Main.o
LOAD Ventilation/src/SCHEDULER/SCHED_Ventilation_entry.o
LOAD Ventilation/src/TIMERS/TIM_StartDecounter.o
LOAD Ventilation/src/TIMERS/TIM_Temporize.o
LOAD Ventilation/src/VENTILATION/VEN_Cycles.o
LOAD src/MAIN.o
LOAD startup/startup_stm32.o
LOAD startup/sysmem.o
LOAD /home/bhavya/Downloads/1/plugins/fr.ac6.mcu.externaltools.arm-none.linux64_1.17.0.201812190825/tools/compiler/bin/../lib/gcc/arm-none-eabi/7.3.1/../../../../arm-none-eabi/lib/thumb/v7e-m/fpv4-sp/hard/libm.a
START GROUP
LOAD /home/bhavya/Downloads/1/plugins/fr.ac6.mcu.externaltools.arm-none.linux64_1.17.0.201812190825/tools/compiler/bin/../lib/gcc/arm-none-eabi/7.3.1/thumb/v7e-m/fpv4-sp/hard/libgcc.a
LOAD /home/bhavya/Downloads/1/plugins/fr.ac6.mcu.externaltools.arm-none.linux64_1.17.0.201812190825/tools/compiler/bin/../lib/gcc/arm-none-eabi/7.3.1/../../../../arm-none-eabi/lib/thumb/v7e-m/fpv4-sp/hard/libc.a
END GROUP
LOAD /home/bhavya/Downloads/1/plugins/fr.ac6.mcu.externaltools.arm-none.linux64_1.17.0.201812190825/tools/compiler/bin/../lib/gcc/arm-none-eabi/7.3.1/thumb/v7e-m/fpv4-sp/hard/crtend.o
LOAD /home/bhavya/Downloads/1/plugins/fr.ac6.mcu.externaltools.arm-none.linux64_1.17.0.201812190825/tools/compiler/bin/../lib/gcc/arm-none-eabi/7.3.1/thumb/v7e-m/fpv4-sp/hard/crtn.o
                0x0000000020020000                _estack = 0x20020000
                0x0000000000000000                _Min_Heap_Size = 0x0
                0x0000000000000400                _Min_Stack_Size = 0x400

.isr_vector     0x0000000008000000      0x1c4
                0x0000000008000000                . = ALIGN (0x4)
 *(.isr_vector)
 .isr_vector    0x0000000008000000      0x1c4 startup/startup_stm32.o
                0x0000000008000000                g_pfnVectors
                0x00000000080001c4                . = ALIGN (0x4)

.text           0x00000000080001c4     0x1304
                0x00000000080001c4                . = ALIGN (0x4)
 *(.text)
 .text          0x00000000080001c4       0x40 /home/bhavya/Downloads/1/plugins/fr.ac6.mcu.externaltools.arm-none.linux64_1.17.0.201812190825/tools/compiler/bin/../lib/gcc/arm-none-eabi/7.3.1/thumb/v7e-m/fpv4-sp/hard/crtbegin.o
 *(.text*)
 .text.ACT_BrakePower
                0x0000000008000204       0x48 Ventilation/src/ACTUATOR/ACT_BrakePower.o
                0x0000000008000204                ACT_BrakePower
 .text.DB_AlarmInfoWrite
                0x000000000800024c       0x58 Ventilation/src/DATABASE/DB_AlarmInfoWrite.o
                0x000000000800024c                DB_AlarmInfoWrite
 .text.DB_AlarmStatusWrite
                0x00000000080002a4       0x50 Ventilation/src/DATABASE/DB_AlarmStatusWrite.o
                0x00000000080002a4                DB_AlarmStatusWrite
 .text.DB_ComputeRead
                0x00000000080002f4       0x24 Ventilation/src/DATABASE/DB_ComputeRead.o
                0x00000000080002f4                DB_ComputeRead
 .text.DB_ConfigRead
                0x0000000008000318       0x24 Ventilation/src/DATABASE/DB_ConfigRead.o
                0x0000000008000318                DB_ConfigRead
 .text.DB_ControlRead
                0x000000000800033c       0x24 Ventilation/src/DATABASE/DB_ControlRead.o
                0x000000000800033c                DB_ControlRead
 .text.DB_ControlWrite
                0x0000000008000360       0x2c Ventilation/src/DATABASE/DB_ControlWrite.o
                0x0000000008000360                DB_ControlWrite
 .text.DB_CurrentRead
                0x000000000800038c       0x24 Ventilation/src/DATABASE/DB_CurrentRead.o
                0x000000000800038c                DB_CurrentRead
 .text.DB_EventMngt
                0x00000000080003b0      0x390 Ventilation/src/DATABASE/DB_EventMngt.o
                0x00000000080003b0                DB_EventMngt
 .text.DB_RTCRead
                0x0000000008000740       0x24 Ventilation/src/DATABASE/DB_RTCRead.o
                0x0000000008000740                DB_RTCRead
 .text.DB_RTCWrite
                0x0000000008000764       0x2c Ventilation/src/DATABASE/DB_RTCWrite.o
                0x0000000008000764                DB_RTCWrite
 .text.DB_TrendWrite
                0x0000000008000790       0x78 Ventilation/src/DATABASE/DB_TrendWrite.o
                0x0000000008000790                DB_TrendWrite
 .text.MAIN_Global_Variables_Init
                0x0000000008000808      0x214 Ventilation/src/MAIN/MAIN_Global_Variables_Init.o
                0x0000000008000808                MAIN_Global_Variables_Init
 .text.MAIN_Interfaces_Init
                0x0000000008000a1c      0x16c Ventilation/src/MAIN/MAIN_Interfaces_Init.o
                0x0000000008000a1c                MAIN_Interfaces_Init
 .text.MAIN_Security_Init
                0x0000000008000b88      0x23c Ventilation/src/MAIN/MAIN_Security_Init.o
                0x0000000008000b88                MAIN_Security_Init
 .text.MAIN_System_Init
                0x0000000008000dc4       0x94 Ventilation/src/MAIN/MAIN_System_Init.o
                0x0000000008000dc4                MAIN_System_Init
 .text._srvwdt_
                0x0000000008000e58        0xe Ventilation/src/MAIN/MAIN_Target_Init.o
                0x0000000008000e58                _srvwdt_
 *fill*         0x0000000008000e66        0x2 
 .text.MAIN_Target_Init_FirstStep
                0x0000000008000e68       0xbc Ventilation/src/MAIN/MAIN_Target_Init.o
                0x0000000008000e68                MAIN_Target_Init_FirstStep
 .text.MAIN_Target_Init_SecondStep
                0x0000000008000f24       0x58 Ventilation/src/MAIN/MAIN_Target_Init.o
                0x0000000008000f24                MAIN_Target_Init_SecondStep
 .text.MAIN_Target_Init
                0x0000000008000f7c       0x10 Ventilation/src/MAIN/MAIN_Target_Init.o
                0x0000000008000f7c                MAIN_Target_Init
 .text.DRV_OutputPort
                0x0000000008000f8c       0x18 Ventilation/src/MAIN/MAIN_Target_Init.o
                0x0000000008000f8c                DRV_OutputPort
 .text.MAIN_Tasks_Init
                0x0000000008000fa4       0x14 Ventilation/src/MAIN/MAIN_Tasks_Init.o
                0x0000000008000fa4                MAIN_Tasks_Init
 .text.MAIN_Ventilation_Init
                0x0000000008000fb8       0xfc Ventilation/src/MAIN/MAIN_Ventilation_Init.o
                0x0000000008000fb8                MAIN_Ventilation_Init
 .text.SCHED_Setup_Main
                0x00000000080010b4        0xe Ventilation/src/SCHEDULER/SCHED_Setup_Main.o
                0x00000000080010b4                SCHED_Setup_Main
 .text.SCHED_Ventilation_Main
                0x00000000080010c2        0xe Ventilation/src/SCHEDULER/SCHED_Ventilation_Main.o
                0x00000000080010c2                SCHED_Ventilation_Main
 .text.TIM_StartDecounter
                0x00000000080010d0       0x58 Ventilation/src/TIMERS/TIM_StartDecounter.o
                0x00000000080010d0                TIM_StartDecounter
 .text.TIM_Temporize
                0x0000000008001128       0xd0 Ventilation/src/TIMERS/TIM_Temporize.o
                0x0000000008001128                TIM_Temporize
 .text.main     0x00000000080011f8       0xbc src/MAIN.o
                0x00000000080011f8                main
 .text.CIRCUIT_CHECK_HMI_Start
                0x00000000080012b4        0xe src/MAIN.o
                0x00000000080012b4                CIRCUIT_CHECK_HMI_Start
 .text.SETUP_HMI_Start
                0x00000000080012c2        0xe src/MAIN.o
                0x00000000080012c2                SETUP_HMI_Start
 .text.VENTILATION_HMI_Start
                0x00000000080012d0        0xe src/MAIN.o
                0x00000000080012d0                VENTILATION_HMI_Start
 .text.KEY_Touch_Detection
                0x00000000080012de       0x18 src/MAIN.o
                0x00000000080012de                KEY_Touch_Detection
 *fill*         0x00000000080012f6        0x2 
 .text.Reset_Handler
                0x00000000080012f8       0x50 startup/startup_stm32.o
                0x00000000080012f8                Reset_Handler
 .text.Default_Handler
                0x0000000008001348        0x2 startup/startup_stm32.o
                0x0000000008001348                RTC_Alarm_IRQHandler
                0x0000000008001348                EXTI2_IRQHandler
                0x0000000008001348                TIM8_CC_IRQHandler
                0x0000000008001348                SPDIF_Rx_IRQHandler
                0x0000000008001348                DebugMon_Handler
                0x0000000008001348                SPI4_IRQHandler
                0x0000000008001348                TIM1_CC_IRQHandler
                0x0000000008001348                QuadSPI_IRQHandler
                0x0000000008001348                DMA2_Stream5_IRQHandler
                0x0000000008001348                HardFault_Handler
                0x0000000008001348                DMA1_Stream5_IRQHandler
                0x0000000008001348                SysTick_Handler
                0x0000000008001348                PVD_IRQHandler
                0x0000000008001348                SDIO_IRQHandler
                0x0000000008001348                TAMP_STAMP_IRQHandler
                0x0000000008001348                PendSV_Handler
                0x0000000008001348                NMI_Handler
                0x0000000008001348                CAN2_RX1_IRQHandler
                0x0000000008001348                EXTI3_IRQHandler
                0x0000000008001348                TIM8_TRG_COM_TIM14_IRQHandler
                0x0000000008001348                TIM1_UP_TIM10_IRQHandler
                0x0000000008001348                FMPI2C1_error_IRQHandler
                0x0000000008001348                TIM8_UP_TIM13_IRQHandler
                0x0000000008001348                I2C3_ER_IRQHandler
                0x0000000008001348                EXTI0_IRQHandler
                0x0000000008001348                I2C2_EV_IRQHandler
                0x0000000008001348                DMA1_Stream2_IRQHandler
                0x0000000008001348                CAN1_RX0_IRQHandler
                0x0000000008001348                FPU_IRQHandler
                0x0000000008001348                OTG_HS_WKUP_IRQHandler
                0x0000000008001348                UsageFault_Handler
                0x0000000008001348                CAN2_SCE_IRQHandler
                0x0000000008001348                DMA2_Stream2_IRQHandler
                0x0000000008001348                SPI1_IRQHandler
                0x0000000008001348                TIM6_DAC_IRQHandler
                0x0000000008001348                TIM1_BRK_TIM9_IRQHandler
                0x0000000008001348                DCMI_IRQHandler
                0x0000000008001348                CAN2_RX0_IRQHandler
                0x0000000008001348                DMA2_Stream3_IRQHandler
                0x0000000008001348                FMPI2C1_IRQHandler
                0x0000000008001348                SAI2_IRQHandler
                0x0000000008001348                USART6_IRQHandler
                0x0000000008001348                USART3_IRQHandler
                0x0000000008001348                CAN1_RX1_IRQHandler
                0x0000000008001348                UART5_IRQHandler
                0x0000000008001348                DMA2_Stream0_IRQHandler
                0x0000000008001348                TIM4_IRQHandler
                0x0000000008001348                I2C1_EV_IRQHandler
                0x0000000008001348                HDMI_CEC_IRQHandler
                0x0000000008001348                DMA1_Stream6_IRQHandler
                0x0000000008001348                DMA1_Stream1_IRQHandler
                0x0000000008001348                UART4_IRQHandler
                0x0000000008001348                TIM3_IRQHandler
                0x0000000008001348                RCC_IRQHandler
                0x0000000008001348                TIM8_BRK_TIM12_IRQHandler
                0x0000000008001348                Default_Handler
                0x0000000008001348                EXTI15_10_IRQHandler
                0x0000000008001348                ADC_IRQHandler
                0x0000000008001348                DMA1_Stream7_IRQHandler
                0x0000000008001348                TIM7_IRQHandler
                0x0000000008001348                CAN2_TX_IRQHandler
                0x0000000008001348                TIM5_IRQHandler
                0x0000000008001348                DMA2_Stream7_IRQHandler
                0x0000000008001348                I2C3_EV_IRQHandler
                0x0000000008001348                EXTI9_5_IRQHandler
                0x0000000008001348                RTC_WKUP_IRQHandler
                0x0000000008001348                SPI2_IRQHandler
                0x0000000008001348                OTG_HS_EP1_IN_IRQHandler
                0x0000000008001348                MemManage_Handler
                0x0000000008001348                DMA1_Stream0_IRQHandler
                0x0000000008001348                CAN1_TX_IRQHandler
                0x0000000008001348                SVC_Handler
                0x0000000008001348                EXTI4_IRQHandler
                0x0000000008001348                OTG_HS_EP1_OUT_IRQHandler
                0x0000000008001348                WWDG_IRQHandler
                0x0000000008001348                TIM2_IRQHandler
                0x0000000008001348                OTG_FS_WKUP_IRQHandler
                0x0000000008001348                TIM1_TRG_COM_TIM11_IRQHandler
                0x0000000008001348                OTG_HS_IRQHandler
                0x0000000008001348                EXTI1_IRQHandler
                0x0000000008001348                USART2_IRQHandler
                0x0000000008001348                I2C2_ER_IRQHandler
                0x0000000008001348                DMA2_Stream1_IRQHandler
                0x0000000008001348                CAN1_SCE_IRQHandler
                0x0000000008001348                FLASH_IRQHandler
                0x0000000008001348                DMA2_Stream4_IRQHandler
                0x0000000008001348                BusFault_Handler
                0x0000000008001348                USART1_IRQHandler
                0x0000000008001348                OTG_FS_IRQHandler
                0x0000000008001348                SPI3_IRQHandler
                0x0000000008001348                DMA1_Stream4_IRQHandler
                0x0000000008001348                I2C1_ER_IRQHandler
                0x0000000008001348                FMC_IRQHandler
                0x0000000008001348                DMA2_Stream6_IRQHandler
                0x0000000008001348                SAI1_IRQHandler
                0x0000000008001348                DMA1_Stream3_IRQHandler
 *fill*         0x000000000800134a        0x2 
 .text.__libc_init_array
                0x000000000800134c       0x48 /home/bhavya/Downloads/1/plugins/fr.ac6.mcu.externaltools.arm-none.linux64_1.17.0.201812190825/tools/compiler/bin/../lib/gcc/arm-none-eabi/7.3.1/../../../../arm-none-eabi/lib/thumb/v7e-m/fpv4-sp/hard/libc.a(lib_a-init.o)
                0x000000000800134c                __libc_init_array
 .text.startup.register_fini
                0x0000000008001394       0x14 /home/bhavya/Downloads/1/plugins/fr.ac6.mcu.externaltools.arm-none.linux64_1.17.0.201812190825/tools/compiler/bin/../lib/gcc/arm-none-eabi/7.3.1/../../../../arm-none-eabi/lib/thumb/v7e-m/fpv4-sp/hard/libc.a(lib_a-__call_atexit.o)
 .text.atexit   0x00000000080013a8        0xc /home/bhavya/Downloads/1/plugins/fr.ac6.mcu.externaltools.arm-none.linux64_1.17.0.201812190825/tools/compiler/bin/../lib/gcc/arm-none-eabi/7.3.1/../../../../arm-none-eabi/lib/thumb/v7e-m/fpv4-sp/hard/libc.a(lib_a-atexit.o)
                0x00000000080013a8                atexit
 .text.__libc_fini_array
                0x00000000080013b4       0x34 /home/bhavya/Downloads/1/plugins/fr.ac6.mcu.externaltools.arm-none.linux64_1.17.0.201812190825/tools/compiler/bin/../lib/gcc/arm-none-eabi/7.3.1/../../../../arm-none-eabi/lib/thumb/v7e-m/fpv4-sp/hard/libc.a(lib_a-fini.o)
                0x00000000080013b4                __libc_fini_array
 .text.__retarget_lock_acquire_recursive
                0x00000000080013e8        0x4 /home/bhavya/Downloads/1/plugins/fr.ac6.mcu.externaltools.arm-none.linux64_1.17.0.201812190825/tools/compiler/bin/../lib/gcc/arm-none-eabi/7.3.1/../../../../arm-none-eabi/lib/thumb/v7e-m/fpv4-sp/hard/libc.a(lib_a-lock.o)
                0x00000000080013e8                __retarget_lock_acquire_recursive
 .text.__retarget_lock_release_recursive
                0x00000000080013ec        0x4 /home/bhavya/Downloads/1/plugins/fr.ac6.mcu.externaltools.arm-none.linux64_1.17.0.201812190825/tools/compiler/bin/../lib/gcc/arm-none-eabi/7.3.1/../../../../arm-none-eabi/lib/thumb/v7e-m/fpv4-sp/hard/libc.a(lib_a-lock.o)
                0x00000000080013ec                __retarget_lock_release_recursive
 .text.__register_exitproc
                0x00000000080013f0       0xc0 /home/bhavya/Downloads/1/plugins/fr.ac6.mcu.externaltools.arm-none.linux64_1.17.0.201812190825/tools/compiler/bin/../lib/gcc/arm-none-eabi/7.3.1/../../../../arm-none-eabi/lib/thumb/v7e-m/fpv4-sp/hard/libc.a(lib_a-__atexit.o)
                0x00000000080013f0                __register_exitproc
 *(.glue_7)
 .glue_7        0x00000000080014b0        0x0 linker stubs
 *(.glue_7t)
 .glue_7t       0x00000000080014b0        0x0 linker stubs
 *(.eh_frame)
 .eh_frame      0x00000000080014b0        0x0 /home/bhavya/Downloads/1/plugins/fr.ac6.mcu.externaltools.arm-none.linux64_1.17.0.201812190825/tools/compiler/bin/../lib/gcc/arm-none-eabi/7.3.1/thumb/v7e-m/fpv4-sp/hard/crtbegin.o
 *(.init)
 .init          0x00000000080014b0        0x4 /home/bhavya/Downloads/1/plugins/fr.ac6.mcu.externaltools.arm-none.linux64_1.17.0.201812190825/tools/compiler/bin/../lib/gcc/arm-none-eabi/7.3.1/thumb/v7e-m/fpv4-sp/hard/crti.o
                0x00000000080014b0                _init
 .init          0x00000000080014b4        0x8 /home/bhavya/Downloads/1/plugins/fr.ac6.mcu.externaltools.arm-none.linux64_1.17.0.201812190825/tools/compiler/bin/../lib/gcc/arm-none-eabi/7.3.1/thumb/v7e-m/fpv4-sp/hard/crtn.o
 *(.fini)
 .fini          0x00000000080014bc        0x4 /home/bhavya/Downloads/1/plugins/fr.ac6.mcu.externaltools.arm-none.linux64_1.17.0.201812190825/tools/compiler/bin/../lib/gcc/arm-none-eabi/7.3.1/thumb/v7e-m/fpv4-sp/hard/crti.o
                0x00000000080014bc                _fini
 .fini          0x00000000080014c0        0x8 /home/bhavya/Downloads/1/plugins/fr.ac6.mcu.externaltools.arm-none.linux64_1.17.0.201812190825/tools/compiler/bin/../lib/gcc/arm-none-eabi/7.3.1/thumb/v7e-m/fpv4-sp/hard/crtn.o
                0x00000000080014c8                . = ALIGN (0x4)
                0x00000000080014c8                _etext = .

.vfp11_veneer   0x00000000080014c8        0x0
 .vfp11_veneer  0x00000000080014c8        0x0 linker stubs

.v4_bx          0x00000000080014c8        0x0
 .v4_bx         0x00000000080014c8        0x0 linker stubs

.iplt           0x00000000080014c8        0x0
 .iplt          0x00000000080014c8        0x0 /home/bhavya/Downloads/1/plugins/fr.ac6.mcu.externaltools.arm-none.linux64_1.17.0.201812190825/tools/compiler/bin/../lib/gcc/arm-none-eabi/7.3.1/thumb/v7e-m/fpv4-sp/hard/crtbegin.o

.rodata         0x00000000080014c8     0x2ed8
                0x00000000080014c8                . = ALIGN (0x4)
 *(.rodata)
 .rodata        0x00000000080014c8      0x254 Ventilation/src/DATABASE/DB_EventMngt.o
                0x00000000080014c8                BeginCommonEventParam
                0x00000000080014cc                EndCommonEventParam
                0x00000000080014d0                BeginSpecificEventParam
                0x00000000080014d4                EndSpecificEventParam
                0x00000000080014d8                EventDataSchemaVersion
                0x00000000080014dc                DB_CommonEventMngtParam
                0x000000000800159c                DB_PsvEventMngtParam
                0x00000000080015dc                DB_PresEventMngtParam
                0x000000000800161c                DB_VolEventMngtParam
                0x000000000800165c                DB_VsimvEventMngtParam
                0x000000000800169c                DB_PsimvEventMngtParam
                0x00000000080016dc                DB_CpapEventMngtParam
 .rodata        0x000000000800171c     0x2ac4 Ventilation/src/DATABASE/DB_StartInitDb.o
                0x000000000800171c                cDB_VSIMV_TEST_ADJUST_DB
                0x0000000008001a9c                cDB_PSIMV_TEST_ADJUST_DB
                0x0000000008001e1c                cDB_VOL_TEST_ADJUST_DB
                0x000000000800219c                cDB_PSV_TEST_ADJUST_DB
                0x000000000800251c                cDB_CPAP_TEST_ADJUST_DB
                0x000000000800289c                cDB_PRES_TEST_ADJUST_DB
                0x0000000008002c1c                cDB_TEST_CONFIG_DB
                0x000000000800329c                cDB_TEST_RTC_DB
                0x000000000800336c                cDB_TEST_USB_DB
                0x000000000800344c                cDB_TEST_VERSION_DB
                0x00000000080034ec                cDB_TEST_TREND_DB
                0x000000000800379c                cDB_Saturate_COMPUTE
                0x0000000008003e40                cDB_Saturate_POWERSUPPLY
                0x00000000080040fc                cMODE_HIGH_LIMIT_VALUE
                0x0000000008004100                EventNumber
 .rodata        0x00000000080041e0      0x1b9 Ventilation/src/MAIN/MAIN_Global_Variables_Init.o
                0x00000000080041e0                SYS_InitTimerKey
                0x0000000008004210                PATIENT_PRESSURE_CALIB_POINTS
                0x0000000008004230                FLOW_CALIB_POINTS
                0x0000000008004250                VALVE_PRESSURE_CALIB_POINTS
                0x0000000008004270                VALVE_FAS_PWM_CALIB_POINTS
                0x000000000800427c                VALVE_FAS_PRESS_CALIB_POINTS
                0x0000000008004298                FIO2_CALIB_POINTS
                0x00000000080042b8                FLOW_O2_CALIB_POINTS
                0x00000000080042d8                O2_PRESSURE_CALIB_POINTS
                0x00000000080042f8                CalibrationParameters
                0x0000000008004398                cTIM_TimePeriodMs
 *(.rodata*)
 *fill*         0x0000000008004399        0x3 
 .rodata._global_impure_ptr
                0x000000000800439c        0x4 /home/bhavya/Downloads/1/plugins/fr.ac6.mcu.externaltools.arm-none.linux64_1.17.0.201812190825/tools/compiler/bin/../lib/gcc/arm-none-eabi/7.3.1/../../../../arm-none-eabi/lib/thumb/v7e-m/fpv4-sp/hard/libc.a(lib_a-impure.o)
                0x000000000800439c                _global_impure_ptr
                0x00000000080043a0                . = ALIGN (0x4)

.rel.dyn        0x00000000080043a0        0x0
 .rel.iplt      0x00000000080043a0        0x0 /home/bhavya/Downloads/1/plugins/fr.ac6.mcu.externaltools.arm-none.linux64_1.17.0.201812190825/tools/compiler/bin/../lib/gcc/arm-none-eabi/7.3.1/thumb/v7e-m/fpv4-sp/hard/crtbegin.o

.ARM.extab      0x00000000080043a0        0x0
                0x00000000080043a0                . = ALIGN (0x4)
 *(.ARM.extab* .gnu.linkonce.armextab.*)
                0x00000000080043a0                . = ALIGN (0x4)

.ARM            0x00000000080043a0        0x0
                0x00000000080043a0                . = ALIGN (0x4)
                0x00000000080043a0                __exidx_start = .
 *(.ARM.exidx*)
                0x00000000080043a0                __exidx_end = .
                0x00000000080043a0                . = ALIGN (0x4)

.preinit_array  0x00000000080043a0        0x0
                0x00000000080043a0                . = ALIGN (0x4)
                0x00000000080043a0                PROVIDE (__preinit_array_start = .)
 *(.preinit_array*)
                0x00000000080043a0                PROVIDE (__preinit_array_end = .)
                0x00000000080043a0                . = ALIGN (0x4)

.init_array     0x00000000080043a0        0x8
                0x00000000080043a0                . = ALIGN (0x4)
                0x00000000080043a0                PROVIDE (__init_array_start = .)
 *(SORT_BY_NAME(.init_array.*))
 .init_array.00000
                0x00000000080043a0        0x4 /home/bhavya/Downloads/1/plugins/fr.ac6.mcu.externaltools.arm-none.linux64_1.17.0.201812190825/tools/compiler/bin/../lib/gcc/arm-none-eabi/7.3.1/../../../../arm-none-eabi/lib/thumb/v7e-m/fpv4-sp/hard/libc.a(lib_a-__call_atexit.o)
 *(.init_array*)
 .init_array    0x00000000080043a4        0x4 /home/bhavya/Downloads/1/plugins/fr.ac6.mcu.externaltools.arm-none.linux64_1.17.0.201812190825/tools/compiler/bin/../lib/gcc/arm-none-eabi/7.3.1/thumb/v7e-m/fpv4-sp/hard/crtbegin.o
                0x00000000080043a8                PROVIDE (__init_array_end = .)
                0x00000000080043a8                . = ALIGN (0x4)

.fini_array     0x00000000080043a8        0x4
                0x00000000080043a8                . = ALIGN (0x4)
                0x00000000080043a8                PROVIDE (__fini_array_start = .)
 *(SORT_BY_NAME(.fini_array.*))
 *(.fini_array*)
 .fini_array    0x00000000080043a8        0x4 /home/bhavya/Downloads/1/plugins/fr.ac6.mcu.externaltools.arm-none.linux64_1.17.0.201812190825/tools/compiler/bin/../lib/gcc/arm-none-eabi/7.3.1/thumb/v7e-m/fpv4-sp/hard/crtbegin.o
                0x00000000080043ac                PROVIDE (__fini_array_end = .)
                0x00000000080043ac                . = ALIGN (0x4)
                0x00000000080043ac                _sidata = LOADADDR (.data)

.data           0x0000000020000000      0x544 load address 0x00000000080043ac
                0x0000000020000000                . = ALIGN (0x4)
                0x0000000020000000                _sdata = .
 *(.data)
 .data          0x0000000020000000      0x110 Ventilation/src/ACTUATOR/ACT_BlowerCmd.o
                0x0000000020000000                VEN_ControllerType
                0x0000000020000004                AdjustMode
                0x0000000020000008                VEN_TiTeValueMesured
                0x0000000020000010                VEN_MeasuredValues
                0x00000000200000b0                VEN_PeMin
                0x00000000200000b4                VEN_Vti
                0x00000000200000b8                VEN_Rise_Pi_Set_Point
                0x00000000200000bc                VEN_Qi_Set_Point
                0x00000000200000c0                VEN_PressureUpStep
                0x00000000200000c4                VEN_PressureDownStep
                0x00000000200000c8                VEN_PMax
                0x00000000200000cc                VEN_StartBip
                0x00000000200000d0                VEN_TemporaryMeasureQinspMin
                0x00000000200000d4                VEN_TemporaryMeasureQinspMax
                0x00000000200000d8                VEN_PreviousAverageFlow
                0x00000000200000dc                VEN_SIMV_PS_End
                0x000000002000010c                BLOWER_CMD_2
 .data          0x0000000020000110        0x4 Ventilation/src/ACTUATOR/ACT_BrakePower.o
                0x0000000020000110                BLOWER_CMD_1
 *(.data*)
 *fill*         0x0000000020000114        0x4 
 .data.impure_data
                0x0000000020000118      0x428 /home/bhavya/Downloads/1/plugins/fr.ac6.mcu.externaltools.arm-none.linux64_1.17.0.201812190825/tools/compiler/bin/../lib/gcc/arm-none-eabi/7.3.1/../../../../arm-none-eabi/lib/thumb/v7e-m/fpv4-sp/hard/libc.a(lib_a-impure.o)
 .data.__atexit_recursive_mutex
                0x0000000020000540        0x4 /home/bhavya/Downloads/1/plugins/fr.ac6.mcu.externaltools.arm-none.linux64_1.17.0.201812190825/tools/compiler/bin/../lib/gcc/arm-none-eabi/7.3.1/../../../../arm-none-eabi/lib/thumb/v7e-m/fpv4-sp/hard/libc.a(lib_a-__call_atexit.o)
                0x0000000020000540                __atexit_recursive_mutex
                0x0000000020000544                . = ALIGN (0x4)
                0x0000000020000544                _edata = .

.igot.plt       0x0000000020000544        0x0 load address 0x00000000080048f0
 .igot.plt      0x0000000020000544        0x0 /home/bhavya/Downloads/1/plugins/fr.ac6.mcu.externaltools.arm-none.linux64_1.17.0.201812190825/tools/compiler/bin/../lib/gcc/arm-none-eabi/7.3.1/thumb/v7e-m/fpv4-sp/hard/crtbegin.o
                0x0000000020000544                . = ALIGN (0x4)

.bss            0x0000000020000548     0xe4bc load address 0x00000000080048f0
                0x0000000020000548                _sbss = .
                0x0000000020000548                __bss_start__ = _sbss
 *(.bss)
 .bss           0x0000000020000548       0x1c /home/bhavya/Downloads/1/plugins/fr.ac6.mcu.externaltools.arm-none.linux64_1.17.0.201812190825/tools/compiler/bin/../lib/gcc/arm-none-eabi/7.3.1/thumb/v7e-m/fpv4-sp/hard/crtbegin.o
 *fill*         0x0000000020000564        0x4 
 .bss           0x0000000020000568      0x100 Ventilation/src/ACTUATOR/ACT_BlowerCmd.o
                0x0000000020000568                VEN_CptCumulValveCurrent
                0x000000002000056c                VEN_IntegralBlower
                0x0000000020000570                VEN_IntegralValve
                0x0000000020000574                ChangeMode
                0x0000000020000578                VentilAuthorization
                0x000000002000057c                AdjustApnea
                0x0000000020000580                VEN_SIMVCycle
                0x0000000020000581                VEN_Controller_Phase
                0x0000000020000584                VEN_PerCentRisePI
                0x0000000020000588                VEN_PerCentRiseQI
                0x000000002000058c                VEN_CommandFlow
                0x0000000020000590                VEN_TargetFlow
                0x0000000020000594                VEN_ValveCurrentSat
                0x0000000020000598                VEN_FlowNegSat
                0x00000000200005a0                VEN_LeakFlowFactorAverage
                0x00000000200005a8                VEN_Qee_SampleSize
                0x00000000200005ac                VEN_FleakMeasured
                0x00000000200005b0                VEN_MemoFleakMeasured
                0x00000000200005b8                VEN_LeakVtiCorrection
                0x00000000200005c0                VEN_LeakVteCorrection
                0x00000000200005c8                VEN_ExhalFlowMaxMeasured
                0x00000000200005cc                VEN_TempRiseOpenValve
                0x00000000200005d0                VEN_TRiseIncrem
                0x00000000200005d4                VEN_TRiseDecrem
                0x00000000200005d8                VEN_MutexSignal1
                0x00000000200005dc                VEN_MutexSignal2
                0x00000000200005e0                VEN_MutexSignal3
                0x00000000200005e4                VEN_TRise_Rebond
                0x00000000200005e8                VEN_PepMeasured
                0x00000000200005ec                VEN_FirstCycle
                0x00000000200005f0                VEN_SecondCycle
                0x00000000200005f4                VEN_ThirdCycle
                0x00000000200005f8                VEN_UnvolontaryStop
                0x00000000200005fc                VEN_TeFall
                0x0000000020000600                VEN_SighDetected
                0x0000000020000604                VEN_AuthorizationRegulO2
                0x0000000020000608                VEN_LaunchCalibO2
                0x000000002000060c                VEN_IntegralValveO2
                0x0000000020000610                VEN_TrigExpDetected
                0x0000000020000614                VEN_InitValve
                0x0000000020000618                VEN_CpapFirstCycle
                0x000000002000061c                VEN_MeasureQinspMin
                0x0000000020000620                VEN_MeasureQinspMax
                0x0000000020000624                VEN_MutexReadjust
                0x0000000020000628                VEN_CumulVtiCpap
                0x000000002000062c                VEN_CumulFlowCounter
                0x0000000020000630                VEN_PreviousMeasureQinsp
                0x0000000020000634                VEN_PtrMesureFlowPress
                0x0000000020000638                VEN_PtrLeakFlowFactor
                0x000000002000063c                VEN_LeakFactorCptValues
                0x0000000020000640                VEN_Mutex_High_Pressure
                0x0000000020000644                VEN_MutexTimerReadjust
                0x0000000020000648                VEN_Disconnexion_Flag
                0x000000002000064c                VEN_VentilationStart
                0x0000000020000650                VEN_MutexVanneO2
                0x0000000020000654                VEN_Synchro_Reset_Alarms
                0x0000000020000658                VEN_CircuitDisconnectLowPressLimit
                0x000000002000065c                VEN_NegativeFlowCounter
                0x0000000020000660                VEN_DetectedNegativeFlow
                0x0000000020000664                VEN_IsVtiExhUpdated
 .bss           0x0000000020000668        0x4 Ventilation/src/ACTUATOR/ACT_BrakePower.o
                0x0000000020000668                BRAKE_BLOWER_2
 .bss           0x000000002000066c       0x3c Ventilation/src/DATABASE/DB_StartInitDb.o
                0x000000002000066c                MemoMode
                0x0000000020000670                DB_FirstStart
                0x0000000020000674                BadParameter
                0x0000000020000678                NewVersionDetected
                0x000000002000067c                BadVersion
                0x0000000020000680                LoosePara
                0x0000000020000684                DB_StartInitRequest
                0x0000000020000688                SEC_High_Priority_1
                0x000000002000068c                SEC_High_Priority_2
                0x0000000020000690                SEC_High_Priority_3
                0x0000000020000694                SEC_Medium_Priority_1
                0x0000000020000698                SEC_Medium_Priority_2
                0x000000002000069c                SEC_Medium_Priority_3
                0x00000000200006a0                SEC_Low_Priority
                0x00000000200006a4                SEC_SpeedTestEnded
 .bss           0x00000000200006a8       0xb0 Ventilation/src/MAIN/MAIN_Global_Variables_Init.o
                0x00000000200006a8                CONS_VIT
                0x00000000200006ac                DEF_TURB
                0x00000000200006b0                ENABLE_TURB
                0x00000000200006b4                BRAKE_BLOWER
                0x00000000200006b8                SPEED_BLOWER_PIN
                0x00000000200006bc                CD_VALVE
                0x00000000200006c0                CD_VANNE_FIO2
                0x00000000200006c4                ALIM_FAILURE_3_3V
                0x00000000200006c8                ALIM_FAILURE_5VREF
                0x00000000200006cc                ALIM_FAILURE_10VREF
                0x00000000200006d0                RESET_USB
                0x00000000200006d4                ALARM_REMOTE_STATE
                0x00000000200006d8                WDOG
                0x00000000200006dc                ARRET_INVOLONTAIRE
                0x00000000200006e0                CMD_ME1
                0x00000000200006e4                ALE_ME1
                0x00000000200006e8                BHE
                0x00000000200006ec                RF
                0x00000000200006f0                IRQ_UART
                0x00000000200006f4                TX_UART_ST
                0x00000000200006f8                RX_UART_ST
                0x00000000200006fc                MRST_SPI_ALIM
                0x0000000020000700                MTSR_SPI_ALIM
                0x0000000020000704                CLK_SPI_ALIM
                0x0000000020000708                MRST_SPI_CPU
                0x000000002000070c                MTSR_SPI_CPU
                0x0000000020000710                SCLK_SPI_CPU
                0x0000000020000714                JUMPER_JP8
                0x0000000020000718                JUMPER_JP7
                0x000000002000071c                SEC_BUZ
                0x0000000020000720                MASTERBUSY
                0x0000000020000724                INHIB_DETECTED
                0x0000000020000728                LED_ALARME_ROUGE
                0x000000002000072c                LED_ALARME_ORANGE
                0x0000000020000730                AC_SELECT
                0x0000000020000734                DC_SELECT
                0x0000000020000738                SYS_MutexStartStopVentilUP
                0x000000002000073c                SYS_MutexStopInfoVentil
                0x0000000020000740                SYS_WaitingForStopConfirm
                0x0000000020000744                SYS_CounterPatientMin
                0x0000000020000748                SYS_CounterPatientHour
                0x000000002000074c                SYS_CounterMachineMin
                0x0000000020000750                SYS_CounterMachineHour
                0x0000000020000754                SYS_CalibProcessing
 .bss           0x0000000020000758        0x4 Ventilation/src/MAIN/MAIN_Target_Init.o
                0x0000000020000758                RESET_USB_1
 .bss           0x000000002000075c        0x4 Ventilation/src/MAIN/MAIN_Ventilation_Init.o
                0x000000002000075c                BRAKE_BLOWER_1
 .bss           0x0000000020000760       0x20 src/MAIN.o
                0x0000000020000760                CounterTemperature
                0x0000000020000764                spi_chip_access
                0x0000000020000768                CounterTop1ms
                0x000000002000076c                MAIN_Interfaces_Second_Init
                0x0000000020000770                MAIN_End_of_init
                0x0000000020000774                MAIN_TopTimer5ms
                0x0000000020000778                MAIN_CrcEepromTrouble
                0x000000002000077c                INHIB_DETECTED_1
 *(.bss*)
 *(COMMON)
 COMMON         0x0000000020000780      0x154 Ventilation/src/DATABASE/DB_ComputeWrite.o
                0x0000000020000780                DB_Compute
 COMMON         0x00000000200008d4        0x4 Ventilation/src/DATABASE/DB_ConfigRead.o
                0x00000000200008d4                EEP_DB_Config
 COMMON         0x00000000200008d8      0x1b0 Ventilation/src/DATABASE/DB_ControlRead.o
                0x00000000200008d8                DB_Control
 COMMON         0x0000000020000a88       0xe0 Ventilation/src/DATABASE/DB_CurrentRead.o
                0x0000000020000a88                DB_Current
 COMMON         0x0000000020000b68       0x34 Ventilation/src/DATABASE/DB_RTCWrite.o
                0x0000000020000b68                DB_Rtc
 COMMON         0x0000000020000b9c      0x3cc Ventilation/src/DATABASE/DB_StartInitDb.o
                0x0000000020000b9c                DB_EepConfigDbError
                0x0000000020000d3c                DB_EepTrendDbError
                0x0000000020000de8                DB_AlarmStatus
 COMMON         0x0000000020000f68     0xd8e4 Ventilation/src/MAIN/MAIN_Global_Variables_Init.o
                0x0000000020000f68                PECC7
                0x0000000020000f6c                T1REL
                0x0000000020000f70                T2
                0x0000000020000f74                DP8
                0x0000000020000f78                DP5
                0x0000000020000f7c                SYS_Num_Keyboard
                0x00000000200011ec                T7R
                0x00000000200011f0                S0TBUF
                0x00000000200011f4                XIR2SET
                0x00000000200011f8                TIM_TableOfCntAndDecnt
                0x0000000020001828                XSSCRB
                0x000000002000182c                ADEIC
                0x0000000020001830                PECC0
                0x0000000020001834                T4IE
                0x0000000020001838                SRCP7
                0x000000002000183c                SSCRIC
                0x0000000020001840                XIR3SET
                0x0000000020001844                IEN
                0x0000000020001848                nbre_de_debordement_timer
                0x000000002000184c                XP1IE
                0x0000000020001850                T4
                0x0000000020001854                S0TBIR
                0x0000000020001858                T8REL
                0x000000002000185c                DSTP7
                0x0000000020001860                PW3
                0x0000000020001864                XP2IE
                0x0000000020001868                SSCCON
                0x000000002000186c                S0RIC
                0x0000000020001870                XSSCTB
                0x0000000020001874                ODP4
                0x0000000020001878                P8
                0x000000002000187c                CCM2
                0x0000000020001880                temporisation_terminee
                0x0000000020001884                T2R
                0x0000000020001888                XP2IC
                0x000000002000188c                ODP6
                0x0000000020001890                P6
                0x0000000020001894                T7REL
                0x0000000020001898                SSCTIC
                0x000000002000189c                CCM7
                0x00000000200018a0                ADCIC
                0x00000000200018a4                WDTCON
                0x00000000200018a8                PWMCON0
                0x00000000200018ac                S0TBIE
                0x00000000200018b0                S0CON
                0x00000000200018b4                T6IC
                0x00000000200018b8                T1IR
                0x00000000200018bc                T5
                0x00000000200018c0                P2
                0x00000000200018c4                T3IR
                0x00000000200018c8                XIR2CLR
                0x00000000200018cc                DataFrameUART1
                0x00000000200018d0                DP4
                0x00000000200018d4                S0BG
                0x00000000200018d8                XSSCCONSET
                0x00000000200018dc                S0RBUF
                0x00000000200018e0                ADEIE
                0x00000000200018e4                PUST_ERROR
                0x00000000200018e8                T2CON
                0x00000000200018ec                CC0IE
                0x00000000200018f0                SRCP6
                0x00000000200018f4                XP3IC
                0x00000000200018f8                DIS_FifoDisplay
                0x000000002000e418                T1IE
                0x000000002000e41c                DSTP6
                0x000000002000e420                ADCON
                0x000000002000e424                T3
                0x000000002000e428                TIM_MinuteTableOfCntAndDecnt
                0x000000002000e720                T5IE
                0x000000002000e724                dernier_chargement_T2
                0x000000002000e728                S0TBIC
                0x000000002000e72c                SSCBSY
                0x000000002000e730                ODP3
                0x000000002000e734                CCM0
                0x000000002000e738                PECC2
                0x000000002000e73c                CC10IR
                0x000000002000e740                T7
                0x000000002000e744                P4
                0x000000002000e748                CC10IE
                0x000000002000e74c                SSCBR
                0x000000002000e750                T6CON
                0x000000002000e754                T01CON
                0x000000002000e758                T3CON
                0x000000002000e75c                T8R
                0x000000002000e760                XIR3CLR
                0x000000002000e764                T5CON
                0x000000002000e768                ADCIR
                0x000000002000e76c                XP2IR
                0x000000002000e770                DSTP0
                0x000000002000e774                XSSCCONCLR
                0x000000002000e778                T1
                0x000000002000e77c                CC0IC
                0x000000002000e780                XP1IC
                0x000000002000e784                XS1RBUF
                0x000000002000e788                XIR1SET
                0x000000002000e78c                ADEIR
                0x000000002000e790                T2IC
                0x000000002000e794                P3
                0x000000002000e798                cpt_de_debordement_timer
                0x000000002000e79c                DIS_FifoIdxWrite
                0x000000002000e7a0                T78CON
                0x000000002000e7a4                SRCP0
                0x000000002000e7a8                XIR0SEL
                0x000000002000e7ac                SSCTB
                0x000000002000e7b0                XSSCBR
                0x000000002000e7b4                DIS_FifoOverflow
                0x000000002000e7b8                T1R
                0x000000002000e7bc                T4IC
                0x000000002000e7c0                DP3
                0x000000002000e7c4                CC0
                0x000000002000e7c8                T1IC
                0x000000002000e7cc                DP2
                0x000000002000e7d0                DP7
                0x000000002000e7d4                XP1IR
                0x000000002000e7d8                T2IR
                0x000000002000e7dc                T5IC
                0x000000002000e7e0                T5R
                0x000000002000e7e4                SSCRB
                0x000000002000e7e8                SRCP2
                0x000000002000e7ec                PP3
                0x000000002000e7f0                ADST
                0x000000002000e7f4                CAPREL
                0x000000002000e7f8                CC10IC
                0x000000002000e7fc                DSTP2
                0x000000002000e800                XP0IC
                0x000000002000e804                ODP5
                0x000000002000e808                ODP2
                0x000000002000e80c                T4R
                0x000000002000e810                DP6
                0x000000002000e814                PECC6
                0x000000002000e818                ODP7
                0x000000002000e81c                XS1PORT
                0x000000002000e820                P7
                0x000000002000e824                DIS_FifoIdxRead
                0x000000002000e828                T2IE
                0x000000002000e82c                CC0IR
                0x000000002000e830                PWMCON1
                0x000000002000e834                P5
                0x000000002000e838                CC28
                0x000000002000e83c                XIR1CLR
                0x000000002000e840                T4CON
                0x000000002000e844                ODP8
                0x000000002000e848                XSSCPORT
 COMMON         0x000000002000e84c        0xe Ventilation/src/VENTILATION/VEN_Cycles.o
                0x000000002000e84c                CYC_ActiveModeState
                0x000000002000e854                CYC_NextModeState
 *fill*         0x000000002000e85a        0x2 
 COMMON         0x000000002000e85c      0x184 src/MAIN.o
                0x000000002000e85c                TestSchedulerStep
                0x000000002000e860                Ventilation_TimesOfTask
 COMMON         0x000000002000e9e0       0x21 /home/bhavya/Downloads/1/plugins/fr.ac6.mcu.externaltools.arm-none.linux64_1.17.0.201812190825/tools/compiler/bin/../lib/gcc/arm-none-eabi/7.3.1/../../../../arm-none-eabi/lib/thumb/v7e-m/fpv4-sp/hard/libc.a(lib_a-lock.o)
                0x000000002000e9e0                __lock___atexit_recursive_mutex
                0x000000002000e9e4                __lock___arc4random_mutex
                0x000000002000e9e8                __lock___env_recursive_mutex
                0x000000002000e9ec                __lock___sinit_recursive_mutex
                0x000000002000e9f0                __lock___malloc_recursive_mutex
                0x000000002000e9f4                __lock___at_quick_exit_mutex
                0x000000002000e9f8                __lock___dd_hash_mutex
                0x000000002000e9fc                __lock___tz_mutex
                0x000000002000ea00                __lock___sfp_recursive_mutex
                0x000000002000ea04                . = ALIGN (0x4)
 *fill*         0x000000002000ea01        0x3 
                0x000000002000ea04                _ebss = .
                0x000000002000ea04                __bss_end__ = _ebss

._user_heap_stack
                0x000000002000ea04      0x404 load address 0x00000000080048f0
                0x000000002000ea08                . = ALIGN (0x8)
 *fill*         0x000000002000ea04        0x4 
                0x000000002000ea08                PROVIDE (end = .)
                [!provide]                        PROVIDE (_end = .)
                0x000000002000ea08                . = (. + _Min_Heap_Size)
                0x000000002000ee08                . = (. + _Min_Stack_Size)
 *fill*         0x000000002000ea08      0x400 
                0x000000002000ee08                . = ALIGN (0x8)

/DISCARD/
 libc.a(*)
 libm.a(*)
 libgcc.a(*)

.ARM.attributes
                0x0000000000000000       0x30
 *(.ARM.attributes)
 .ARM.attributes
                0x0000000000000000       0x22 /home/bhavya/Downloads/1/plugins/fr.ac6.mcu.externaltools.arm-none.linux64_1.17.0.201812190825/tools/compiler/bin/../lib/gcc/arm-none-eabi/7.3.1/thumb/v7e-m/fpv4-sp/hard/crti.o
 .ARM.attributes
                0x0000000000000022       0x34 /home/bhavya/Downloads/1/plugins/fr.ac6.mcu.externaltools.arm-none.linux64_1.17.0.201812190825/tools/compiler/bin/../lib/gcc/arm-none-eabi/7.3.1/thumb/v7e-m/fpv4-sp/hard/crtbegin.o
 .ARM.attributes
                0x0000000000000056       0x39 Ventilation/src/ACTUATOR/ACT_BlowerCmd.o
 .ARM.attributes
                0x000000000000008f       0x39 Ventilation/src/ACTUATOR/ACT_BrakePower.o
 .ARM.attributes
                0x00000000000000c8       0x39 Ventilation/src/DATABASE/DB_AlarmInfoWrite.o
 .ARM.attributes
                0x0000000000000101       0x39 Ventilation/src/DATABASE/DB_AlarmStatusWrite.o
 .ARM.attributes
                0x000000000000013a       0x39 Ventilation/src/DATABASE/DB_ComputeRead.o
 .ARM.attributes
                0x0000000000000173       0x39 Ventilation/src/DATABASE/DB_ComputeWrite.o
 .ARM.attributes
                0x00000000000001ac       0x39 Ventilation/src/DATABASE/DB_ConfigRead.o
 .ARM.attributes
                0x00000000000001e5       0x39 Ventilation/src/DATABASE/DB_ControlRead.o
 .ARM.attributes
                0x000000000000021e       0x39 Ventilation/src/DATABASE/DB_ControlWrite.o
 .ARM.attributes
                0x0000000000000257       0x39 Ventilation/src/DATABASE/DB_CurrentRead.o
 .ARM.attributes
                0x0000000000000290       0x39 Ventilation/src/DATABASE/DB_EventMngt.o
 .ARM.attributes
                0x00000000000002c9       0x39 Ventilation/src/DATABASE/DB_RTCRead.o
 .ARM.attributes
                0x0000000000000302       0x39 Ventilation/src/DATABASE/DB_RTCWrite.o
 .ARM.attributes
                0x000000000000033b       0x39 Ventilation/src/DATABASE/DB_StartInitDb.o
 .ARM.attributes
                0x0000000000000374       0x39 Ventilation/src/DATABASE/DB_TrendWrite.o
 .ARM.attributes
                0x00000000000003ad       0x39 Ventilation/src/MAIN/MAIN_Global_Variables_Init.o
 .ARM.attributes
                0x00000000000003e6       0x39 Ventilation/src/MAIN/MAIN_Interfaces_Init.o
 .ARM.attributes
                0x000000000000041f       0x39 Ventilation/src/MAIN/MAIN_Security_Init.o
 .ARM.attributes
                0x0000000000000458       0x39 Ventilation/src/MAIN/MAIN_System_Init.o
 .ARM.attributes
                0x0000000000000491       0x39 Ventilation/src/MAIN/MAIN_Target_Init.o
 .ARM.attributes
                0x00000000000004ca       0x39 Ventilation/src/MAIN/MAIN_Tasks_Init.o
 .ARM.attributes
                0x0000000000000503       0x39 Ventilation/src/MAIN/MAIN_Ventilation_Init.o
 .ARM.attributes
                0x000000000000053c       0x39 Ventilation/src/SCHEDULER/SCHED_Setup_Main.o
 .ARM.attributes
                0x0000000000000575       0x39 Ventilation/src/SCHEDULER/SCHED_Ventilation_Main.o
 .ARM.attributes
                0x00000000000005ae       0x39 Ventilation/src/TIMERS/TIM_StartDecounter.o
 .ARM.attributes
                0x00000000000005e7       0x39 Ventilation/src/TIMERS/TIM_Temporize.o
 .ARM.attributes
                0x0000000000000620       0x39 Ventilation/src/VENTILATION/VEN_Cycles.o
 .ARM.attributes
                0x0000000000000659       0x39 src/MAIN.o
 .ARM.attributes
                0x0000000000000692       0x21 startup/startup_stm32.o
 .ARM.attributes
                0x00000000000006b3       0x34 /home/bhavya/Downloads/1/plugins/fr.ac6.mcu.externaltools.arm-none.linux64_1.17.0.201812190825/tools/compiler/bin/../lib/gcc/arm-none-eabi/7.3.1/../../../../arm-none-eabi/lib/thumb/v7e-m/fpv4-sp/hard/libc.a(lib_a-impure.o)
 .ARM.attributes
                0x00000000000006e7       0x34 /home/bhavya/Downloads/1/plugins/fr.ac6.mcu.externaltools.arm-none.linux64_1.17.0.201812190825/tools/compiler/bin/../lib/gcc/arm-none-eabi/7.3.1/../../../../arm-none-eabi/lib/thumb/v7e-m/fpv4-sp/hard/libc.a(lib_a-init.o)
 .ARM.attributes
                0x000000000000071b       0x34 /home/bhavya/Downloads/1/plugins/fr.ac6.mcu.externaltools.arm-none.linux64_1.17.0.201812190825/tools/compiler/bin/../lib/gcc/arm-none-eabi/7.3.1/../../../../arm-none-eabi/lib/thumb/v7e-m/fpv4-sp/hard/libc.a(lib_a-__call_atexit.o)
 .ARM.attributes
                0x000000000000074f       0x34 /home/bhavya/Downloads/1/plugins/fr.ac6.mcu.externaltools.arm-none.linux64_1.17.0.201812190825/tools/compiler/bin/../lib/gcc/arm-none-eabi/7.3.1/../../../../arm-none-eabi/lib/thumb/v7e-m/fpv4-sp/hard/libc.a(lib_a-atexit.o)
 .ARM.attributes
                0x0000000000000783       0x34 /home/bhavya/Downloads/1/plugins/fr.ac6.mcu.externaltools.arm-none.linux64_1.17.0.201812190825/tools/compiler/bin/../lib/gcc/arm-none-eabi/7.3.1/../../../../arm-none-eabi/lib/thumb/v7e-m/fpv4-sp/hard/libc.a(lib_a-fini.o)
 .ARM.attributes
                0x00000000000007b7       0x34 /home/bhavya/Downloads/1/plugins/fr.ac6.mcu.externaltools.arm-none.linux64_1.17.0.201812190825/tools/compiler/bin/../lib/gcc/arm-none-eabi/7.3.1/../../../../arm-none-eabi/lib/thumb/v7e-m/fpv4-sp/hard/libc.a(lib_a-lock.o)
 .ARM.attributes
                0x00000000000007eb       0x34 /home/bhavya/Downloads/1/plugins/fr.ac6.mcu.externaltools.arm-none.linux64_1.17.0.201812190825/tools/compiler/bin/../lib/gcc/arm-none-eabi/7.3.1/../../../../arm-none-eabi/lib/thumb/v7e-m/fpv4-sp/hard/libc.a(lib_a-__atexit.o)
 .ARM.attributes
                0x000000000000081f       0x22 /home/bhavya/Downloads/1/plugins/fr.ac6.mcu.externaltools.arm-none.linux64_1.17.0.201812190825/tools/compiler/bin/../lib/gcc/arm-none-eabi/7.3.1/thumb/v7e-m/fpv4-sp/hard/crtn.o
OUTPUT(Ventilation_Maintest.elf elf32-littlearm)

.debug_info     0x0000000000000000    0x10d25
 .debug_info    0x0000000000000000     0x1407 Ventilation/src/ACTUATOR/ACT_BlowerCmd.o
 .debug_info    0x0000000000001407       0xa8 Ventilation/src/ACTUATOR/ACT_BrakePower.o
 .debug_info    0x00000000000014af      0x332 Ventilation/src/DATABASE/DB_AlarmInfoWrite.o
 .debug_info    0x00000000000017e1      0x358 Ventilation/src/DATABASE/DB_AlarmStatusWrite.o
 .debug_info    0x0000000000001b39      0x2c1 Ventilation/src/DATABASE/DB_ComputeRead.o
 .debug_info    0x0000000000001dfa      0x53b Ventilation/src/DATABASE/DB_ComputeWrite.o
 .debug_info    0x0000000000002335      0x34f Ventilation/src/DATABASE/DB_ConfigRead.o
 .debug_info    0x0000000000002684      0x369 Ventilation/src/DATABASE/DB_ControlRead.o
 .debug_info    0x00000000000029ed      0x638 Ventilation/src/DATABASE/DB_ControlWrite.o
 .debug_info    0x0000000000003025      0x219 Ventilation/src/DATABASE/DB_CurrentRead.o
 .debug_info    0x000000000000323e     0x1055 Ventilation/src/DATABASE/DB_EventMngt.o
 .debug_info    0x0000000000004293      0x111 Ventilation/src/DATABASE/DB_RTCRead.o
 .debug_info    0x00000000000043a4      0x693 Ventilation/src/DATABASE/DB_RTCWrite.o
 .debug_info    0x0000000000004a37     0x1aac Ventilation/src/DATABASE/DB_StartInitDb.o
 .debug_info    0x00000000000064e3      0x759 Ventilation/src/DATABASE/DB_TrendWrite.o
 .debug_info    0x0000000000006c3c     0x22d6 Ventilation/src/MAIN/MAIN_Global_Variables_Init.o
 .debug_info    0x0000000000008f12      0xf3b Ventilation/src/MAIN/MAIN_Interfaces_Init.o
 .debug_info    0x0000000000009e4d      0xda5 Ventilation/src/MAIN/MAIN_Security_Init.o
 .debug_info    0x000000000000abf2      0xa3b Ventilation/src/MAIN/MAIN_System_Init.o
 .debug_info    0x000000000000b62d      0xa26 Ventilation/src/MAIN/MAIN_Target_Init.o
 .debug_info    0x000000000000c053       0x3b Ventilation/src/MAIN/MAIN_Tasks_Init.o
 .debug_info    0x000000000000c08e     0x11a6 Ventilation/src/MAIN/MAIN_Ventilation_Init.o
 .debug_info    0x000000000000d234      0x14a Ventilation/src/SCHEDULER/SCHED_Setup_Main.o
 .debug_info    0x000000000000d37e      0x14a Ventilation/src/SCHEDULER/SCHED_Ventilation_Main.o
 .debug_info    0x000000000000d4c8      0x503 Ventilation/src/TIMERS/TIM_StartDecounter.o
 .debug_info    0x000000000000d9cb      0xa5f Ventilation/src/TIMERS/TIM_Temporize.o
 .debug_info    0x000000000000e42a     0x1229 Ventilation/src/VENTILATION/VEN_Cycles.o
 .debug_info    0x000000000000f653     0x16b0 src/MAIN.o
 .debug_info    0x0000000000010d03       0x22 startup/startup_stm32.o

.debug_abbrev   0x0000000000000000     0x195b
 .debug_abbrev  0x0000000000000000      0x117 Ventilation/src/ACTUATOR/ACT_BlowerCmd.o
 .debug_abbrev  0x0000000000000117       0x72 Ventilation/src/ACTUATOR/ACT_BrakePower.o
 .debug_abbrev  0x0000000000000189       0xbc Ventilation/src/DATABASE/DB_AlarmInfoWrite.o
 .debug_abbrev  0x0000000000000245       0xcb Ventilation/src/DATABASE/DB_AlarmStatusWrite.o
 .debug_abbrev  0x0000000000000310       0xa0 Ventilation/src/DATABASE/DB_ComputeRead.o
 .debug_abbrev  0x00000000000003b0      0x11e Ventilation/src/DATABASE/DB_ComputeWrite.o
 .debug_abbrev  0x00000000000004ce       0xb6 Ventilation/src/DATABASE/DB_ConfigRead.o
 .debug_abbrev  0x0000000000000584       0xa0 Ventilation/src/DATABASE/DB_ControlRead.o
 .debug_abbrev  0x0000000000000624      0x10d Ventilation/src/DATABASE/DB_ControlWrite.o
 .debug_abbrev  0x0000000000000731       0xa0 Ventilation/src/DATABASE/DB_CurrentRead.o
 .debug_abbrev  0x00000000000007d1      0x133 Ventilation/src/DATABASE/DB_EventMngt.o
 .debug_abbrev  0x0000000000000904       0xa0 Ventilation/src/DATABASE/DB_RTCRead.o
 .debug_abbrev  0x00000000000009a4      0x11e Ventilation/src/DATABASE/DB_RTCWrite.o
 .debug_abbrev  0x0000000000000ac2       0xfb Ventilation/src/DATABASE/DB_StartInitDb.o
 .debug_abbrev  0x0000000000000bbd      0x12f Ventilation/src/DATABASE/DB_TrendWrite.o
 .debug_abbrev  0x0000000000000cec      0x130 Ventilation/src/MAIN/MAIN_Global_Variables_Init.o
 .debug_abbrev  0x0000000000000e1c      0x15c Ventilation/src/MAIN/MAIN_Interfaces_Init.o
 .debug_abbrev  0x0000000000000f78       0xfe Ventilation/src/MAIN/MAIN_Security_Init.o
 .debug_abbrev  0x0000000000001076      0x10f Ventilation/src/MAIN/MAIN_System_Init.o
 .debug_abbrev  0x0000000000001185      0x103 Ventilation/src/MAIN/MAIN_Target_Init.o
 .debug_abbrev  0x0000000000001288       0x2f Ventilation/src/MAIN/MAIN_Tasks_Init.o
 .debug_abbrev  0x00000000000012b7      0x12b Ventilation/src/MAIN/MAIN_Ventilation_Init.o
 .debug_abbrev  0x00000000000013e2       0xb4 Ventilation/src/SCHEDULER/SCHED_Setup_Main.o
 .debug_abbrev  0x0000000000001496       0xb4 Ventilation/src/SCHEDULER/SCHED_Ventilation_Main.o
 .debug_abbrev  0x000000000000154a       0xd1 Ventilation/src/TIMERS/TIM_StartDecounter.o
 .debug_abbrev  0x000000000000161b       0xdd Ventilation/src/TIMERS/TIM_Temporize.o
 .debug_abbrev  0x00000000000016f8      0x10d Ventilation/src/VENTILATION/VEN_Cycles.o
 .debug_abbrev  0x0000000000001805      0x144 src/MAIN.o
 .debug_abbrev  0x0000000000001949       0x12 startup/startup_stm32.o

.debug_aranges  0x0000000000000000      0x3e8
 .debug_aranges
                0x0000000000000000       0x20 Ventilation/src/ACTUATOR/ACT_BlowerCmd.o
 .debug_aranges
                0x0000000000000020       0x20 Ventilation/src/ACTUATOR/ACT_BrakePower.o
 .debug_aranges
                0x0000000000000040       0x20 Ventilation/src/DATABASE/DB_AlarmInfoWrite.o
 .debug_aranges
                0x0000000000000060       0x20 Ventilation/src/DATABASE/DB_AlarmStatusWrite.o
 .debug_aranges
                0x0000000000000080       0x20 Ventilation/src/DATABASE/DB_ComputeRead.o
 .debug_aranges
                0x00000000000000a0       0x20 Ventilation/src/DATABASE/DB_ComputeWrite.o
 .debug_aranges
                0x00000000000000c0       0x20 Ventilation/src/DATABASE/DB_ConfigRead.o
 .debug_aranges
                0x00000000000000e0       0x20 Ventilation/src/DATABASE/DB_ControlRead.o
 .debug_aranges
                0x0000000000000100       0x20 Ventilation/src/DATABASE/DB_ControlWrite.o
 .debug_aranges
                0x0000000000000120       0x20 Ventilation/src/DATABASE/DB_CurrentRead.o
 .debug_aranges
                0x0000000000000140       0x20 Ventilation/src/DATABASE/DB_EventMngt.o
 .debug_aranges
                0x0000000000000160       0x20 Ventilation/src/DATABASE/DB_RTCRead.o
 .debug_aranges
                0x0000000000000180       0x20 Ventilation/src/DATABASE/DB_RTCWrite.o
 .debug_aranges
                0x00000000000001a0       0x20 Ventilation/src/DATABASE/DB_StartInitDb.o
 .debug_aranges
                0x00000000000001c0       0x20 Ventilation/src/DATABASE/DB_TrendWrite.o
 .debug_aranges
                0x00000000000001e0       0x20 Ventilation/src/MAIN/MAIN_Global_Variables_Init.o
 .debug_aranges
                0x0000000000000200       0x20 Ventilation/src/MAIN/MAIN_Interfaces_Init.o
 .debug_aranges
                0x0000000000000220       0x20 Ventilation/src/MAIN/MAIN_Security_Init.o
 .debug_aranges
                0x0000000000000240       0x20 Ventilation/src/MAIN/MAIN_System_Init.o
 .debug_aranges
                0x0000000000000260       0x40 Ventilation/src/MAIN/MAIN_Target_Init.o
 .debug_aranges
                0x00000000000002a0       0x20 Ventilation/src/MAIN/MAIN_Tasks_Init.o
 .debug_aranges
                0x00000000000002c0       0x20 Ventilation/src/MAIN/MAIN_Ventilation_Init.o
 .debug_aranges
                0x00000000000002e0       0x20 Ventilation/src/SCHEDULER/SCHED_Setup_Main.o
 .debug_aranges
                0x0000000000000300       0x20 Ventilation/src/SCHEDULER/SCHED_Ventilation_Main.o
 .debug_aranges
                0x0000000000000320       0x20 Ventilation/src/TIMERS/TIM_StartDecounter.o
 .debug_aranges
                0x0000000000000340       0x20 Ventilation/src/TIMERS/TIM_Temporize.o
 .debug_aranges
                0x0000000000000360       0x20 Ventilation/src/VENTILATION/VEN_Cycles.o
 .debug_aranges
                0x0000000000000380       0x40 src/MAIN.o
 .debug_aranges
                0x00000000000003c0       0x28 startup/startup_stm32.o

.debug_ranges   0x0000000000000000      0x220
 .debug_ranges  0x0000000000000000       0x10 Ventilation/src/ACTUATOR/ACT_BlowerCmd.o
 .debug_ranges  0x0000000000000010       0x10 Ventilation/src/ACTUATOR/ACT_BrakePower.o
 .debug_ranges  0x0000000000000020       0x10 Ventilation/src/DATABASE/DB_AlarmInfoWrite.o
 .debug_ranges  0x0000000000000030       0x10 Ventilation/src/DATABASE/DB_AlarmStatusWrite.o
 .debug_ranges  0x0000000000000040       0x10 Ventilation/src/DATABASE/DB_ComputeRead.o
 .debug_ranges  0x0000000000000050       0x10 Ventilation/src/DATABASE/DB_ComputeWrite.o
 .debug_ranges  0x0000000000000060       0x10 Ventilation/src/DATABASE/DB_ConfigRead.o
 .debug_ranges  0x0000000000000070       0x10 Ventilation/src/DATABASE/DB_ControlRead.o
 .debug_ranges  0x0000000000000080       0x10 Ventilation/src/DATABASE/DB_ControlWrite.o
 .debug_ranges  0x0000000000000090       0x10 Ventilation/src/DATABASE/DB_CurrentRead.o
 .debug_ranges  0x00000000000000a0       0x10 Ventilation/src/DATABASE/DB_EventMngt.o
 .debug_ranges  0x00000000000000b0       0x10 Ventilation/src/DATABASE/DB_RTCRead.o
 .debug_ranges  0x00000000000000c0       0x10 Ventilation/src/DATABASE/DB_RTCWrite.o
 .debug_ranges  0x00000000000000d0       0x10 Ventilation/src/DATABASE/DB_StartInitDb.o
 .debug_ranges  0x00000000000000e0       0x10 Ventilation/src/DATABASE/DB_TrendWrite.o
 .debug_ranges  0x00000000000000f0       0x10 Ventilation/src/MAIN/MAIN_Global_Variables_Init.o
 .debug_ranges  0x0000000000000100       0x10 Ventilation/src/MAIN/MAIN_Interfaces_Init.o
 .debug_ranges  0x0000000000000110       0x10 Ventilation/src/MAIN/MAIN_Security_Init.o
 .debug_ranges  0x0000000000000120       0x10 Ventilation/src/MAIN/MAIN_System_Init.o
 .debug_ranges  0x0000000000000130       0x30 Ventilation/src/MAIN/MAIN_Target_Init.o
 .debug_ranges  0x0000000000000160       0x10 Ventilation/src/MAIN/MAIN_Tasks_Init.o
 .debug_ranges  0x0000000000000170       0x10 Ventilation/src/MAIN/MAIN_Ventilation_Init.o
 .debug_ranges  0x0000000000000180       0x10 Ventilation/src/SCHEDULER/SCHED_Setup_Main.o
 .debug_ranges  0x0000000000000190       0x10 Ventilation/src/SCHEDULER/SCHED_Ventilation_Main.o
 .debug_ranges  0x00000000000001a0       0x10 Ventilation/src/TIMERS/TIM_StartDecounter.o
 .debug_ranges  0x00000000000001b0       0x10 Ventilation/src/TIMERS/TIM_Temporize.o
 .debug_ranges  0x00000000000001c0       0x10 Ventilation/src/VENTILATION/VEN_Cycles.o
 .debug_ranges  0x00000000000001d0       0x30 src/MAIN.o
 .debug_ranges  0x0000000000000200       0x20 startup/startup_stm32.o

.debug_macro    0x0000000000000000     0x36a5
 .debug_macro   0x0000000000000000       0x89 Ventilation/src/ACTUATOR/ACT_BlowerCmd.o
 .debug_macro   0x0000000000000089      0xa66 Ventilation/src/ACTUATOR/ACT_BlowerCmd.o
 .debug_macro   0x0000000000000aef       0x1c Ventilation/src/ACTUATOR/ACT_BlowerCmd.o
 .debug_macro   0x0000000000000b0b      0x280 Ventilation/src/ACTUATOR/ACT_BlowerCmd.o
 .debug_macro   0x0000000000000d8b       0x40 Ventilation/src/ACTUATOR/ACT_BlowerCmd.o
 .debug_macro   0x0000000000000dcb       0x29 Ventilation/src/ACTUATOR/ACT_BrakePower.o
 .debug_macro   0x0000000000000df4       0x3f Ventilation/src/DATABASE/DB_AlarmInfoWrite.o
 .debug_macro   0x0000000000000e33       0x3f Ventilation/src/DATABASE/DB_AlarmStatusWrite.o
 .debug_macro   0x0000000000000e72       0x24 Ventilation/src/DATABASE/DB_ComputeRead.o
 .debug_macro   0x0000000000000e96       0x75 Ventilation/src/DATABASE/DB_ComputeWrite.o
 .debug_macro   0x0000000000000f0b       0x16 Ventilation/src/DATABASE/DB_ComputeWrite.o
 .debug_macro   0x0000000000000f21      0x1a2 Ventilation/src/DATABASE/DB_ComputeWrite.o
 .debug_macro   0x00000000000010c3       0x3f Ventilation/src/DATABASE/DB_ConfigRead.o
 .debug_macro   0x0000000000001102       0x2e Ventilation/src/DATABASE/DB_ControlRead.o
 .debug_macro   0x0000000000001130       0x97 Ventilation/src/DATABASE/DB_ControlWrite.o
 .debug_macro   0x00000000000011c7       0x2e Ventilation/src/DATABASE/DB_CurrentRead.o
 .debug_macro   0x00000000000011f5       0x8e Ventilation/src/DATABASE/DB_EventMngt.o
 .debug_macro   0x0000000000001283       0x1c Ventilation/src/DATABASE/DB_EventMngt.o
 .debug_macro   0x000000000000129f       0x24 Ventilation/src/DATABASE/DB_RTCRead.o
 .debug_macro   0x00000000000012c3       0x7a Ventilation/src/DATABASE/DB_RTCWrite.o
 .debug_macro   0x000000000000133d       0x10 Ventilation/src/DATABASE/DB_RTCWrite.o
 .debug_macro   0x000000000000134d       0xd0 Ventilation/src/DATABASE/DB_StartInitDb.o
 .debug_macro   0x000000000000141d     0x1203 Ventilation/src/DATABASE/DB_StartInitDb.o
 .debug_macro   0x0000000000002620       0x10 Ventilation/src/DATABASE/DB_StartInitDb.o
 .debug_macro   0x0000000000002630       0x75 Ventilation/src/DATABASE/DB_TrendWrite.o
 .debug_macro   0x00000000000026a5       0xd5 Ventilation/src/MAIN/MAIN_Global_Variables_Init.o
 .debug_macro   0x000000000000277a      0x184 Ventilation/src/MAIN/MAIN_Global_Variables_Init.o
 .debug_macro   0x00000000000028fe       0x63 Ventilation/src/MAIN/MAIN_Global_Variables_Init.o
 .debug_macro   0x0000000000002961      0x196 Ventilation/src/MAIN/MAIN_Global_Variables_Init.o
 .debug_macro   0x0000000000002af7       0x10 Ventilation/src/MAIN/MAIN_Global_Variables_Init.o
 .debug_macro   0x0000000000002b07       0x10 Ventilation/src/MAIN/MAIN_Global_Variables_Init.o
 .debug_macro   0x0000000000002b17       0x82 Ventilation/src/MAIN/MAIN_Global_Variables_Init.o
 .debug_macro   0x0000000000002b99      0x2a5 Ventilation/src/MAIN/MAIN_Global_Variables_Init.o
 .debug_macro   0x0000000000002e3e       0x10 Ventilation/src/MAIN/MAIN_Global_Variables_Init.o
 .debug_macro   0x0000000000002e4e       0xe0 Ventilation/src/MAIN/MAIN_Interfaces_Init.o
 .debug_macro   0x0000000000002f2e       0x10 Ventilation/src/MAIN/MAIN_Interfaces_Init.o
 .debug_macro   0x0000000000002f3e      0x1ae Ventilation/src/MAIN/MAIN_Interfaces_Init.o
 .debug_macro   0x00000000000030ec       0xc7 Ventilation/src/MAIN/MAIN_Security_Init.o
 .debug_macro   0x00000000000031b3       0x2d Ventilation/src/MAIN/MAIN_Security_Init.o
 .debug_macro   0x00000000000031e0       0x6d Ventilation/src/MAIN/MAIN_System_Init.o
 .debug_macro   0x000000000000324d       0x83 Ventilation/src/MAIN/MAIN_System_Init.o
 .debug_macro   0x00000000000032d0       0x10 Ventilation/src/MAIN/MAIN_System_Init.o
 .debug_macro   0x00000000000032e0       0x5b Ventilation/src/MAIN/MAIN_Target_Init.o
 .debug_macro   0x000000000000333b       0x1b Ventilation/src/MAIN/MAIN_Tasks_Init.o
 .debug_macro   0x0000000000003356       0x8f Ventilation/src/MAIN/MAIN_Ventilation_Init.o
 .debug_macro   0x00000000000033e5       0x16 Ventilation/src/MAIN/MAIN_Ventilation_Init.o
 .debug_macro   0x00000000000033fb       0x51 Ventilation/src/SCHEDULER/SCHED_Setup_Main.o
 .debug_macro   0x000000000000344c       0x10 Ventilation/src/SCHEDULER/SCHED_Setup_Main.o
 .debug_macro   0x000000000000345c       0x51 Ventilation/src/SCHEDULER/SCHED_Ventilation_Main.o
 .debug_macro   0x00000000000034ad       0x48 Ventilation/src/TIMERS/TIM_StartDecounter.o
 .debug_macro   0x00000000000034f5       0x6b Ventilation/src/TIMERS/TIM_Temporize.o
 .debug_macro   0x0000000000003560       0x9f Ventilation/src/VENTILATION/VEN_Cycles.o
 .debug_macro   0x00000000000035ff       0x96 src/MAIN.o
 .debug_macro   0x0000000000003695       0x10 src/MAIN.o

.debug_line     0x0000000000000000     0x420b
 .debug_line    0x0000000000000000      0x329 Ventilation/src/ACTUATOR/ACT_BlowerCmd.o
 .debug_line    0x0000000000000329      0x135 Ventilation/src/ACTUATOR/ACT_BrakePower.o
 .debug_line    0x000000000000045e      0x12e Ventilation/src/DATABASE/DB_AlarmInfoWrite.o
 .debug_line    0x000000000000058c      0x12e Ventilation/src/DATABASE/DB_AlarmStatusWrite.o
 .debug_line    0x00000000000006ba      0x10c Ventilation/src/DATABASE/DB_ComputeRead.o
 .debug_line    0x00000000000007c6      0x2cf Ventilation/src/DATABASE/DB_ComputeWrite.o
 .debug_line    0x0000000000000a95      0x121 Ventilation/src/DATABASE/DB_ConfigRead.o
 .debug_line    0x0000000000000bb6      0x10c Ventilation/src/DATABASE/DB_ControlRead.o
 .debug_line    0x0000000000000cc2      0x2d9 Ventilation/src/DATABASE/DB_ControlWrite.o
 .debug_line    0x0000000000000f9b      0x10c Ventilation/src/DATABASE/DB_CurrentRead.o
 .debug_line    0x00000000000010a7      0x21d Ventilation/src/DATABASE/DB_EventMngt.o
 .debug_line    0x00000000000012c4      0x104 Ventilation/src/DATABASE/DB_RTCRead.o
 .debug_line    0x00000000000013c8      0x2a8 Ventilation/src/DATABASE/DB_RTCWrite.o
 .debug_line    0x0000000000001670      0x371 Ventilation/src/DATABASE/DB_StartInitDb.o
 .debug_line    0x00000000000019e1      0x2ba Ventilation/src/DATABASE/DB_TrendWrite.o
 .debug_line    0x0000000000001c9b      0x4ca Ventilation/src/MAIN/MAIN_Global_Variables_Init.o
 .debug_line    0x0000000000002165      0x53d Ventilation/src/MAIN/MAIN_Interfaces_Init.o
 .debug_line    0x00000000000026a2      0x47d Ventilation/src/MAIN/MAIN_Security_Init.o
 .debug_line    0x0000000000002b1f      0x2c4 Ventilation/src/MAIN/MAIN_System_Init.o
 .debug_line    0x0000000000002de3      0x23b Ventilation/src/MAIN/MAIN_Target_Init.o
 .debug_line    0x000000000000301e       0xb1 Ventilation/src/MAIN/MAIN_Tasks_Init.o
 .debug_line    0x00000000000030cf      0x3c3 Ventilation/src/MAIN/MAIN_Ventilation_Init.o
 .debug_line    0x0000000000003492      0x1a1 Ventilation/src/SCHEDULER/SCHED_Setup_Main.o
 .debug_line    0x0000000000003633      0x1ad Ventilation/src/SCHEDULER/SCHED_Ventilation_Main.o
 .debug_line    0x00000000000037e0      0x140 Ventilation/src/TIMERS/TIM_StartDecounter.o
 .debug_line    0x0000000000003920      0x1d7 Ventilation/src/TIMERS/TIM_Temporize.o
 .debug_line    0x0000000000003af7      0x33b Ventilation/src/VENTILATION/VEN_Cycles.o
 .debug_line    0x0000000000003e32      0x35d src/MAIN.o
 .debug_line    0x000000000000418f       0x7c startup/startup_stm32.o

.debug_str      0x0000000000000000    0x14bdc
 .debug_str     0x0000000000000000     0x6837 Ventilation/src/ACTUATOR/ACT_BlowerCmd.o
                                       0x694d (size before relaxing)
 .debug_str     0x0000000000006837       0x63 Ventilation/src/ACTUATOR/ACT_BrakePower.o
                                       0x37a5 (size before relaxing)
 .debug_str     0x000000000000689a       0x59 Ventilation/src/DATABASE/DB_AlarmInfoWrite.o
                                       0x381f (size before relaxing)
 .debug_str     0x00000000000068f3       0x58 Ventilation/src/DATABASE/DB_AlarmStatusWrite.o
                                       0x3889 (size before relaxing)
 .debug_str     0x000000000000694b       0x49 Ventilation/src/DATABASE/DB_ComputeRead.o
                                       0x352f (size before relaxing)
 .debug_str     0x0000000000006994      0x8ca Ventilation/src/DATABASE/DB_ComputeWrite.o
                                       0x3e23 (size before relaxing)
 .debug_str     0x000000000000725e      0x98e Ventilation/src/DATABASE/DB_ConfigRead.o
                                       0x3735 (size before relaxing)
 .debug_str     0x0000000000007bec       0x63 Ventilation/src/DATABASE/DB_ControlRead.o
                                       0x371c (size before relaxing)
 .debug_str     0x0000000000007c4f       0x62 Ventilation/src/DATABASE/DB_ControlWrite.o
                                       0x4022 (size before relaxing)
 .debug_str     0x0000000000007cb1      0x507 Ventilation/src/DATABASE/DB_CurrentRead.o
                                       0x3286 (size before relaxing)
 .debug_str     0x00000000000081b8      0xd62 Ventilation/src/DATABASE/DB_EventMngt.o
                                       0x5b3b (size before relaxing)
 .debug_str     0x0000000000008f1a       0x3d Ventilation/src/DATABASE/DB_RTCRead.o
                                       0x2e9c (size before relaxing)
 .debug_str     0x0000000000008f57       0x5a Ventilation/src/DATABASE/DB_RTCWrite.o
                                       0x41f9 (size before relaxing)
 .debug_str     0x0000000000008fb1     0x812e Ventilation/src/DATABASE/DB_StartInitDb.o
                                       0xe5c4 (size before relaxing)
 .debug_str     0x00000000000110df       0x74 Ventilation/src/DATABASE/DB_TrendWrite.o
                                       0x44e3 (size before relaxing)
 .debug_str     0x0000000000011153     0x24b4 Ventilation/src/MAIN/MAIN_Global_Variables_Init.o
                                       0x8985 (size before relaxing)
 .debug_str     0x0000000000013607      0xd1d Ventilation/src/MAIN/MAIN_Interfaces_Init.o
                                       0x50dd (size before relaxing)
 .debug_str     0x0000000000014324       0xb1 Ventilation/src/MAIN/MAIN_Security_Init.o
                                       0x6343 (size before relaxing)
 .debug_str     0x00000000000143d5       0x97 Ventilation/src/MAIN/MAIN_System_Init.o
                                       0x4949 (size before relaxing)
 .debug_str     0x000000000001446c      0x191 Ventilation/src/MAIN/MAIN_Target_Init.o
                                       0x396c (size before relaxing)
 .debug_str     0x00000000000145fd       0x4d Ventilation/src/MAIN/MAIN_Tasks_Init.o
                                       0x2d1b (size before relaxing)
 .debug_str     0x000000000001464a      0x30e Ventilation/src/MAIN/MAIN_Ventilation_Init.o
                                       0x6e2c (size before relaxing)
 .debug_str     0x0000000000014958       0x6f Ventilation/src/SCHEDULER/SCHED_Setup_Main.o
                                       0x2f28 (size before relaxing)
 .debug_str     0x00000000000149c7       0x4d Ventilation/src/SCHEDULER/SCHED_Ventilation_Main.o
                                       0x2f40 (size before relaxing)
 .debug_str     0x0000000000014a14       0x66 Ventilation/src/TIMERS/TIM_StartDecounter.o
                                       0x44e2 (size before relaxing)
 .debug_str     0x0000000000014a7a       0x52 Ventilation/src/TIMERS/TIM_Temporize.o
                                       0x3e21 (size before relaxing)
 .debug_str     0x0000000000014acc       0x46 Ventilation/src/VENTILATION/VEN_Cycles.o
                                       0x6f66 (size before relaxing)
 .debug_str     0x0000000000014b12       0xa1 src/MAIN.o
                                       0x6a1b (size before relaxing)
 .debug_str     0x0000000000014bb3       0x29 startup/startup_stm32.o
                                         0x59 (size before relaxing)

.comment        0x0000000000000000       0x7f
 .comment       0x0000000000000000       0x7f Ventilation/src/ACTUATOR/ACT_BlowerCmd.o
                                         0x80 (size before relaxing)
 .comment       0x000000000000007f       0x80 Ventilation/src/ACTUATOR/ACT_BrakePower.o
 .comment       0x000000000000007f       0x80 Ventilation/src/DATABASE/DB_AlarmInfoWrite.o
 .comment       0x000000000000007f       0x80 Ventilation/src/DATABASE/DB_AlarmStatusWrite.o
 .comment       0x000000000000007f       0x80 Ventilation/src/DATABASE/DB_ComputeRead.o
 .comment       0x000000000000007f       0x80 Ventilation/src/DATABASE/DB_ComputeWrite.o
 .comment       0x000000000000007f       0x80 Ventilation/src/DATABASE/DB_ConfigRead.o
 .comment       0x000000000000007f       0x80 Ventilation/src/DATABASE/DB_ControlRead.o
 .comment       0x000000000000007f       0x80 Ventilation/src/DATABASE/DB_ControlWrite.o
 .comment       0x000000000000007f       0x80 Ventilation/src/DATABASE/DB_CurrentRead.o
 .comment       0x000000000000007f       0x80 Ventilation/src/DATABASE/DB_EventMngt.o
 .comment       0x000000000000007f       0x80 Ventilation/src/DATABASE/DB_RTCRead.o
 .comment       0x000000000000007f       0x80 Ventilation/src/DATABASE/DB_RTCWrite.o
 .comment       0x000000000000007f       0x80 Ventilation/src/DATABASE/DB_StartInitDb.o
 .comment       0x000000000000007f       0x80 Ventilation/src/DATABASE/DB_TrendWrite.o
 .comment       0x000000000000007f       0x80 Ventilation/src/MAIN/MAIN_Global_Variables_Init.o
 .comment       0x000000000000007f       0x80 Ventilation/src/MAIN/MAIN_Interfaces_Init.o
 .comment       0x000000000000007f       0x80 Ventilation/src/MAIN/MAIN_Security_Init.o
 .comment       0x000000000000007f       0x80 Ventilation/src/MAIN/MAIN_System_Init.o
 .comment       0x000000000000007f       0x80 Ventilation/src/MAIN/MAIN_Target_Init.o
 .comment       0x000000000000007f       0x80 Ventilation/src/MAIN/MAIN_Tasks_Init.o
 .comment       0x000000000000007f       0x80 Ventilation/src/MAIN/MAIN_Ventilation_Init.o
 .comment       0x000000000000007f       0x80 Ventilation/src/SCHEDULER/SCHED_Setup_Main.o
 .comment       0x000000000000007f       0x80 Ventilation/src/SCHEDULER/SCHED_Ventilation_Main.o
 .comment       0x000000000000007f       0x80 Ventilation/src/TIMERS/TIM_StartDecounter.o
 .comment       0x000000000000007f       0x80 Ventilation/src/TIMERS/TIM_Temporize.o
 .comment       0x000000000000007f       0x80 Ventilation/src/VENTILATION/VEN_Cycles.o
 .comment       0x000000000000007f       0x80 src/MAIN.o

.debug_frame    0x0000000000000000      0x89c
 .debug_frame   0x0000000000000000       0x34 Ventilation/src/ACTUATOR/ACT_BlowerCmd.o
 .debug_frame   0x0000000000000034       0x38 Ventilation/src/ACTUATOR/ACT_BrakePower.o
 .debug_frame   0x000000000000006c       0x38 Ventilation/src/DATABASE/DB_AlarmInfoWrite.o
 .debug_frame   0x00000000000000a4       0x38 Ventilation/src/DATABASE/DB_AlarmStatusWrite.o
 .debug_frame   0x00000000000000dc       0x38 Ventilation/src/DATABASE/DB_ComputeRead.o
 .debug_frame   0x0000000000000114       0x38 Ventilation/src/DATABASE/DB_ComputeWrite.o
 .debug_frame   0x000000000000014c       0x38 Ventilation/src/DATABASE/DB_ConfigRead.o
 .debug_frame   0x0000000000000184       0x38 Ventilation/src/DATABASE/DB_ControlRead.o
 .debug_frame   0x00000000000001bc       0x38 Ventilation/src/DATABASE/DB_ControlWrite.o
 .debug_frame   0x00000000000001f4       0x38 Ventilation/src/DATABASE/DB_CurrentRead.o
 .debug_frame   0x000000000000022c       0x38 Ventilation/src/DATABASE/DB_EventMngt.o
 .debug_frame   0x0000000000000264       0x38 Ventilation/src/DATABASE/DB_RTCRead.o
 .debug_frame   0x000000000000029c       0x38 Ventilation/src/DATABASE/DB_RTCWrite.o
 .debug_frame   0x00000000000002d4       0x30 Ventilation/src/DATABASE/DB_StartInitDb.o
 .debug_frame   0x0000000000000304       0x38 Ventilation/src/DATABASE/DB_TrendWrite.o
 .debug_frame   0x000000000000033c       0x38 Ventilation/src/MAIN/MAIN_Global_Variables_Init.o
 .debug_frame   0x0000000000000374       0x38 Ventilation/src/MAIN/MAIN_Interfaces_Init.o
 .debug_frame   0x00000000000003ac       0x38 Ventilation/src/MAIN/MAIN_Security_Init.o
 .debug_frame   0x00000000000003e4       0x34 Ventilation/src/MAIN/MAIN_System_Init.o
 .debug_frame   0x0000000000000418       0xb0 Ventilation/src/MAIN/MAIN_Target_Init.o
 .debug_frame   0x00000000000004c8       0x2c Ventilation/src/MAIN/MAIN_Tasks_Init.o
 .debug_frame   0x00000000000004f4       0x34 Ventilation/src/MAIN/MAIN_Ventilation_Init.o
 .debug_frame   0x0000000000000528       0x30 Ventilation/src/SCHEDULER/SCHED_Setup_Main.o
 .debug_frame   0x0000000000000558       0x30 Ventilation/src/SCHEDULER/SCHED_Ventilation_Main.o
 .debug_frame   0x0000000000000588       0x38 Ventilation/src/TIMERS/TIM_StartDecounter.o
 .debug_frame   0x00000000000005c0       0x38 Ventilation/src/TIMERS/TIM_Temporize.o
 .debug_frame   0x00000000000005f8       0x30 Ventilation/src/VENTILATION/VEN_Cycles.o
 .debug_frame   0x0000000000000628       0xb4 src/MAIN.o
 .debug_frame   0x00000000000006dc       0x2c /home/bhavya/Downloads/1/plugins/fr.ac6.mcu.externaltools.arm-none.linux64_1.17.0.201812190825/tools/compiler/bin/../lib/gcc/arm-none-eabi/7.3.1/../../../../arm-none-eabi/lib/thumb/v7e-m/fpv4-sp/hard/libc.a(lib_a-init.o)
 .debug_frame   0x0000000000000708       0x5c /home/bhavya/Downloads/1/plugins/fr.ac6.mcu.externaltools.arm-none.linux64_1.17.0.201812190825/tools/compiler/bin/../lib/gcc/arm-none-eabi/7.3.1/../../../../arm-none-eabi/lib/thumb/v7e-m/fpv4-sp/hard/libc.a(lib_a-__call_atexit.o)
 .debug_frame   0x0000000000000764       0x20 /home/bhavya/Downloads/1/plugins/fr.ac6.mcu.externaltools.arm-none.linux64_1.17.0.201812190825/tools/compiler/bin/../lib/gcc/arm-none-eabi/7.3.1/../../../../arm-none-eabi/lib/thumb/v7e-m/fpv4-sp/hard/libc.a(lib_a-atexit.o)
 .debug_frame   0x0000000000000784       0x34 /home/bhavya/Downloads/1/plugins/fr.ac6.mcu.externaltools.arm-none.linux64_1.17.0.201812190825/tools/compiler/bin/../lib/gcc/arm-none-eabi/7.3.1/../../../../arm-none-eabi/lib/thumb/v7e-m/fpv4-sp/hard/libc.a(lib_a-fini.o)
 .debug_frame   0x00000000000007b8       0xb0 /home/bhavya/Downloads/1/plugins/fr.ac6.mcu.externaltools.arm-none.linux64_1.17.0.201812190825/tools/compiler/bin/../lib/gcc/arm-none-eabi/7.3.1/../../../../arm-none-eabi/lib/thumb/v7e-m/fpv4-sp/hard/libc.a(lib_a-lock.o)
 .debug_frame   0x0000000000000868       0x34 /home/bhavya/Downloads/1/plugins/fr.ac6.mcu.externaltools.arm-none.linux64_1.17.0.201812190825/tools/compiler/bin/../lib/gcc/arm-none-eabi/7.3.1/../../../../arm-none-eabi/lib/thumb/v7e-m/fpv4-sp/hard/libc.a(lib_a-__atexit.o)
