Archive member included to satisfy reference by file (symbol)

/home/bhavya/Downloads/1/plugins/fr.ac6.mcu.externaltools.arm-none.linux64_1.17.0.201812190825/tools/compiler/bin/../lib/gcc/arm-none-eabi/7.3.1/../../../../arm-none-eabi/lib/thumb/v7e-m/fpv4-sp/hard/libc.a(lib_a-errno.o)
                              startup/sysmem.o (__errno)
/home/bhavya/Downloads/1/plugins/fr.ac6.mcu.externaltools.arm-none.linux64_1.17.0.201812190825/tools/compiler/bin/../lib/gcc/arm-none-eabi/7.3.1/../../../../arm-none-eabi/lib/thumb/v7e-m/fpv4-sp/hard/libc.a(lib_a-exit.o)
                              /home/bhavya/Downloads/1/plugins/fr.ac6.mcu.externaltools.arm-none.linux64_1.17.0.201812190825/tools/compiler/bin/../lib/gcc/arm-none-eabi/7.3.1/../../../../arm-none-eabi/lib/thumb/v7e-m/fpv4-sp/hard/crt0.o (exit)
/home/bhavya/Downloads/1/plugins/fr.ac6.mcu.externaltools.arm-none.linux64_1.17.0.201812190825/tools/compiler/bin/../lib/gcc/arm-none-eabi/7.3.1/../../../../arm-none-eabi/lib/thumb/v7e-m/fpv4-sp/hard/libc.a(lib_a-impure.o)
                              /home/bhavya/Downloads/1/plugins/fr.ac6.mcu.externaltools.arm-none.linux64_1.17.0.201812190825/tools/compiler/bin/../lib/gcc/arm-none-eabi/7.3.1/../../../../arm-none-eabi/lib/thumb/v7e-m/fpv4-sp/hard/libc.a(lib_a-exit.o) (_global_impure_ptr)
/home/bhavya/Downloads/1/plugins/fr.ac6.mcu.externaltools.arm-none.linux64_1.17.0.201812190825/tools/compiler/bin/../lib/gcc/arm-none-eabi/7.3.1/../../../../arm-none-eabi/lib/thumb/v7e-m/fpv4-sp/hard/libc.a(lib_a-init.o)
                              /home/bhavya/Downloads/1/plugins/fr.ac6.mcu.externaltools.arm-none.linux64_1.17.0.201812190825/tools/compiler/bin/../lib/gcc/arm-none-eabi/7.3.1/../../../../arm-none-eabi/lib/thumb/v7e-m/fpv4-sp/hard/crt0.o (__libc_init_array)
/home/bhavya/Downloads/1/plugins/fr.ac6.mcu.externaltools.arm-none.linux64_1.17.0.201812190825/tools/compiler/bin/../lib/gcc/arm-none-eabi/7.3.1/../../../../arm-none-eabi/lib/thumb/v7e-m/fpv4-sp/hard/libc.a(lib_a-memcpy.o)
                              Ventilation/src/SYSTEM/INT_BlowerTemperatureInterpol.o (memcpy)
/home/bhavya/Downloads/1/plugins/fr.ac6.mcu.externaltools.arm-none.linux64_1.17.0.201812190825/tools/compiler/bin/../lib/gcc/arm-none-eabi/7.3.1/../../../../arm-none-eabi/lib/thumb/v7e-m/fpv4-sp/hard/libc.a(lib_a-memset.o)
                              /home/bhavya/Downloads/1/plugins/fr.ac6.mcu.externaltools.arm-none.linux64_1.17.0.201812190825/tools/compiler/bin/../lib/gcc/arm-none-eabi/7.3.1/../../../../arm-none-eabi/lib/thumb/v7e-m/fpv4-sp/hard/crt0.o (memset)
/home/bhavya/Downloads/1/plugins/fr.ac6.mcu.externaltools.arm-none.linux64_1.17.0.201812190825/tools/compiler/bin/../lib/gcc/arm-none-eabi/7.3.1/../../../../arm-none-eabi/lib/thumb/v7e-m/fpv4-sp/hard/libc.a(lib_a-__call_atexit.o)
                              /home/bhavya/Downloads/1/plugins/fr.ac6.mcu.externaltools.arm-none.linux64_1.17.0.201812190825/tools/compiler/bin/../lib/gcc/arm-none-eabi/7.3.1/../../../../arm-none-eabi/lib/thumb/v7e-m/fpv4-sp/hard/libc.a(lib_a-exit.o) (__call_exitprocs)
/home/bhavya/Downloads/1/plugins/fr.ac6.mcu.externaltools.arm-none.linux64_1.17.0.201812190825/tools/compiler/bin/../lib/gcc/arm-none-eabi/7.3.1/../../../../arm-none-eabi/lib/thumb/v7e-m/fpv4-sp/hard/libc.a(lib_a-atexit.o)
                              /home/bhavya/Downloads/1/plugins/fr.ac6.mcu.externaltools.arm-none.linux64_1.17.0.201812190825/tools/compiler/bin/../lib/gcc/arm-none-eabi/7.3.1/../../../../arm-none-eabi/lib/thumb/v7e-m/fpv4-sp/hard/libc.a(lib_a-__call_atexit.o) (atexit)
/home/bhavya/Downloads/1/plugins/fr.ac6.mcu.externaltools.arm-none.linux64_1.17.0.201812190825/tools/compiler/bin/../lib/gcc/arm-none-eabi/7.3.1/../../../../arm-none-eabi/lib/thumb/v7e-m/fpv4-sp/hard/libc.a(lib_a-fini.o)
                              /home/bhavya/Downloads/1/plugins/fr.ac6.mcu.externaltools.arm-none.linux64_1.17.0.201812190825/tools/compiler/bin/../lib/gcc/arm-none-eabi/7.3.1/../../../../arm-none-eabi/lib/thumb/v7e-m/fpv4-sp/hard/libc.a(lib_a-__call_atexit.o) (__libc_fini_array)
/home/bhavya/Downloads/1/plugins/fr.ac6.mcu.externaltools.arm-none.linux64_1.17.0.201812190825/tools/compiler/bin/../lib/gcc/arm-none-eabi/7.3.1/../../../../arm-none-eabi/lib/thumb/v7e-m/fpv4-sp/hard/libc.a(lib_a-lock.o)
                              /home/bhavya/Downloads/1/plugins/fr.ac6.mcu.externaltools.arm-none.linux64_1.17.0.201812190825/tools/compiler/bin/../lib/gcc/arm-none-eabi/7.3.1/../../../../arm-none-eabi/lib/thumb/v7e-m/fpv4-sp/hard/libc.a(lib_a-__call_atexit.o) (__retarget_lock_acquire_recursive)
/home/bhavya/Downloads/1/plugins/fr.ac6.mcu.externaltools.arm-none.linux64_1.17.0.201812190825/tools/compiler/bin/../lib/gcc/arm-none-eabi/7.3.1/../../../../arm-none-eabi/lib/thumb/v7e-m/fpv4-sp/hard/libc.a(lib_a-__atexit.o)
[...]
Memory Configuration

Name             Origin             Length             Attributes
RAM              0x0000000020000000 0x0000000000020000 xrw
ROM              0x0000000008000000 0x0000000000080000 xr
*default*        0x0000000000000000 0xffffffffffffffff

Linker script and memory map

LOAD /home/bhavya/Downloads/1/plugins/fr.ac6.mcu.externaltools.arm-none.linux64_1.17.0.201812190825/tools/compiler/bin/../lib/gcc/arm-none-eabi/7.3.1/thumb/v7e-m/fpv4-sp/hard/crti.o
LOAD /home/bhavya/Downloads/1/plugins/fr.ac6.mcu.externaltools.arm-none.linux64_1.17.0.201812190825/tools/compiler/bin/../lib/gcc/arm-none-eabi/7.3.1/thumb/v7e-m/fpv4-sp/hard/crtbegin.o
LOAD /home/bhavya/Downloads/1/plugins/fr.ac6.mcu.externaltools.arm-none.linux64_1.17.0.201812190825/tools/compiler/bin/../lib/gcc/arm-none-eabi/7.3.1/../../../../arm-none-eabi/lib/thumb/v7e-m/fpv4-sp/hard/crt0.o
LOAD Ventilation/src/ACTUATOR/ACT_BlowerCmd.o
LOAD Ventilation/src/ACTUATOR/ACT_BrakePower.o
LOAD Ventilation/src/DATABASE/DB_AlarmInfoWrite.o
LOAD Ventilation/src/DATABASE/DB_AlarmStatusWrite.o
LOAD Ventilation/src/DATABASE/DB_ComputeRead.o
LOAD Ventilation/src/DATABASE/DB_ComputeWrite.o
LOAD Ventilation/src/DATABASE/DB_ConfigRead.o
LOAD Ventilation/src/DATABASE/DB_ConfigWrite.o
LOAD Ventilation/src/DATABASE/DB_ControlRead.o
LOAD Ventilation/src/DATABASE/DB_ControlWrite.o
LOAD Ventilation/src/DATABASE/DB_CurrentRead.o
LOAD Ventilation/src/DATABASE/DB_EventMngt.o
LOAD Ventilation/src/DATABASE/DB_MeasurementWrite.o
LOAD Ventilation/src/DATABASE/DB_RTCRead.o
LOAD Ventilation/src/DATABASE/DB_RTCWrite.o
LOAD Ventilation/src/DATABASE/DB_StartInitDb.o
LOAD Ventilation/src/DATABASE/DB_TrendWrite.o
LOAD Ventilation/src/DATABASE_SETTINGS/DB_IhmAccessParaDataBase.o
LOAD Ventilation/src/DISPLAY/DIS_FifoRead.o
LOAD Ventilation/src/GENERAL/Saturation.o
LOAD Ventilation/src/INTERRUPTS/It_watchdog.o
LOAD Ventilation/src/MAIN/MAIN_Global_Variables_Init.o
LOAD Ventilation/src/MAIN/MAIN_Interfaces_Init.o
LOAD Ventilation/src/MAIN/MAIN_Security_Init.o
LOAD Ventilation/src/MAIN/MAIN_System_Init.o
LOAD Ventilation/src/MAIN/MAIN_Target_Init.o
LOAD Ventilation/src/MAIN/MAIN_Tasks_Init.o
LOAD Ventilation/src/MAIN/MAIN_Ventilation_Init.o
LOAD Ventilation/src/SCHEDULER/SCHED_Setup_Main.o
LOAD Ventilation/src/SCHEDULER/SCHED_Setup_entry.o
LOAD Ventilation/src/SCHEDULER/SCHED_Ventilation_Main.o
LOAD Ventilation/src/SCHEDULER/SCHED_Ventilation_entry.o
LOAD Ventilation/src/SECURITY/VEN_Security.o
LOAD Ventilation/src/SET_UP/SET_Actuator.o
LOAD Ventilation/src/SET_UP/SET_CalibrationManagement.o
LOAD Ventilation/src/SET_UP/SET_RTC_Mngt.o
LOAD Ventilation/src/SET_UP/SET_TechnicalAlarms.o
LOAD Ventilation/src/SYSTEM/INT_AbsPress_Interpol.o
LOAD Ventilation/src/SYSTEM/INT_BlowerTemperatureInterpol.o
LOAD Ventilation/src/SYSTEM/INT_ExhFlow_Interpol.o
LOAD Ventilation/src/SYSTEM/INT_Fio2_Interpol.o
LOAD Ventilation/src/SYSTEM/INT_Flow_Conversion_Equation.o
LOAD Ventilation/src/SYSTEM/INT_InspFlow_Interpol.o
LOAD Ventilation/src/SYSTEM/INT_O2Flow_Interpol.o
LOAD Ventilation/src/SYSTEM/INT_O2Press_Interpol.o
LOAD Ventilation/src/SYSTEM/INT_PatPress_Interpol.o
LOAD Ventilation/src/SYSTEM/INT_ProxiPress_Interpol.o
LOAD Ventilation/src/SYSTEM/INT_SpeedBlow_Interpol.o
LOAD Ventilation/src/SYSTEM/INT_ValvePress_Interpol.o
LOAD Ventilation/src/SYSTEM/INT_Voltages_Interpol.o
LOAD Ventilation/src/SYSTEM/SYS_Backlight_Mngt.o
LOAD Ventilation/src/SYSTEM/SYS_CurveFlowCalcul.o
LOAD Ventilation/src/SYSTEM/SYS_Fio2Detection.o
LOAD Ventilation/src/SYSTEM/SYS_Interpolation.o
LOAD Ventilation/src/SYSTEM/SYS_Keyboard.o
LOAD Ventilation/src/SYSTEM/SYS_RTC_Update.o
LOAD Ventilation/src/SYSTEM/SYS_SetupLaunch.o
LOAD Ventilation/src/SYSTEM/SYS_SupplyDetect.o
LOAD Ventilation/src/SYSTEM/SYS_VentilationLaunch.o
LOAD Ventilation/src/TIMERS/TIM_Launch.o
LOAD Ventilation/src/TIMERS/TIM_ReadCounterValue.o
LOAD Ventilation/src/TIMERS/TIM_ReadDecounterValue.o
LOAD Ventilation/src/TIMERS/TIM_StartDecounter.o
LOAD Ventilation/src/TIMERS/TIM_Temporize.o
LOAD Ventilation/src/VENTILATION/VEN_Actuators.o
LOAD Ventilation/src/VENTILATION/VEN_Compute.o
LOAD Ventilation/src/VENTILATION/VEN_Cycles.o
LOAD Ventilation/src/VENTILATION/VEN_RiseCompute.o
LOAD src/MAIN.o
LOAD startup/startup_stm32.o
LOAD startup/sysmem.o
LOAD /home/bhavya/Downloads/1/plugins/fr.ac6.mcu.externaltools.arm-none.linux64_1.17.0.201812190825/tools/compiler/bin/../lib/gcc/arm-none-eabi/7.3.1/../../../../arm-none-eabi/lib/thumb/v7e-m/fpv4-sp/hard/libm.a
START GROUP
LOAD /home/bhavya/Downloads/1/plugins/fr.ac6.mcu.externaltools.arm-none.linux64_1.17.0.201812190825/tools/compiler/bin/../lib/gcc/arm-none-eabi/7.3.1/thumb/v7e-m/fpv4-sp/hard/libgcc.a
LOAD /home/bhavya/Downloads/1/plugins/fr.ac6.mcu.externaltools.arm-none.linux64_1.17.0.201812190825/tools/compiler/bin/../lib/gcc/arm-none-eabi/7.3.1/../../../../arm-none-eabi/lib/thumb/v7e-m/fpv4-sp/hard/libc.a
END GROUP
LOAD /home/bhavya/Downloads/1/plugins/fr.ac6.mcu.externaltools.arm-none.linux64_1.17.0.201812190825/tools/compiler/bin/../lib/gcc/arm-none-eabi/7.3.1/thumb/v7e-m/fpv4-sp/hard/crtend.o
LOAD /home/bhavya/Downloads/1/plugins/fr.ac6.mcu.externaltools.arm-none.linux64_1.17.0.201812190825/tools/compiler/bin/../lib/gcc/arm-none-eabi/7.3.1/thumb/v7e-m/fpv4-sp/hard/crtn.o
                0x0000000020020000                _estack = 0x20020000
                0x0000000000000000                _Min_Heap_Size = 0x0
                0x0000000000000400                _Min_Stack_Size = 0x400

.isr_vector     0x0000000008000000      0x1c4
                0x0000000008000000                . = ALIGN (0x4)
 *(.isr_vector)
 .isr_vector    0x0000000008000000      0x1c4 startup/startup_stm32.o
                0x0000000008000000                g_pfnVectors
                0x00000000080001c4                . = ALIGN (0x4)

.text           0x00000000080001c4     0x3344
                0x00000000080001c4                . = ALIGN (0x4)
 *(.text)
 .text          0x00000000080001c4       0x40 /home/bhavya/Downloads/1/plugins/fr.ac6.mcu.externaltools.arm-none.linux64_1.17.0.201812190825/tools/compiler/bin/../lib/gcc/arm-none-eabi/7.3.1/thumb/v7e-m/fpv4-sp/hard/crtbegin.o
 .text          0x0000000008000204      0x134 /home/bhavya/Downloads/1/plugins/fr.ac6.mcu.externaltools.arm-none.linux64_1.17.0.201812190825/tools/compiler/bin/../lib/gcc/arm-none-eabi/7.3.1/../../../../arm-none-eabi/lib/thumb/v7e-m/fpv4-sp/hard/libc.a(lib_a-memcpy.o)
                0x0000000008000204                memcpy
 *(.text*)
 .text.ACT_BrakePower
                0x0000000008000338       0x48 Ventilation/src/ACTUATOR/ACT_BrakePower.o
                0x0000000008000338                ACT_BrakePower
 .text.DB_AlarmInfoWrite
                0x0000000008000380       0x58 Ventilation/src/DATABASE/DB_AlarmInfoWrite.o
                0x0000000008000380                DB_AlarmInfoWrite
 .text.DB_AlarmStatusWrite
                0x00000000080003d8       0x50 Ventilation/src/DATABASE/DB_AlarmStatusWrite.o
                0x00000000080003d8                DB_AlarmStatusWrite
 .text.DB_ComputeRead
                0x0000000008000428       0x24 Ventilation/src/DATABASE/DB_ComputeRead.o
                0x0000000008000428                DB_ComputeRead
 .text.DB_ComputeWrite
                0x000000000800044c       0xf8 Ventilation/src/DATABASE/DB_ComputeWrite.o
                0x000000000800044c                DB_ComputeWrite
 .text.DB_ConfigRead
                0x0000000008000544       0x24 Ventilation/src/DATABASE/DB_ConfigRead.o
                0x0000000008000544                DB_ConfigRead
 .text.DB_ControlRead
                0x0000000008000568       0x24 Ventilation/src/DATABASE/DB_ControlRead.o
                0x0000000008000568                DB_ControlRead
 .text.DB_ControlWrite
                0x000000000800058c       0x2c Ventilation/src/DATABASE/DB_ControlWrite.o
                0x000000000800058c                DB_ControlWrite
 .text.DB_CurrentRead
                0x00000000080005b8       0x24 Ventilation/src/DATABASE/DB_CurrentRead.o
                0x00000000080005b8                DB_CurrentRead
 .text.DB_EventMngt
                0x00000000080005dc      0x7a4 Ventilation/src/DATABASE/DB_EventMngt.o
                0x00000000080005dc                DB_EventMngt
 .text.DRV_EVENT_PushEvent
                0x0000000008000d80       0x1c Ventilation/src/DATABASE/DB_EventMngt.o
                0x0000000008000d80                DRV_EVENT_PushEvent
 .text.DB_MeasurementWrite
                0x0000000008000d9c       0x18 Ventilation/src/DATABASE/DB_MeasurementWrite.o
                0x0000000008000d9c                DB_MeasurementWrite
 .text.DB_RTCRead
                0x0000000008000db4       0x24 Ventilation/src/DATABASE/DB_RTCRead.o
                0x0000000008000db4                DB_RTCRead
 .text.DB_RTCWrite
                0x0000000008000dd8       0x2c Ventilation/src/DATABASE/DB_RTCWrite.o
                0x0000000008000dd8                DB_RTCWrite
 .text.DB_TrendWrite
                0x0000000008000e04       0x78 Ventilation/src/DATABASE/DB_TrendWrite.o
                0x0000000008000e04                DB_TrendWrite
 .text.DIS_FifoRead
                0x0000000008000e7c        0xe Ventilation/src/DISPLAY/DIS_FifoRead.o
                0x0000000008000e7c                DIS_FifoRead
 .text.saturation
                0x0000000008000e8a       0x3e Ventilation/src/GENERAL/Saturation.o
                0x0000000008000e8a                saturation
 .text.It_watchdog
                0x0000000008000ec8       0x24 Ventilation/src/INTERRUPTS/It_watchdog.o
                0x0000000008000ec8                It_watchdog
 .text.MAIN_Global_Variables_Init
                0x0000000008000eec      0x214 Ventilation/src/MAIN/MAIN_Global_Variables_Init.o
                0x0000000008000eec                MAIN_Global_Variables_Init
 .text.MAIN_Interfaces_Init
                0x0000000008001100      0x11c Ventilation/src/MAIN/MAIN_Interfaces_Init.o
                0x0000000008001100                MAIN_Interfaces_Init
 .text.MAIN_Security_Init
                0x000000000800121c      0x23c Ventilation/src/MAIN/MAIN_Security_Init.o
                0x000000000800121c                MAIN_Security_Init
 .text.MAIN_System_Init
                0x0000000008001458       0x94 Ventilation/src/MAIN/MAIN_System_Init.o
                0x0000000008001458                MAIN_System_Init
 .text._srvwdt_
                0x00000000080014ec        0xe Ventilation/src/MAIN/MAIN_Target_Init.o
                0x00000000080014ec                _srvwdt_
 *fill*         0x00000000080014fa        0x2 
 .text.MAIN_Target_Init_FirstStep
                0x00000000080014fc       0xbc Ventilation/src/MAIN/MAIN_Target_Init.o
                0x00000000080014fc                MAIN_Target_Init_FirstStep
 .text.MAIN_Target_Init_SecondStep
                0x00000000080015b8       0x58 Ventilation/src/MAIN/MAIN_Target_Init.o
                0x00000000080015b8                MAIN_Target_Init_SecondStep
 .text.MAIN_Target_Init
                0x0000000008001610       0x10 Ventilation/src/MAIN/MAIN_Target_Init.o
                0x0000000008001610                MAIN_Target_Init
 .text.DRV_OutputPort
                0x0000000008001620       0x18 Ventilation/src/MAIN/MAIN_Target_Init.o
                0x0000000008001620                DRV_OutputPort
 .text.MAIN_Tasks_Init
                0x0000000008001638       0x14 Ventilation/src/MAIN/MAIN_Tasks_Init.o
                0x0000000008001638                MAIN_Tasks_Init
 .text.MAIN_Ventilation_Init
                0x000000000800164c       0xfc Ventilation/src/MAIN/MAIN_Ventilation_Init.o
                0x000000000800164c                MAIN_Ventilation_Init
 .text.SCHED_Setup_Main
                0x0000000008001748       0x20 Ventilation/src/SCHEDULER/SCHED_Setup_Main.o
                0x0000000008001748                SCHED_Setup_Main
 .text.DRV_EVENT_Launch
                0x0000000008001768        0xe Ventilation/src/SCHEDULER/SCHED_Setup_entry.o
                0x0000000008001768                DRV_EVENT_Launch
 .text.HMI_KeyboardEventLaunch
                0x0000000008001776        0xe Ventilation/src/SCHEDULER/SCHED_Setup_entry.o
                0x0000000008001776                HMI_KeyboardEventLaunch
 .text.IHM_TimerEventLauch
                0x0000000008001784        0xe Ventilation/src/SCHEDULER/SCHED_Setup_entry.o
                0x0000000008001784                IHM_TimerEventLauch
 .text.DRV_COM_Launch
                0x0000000008001792        0xe Ventilation/src/SCHEDULER/SCHED_Setup_entry.o
                0x0000000008001792                DRV_COM_Launch
 .text.DRV_SPIPowerSupplyUpdate
                0x00000000080017a0        0xe Ventilation/src/SCHEDULER/SCHED_Setup_entry.o
                0x00000000080017a0                DRV_SPIPowerSupplyUpdate
 *fill*         0x00000000080017ae        0x2 
 .text.SCHED_Setup_entry
                0x00000000080017b0       0x8c Ventilation/src/SCHEDULER/SCHED_Setup_entry.o
                0x00000000080017b0                SCHED_Setup_entry
 .text.SCHED_Ventilation_Main
                0x000000000800183c        0xe Ventilation/src/SCHEDULER/SCHED_Ventilation_Main.o
                0x000000000800183c                SCHED_Ventilation_Main
 .text.SET_Actuator
                0x000000000800184a        0xe Ventilation/src/SET_UP/SET_Actuator.o
                0x000000000800184a                SET_Actuator
 .text.SET_CalibrationManagement
                0x0000000008001858        0xe Ventilation/src/SET_UP/SET_CalibrationManagement.o
                0x0000000008001858                SET_CalibrationManagement
 .text.SET_RTC_Mngt
                0x0000000008001866        0xe Ventilation/src/SET_UP/SET_RTC_Mngt.o
                0x0000000008001866                SET_RTC_Mngt
 .text.SET_TechnicalAlarms
                0x0000000008001874        0xe Ventilation/src/SET_UP/SET_TechnicalAlarms.o
                0x0000000008001874                SET_TechnicalAlarms
 *fill*         0x0000000008001882        0x2 
 .text.INT_AbsPress_Interpol
                0x0000000008001884      0x124 Ventilation/src/SYSTEM/INT_AbsPress_Interpol.o
                0x0000000008001884                INT_AbsPress_Interpol
 .text.INT_BlowerTemperatureInterpol
                0x00000000080019a8      0x1b4 Ventilation/src/SYSTEM/INT_BlowerTemperatureInterpol.o
                0x00000000080019a8                INT_BlowerTemperatureInterpol
 .text.INT_ExhFlow_Interpol
                0x0000000008001b5c      0x39c Ventilation/src/SYSTEM/INT_ExhFlow_Interpol.o
                0x0000000008001b5c                INT_ExhFlow_Interpol
 .text.INT_Fio2_Interpol
                0x0000000008001ef8      0x110 Ventilation/src/SYSTEM/INT_Fio2_Interpol.o
                0x0000000008001ef8                INT_Fio2_Interpol
 .text.INT_Flow_Conversion_Equation
                0x0000000008002008       0x9c Ventilation/src/SYSTEM/INT_Flow_Conversion_Equation.o
                0x0000000008002008                INT_Flow_Conversion_Equation
 .text.INT_InspFlow_Interpol
                0x00000000080020a4      0x43c Ventilation/src/SYSTEM/INT_InspFlow_Interpol.o
                0x00000000080020a4                INT_InspFlow_Interpol
 .text.INT_O2Flow_Interpol
                0x00000000080024e0      0x238 Ventilation/src/SYSTEM/INT_O2Flow_Interpol.o
                0x00000000080024e0                INT_O2Flow_Interpol
 .text.INT_O2Press_Interpol
                0x0000000008002718       0xf4 Ventilation/src/SYSTEM/INT_O2Press_Interpol.o
                0x0000000008002718                INT_O2Press_Interpol
 .text.INT_PatPress_Interpol
                0x000000000800280c       0xf0 Ventilation/src/SYSTEM/INT_PatPress_Interpol.o
                0x000000000800280c                INT_PatPress_Interpol
 .text.INT_ProxiPress_Interpol
                0x00000000080028fc       0xec Ventilation/src/SYSTEM/INT_ProxiPress_Interpol.o
                0x00000000080028fc                INT_ProxiPress_Interpol
 .text.INT_SpeedBlow_Interpol
                0x00000000080029e8       0xec Ventilation/src/SYSTEM/INT_SpeedBlow_Interpol.o
                0x00000000080029e8                INT_SpeedBlow_Interpol
 .text.INT_ValvePress_Interpol
                0x0000000008002ad4      0x100 Ventilation/src/SYSTEM/INT_ValvePress_Interpol.o
                0x0000000008002ad4                INT_ValvePress_Interpol
 .text.INT_Voltages_Interpol
                0x0000000008002bd4      0x15c Ventilation/src/SYSTEM/INT_Voltages_Interpol.o
                0x0000000008002bd4                INT_Voltages_Interpol
 .text.SYS_Backlight_Mngt
                0x0000000008002d30        0xe Ventilation/src/SYSTEM/SYS_Backlight_Mngt.o
                0x0000000008002d30                SYS_Backlight_Mngt
 .text.SYS_CurveFlowCalcul
                0x0000000008002d3e       0xa8 Ventilation/src/SYSTEM/SYS_CurveFlowCalcul.o
                0x0000000008002d3e                SYS_CurveFlowCalcul
 .text.SYS_Fio2Detection
                0x0000000008002de6        0xe Ventilation/src/SYSTEM/SYS_Fio2Detection.o
                0x0000000008002de6                SYS_Fio2Detection
 .text.SYS_Interpolation
                0x0000000008002df4       0x4c Ventilation/src/SYSTEM/SYS_Interpolation.o
                0x0000000008002df4                SYS_Interpolation
 .text.SYS_Keyboard
                0x0000000008002e40        0xe Ventilation/src/SYSTEM/SYS_Keyboard.o
                0x0000000008002e40                SYS_Keyboard
 .text.SYS_SetupLaunch
                0x0000000008002e4e       0x14 Ventilation/src/SYSTEM/SYS_SetupLaunch.o
                0x0000000008002e4e                SYS_SetupLaunch
 .text.SYS_SupplyDetect
                0x0000000008002e62        0xe Ventilation/src/SYSTEM/SYS_SupplyDetect.o
                0x0000000008002e62                SYS_SupplyDetect
 .text.TIM_Launch
                0x0000000008002e70      0x198 Ventilation/src/TIMERS/TIM_Launch.o
                0x0000000008002e70                TIM_Launch
 .text.TIM_ReadCounterValue
                0x0000000008003008       0x2c Ventilation/src/TIMERS/TIM_ReadCounterValue.o
                0x0000000008003008                TIM_ReadCounterValue
 .text.TIM_ReadDecounterValue
                0x0000000008003034       0x2c Ventilation/src/TIMERS/TIM_ReadDecounterValue.o
                0x0000000008003034                TIM_ReadDecounterValue
 .text.TIM_StartDecounter
                0x0000000008003060       0x58 Ventilation/src/TIMERS/TIM_StartDecounter.o
                0x0000000008003060                TIM_StartDecounter
 .text.TIM_Temporize
                0x00000000080030b8       0xd0 Ventilation/src/TIMERS/TIM_Temporize.o
                0x00000000080030b8                TIM_Temporize
 .text.VEN_RiseCompute
                0x0000000008003188       0x1c Ventilation/src/VENTILATION/VEN_RiseCompute.o
                0x0000000008003188                VEN_RiseCompute
 .text.main     0x00000000080031a4       0xbc src/MAIN.o
                0x00000000080031a4                main
 .text.CIRCUIT_CHECK_HMI_Start
                0x0000000008003260        0xe src/MAIN.o
                0x0000000008003260                CIRCUIT_CHECK_HMI_Start
 .text.SETUP_HMI_Start
                0x000000000800326e        0xe src/MAIN.o
                0x000000000800326e                SETUP_HMI_Start
 .text.VENTILATION_HMI_Start
                0x000000000800327c        0xe src/MAIN.o
                0x000000000800327c                VENTILATION_HMI_Start
 .text.KEY_Touch_Detection
                0x000000000800328a       0x18 src/MAIN.o
                0x000000000800328a                KEY_Touch_Detection
 *fill*         0x00000000080032a2        0x2 
 .text.Reset_Handler
                0x00000000080032a4       0x50 startup/startup_stm32.o
                0x00000000080032a4                Reset_Handler
 .text.Default_Handler
                0x00000000080032f4        0x2 startup/startup_stm32.o
                0x00000000080032f4                RTC_Alarm_IRQHandler
                0x00000000080032f4                EXTI2_IRQHandler
                0x00000000080032f4                TIM8_CC_IRQHandler
                0x00000000080032f4                SPDIF_Rx_IRQHandler
                0x00000000080032f4                DebugMon_Handler
                0x00000000080032f4                SPI4_IRQHandler
                0x00000000080032f4                TIM1_CC_IRQHandler
                0x00000000080032f4                QuadSPI_IRQHandler
                0x00000000080032f4                DMA2_Stream5_IRQHandler
                0x00000000080032f4                HardFault_Handler
                0x00000000080032f4                DMA1_Stream5_IRQHandler
                0x00000000080032f4                SysTick_Handler
                0x00000000080032f4                PVD_IRQHandler
                0x00000000080032f4                SDIO_IRQHandler
                0x00000000080032f4                TAMP_STAMP_IRQHandler
                0x00000000080032f4                PendSV_Handler
                0x00000000080032f4                NMI_Handler
                0x00000000080032f4                CAN2_RX1_IRQHandler
                0x00000000080032f4                EXTI3_IRQHandler
                0x00000000080032f4                TIM8_TRG_COM_TIM14_IRQHandler
                0x00000000080032f4                TIM1_UP_TIM10_IRQHandler
                0x00000000080032f4                FMPI2C1_error_IRQHandler
                0x00000000080032f4                TIM8_UP_TIM13_IRQHandler
                0x00000000080032f4                I2C3_ER_IRQHandler
                0x00000000080032f4                EXTI0_IRQHandler
                0x00000000080032f4                I2C2_EV_IRQHandler
                0x00000000080032f4                DMA1_Stream2_IRQHandler
                0x00000000080032f4                CAN1_RX0_IRQHandler
                0x00000000080032f4                FPU_IRQHandler
                0x00000000080032f4                OTG_HS_WKUP_IRQHandler
                0x00000000080032f4                UsageFault_Handler
                0x00000000080032f4                CAN2_SCE_IRQHandler
                0x00000000080032f4                DMA2_Stream2_IRQHandler
                0x00000000080032f4                SPI1_IRQHandler
                0x00000000080032f4                TIM6_DAC_IRQHandler
                0x00000000080032f4                TIM1_BRK_TIM9_IRQHandler
                0x00000000080032f4                DCMI_IRQHandler
                0x00000000080032f4                CAN2_RX0_IRQHandler
                0x00000000080032f4                DMA2_Stream3_IRQHandler
                0x00000000080032f4                FMPI2C1_IRQHandler
                0x00000000080032f4                SAI2_IRQHandler
                0x00000000080032f4                USART6_IRQHandler
                0x00000000080032f4                USART3_IRQHandler
                0x00000000080032f4                CAN1_RX1_IRQHandler
                0x00000000080032f4                UART5_IRQHandler
                0x00000000080032f4                DMA2_Stream0_IRQHandler
                0x00000000080032f4                TIM4_IRQHandler
                0x00000000080032f4                I2C1_EV_IRQHandler
                0x00000000080032f4                HDMI_CEC_IRQHandler
                0x00000000080032f4                DMA1_Stream6_IRQHandler
                0x00000000080032f4                DMA1_Stream1_IRQHandler
                0x00000000080032f4                UART4_IRQHandler
                0x00000000080032f4                TIM3_IRQHandler
                0x00000000080032f4                RCC_IRQHandler
                0x00000000080032f4                TIM8_BRK_TIM12_IRQHandler
                0x00000000080032f4                Default_Handler
                0x00000000080032f4                EXTI15_10_IRQHandler
                0x00000000080032f4                ADC_IRQHandler
                0x00000000080032f4                DMA1_Stream7_IRQHandler
                0x00000000080032f4                TIM7_IRQHandler
                0x00000000080032f4                CAN2_TX_IRQHandler
                0x00000000080032f4                TIM5_IRQHandler
                0x00000000080032f4                DMA2_Stream7_IRQHandler
                0x00000000080032f4                I2C3_EV_IRQHandler
                0x00000000080032f4                EXTI9_5_IRQHandler
                0x00000000080032f4                RTC_WKUP_IRQHandler
                0x00000000080032f4                SPI2_IRQHandler
                0x00000000080032f4                OTG_HS_EP1_IN_IRQHandler
                0x00000000080032f4                MemManage_Handler
                0x00000000080032f4                DMA1_Stream0_IRQHandler
                0x00000000080032f4                CAN1_TX_IRQHandler
                0x00000000080032f4                SVC_Handler
                0x00000000080032f4                EXTI4_IRQHandler
                0x00000000080032f4                OTG_HS_EP1_OUT_IRQHandler
                0x00000000080032f4                WWDG_IRQHandler
                0x00000000080032f4                TIM2_IRQHandler
                0x00000000080032f4                OTG_FS_WKUP_IRQHandler
                0x00000000080032f4                TIM1_TRG_COM_TIM11_IRQHandler
                0x00000000080032f4                OTG_HS_IRQHandler
                0x00000000080032f4                EXTI1_IRQHandler
                0x00000000080032f4                USART2_IRQHandler
                0x00000000080032f4                I2C2_ER_IRQHandler
                0x00000000080032f4                DMA2_Stream1_IRQHandler
                0x00000000080032f4                CAN1_SCE_IRQHandler
                0x00000000080032f4                FLASH_IRQHandler
                0x00000000080032f4                DMA2_Stream4_IRQHandler
                0x00000000080032f4                BusFault_Handler
                0x00000000080032f4                USART1_IRQHandler
                0x00000000080032f4                OTG_FS_IRQHandler
                0x00000000080032f4                SPI3_IRQHandler
                0x00000000080032f4                DMA1_Stream4_IRQHandler
                0x00000000080032f4                I2C1_ER_IRQHandler
                0x00000000080032f4                FMC_IRQHandler
                0x00000000080032f4                DMA2_Stream6_IRQHandler
                0x00000000080032f4                SAI1_IRQHandler
                0x00000000080032f4                DMA1_Stream3_IRQHandler
 *fill*         0x00000000080032f6        0x2 
 .text.__libc_init_array
                0x00000000080032f8       0x48 /home/bhavya/Downloads/1/plugins/fr.ac6.mcu.externaltools.arm-none.linux64_1.17.0.201812190825/tools/compiler/bin/../lib/gcc/arm-none-eabi/7.3.1/../../../../arm-none-eabi/lib/thumb/v7e-m/fpv4-sp/hard/libc.a(lib_a-init.o)
                0x00000000080032f8                __libc_init_array
 .text.memset   0x0000000008003340       0x94 /home/bhavya/Downloads/1/plugins/fr.ac6.mcu.externaltools.arm-none.linux64_1.17.0.201812190825/tools/compiler/bin/../lib/gcc/arm-none-eabi/7.3.1/../../../../arm-none-eabi/lib/thumb/v7e-m/fpv4-sp/hard/libc.a(lib_a-memset.o)
                0x0000000008003340                memset
 .text.startup.register_fini
                0x00000000080033d4       0x14 /home/bhavya/Downloads/1/plugins/fr.ac6.mcu.externaltools.arm-none.linux64_1.17.0.201812190825/tools/compiler/bin/../lib/gcc/arm-none-eabi/7.3.1/../../../../arm-none-eabi/lib/thumb/v7e-m/fpv4-sp/hard/libc.a(lib_a-__call_atexit.o)
 .text.atexit   0x00000000080033e8        0xc /home/bhavya/Downloads/1/plugins/fr.ac6.mcu.externaltools.arm-none.linux64_1.17.0.201812190825/tools/compiler/bin/../lib/gcc/arm-none-eabi/7.3.1/../../../../arm-none-eabi/lib/thumb/v7e-m/fpv4-sp/hard/libc.a(lib_a-atexit.o)
                0x00000000080033e8                atexit
 .text.__libc_fini_array
                0x00000000080033f4       0x34 /home/bhavya/Downloads/1/plugins/fr.ac6.mcu.externaltools.arm-none.linux64_1.17.0.201812190825/tools/compiler/bin/../lib/gcc/arm-none-eabi/7.3.1/../../../../arm-none-eabi/lib/thumb/v7e-m/fpv4-sp/hard/libc.a(lib_a-fini.o)
                0x00000000080033f4                __libc_fini_array
 .text.__retarget_lock_acquire_recursive
                0x0000000008003428        0x4 /home/bhavya/Downloads/1/plugins/fr.ac6.mcu.externaltools.arm-none.linux64_1.17.0.201812190825/tools/compiler/bin/../lib/gcc/arm-none-eabi/7.3.1/../../../../arm-none-eabi/lib/thumb/v7e-m/fpv4-sp/hard/libc.a(lib_a-lock.o)
                0x0000000008003428                __retarget_lock_acquire_recursive
 .text.__retarget_lock_release_recursive
                0x000000000800342c        0x4 /home/bhavya/Downloads/1/plugins/fr.ac6.mcu.externaltools.arm-none.linux64_1.17.0.201812190825/tools/compiler/bin/../lib/gcc/arm-none-eabi/7.3.1/../../../../arm-none-eabi/lib/thumb/v7e-m/fpv4-sp/hard/libc.a(lib_a-lock.o)
                0x000000000800342c                __retarget_lock_release_recursive
 .text.__register_exitproc
                0x0000000008003430       0xc0 /home/bhavya/Downloads/1/plugins/fr.ac6.mcu.externaltools.arm-none.linux64_1.17.0.201812190825/tools/compiler/bin/../lib/gcc/arm-none-eabi/7.3.1/../../../../arm-none-eabi/lib/thumb/v7e-m/fpv4-sp/hard/libc.a(lib_a-__atexit.o)
                0x0000000008003430                __register_exitproc
 *(.glue_7)
 .glue_7        0x00000000080034f0        0x0 linker stubs
 *(.glue_7t)
 .glue_7t       0x00000000080034f0        0x0 linker stubs
 *(.eh_frame)
 .eh_frame      0x00000000080034f0        0x0 /home/bhavya/Downloads/1/plugins/fr.ac6.mcu.externaltools.arm-none.linux64_1.17.0.201812190825/tools/compiler/bin/../lib/gcc/arm-none-eabi/7.3.1/thumb/v7e-m/fpv4-sp/hard/crtbegin.o
 *(.init)
 .init          0x00000000080034f0        0x4 /home/bhavya/Downloads/1/plugins/fr.ac6.mcu.externaltools.arm-none.linux64_1.17.0.201812190825/tools/compiler/bin/../lib/gcc/arm-none-eabi/7.3.1/thumb/v7e-m/fpv4-sp/hard/crti.o
                0x00000000080034f0                _init
 .init          0x00000000080034f4        0x8 /home/bhavya/Downloads/1/plugins/fr.ac6.mcu.externaltools.arm-none.linux64_1.17.0.201812190825/tools/compiler/bin/../lib/gcc/arm-none-eabi/7.3.1/thumb/v7e-m/fpv4-sp/hard/crtn.o
 *(.fini)
 .fini          0x00000000080034fc        0x4 /home/bhavya/Downloads/1/plugins/fr.ac6.mcu.externaltools.arm-none.linux64_1.17.0.201812190825/tools/compiler/bin/../lib/gcc/arm-none-eabi/7.3.1/thumb/v7e-m/fpv4-sp/hard/crti.o
                0x00000000080034fc                _fini
 .fini          0x0000000008003500        0x8 /home/bhavya/Downloads/1/plugins/fr.ac6.mcu.externaltools.arm-none.linux64_1.17.0.201812190825/tools/compiler/bin/../lib/gcc/arm-none-eabi/7.3.1/thumb/v7e-m/fpv4-sp/hard/crtn.o
                0x0000000008003508                . = ALIGN (0x4)
                0x0000000008003508                _etext = .

.vfp11_veneer   0x0000000008003508        0x0
 .vfp11_veneer  0x0000000008003508        0x0 linker stubs

.v4_bx          0x0000000008003508        0x0
 .v4_bx         0x0000000008003508        0x0 linker stubs

.iplt           0x0000000008003508        0x0
 .iplt          0x0000000008003508        0x0 /home/bhavya/Downloads/1/plugins/fr.ac6.mcu.externaltools.arm-none.linux64_1.17.0.201812190825/tools/compiler/bin/../lib/gcc/arm-none-eabi/7.3.1/thumb/v7e-m/fpv4-sp/hard/crtbegin.o

.rodata         0x0000000008003508     0x2ff4
                0x0000000008003508                . = ALIGN (0x4)
 *(.rodata)
 .rodata        0x0000000008003508      0x254 Ventilation/src/DATABASE/DB_EventMngt.o
                0x0000000008003508                BeginCommonEventParam
                0x000000000800350c                EndCommonEventParam
                0x0000000008003510                BeginSpecificEventParam
                0x0000000008003514                EndSpecificEventParam
                0x0000000008003518                EventDataSchemaVersion
                0x000000000800351c                DB_CommonEventMngtParam
                0x00000000080035dc                DB_PsvEventMngtParam
                0x000000000800361c                DB_PresEventMngtParam
                0x000000000800365c                DB_VolEventMngtParam
                0x000000000800369c                DB_VsimvEventMngtParam
                0x00000000080036dc                DB_PsimvEventMngtParam
                0x000000000800371c                DB_CpapEventMngtParam
 .rodata        0x000000000800375c     0x2ac4 Ventilation/src/DATABASE/DB_StartInitDb.o
                0x000000000800375c                cDB_VSIMV_TEST_ADJUST_DB
                0x0000000008003adc                cDB_PSIMV_TEST_ADJUST_DB
                0x0000000008003e5c                cDB_VOL_TEST_ADJUST_DB
                0x00000000080041dc                cDB_PSV_TEST_ADJUST_DB
                0x000000000800455c                cDB_CPAP_TEST_ADJUST_DB
                0x00000000080048dc                cDB_PRES_TEST_ADJUST_DB
                0x0000000008004c5c                cDB_TEST_CONFIG_DB
                0x00000000080052dc                cDB_TEST_RTC_DB
                0x00000000080053ac                cDB_TEST_USB_DB
                0x000000000800548c                cDB_TEST_VERSION_DB
                0x000000000800552c                cDB_TEST_TREND_DB
                0x00000000080057dc                cDB_Saturate_COMPUTE
                0x0000000008005e80                cDB_Saturate_POWERSUPPLY
                0x000000000800613c                cMODE_HIGH_LIMIT_VALUE
                0x0000000008006140                EventNumber
 .rodata        0x0000000008006220      0x1b9 Ventilation/src/MAIN/MAIN_Global_Variables_Init.o
                0x0000000008006220                SYS_InitTimerKey
                0x0000000008006250                PATIENT_PRESSURE_CALIB_POINTS
                0x0000000008006270                FLOW_CALIB_POINTS
                0x0000000008006290                VALVE_PRESSURE_CALIB_POINTS
                0x00000000080062b0                VALVE_FAS_PWM_CALIB_POINTS
                0x00000000080062bc                VALVE_FAS_PRESS_CALIB_POINTS
                0x00000000080062d8                FIO2_CALIB_POINTS
                0x00000000080062f8                FLOW_O2_CALIB_POINTS
                0x0000000008006318                O2_PRESSURE_CALIB_POINTS
                0x0000000008006338                CalibrationParameters
                0x00000000080063d8                cTIM_TimePeriodMs
 *fill*         0x00000000080063d9        0x3 
 .rodata        0x00000000080063dc       0x92 Ventilation/src/SCHEDULER/SCHED_Setup_entry.o
                0x00000000080063dc                Setup_Tasks_Table
                0x000000000800645c                Setup_Sched_table
                0x000000000800646c                Setup_Number_of_tasks
                0x000000000800646d                Setup_sched_step_number
 *fill*         0x000000000800646e        0x2 
 .rodata        0x0000000008006470       0x88 Ventilation/src/SYSTEM/INT_BlowerTemperatureInterpol.o
 *(.rodata*)
 .rodata._global_impure_ptr
                0x00000000080064f8        0x4 /home/bhavya/Downloads/1/plugins/fr.ac6.mcu.externaltools.arm-none.linux64_1.17.0.201812190825/tools/compiler/bin/../lib/gcc/arm-none-eabi/7.3.1/../../../../arm-none-eabi/lib/thumb/v7e-m/fpv4-sp/hard/libc.a(lib_a-impure.o)
                0x00000000080064f8                _global_impure_ptr
                0x00000000080064fc                . = ALIGN (0x4)

.rel.dyn        0x00000000080064fc        0x0
 .rel.iplt      0x00000000080064fc        0x0 /home/bhavya/Downloads/1/plugins/fr.ac6.mcu.externaltools.arm-none.linux64_1.17.0.201812190825/tools/compiler/bin/../lib/gcc/arm-none-eabi/7.3.1/thumb/v7e-m/fpv4-sp/hard/crtbegin.o

.ARM.extab      0x00000000080064fc        0x0
                0x00000000080064fc                . = ALIGN (0x4)
 *(.ARM.extab* .gnu.linkonce.armextab.*)
                0x00000000080064fc                . = ALIGN (0x4)

.ARM            0x00000000080064fc        0x0
                0x00000000080064fc                . = ALIGN (0x4)
                0x00000000080064fc                __exidx_start = .
 *(.ARM.exidx*)
                0x00000000080064fc                __exidx_end = .
                0x00000000080064fc                . = ALIGN (0x4)

.preinit_array  0x00000000080064fc        0x0
                0x00000000080064fc                . = ALIGN (0x4)
                0x00000000080064fc                PROVIDE (__preinit_array_start = .)
 *(.preinit_array*)
                0x00000000080064fc                PROVIDE (__preinit_array_end = .)
                0x00000000080064fc                . = ALIGN (0x4)

.init_array     0x00000000080064fc        0x8
                0x00000000080064fc                . = ALIGN (0x4)
                0x00000000080064fc                PROVIDE (__init_array_start = .)
 *(SORT_BY_NAME(.init_array.*))
 .init_array.00000
                0x00000000080064fc        0x4 /home/bhavya/Downloads/1/plugins/fr.ac6.mcu.externaltools.arm-none.linux64_1.17.0.201812190825/tools/compiler/bin/../lib/gcc/arm-none-eabi/7.3.1/../../../../arm-none-eabi/lib/thumb/v7e-m/fpv4-sp/hard/libc.a(lib_a-__call_atexit.o)
 *(.init_array*)
 .init_array    0x0000000008006500        0x4 /home/bhavya/Downloads/1/plugins/fr.ac6.mcu.externaltools.arm-none.linux64_1.17.0.201812190825/tools/compiler/bin/../lib/gcc/arm-none-eabi/7.3.1/thumb/v7e-m/fpv4-sp/hard/crtbegin.o
                0x0000000008006504                PROVIDE (__init_array_end = .)
                0x0000000008006504                . = ALIGN (0x4)

.fini_array     0x0000000008006504        0x4
                0x0000000008006504                . = ALIGN (0x4)
                0x0000000008006504                PROVIDE (__fini_array_start = .)
 *(SORT_BY_NAME(.fini_array.*))
 *(.fini_array*)
 .fini_array    0x0000000008006504        0x4 /home/bhavya/Downloads/1/plugins/fr.ac6.mcu.externaltools.arm-none.linux64_1.17.0.201812190825/tools/compiler/bin/../lib/gcc/arm-none-eabi/7.3.1/thumb/v7e-m/fpv4-sp/hard/crtbegin.o
                0x0000000008006508                PROVIDE (__fini_array_end = .)
                0x0000000008006508                . = ALIGN (0x4)
                0x0000000008006508                _sidata = LOADADDR (.data)

.data           0x0000000020000000      0x544 load address 0x0000000008006508
                0x0000000020000000                . = ALIGN (0x4)
                0x0000000020000000                _sdata = .
 *(.data)
 .data          0x0000000020000000      0x110 Ventilation/src/ACTUATOR/ACT_BlowerCmd.o
                0x0000000020000000                VEN_ControllerType
                0x0000000020000004                AdjustMode
                0x0000000020000008                VEN_TiTeValueMesured
                0x0000000020000010                VEN_MeasuredValues
                0x00000000200000b0                VEN_PeMin
                0x00000000200000b4                VEN_Vti
                0x00000000200000b8                VEN_Rise_Pi_Set_Point
                0x00000000200000bc                VEN_Qi_Set_Point
                0x00000000200000c0                VEN_PressureUpStep
                0x00000000200000c4                VEN_PressureDownStep
                0x00000000200000c8                VEN_PMax
                0x00000000200000cc                VEN_StartBip
                0x00000000200000d0                VEN_TemporaryMeasureQinspMin
                0x00000000200000d4                VEN_TemporaryMeasureQinspMax
                0x00000000200000d8                VEN_PreviousAverageFlow
                0x00000000200000dc                VEN_SIMV_PS_End
                0x000000002000010c                BLOWER_CMD_2
 .data          0x0000000020000110        0x4 Ventilation/src/ACTUATOR/ACT_BrakePower.o
                0x0000000020000110                BLOWER_CMD_1
 *(.data*)
 *fill*         0x0000000020000114        0x4 
 .data.impure_data
                0x0000000020000118      0x428 /home/bhavya/Downloads/1/plugins/fr.ac6.mcu.externaltools.arm-none.linux64_1.17.0.201812190825/tools/compiler/bin/../lib/gcc/arm-none-eabi/7.3.1/../../../../arm-none-eabi/lib/thumb/v7e-m/fpv4-sp/hard/libc.a(lib_a-impure.o)
 .data.__atexit_recursive_mutex
                0x0000000020000540        0x4 /home/bhavya/Downloads/1/plugins/fr.ac6.mcu.externaltools.arm-none.linux64_1.17.0.201812190825/tools/compiler/bin/../lib/gcc/arm-none-eabi/7.3.1/../../../../arm-none-eabi/lib/thumb/v7e-m/fpv4-sp/hard/libc.a(lib_a-__call_atexit.o)
                0x0000000020000540                __atexit_recursive_mutex
                0x0000000020000544                . = ALIGN (0x4)
                0x0000000020000544                _edata = .

.igot.plt       0x0000000020000544        0x0 load address 0x0000000008006a4c
 .igot.plt      0x0000000020000544        0x0 /home/bhavya/Downloads/1/plugins/fr.ac6.mcu.externaltools.arm-none.linux64_1.17.0.201812190825/tools/compiler/bin/../lib/gcc/arm-none-eabi/7.3.1/thumb/v7e-m/fpv4-sp/hard/crtbegin.o
                0x0000000020000544                . = ALIGN (0x4)

.bss            0x0000000020000548     0xe9a4 load address 0x0000000008006a4c
                0x0000000020000548                _sbss = .
                0x0000000020000548                __bss_start__ = _sbss
 *(.bss)
 .bss           0x0000000020000548       0x1c /home/bhavya/Downloads/1/plugins/fr.ac6.mcu.externaltools.arm-none.linux64_1.17.0.201812190825/tools/compiler/bin/../lib/gcc/arm-none-eabi/7.3.1/thumb/v7e-m/fpv4-sp/hard/crtbegin.o
 *fill*         0x0000000020000564        0x4 
 .bss           0x0000000020000568      0x100 Ventilation/src/ACTUATOR/ACT_BlowerCmd.o
                0x0000000020000568                VEN_CptCumulValveCurrent
                0x000000002000056c                VEN_IntegralBlower
                0x0000000020000570                VEN_IntegralValve
                0x0000000020000574                ChangeMode
                0x0000000020000578                VentilAuthorization
                0x000000002000057c                AdjustApnea
                0x0000000020000580                VEN_SIMVCycle
                0x0000000020000581                VEN_Controller_Phase
                0x0000000020000584                VEN_PerCentRisePI
                0x0000000020000588                VEN_PerCentRiseQI
                0x000000002000058c                VEN_CommandFlow
                0x0000000020000590                VEN_TargetFlow
                0x0000000020000594                VEN_ValveCurrentSat
                0x0000000020000598                VEN_FlowNegSat
                0x00000000200005a0                VEN_LeakFlowFactorAverage
                0x00000000200005a8                VEN_Qee_SampleSize
                0x00000000200005ac                VEN_FleakMeasured
                0x00000000200005b0                VEN_MemoFleakMeasured
                0x00000000200005b8                VEN_LeakVtiCorrection
                0x00000000200005c0                VEN_LeakVteCorrection
                0x00000000200005c8                VEN_ExhalFlowMaxMeasured
                0x00000000200005cc                VEN_TempRiseOpenValve
                0x00000000200005d0                VEN_TRiseIncrem
                0x00000000200005d4                VEN_TRiseDecrem
                0x00000000200005d8                VEN_MutexSignal1
                0x00000000200005dc                VEN_MutexSignal2
                0x00000000200005e0                VEN_MutexSignal3
                0x00000000200005e4                VEN_TRise_Rebond
                0x00000000200005e8                VEN_PepMeasured
                0x00000000200005ec                VEN_FirstCycle
                0x00000000200005f0                VEN_SecondCycle
                0x00000000200005f4                VEN_ThirdCycle
                0x00000000200005f8                VEN_UnvolontaryStop
                0x00000000200005fc                VEN_TeFall
                0x0000000020000600                VEN_SighDetected
                0x0000000020000604                VEN_AuthorizationRegulO2
                0x0000000020000608                VEN_LaunchCalibO2
                0x000000002000060c                VEN_IntegralValveO2
                0x0000000020000610                VEN_TrigExpDetected
                0x0000000020000614                VEN_InitValve
                0x0000000020000618                VEN_CpapFirstCycle
                0x000000002000061c                VEN_MeasureQinspMin
                0x0000000020000620                VEN_MeasureQinspMax
                0x0000000020000624                VEN_MutexReadjust
                0x0000000020000628                VEN_CumulVtiCpap
                0x000000002000062c                VEN_CumulFlowCounter
                0x0000000020000630                VEN_PreviousMeasureQinsp
                0x0000000020000634                VEN_PtrMesureFlowPress
                0x0000000020000638                VEN_PtrLeakFlowFactor
                0x000000002000063c                VEN_LeakFactorCptValues
                0x0000000020000640                VEN_Mutex_High_Pressure
                0x0000000020000644                VEN_MutexTimerReadjust
                0x0000000020000648                VEN_Disconnexion_Flag
                0x000000002000064c                VEN_VentilationStart
                0x0000000020000650                VEN_MutexVanneO2
                0x0000000020000654                VEN_Synchro_Reset_Alarms
                0x0000000020000658                VEN_CircuitDisconnectLowPressLimit
                0x000000002000065c                VEN_NegativeFlowCounter
                0x0000000020000660                VEN_DetectedNegativeFlow
                0x0000000020000664                VEN_IsVtiExhUpdated
 .bss           0x0000000020000668        0x4 Ventilation/src/ACTUATOR/ACT_BrakePower.o
                0x0000000020000668                BRAKE_BLOWER_2
 .bss           0x000000002000066c       0x3c Ventilation/src/DATABASE/DB_StartInitDb.o
                0x000000002000066c                MemoMode
                0x0000000020000670                DB_FirstStart
                0x0000000020000674                BadParameter
                0x0000000020000678                NewVersionDetected
                0x000000002000067c                BadVersion
                0x0000000020000680                LoosePara
                0x0000000020000684                DB_StartInitRequest
                0x0000000020000688                SEC_High_Priority_1
                0x000000002000068c                SEC_High_Priority_2
                0x0000000020000690                SEC_High_Priority_3
                0x0000000020000694                SEC_Medium_Priority_1
                0x0000000020000698                SEC_Medium_Priority_2
                0x000000002000069c                SEC_Medium_Priority_3
                0x00000000200006a0                SEC_Low_Priority
                0x00000000200006a4                SEC_SpeedTestEnded
 .bss           0x00000000200006a8       0xb0 Ventilation/src/MAIN/MAIN_Global_Variables_Init.o
                0x00000000200006a8                CONS_VIT
                0x00000000200006ac                DEF_TURB
                0x00000000200006b0                ENABLE_TURB
                0x00000000200006b4                BRAKE_BLOWER
                0x00000000200006b8                SPEED_BLOWER_PIN
                0x00000000200006bc                CD_VALVE
                0x00000000200006c0                CD_VANNE_FIO2
                0x00000000200006c4                ALIM_FAILURE_3_3V
                0x00000000200006c8                ALIM_FAILURE_5VREF
                0x00000000200006cc                ALIM_FAILURE_10VREF
                0x00000000200006d0                RESET_USB
                0x00000000200006d4                ALARM_REMOTE_STATE
                0x00000000200006d8                WDOG
                0x00000000200006dc                ARRET_INVOLONTAIRE
                0x00000000200006e0                CMD_ME1
                0x00000000200006e4                ALE_ME1
                0x00000000200006e8                BHE
                0x00000000200006ec                RF
                0x00000000200006f0                IRQ_UART
                0x00000000200006f4                TX_UART_ST
                0x00000000200006f8                RX_UART_ST
                0x00000000200006fc                MRST_SPI_ALIM
                0x0000000020000700                MTSR_SPI_ALIM
                0x0000000020000704                CLK_SPI_ALIM
                0x0000000020000708                MRST_SPI_CPU
                0x000000002000070c                MTSR_SPI_CPU
                0x0000000020000710                SCLK_SPI_CPU
                0x0000000020000714                JUMPER_JP8
                0x0000000020000718                JUMPER_JP7
                0x000000002000071c                SEC_BUZ
                0x0000000020000720                MASTERBUSY
                0x0000000020000724                INHIB_DETECTED
                0x0000000020000728                LED_ALARME_ROUGE
                0x000000002000072c                LED_ALARME_ORANGE
                0x0000000020000730                AC_SELECT
                0x0000000020000734                DC_SELECT
                0x0000000020000738                SYS_MutexStartStopVentilUP
                0x000000002000073c                SYS_MutexStopInfoVentil
                0x0000000020000740                SYS_WaitingForStopConfirm
                0x0000000020000744                SYS_CounterPatientMin
                0x0000000020000748                SYS_CounterPatientHour
                0x000000002000074c                SYS_CounterMachineMin
                0x0000000020000750                SYS_CounterMachineHour
                0x0000000020000754                SYS_CalibProcessing
 .bss           0x0000000020000758        0x4 Ventilation/src/MAIN/MAIN_Target_Init.o
                0x0000000020000758                RESET_USB_1
 .bss           0x000000002000075c        0x4 Ventilation/src/MAIN/MAIN_Ventilation_Init.o
                0x000000002000075c                BRAKE_BLOWER_1
 .bss           0x0000000020000760        0x2 Ventilation/src/SCHEDULER/SCHED_Setup_entry.o
                0x0000000020000760                Setup_CountActivateJob
                0x0000000020000761                Setup_CountActivateTaskStep
 *fill*         0x0000000020000762        0x2 
 .bss           0x0000000020000764      0x144 Ventilation/src/SYSTEM/INT_AbsPress_Interpol.o
 .bss           0x00000000200008a8       0x30 Ventilation/src/SYSTEM/INT_BlowerTemperatureInterpol.o
 .bss           0x00000000200008d8      0x144 Ventilation/src/SYSTEM/INT_ExhFlow_Interpol.o
 .bss           0x0000000020000a1c      0x170 Ventilation/src/SYSTEM/INT_InspFlow_Interpol.o
 .bss           0x0000000020000b8c      0x144 Ventilation/src/SYSTEM/INT_O2Flow_Interpol.o
 .bss           0x0000000020000cd0       0x2c Ventilation/src/SYSTEM/INT_O2Press_Interpol.o
 .bss           0x0000000020000cfc       0x14 Ventilation/src/SYSTEM/INT_PatPress_Interpol.o
 .bss           0x0000000020000d10       0x14 Ventilation/src/SYSTEM/INT_ProxiPress_Interpol.o
 .bss           0x0000000020000d24       0x34 Ventilation/src/SYSTEM/INT_SpeedBlow_Interpol.o
                0x0000000020000d24                SpeedBlowerDigit
                0x0000000020000d28                AvailableSpeedBlowerDigit
 .bss           0x0000000020000d58       0x2c Ventilation/src/SYSTEM/INT_ValvePress_Interpol.o
 .bss           0x0000000020000d84        0x4 Ventilation/src/SYSTEM/SYS_Interpolation.o
                0x0000000020000d84                DRV_Acquisition_Disponible
 .bss           0x0000000020000d88       0x20 src/MAIN.o
                0x0000000020000d88                CounterTemperature
                0x0000000020000d8c                spi_chip_access
                0x0000000020000d90                CounterTop1ms
                0x0000000020000d94                MAIN_Interfaces_Second_Init
                0x0000000020000d98                MAIN_End_of_init
                0x0000000020000d9c                MAIN_TopTimer5ms
                0x0000000020000da0                MAIN_CrcEepromTrouble
                0x0000000020000da4                INHIB_DETECTED_1
 *(.bss*)
 *(COMMON)
 COMMON         0x0000000020000da8      0x154 Ventilation/src/DATABASE/DB_ComputeWrite.o
                0x0000000020000da8                DB_Compute
 COMMON         0x0000000020000efc        0x4 Ventilation/src/DATABASE/DB_ConfigRead.o
                0x0000000020000efc                EEP_DB_Config
 COMMON         0x0000000020000f00      0x1b0 Ventilation/src/DATABASE/DB_ControlRead.o
                0x0000000020000f00                DB_Control
 COMMON         0x00000000200010b0       0xe0 Ventilation/src/DATABASE/DB_CurrentRead.o
                0x00000000200010b0                DB_Current
 COMMON         0x0000000020001190       0x34 Ventilation/src/DATABASE/DB_RTCWrite.o
                0x0000000020001190                DB_Rtc
 COMMON         0x00000000200011c4      0x3cc Ventilation/src/DATABASE/DB_StartInitDb.o
                0x00000000200011c4                DB_EepConfigDbError
                0x0000000020001364                DB_EepTrendDbError
                0x0000000020001410                DB_AlarmStatus
 COMMON         0x0000000020001590     0xd8e4 Ventilation/src/MAIN/MAIN_Global_Variables_Init.o
                0x0000000020001590                PECC7
                0x0000000020001594                T1REL
                0x0000000020001598                T2
                0x000000002000159c                DP8
                0x00000000200015a0                DP5
                0x00000000200015a4                SYS_Num_Keyboard
                0x0000000020001814                T7R
                0x0000000020001818                S0TBUF
                0x000000002000181c                XIR2SET
                0x0000000020001820                TIM_TableOfCntAndDecnt
                0x0000000020001e50                XSSCRB
                0x0000000020001e54                ADEIC
                0x0000000020001e58                PECC0
                0x0000000020001e5c                T4IE
                0x0000000020001e60                SRCP7
                0x0000000020001e64                SSCRIC
                0x0000000020001e68                XIR3SET
                0x0000000020001e6c                IEN
                0x0000000020001e70                nbre_de_debordement_timer
                0x0000000020001e74                XP1IE
                0x0000000020001e78                T4
                0x0000000020001e7c                S0TBIR
                0x0000000020001e80                T8REL
                0x0000000020001e84                DSTP7
                0x0000000020001e88                PW3
                0x0000000020001e8c                XP2IE
                0x0000000020001e90                SSCCON
                0x0000000020001e94                S0RIC
                0x0000000020001e98                XSSCTB
                0x0000000020001e9c                ODP4
                0x0000000020001ea0                P8
                0x0000000020001ea4                CCM2
                0x0000000020001ea8                temporisation_terminee
                0x0000000020001eac                T2R
                0x0000000020001eb0                XP2IC
                0x0000000020001eb4                ODP6
                0x0000000020001eb8                P6
                0x0000000020001ebc                T7REL
                0x0000000020001ec0                SSCTIC
                0x0000000020001ec4                CCM7
                0x0000000020001ec8                ADCIC
                0x0000000020001ecc                WDTCON
                0x0000000020001ed0                PWMCON0
                0x0000000020001ed4                S0TBIE
                0x0000000020001ed8                S0CON
                0x0000000020001edc                T6IC
                0x0000000020001ee0                T1IR
                0x0000000020001ee4                T5
                0x0000000020001ee8                P2
                0x0000000020001eec                T3IR
                0x0000000020001ef0                XIR2CLR
                0x0000000020001ef4                DataFrameUART1
                0x0000000020001ef8                DP4
                0x0000000020001efc                S0BG
                0x0000000020001f00                XSSCCONSET
                0x0000000020001f04                S0RBUF
                0x0000000020001f08                ADEIE
                0x0000000020001f0c                PUST_ERROR
                0x0000000020001f10                T2CON
                0x0000000020001f14                CC0IE
                0x0000000020001f18                SRCP6
                0x0000000020001f1c                XP3IC
                0x0000000020001f20                DIS_FifoDisplay
                0x000000002000ea40                T1IE
                0x000000002000ea44                DSTP6
                0x000000002000ea48                ADCON
                0x000000002000ea4c                T3
                0x000000002000ea50                TIM_MinuteTableOfCntAndDecnt
                0x000000002000ed48                T5IE
                0x000000002000ed4c                dernier_chargement_T2
                0x000000002000ed50                S0TBIC
                0x000000002000ed54                SSCBSY
                0x000000002000ed58                ODP3
                0x000000002000ed5c                CCM0
                0x000000002000ed60                PECC2
                0x000000002000ed64                CC10IR
                0x000000002000ed68                T7
                0x000000002000ed6c                P4
                0x000000002000ed70                CC10IE
                0x000000002000ed74                SSCBR
                0x000000002000ed78                T6CON
                0x000000002000ed7c                T01CON
                0x000000002000ed80                T3CON
                0x000000002000ed84                T8R
                0x000000002000ed88                XIR3CLR
                0x000000002000ed8c                T5CON
                0x000000002000ed90                ADCIR
                0x000000002000ed94                XP2IR
                0x000000002000ed98                DSTP0
                0x000000002000ed9c                XSSCCONCLR
                0x000000002000eda0                T1
                0x000000002000eda4                CC0IC
                0x000000002000eda8                XP1IC
                0x000000002000edac                XS1RBUF
                0x000000002000edb0                XIR1SET
                0x000000002000edb4                ADEIR
                0x000000002000edb8                T2IC
                0x000000002000edbc                P3
                0x000000002000edc0                cpt_de_debordement_timer
                0x000000002000edc4                DIS_FifoIdxWrite
                0x000000002000edc8                T78CON
                0x000000002000edcc                SRCP0
                0x000000002000edd0                XIR0SEL
                0x000000002000edd4                SSCTB
                0x000000002000edd8                XSSCBR
                0x000000002000eddc                DIS_FifoOverflow
                0x000000002000ede0                T1R
                0x000000002000ede4                T4IC
                0x000000002000ede8                DP3
                0x000000002000edec                CC0
                0x000000002000edf0                T1IC
                0x000000002000edf4                DP2
                0x000000002000edf8                DP7
                0x000000002000edfc                XP1IR
                0x000000002000ee00                T2IR
                0x000000002000ee04                T5IC
                0x000000002000ee08                T5R
                0x000000002000ee0c                SSCRB
                0x000000002000ee10                SRCP2
                0x000000002000ee14                PP3
                0x000000002000ee18                ADST
                0x000000002000ee1c                CAPREL
                0x000000002000ee20                CC10IC
                0x000000002000ee24                DSTP2
                0x000000002000ee28                XP0IC
                0x000000002000ee2c                ODP5
                0x000000002000ee30                ODP2
                0x000000002000ee34                T4R
                0x000000002000ee38                DP6
                0x000000002000ee3c                PECC6
                0x000000002000ee40                ODP7
                0x000000002000ee44                XS1PORT
                0x000000002000ee48                P7
                0x000000002000ee4c                DIS_FifoIdxRead
                0x000000002000ee50                T2IE
                0x000000002000ee54                CC0IR
                0x000000002000ee58                PWMCON1
                0x000000002000ee5c                P5
                0x000000002000ee60                CC28
                0x000000002000ee64                XIR1CLR
                0x000000002000ee68                T4CON
                0x000000002000ee6c                ODP8
                0x000000002000ee70                XSSCPORT
 COMMON         0x000000002000ee74        0x4 Ventilation/src/SCHEDULER/SCHED_Setup_entry.o
                0x000000002000ee74                Setup_ListOfActivateJob
 COMMON         0x000000002000ee78       0x40 Ventilation/src/SET_UP/SET_CalibrationManagement.o
                0x000000002000ee78                AD_Digit
 COMMON         0x000000002000eeb8        0xe Ventilation/src/VENTILATION/VEN_Cycles.o
                0x000000002000eeb8                CYC_ActiveModeState
                0x000000002000eec0                CYC_NextModeState
 *fill*         0x000000002000eec6        0x2 
 COMMON         0x000000002000eec8       0x21 /home/bhavya/Downloads/1/plugins/fr.ac6.mcu.externaltools.arm-none.linux64_1.17.0.201812190825/tools/compiler/bin/../lib/gcc/arm-none-eabi/7.3.1/../../../../arm-none-eabi/lib/thumb/v7e-m/fpv4-sp/hard/libc.a(lib_a-lock.o)
                0x000000002000eec8                __lock___atexit_recursive_mutex
                0x000000002000eecc                __lock___arc4random_mutex
                0x000000002000eed0                __lock___env_recursive_mutex
                0x000000002000eed4                __lock___sinit_recursive_mutex
                0x000000002000eed8                __lock___malloc_recursive_mutex
                0x000000002000eedc                __lock___at_quick_exit_mutex
                0x000000002000eee0                __lock___dd_hash_mutex
                0x000000002000eee4                __lock___tz_mutex
                0x000000002000eee8                __lock___sfp_recursive_mutex
                0x000000002000eeec                . = ALIGN (0x4)
 *fill*         0x000000002000eee9        0x3 
                0x000000002000eeec                _ebss = .
                0x000000002000eeec                __bss_end__ = _ebss

._user_heap_stack
                0x000000002000eeec      0x404 load address 0x0000000008006a4c
                0x000000002000eef0                . = ALIGN (0x8)
 *fill*         0x000000002000eeec        0x4 
                0x000000002000eef0                PROVIDE (end = .)
                [!provide]                        PROVIDE (_end = .)
                0x000000002000eef0                . = (. + _Min_Heap_Size)
                0x000000002000f2f0                . = (. + _Min_Stack_Size)
 *fill*         0x000000002000eef0      0x400 
                0x000000002000f2f0                . = ALIGN (0x8)

/DISCARD/
 libc.a(*)
 libm.a(*)
 libgcc.a(*)

.ARM.attributes
                0x0000000000000000       0x30
 *(.ARM.attributes)
 .ARM.attributes
                0x0000000000000000       0x22 /home/bhavya/Downloads/1/plugins/fr.ac6.mcu.externaltools.arm-none.linux64_1.17.0.201812190825/tools/compiler/bin/../lib/gcc/arm-none-eabi/7.3.1/thumb/v7e-m/fpv4-sp/hard/crti.o
 .ARM.attributes
                0x0000000000000022       0x34 /home/bhavya/Downloads/1/plugins/fr.ac6.mcu.externaltools.arm-none.linux64_1.17.0.201812190825/tools/compiler/bin/../lib/gcc/arm-none-eabi/7.3.1/thumb/v7e-m/fpv4-sp/hard/crtbegin.o
 .ARM.attributes
                0x0000000000000056       0x39 Ventilation/src/ACTUATOR/ACT_BlowerCmd.o
 .ARM.attributes
                0x000000000000008f       0x39 Ventilation/src/ACTUATOR/ACT_BrakePower.o
 .ARM.attributes
                0x00000000000000c8       0x39 Ventilation/src/DATABASE/DB_AlarmInfoWrite.o
 .ARM.attributes
                0x0000000000000101       0x39 Ventilation/src/DATABASE/DB_AlarmStatusWrite.o
 .ARM.attributes
                0x000000000000013a       0x39 Ventilation/src/DATABASE/DB_ComputeRead.o
 .ARM.attributes
                0x0000000000000173       0x39 Ventilation/src/DATABASE/DB_ComputeWrite.o
 .ARM.attributes
                0x00000000000001ac       0x39 Ventilation/src/DATABASE/DB_ConfigRead.o
 .ARM.attributes
                0x00000000000001e5       0x39 Ventilation/src/DATABASE/DB_ControlRead.o
 .ARM.attributes
                0x000000000000021e       0x39 Ventilation/src/DATABASE/DB_ControlWrite.o
 .ARM.attributes
                0x0000000000000257       0x39 Ventilation/src/DATABASE/DB_CurrentRead.o
 .ARM.attributes
                0x0000000000000290       0x39 Ventilation/src/DATABASE/DB_EventMngt.o
 .ARM.attributes
                0x00000000000002c9       0x39 Ventilation/src/DATABASE/DB_MeasurementWrite.o
 .ARM.attributes
                0x0000000000000302       0x39 Ventilation/src/DATABASE/DB_RTCRead.o
 .ARM.attributes
                0x000000000000033b       0x39 Ventilation/src/DATABASE/DB_RTCWrite.o
 .ARM.attributes
                0x0000000000000374       0x39 Ventilation/src/DATABASE/DB_StartInitDb.o
 .ARM.attributes
                0x00000000000003ad       0x39 Ventilation/src/DATABASE/DB_TrendWrite.o
 .ARM.attributes
                0x00000000000003e6       0x39 Ventilation/src/DISPLAY/DIS_FifoRead.o
 .ARM.attributes
                0x000000000000041f       0x39 Ventilation/src/GENERAL/Saturation.o
 .ARM.attributes
                0x0000000000000458       0x39 Ventilation/src/INTERRUPTS/It_watchdog.o
 .ARM.attributes
                0x0000000000000491       0x39 Ventilation/src/MAIN/MAIN_Global_Variables_Init.o
 .ARM.attributes
                0x00000000000004ca       0x39 Ventilation/src/MAIN/MAIN_Interfaces_Init.o
 .ARM.attributes
                0x0000000000000503       0x39 Ventilation/src/MAIN/MAIN_Security_Init.o
 .ARM.attributes
                0x000000000000053c       0x39 Ventilation/src/MAIN/MAIN_System_Init.o
 .ARM.attributes
                0x0000000000000575       0x39 Ventilation/src/MAIN/MAIN_Target_Init.o
 .ARM.attributes
                0x00000000000005ae       0x39 Ventilation/src/MAIN/MAIN_Tasks_Init.o
 .ARM.attributes
                0x00000000000005e7       0x39 Ventilation/src/MAIN/MAIN_Ventilation_Init.o
 .ARM.attributes
                0x0000000000000620       0x39 Ventilation/src/SCHEDULER/SCHED_Setup_Main.o
 .ARM.attributes
                0x0000000000000659       0x39 Ventilation/src/SCHEDULER/SCHED_Setup_entry.o
 .ARM.attributes
                0x0000000000000692       0x39 Ventilation/src/SCHEDULER/SCHED_Ventilation_Main.o
 .ARM.attributes
                0x00000000000006cb       0x39 Ventilation/src/SET_UP/SET_Actuator.o
 .ARM.attributes
                0x0000000000000704       0x39 Ventilation/src/SET_UP/SET_CalibrationManagement.o
 .ARM.attributes
                0x000000000000073d       0x39 Ventilation/src/SET_UP/SET_RTC_Mngt.o
 .ARM.attributes
                0x0000000000000776       0x39 Ventilation/src/SET_UP/SET_TechnicalAlarms.o
 .ARM.attributes
                0x00000000000007af       0x39 Ventilation/src/SYSTEM/INT_AbsPress_Interpol.o
 .ARM.attributes
                0x00000000000007e8       0x39 Ventilation/src/SYSTEM/INT_BlowerTemperatureInterpol.o
 .ARM.attributes
                0x0000000000000821       0x39 Ventilation/src/SYSTEM/INT_ExhFlow_Interpol.o
 .ARM.attributes
                0x000000000000085a       0x39 Ventilation/src/SYSTEM/INT_Fio2_Interpol.o
 .ARM.attributes
                0x0000000000000893       0x39 Ventilation/src/SYSTEM/INT_Flow_Conversion_Equation.o
 .ARM.attributes
                0x00000000000008cc       0x39 Ventilation/src/SYSTEM/INT_InspFlow_Interpol.o
 .ARM.attributes
                0x0000000000000905       0x39 Ventilation/src/SYSTEM/INT_O2Flow_Interpol.o
 .ARM.attributes
                0x000000000000093e       0x39 Ventilation/src/SYSTEM/INT_O2Press_Interpol.o
 .ARM.attributes
                0x0000000000000977       0x39 Ventilation/src/SYSTEM/INT_PatPress_Interpol.o
 .ARM.attributes
                0x00000000000009b0       0x39 Ventilation/src/SYSTEM/INT_ProxiPress_Interpol.o
 .ARM.attributes
                0x00000000000009e9       0x39 Ventilation/src/SYSTEM/INT_SpeedBlow_Interpol.o
 .ARM.attributes
                0x0000000000000a22       0x39 Ventilation/src/SYSTEM/INT_ValvePress_Interpol.o
 .ARM.attributes
                0x0000000000000a5b       0x39 Ventilation/src/SYSTEM/INT_Voltages_Interpol.o
 .ARM.attributes
                0x0000000000000a94       0x39 Ventilation/src/SYSTEM/SYS_Backlight_Mngt.o
 .ARM.attributes
                0x0000000000000acd       0x39 Ventilation/src/SYSTEM/SYS_CurveFlowCalcul.o
 .ARM.attributes
                0x0000000000000b06       0x39 Ventilation/src/SYSTEM/SYS_Fio2Detection.o
 .ARM.attributes
                0x0000000000000b3f       0x39 Ventilation/src/SYSTEM/SYS_Interpolation.o
 .ARM.attributes
                0x0000000000000b78       0x39 Ventilation/src/SYSTEM/SYS_Keyboard.o
 .ARM.attributes
                0x0000000000000bb1       0x39 Ventilation/src/SYSTEM/SYS_SetupLaunch.o
 .ARM.attributes
                0x0000000000000bea       0x39 Ventilation/src/SYSTEM/SYS_SupplyDetect.o
 .ARM.attributes
                0x0000000000000c23       0x39 Ventilation/src/TIMERS/TIM_Launch.o
 .ARM.attributes
                0x0000000000000c5c       0x39 Ventilation/src/TIMERS/TIM_ReadCounterValue.o
 .ARM.attributes
                0x0000000000000c95       0x39 Ventilation/src/TIMERS/TIM_ReadDecounterValue.o
 .ARM.attributes
                0x0000000000000cce       0x39 Ventilation/src/TIMERS/TIM_StartDecounter.o
 .ARM.attributes
                0x0000000000000d07       0x39 Ventilation/src/TIMERS/TIM_Temporize.o
 .ARM.attributes
                0x0000000000000d40       0x39 Ventilation/src/VENTILATION/VEN_Cycles.o
 .ARM.attributes
                0x0000000000000d79       0x39 Ventilation/src/VENTILATION/VEN_RiseCompute.o
 .ARM.attributes
                0x0000000000000db2       0x39 src/MAIN.o
 .ARM.attributes
                0x0000000000000deb       0x21 startup/startup_stm32.o
 .ARM.attributes
                0x0000000000000e0c       0x34 /home/bhavya/Downloads/1/plugins/fr.ac6.mcu.externaltools.arm-none.linux64_1.17.0.201812190825/tools/compiler/bin/../lib/gcc/arm-none-eabi/7.3.1/../../../../arm-none-eabi/lib/thumb/v7e-m/fpv4-sp/hard/libc.a(lib_a-impure.o)
 .ARM.attributes
                0x0000000000000e40       0x34 /home/bhavya/Downloads/1/plugins/fr.ac6.mcu.externaltools.arm-none.linux64_1.17.0.201812190825/tools/compiler/bin/../lib/gcc/arm-none-eabi/7.3.1/../../../../arm-none-eabi/lib/thumb/v7e-m/fpv4-sp/hard/libc.a(lib_a-init.o)
 .ARM.attributes
                0x0000000000000e74       0x20 /home/bhavya/Downloads/1/plugins/fr.ac6.mcu.externaltools.arm-none.linux64_1.17.0.201812190825/tools/compiler/bin/../lib/gcc/arm-none-eabi/7.3.1/../../../../arm-none-eabi/lib/thumb/v7e-m/fpv4-sp/hard/libc.a(lib_a-memcpy.o)
 .ARM.attributes
                0x0000000000000e94       0x34 /home/bhavya/Downloads/1/plugins/fr.ac6.mcu.externaltools.arm-none.linux64_1.17.0.201812190825/tools/compiler/bin/../lib/gcc/arm-none-eabi/7.3.1/../../../../arm-none-eabi/lib/thumb/v7e-m/fpv4-sp/hard/libc.a(lib_a-memset.o)
 .ARM.attributes
                0x0000000000000ec8       0x34 /home/bhavya/Downloads/1/plugins/fr.ac6.mcu.externaltools.arm-none.linux64_1.17.0.201812190825/tools/compiler/bin/../lib/gcc/arm-none-eabi/7.3.1/../../../../arm-none-eabi/lib/thumb/v7e-m/fpv4-sp/hard/libc.a(lib_a-__call_atexit.o)
 .ARM.attributes
                0x0000000000000efc       0x34 /home/bhavya/Downloads/1/plugins/fr.ac6.mcu.externaltools.arm-none.linux64_1.17.0.201812190825/tools/compiler/bin/../lib/gcc/arm-none-eabi/7.3.1/../../../../arm-none-eabi/lib/thumb/v7e-m/fpv4-sp/hard/libc.a(lib_a-atexit.o)
 .ARM.attributes
                0x0000000000000f30       0x34 /home/bhavya/Downloads/1/plugins/fr.ac6.mcu.externaltools.arm-none.linux64_1.17.0.201812190825/tools/compiler/bin/../lib/gcc/arm-none-eabi/7.3.1/../../../../arm-none-eabi/lib/thumb/v7e-m/fpv4-sp/hard/libc.a(lib_a-fini.o)
 .ARM.attributes
                0x0000000000000f64       0x34 /home/bhavya/Downloads/1/plugins/fr.ac6.mcu.externaltools.arm-none.linux64_1.17.0.201812190825/tools/compiler/bin/../lib/gcc/arm-none-eabi/7.3.1/../../../../arm-none-eabi/lib/thumb/v7e-m/fpv4-sp/hard/libc.a(lib_a-lock.o)
 .ARM.attributes
                0x0000000000000f98       0x34 /home/bhavya/Downloads/1/plugins/fr.ac6.mcu.externaltools.arm-none.linux64_1.17.0.201812190825/tools/compiler/bin/../lib/gcc/arm-none-eabi/7.3.1/../../../../arm-none-eabi/lib/thumb/v7e-m/fpv4-sp/hard/libc.a(lib_a-__atexit.o)
 .ARM.attributes
                0x0000000000000fcc       0x22 /home/bhavya/Downloads/1/plugins/fr.ac6.mcu.externaltools.arm-none.linux64_1.17.0.201812190825/tools/compiler/bin/../lib/gcc/arm-none-eabi/7.3.1/thumb/v7e-m/fpv4-sp/hard/crtn.o
OUTPUT(Ventilation_Maintest.elf elf32-littlearm)

.debug_info     0x0000000000000000    0x1d6c5
 .debug_info    0x0000000000000000     0x132a Ventilation/src/ACTUATOR/ACT_BlowerCmd.o
 .debug_info    0x000000000000132a       0xa8 Ventilation/src/ACTUATOR/ACT_BrakePower.o
 .debug_info    0x00000000000013d2      0x332 Ventilation/src/DATABASE/DB_AlarmInfoWrite.o
 .debug_info    0x0000000000001704      0x358 Ventilation/src/DATABASE/DB_AlarmStatusWrite.o
 .debug_info    0x0000000000001a5c      0x2c1 Ventilation/src/DATABASE/DB_ComputeRead.o
 .debug_info    0x0000000000001d1d      0x53b Ventilation/src/DATABASE/DB_ComputeWrite.o
 .debug_info    0x0000000000002258      0x34f Ventilation/src/DATABASE/DB_ConfigRead.o
 .debug_info    0x00000000000025a7      0x369 Ventilation/src/DATABASE/DB_ControlRead.o
 .debug_info    0x0000000000002910      0x638 Ventilation/src/DATABASE/DB_ControlWrite.o
 .debug_info    0x0000000000002f48      0x219 Ventilation/src/DATABASE/DB_CurrentRead.o
 .debug_info    0x0000000000003161     0x1096 Ventilation/src/DATABASE/DB_EventMngt.o
 .debug_info    0x00000000000041f7      0x103 Ventilation/src/DATABASE/DB_MeasurementWrite.o
 .debug_info    0x00000000000042fa      0x111 Ventilation/src/DATABASE/DB_RTCRead.o
 .debug_info    0x000000000000440b      0x693 Ventilation/src/DATABASE/DB_RTCWrite.o
 .debug_info    0x0000000000004a9e     0x1aac Ventilation/src/DATABASE/DB_StartInitDb.o
 .debug_info    0x000000000000654a      0x759 Ventilation/src/DATABASE/DB_TrendWrite.o
 .debug_info    0x0000000000006ca3      0x1ee Ventilation/src/DISPLAY/DIS_FifoRead.o
 .debug_info    0x0000000000006e91       0xb4 Ventilation/src/GENERAL/Saturation.o
 .debug_info    0x0000000000006f45       0x62 Ventilation/src/INTERRUPTS/It_watchdog.o
 .debug_info    0x0000000000006fa7     0x2288 Ventilation/src/MAIN/MAIN_Global_Variables_Init.o
 .debug_info    0x000000000000922f      0xeed Ventilation/src/MAIN/MAIN_Interfaces_Init.o
 .debug_info    0x000000000000a11c      0xda5 Ventilation/src/MAIN/MAIN_Security_Init.o
 .debug_info    0x000000000000aec1      0xa3b Ventilation/src/MAIN/MAIN_System_Init.o
 .debug_info    0x000000000000b8fc      0xa26 Ventilation/src/MAIN/MAIN_Target_Init.o
 .debug_info    0x000000000000c322       0x3b Ventilation/src/MAIN/MAIN_Tasks_Init.o
 .debug_info    0x000000000000c35d     0x11a6 Ventilation/src/MAIN/MAIN_Ventilation_Init.o
 .debug_info    0x000000000000d503       0xfc Ventilation/src/SCHEDULER/SCHED_Setup_Main.o
 .debug_info    0x000000000000d5ff      0x245 Ventilation/src/SCHEDULER/SCHED_Setup_entry.o
 .debug_info    0x000000000000d844       0xfc Ventilation/src/SCHEDULER/SCHED_Ventilation_Main.o
 .debug_info    0x000000000000d940      0x963 Ventilation/src/SET_UP/SET_Actuator.o
 .debug_info    0x000000000000e2a3      0xf1b Ventilation/src/SET_UP/SET_CalibrationManagement.o
 .debug_info    0x000000000000f1be       0x92 Ventilation/src/SET_UP/SET_RTC_Mngt.o
 .debug_info    0x000000000000f250       0x6c Ventilation/src/SET_UP/SET_TechnicalAlarms.o
 .debug_info    0x000000000000f2bc      0x489 Ventilation/src/SYSTEM/INT_AbsPress_Interpol.o
 .debug_info    0x000000000000f745      0x45a Ventilation/src/SYSTEM/INT_BlowerTemperatureInterpol.o
 .debug_info    0x000000000000fb9f      0xe9e Ventilation/src/SYSTEM/INT_ExhFlow_Interpol.o
 .debug_info    0x0000000000010a3d      0xacb Ventilation/src/SYSTEM/INT_Fio2_Interpol.o
 .debug_info    0x0000000000011508      0x13a Ventilation/src/SYSTEM/INT_Flow_Conversion_Equation.o
 .debug_info    0x0000000000011642      0xeec Ventilation/src/SYSTEM/INT_InspFlow_Interpol.o
 .debug_info    0x000000000001252e      0xe05 Ventilation/src/SYSTEM/INT_O2Flow_Interpol.o
 .debug_info    0x0000000000013333      0xad1 Ventilation/src/SYSTEM/INT_O2Press_Interpol.o
 .debug_info    0x0000000000013e04      0xaed Ventilation/src/SYSTEM/INT_PatPress_Interpol.o
 .debug_info    0x00000000000148f1      0xadf Ventilation/src/SYSTEM/INT_ProxiPress_Interpol.o
 .debug_info    0x00000000000153d0      0x878 Ventilation/src/SYSTEM/INT_SpeedBlow_Interpol.o
 .debug_info    0x0000000000015c48      0x741 Ventilation/src/SYSTEM/INT_ValvePress_Interpol.o
 .debug_info    0x0000000000016389      0xae4 Ventilation/src/SYSTEM/INT_Voltages_Interpol.o
 .debug_info    0x0000000000016e6d      0x4ad Ventilation/src/SYSTEM/SYS_Backlight_Mngt.o
 .debug_info    0x000000000001731a      0x95f Ventilation/src/SYSTEM/SYS_CurveFlowCalcul.o
 .debug_info    0x0000000000017c79      0x801 Ventilation/src/SYSTEM/SYS_Fio2Detection.o
 .debug_info    0x000000000001847a      0x35c Ventilation/src/SYSTEM/SYS_Interpolation.o
 .debug_info    0x00000000000187d6      0x4ad Ventilation/src/SYSTEM/SYS_Keyboard.o
 .debug_info    0x0000000000018c83       0x3b Ventilation/src/SYSTEM/SYS_SetupLaunch.o
 .debug_info    0x0000000000018cbe       0xad Ventilation/src/SYSTEM/SYS_SupplyDetect.o
 .debug_info    0x0000000000018d6b      0x5e0 Ventilation/src/TIMERS/TIM_Launch.o
 .debug_info    0x000000000001934b      0x4de Ventilation/src/TIMERS/TIM_ReadCounterValue.o
 .debug_info    0x0000000000019829      0x4de Ventilation/src/TIMERS/TIM_ReadDecounterValue.o
 .debug_info    0x0000000000019d07      0x503 Ventilation/src/TIMERS/TIM_StartDecounter.o
 .debug_info    0x000000000001a20a      0xa5f Ventilation/src/TIMERS/TIM_Temporize.o
 .debug_info    0x000000000001ac69     0x12ce Ventilation/src/VENTILATION/VEN_Cycles.o
 .debug_info    0x000000000001bf37       0xbc Ventilation/src/VENTILATION/VEN_RiseCompute.o
 .debug_info    0x000000000001bff3     0x16b0 src/MAIN.o
 .debug_info    0x000000000001d6a3       0x22 startup/startup_stm32.o

.debug_abbrev   0x0000000000000000     0x3464
 .debug_abbrev  0x0000000000000000      0x108 Ventilation/src/ACTUATOR/ACT_BlowerCmd.o
 .debug_abbrev  0x0000000000000108       0x72 Ventilation/src/ACTUATOR/ACT_BrakePower.o
 .debug_abbrev  0x000000000000017a       0xbc Ventilation/src/DATABASE/DB_AlarmInfoWrite.o
 .debug_abbrev  0x0000000000000236       0xcb Ventilation/src/DATABASE/DB_AlarmStatusWrite.o
 .debug_abbrev  0x0000000000000301       0xa0 Ventilation/src/DATABASE/DB_ComputeRead.o
 .debug_abbrev  0x00000000000003a1      0x11e Ventilation/src/DATABASE/DB_ComputeWrite.o
 .debug_abbrev  0x00000000000004bf       0xb6 Ventilation/src/DATABASE/DB_ConfigRead.o
 .debug_abbrev  0x0000000000000575       0xa0 Ventilation/src/DATABASE/DB_ControlRead.o
 .debug_abbrev  0x0000000000000615      0x10d Ventilation/src/DATABASE/DB_ControlWrite.o
 .debug_abbrev  0x0000000000000722       0xa0 Ventilation/src/DATABASE/DB_CurrentRead.o
 .debug_abbrev  0x00000000000007c2      0x15c Ventilation/src/DATABASE/DB_EventMngt.o
 .debug_abbrev  0x000000000000091e       0xad Ventilation/src/DATABASE/DB_MeasurementWrite.o
 .debug_abbrev  0x00000000000009cb       0xa0 Ventilation/src/DATABASE/DB_RTCRead.o
 .debug_abbrev  0x0000000000000a6b      0x11e Ventilation/src/DATABASE/DB_RTCWrite.o
 .debug_abbrev  0x0000000000000b89       0xfb Ventilation/src/DATABASE/DB_StartInitDb.o
 .debug_abbrev  0x0000000000000c84      0x12f Ventilation/src/DATABASE/DB_TrendWrite.o
 .debug_abbrev  0x0000000000000db3       0xb4 Ventilation/src/DISPLAY/DIS_FifoRead.o
 .debug_abbrev  0x0000000000000e67       0x81 Ventilation/src/GENERAL/Saturation.o
 .debug_abbrev  0x0000000000000ee8       0x61 Ventilation/src/INTERRUPTS/It_watchdog.o
 .debug_abbrev  0x0000000000000f49      0x12b Ventilation/src/MAIN/MAIN_Global_Variables_Init.o
 .debug_abbrev  0x0000000000001074      0x15c Ventilation/src/MAIN/MAIN_Interfaces_Init.o
 .debug_abbrev  0x00000000000011d0       0xfe Ventilation/src/MAIN/MAIN_Security_Init.o
 .debug_abbrev  0x00000000000012ce      0x10f Ventilation/src/MAIN/MAIN_System_Init.o
 .debug_abbrev  0x00000000000013dd      0x103 Ventilation/src/MAIN/MAIN_Target_Init.o
 .debug_abbrev  0x00000000000014e0       0x2f Ventilation/src/MAIN/MAIN_Tasks_Init.o
 .debug_abbrev  0x000000000000150f      0x12b Ventilation/src/MAIN/MAIN_Ventilation_Init.o
 .debug_abbrev  0x000000000000163a       0x8a Ventilation/src/SCHEDULER/SCHED_Setup_Main.o
 .debug_abbrev  0x00000000000016c4      0x11f Ventilation/src/SCHEDULER/SCHED_Setup_entry.o
 .debug_abbrev  0x00000000000017e3       0x8a Ventilation/src/SCHEDULER/SCHED_Ventilation_Main.o
 .debug_abbrev  0x000000000000186d       0xe0 Ventilation/src/SET_UP/SET_Actuator.o
 .debug_abbrev  0x000000000000194d      0x111 Ventilation/src/SET_UP/SET_CalibrationManagement.o
 .debug_abbrev  0x0000000000001a5e       0x75 Ventilation/src/SET_UP/SET_RTC_Mngt.o
 .debug_abbrev  0x0000000000001ad3       0x45 Ventilation/src/SET_UP/SET_TechnicalAlarms.o
 .debug_abbrev  0x0000000000001b18       0xf2 Ventilation/src/SYSTEM/INT_AbsPress_Interpol.o
 .debug_abbrev  0x0000000000001c0a       0xf2 Ventilation/src/SYSTEM/INT_BlowerTemperatureInterpol.o
 .debug_abbrev  0x0000000000001cfc      0x138 Ventilation/src/SYSTEM/INT_ExhFlow_Interpol.o
 .debug_abbrev  0x0000000000001e34      0x120 Ventilation/src/SYSTEM/INT_Fio2_Interpol.o
 .debug_abbrev  0x0000000000001f54       0x72 Ventilation/src/SYSTEM/INT_Flow_Conversion_Equation.o
 .debug_abbrev  0x0000000000001fc6      0x138 Ventilation/src/SYSTEM/INT_InspFlow_Interpol.o
 .debug_abbrev  0x00000000000020fe      0x138 Ventilation/src/SYSTEM/INT_O2Flow_Interpol.o
 .debug_abbrev  0x0000000000002236      0x138 Ventilation/src/SYSTEM/INT_O2Press_Interpol.o
 .debug_abbrev  0x000000000000236e      0x138 Ventilation/src/SYSTEM/INT_PatPress_Interpol.o
 .debug_abbrev  0x00000000000024a6      0x138 Ventilation/src/SYSTEM/INT_ProxiPress_Interpol.o
 .debug_abbrev  0x00000000000025de      0x116 Ventilation/src/SYSTEM/INT_SpeedBlow_Interpol.o
 .debug_abbrev  0x00000000000026f4       0xf2 Ventilation/src/SYSTEM/INT_ValvePress_Interpol.o
 .debug_abbrev  0x00000000000027e6       0xfe Ventilation/src/SYSTEM/INT_Voltages_Interpol.o
 .debug_abbrev  0x00000000000028e4       0xe5 Ventilation/src/SYSTEM/SYS_Backlight_Mngt.o
 .debug_abbrev  0x00000000000029c9       0xaf Ventilation/src/SYSTEM/SYS_CurveFlowCalcul.o
 .debug_abbrev  0x0000000000002a78       0xde Ventilation/src/SYSTEM/SYS_Fio2Detection.o
 .debug_abbrev  0x0000000000002b56       0xa7 Ventilation/src/SYSTEM/SYS_Interpolation.o
 .debug_abbrev  0x0000000000002bfd       0xe5 Ventilation/src/SYSTEM/SYS_Keyboard.o
 .debug_abbrev  0x0000000000002ce2       0x2f Ventilation/src/SYSTEM/SYS_SetupLaunch.o
 .debug_abbrev  0x0000000000002d11       0x75 Ventilation/src/SYSTEM/SYS_SupplyDetect.o
 .debug_abbrev  0x0000000000002d86       0xc4 Ventilation/src/TIMERS/TIM_Launch.o
 .debug_abbrev  0x0000000000002e4a       0xd3 Ventilation/src/TIMERS/TIM_ReadCounterValue.o
 .debug_abbrev  0x0000000000002f1d       0xd3 Ventilation/src/TIMERS/TIM_ReadDecounterValue.o
 .debug_abbrev  0x0000000000002ff0       0xd1 Ventilation/src/TIMERS/TIM_StartDecounter.o
 .debug_abbrev  0x00000000000030c1       0xdd Ventilation/src/TIMERS/TIM_Temporize.o
 .debug_abbrev  0x000000000000319e      0x10d Ventilation/src/VENTILATION/VEN_Cycles.o
 .debug_abbrev  0x00000000000032ab       0x63 Ventilation/src/VENTILATION/VEN_RiseCompute.o
 .debug_abbrev  0x000000000000330e      0x144 src/MAIN.o
 .debug_abbrev  0x0000000000003452       0x12 startup/startup_stm32.o

.debug_aranges  0x0000000000000000      0x838
 .debug_aranges
                0x0000000000000000       0x20 Ventilation/src/ACTUATOR/ACT_BlowerCmd.o
 .debug_aranges
                0x0000000000000020       0x20 Ventilation/src/ACTUATOR/ACT_BrakePower.o
 .debug_aranges
                0x0000000000000040       0x20 Ventilation/src/DATABASE/DB_AlarmInfoWrite.o
 .debug_aranges
                0x0000000000000060       0x20 Ventilation/src/DATABASE/DB_AlarmStatusWrite.o
 .debug_aranges
                0x0000000000000080       0x20 Ventilation/src/DATABASE/DB_ComputeRead.o
 .debug_aranges
                0x00000000000000a0       0x20 Ventilation/src/DATABASE/DB_ComputeWrite.o
 .debug_aranges
                0x00000000000000c0       0x20 Ventilation/src/DATABASE/DB_ConfigRead.o
 .debug_aranges
                0x00000000000000e0       0x20 Ventilation/src/DATABASE/DB_ControlRead.o
 .debug_aranges
                0x0000000000000100       0x20 Ventilation/src/DATABASE/DB_ControlWrite.o
 .debug_aranges
                0x0000000000000120       0x20 Ventilation/src/DATABASE/DB_CurrentRead.o
 .debug_aranges
                0x0000000000000140       0x28 Ventilation/src/DATABASE/DB_EventMngt.o
 .debug_aranges
                0x0000000000000168       0x20 Ventilation/src/DATABASE/DB_MeasurementWrite.o
 .debug_aranges
                0x0000000000000188       0x20 Ventilation/src/DATABASE/DB_RTCRead.o
 .debug_aranges
                0x00000000000001a8       0x20 Ventilation/src/DATABASE/DB_RTCWrite.o
 .debug_aranges
                0x00000000000001c8       0x20 Ventilation/src/DATABASE/DB_StartInitDb.o
 .debug_aranges
                0x00000000000001e8       0x20 Ventilation/src/DATABASE/DB_TrendWrite.o
 .debug_aranges
                0x0000000000000208       0x20 Ventilation/src/DISPLAY/DIS_FifoRead.o
 .debug_aranges
                0x0000000000000228       0x20 Ventilation/src/GENERAL/Saturation.o
 .debug_aranges
                0x0000000000000248       0x20 Ventilation/src/INTERRUPTS/It_watchdog.o
 .debug_aranges
                0x0000000000000268       0x20 Ventilation/src/MAIN/MAIN_Global_Variables_Init.o
 .debug_aranges
                0x0000000000000288       0x20 Ventilation/src/MAIN/MAIN_Interfaces_Init.o
 .debug_aranges
                0x00000000000002a8       0x20 Ventilation/src/MAIN/MAIN_Security_Init.o
 .debug_aranges
                0x00000000000002c8       0x20 Ventilation/src/MAIN/MAIN_System_Init.o
 .debug_aranges
                0x00000000000002e8       0x40 Ventilation/src/MAIN/MAIN_Target_Init.o
 .debug_aranges
                0x0000000000000328       0x20 Ventilation/src/MAIN/MAIN_Tasks_Init.o
 .debug_aranges
                0x0000000000000348       0x20 Ventilation/src/MAIN/MAIN_Ventilation_Init.o
 .debug_aranges
                0x0000000000000368       0x20 Ventilation/src/SCHEDULER/SCHED_Setup_Main.o
 .debug_aranges
                0x0000000000000388       0x48 Ventilation/src/SCHEDULER/SCHED_Setup_entry.o
 .debug_aranges
                0x00000000000003d0       0x20 Ventilation/src/SCHEDULER/SCHED_Ventilation_Main.o
 .debug_aranges
                0x00000000000003f0       0x20 Ventilation/src/SET_UP/SET_Actuator.o
 .debug_aranges
                0x0000000000000410       0x20 Ventilation/src/SET_UP/SET_CalibrationManagement.o
 .debug_aranges
                0x0000000000000430       0x20 Ventilation/src/SET_UP/SET_RTC_Mngt.o
 .debug_aranges
                0x0000000000000450       0x20 Ventilation/src/SET_UP/SET_TechnicalAlarms.o
 .debug_aranges
                0x0000000000000470       0x20 Ventilation/src/SYSTEM/INT_AbsPress_Interpol.o
 .debug_aranges
                0x0000000000000490       0x20 Ventilation/src/SYSTEM/INT_BlowerTemperatureInterpol.o
 .debug_aranges
                0x00000000000004b0       0x20 Ventilation/src/SYSTEM/INT_ExhFlow_Interpol.o
 .debug_aranges
                0x00000000000004d0       0x20 Ventilation/src/SYSTEM/INT_Fio2_Interpol.o
 .debug_aranges
                0x00000000000004f0       0x20 Ventilation/src/SYSTEM/INT_Flow_Conversion_Equation.o
 .debug_aranges
                0x0000000000000510       0x20 Ventilation/src/SYSTEM/INT_InspFlow_Interpol.o
 .debug_aranges
                0x0000000000000530       0x20 Ventilation/src/SYSTEM/INT_O2Flow_Interpol.o
 .debug_aranges
                0x0000000000000550       0x20 Ventilation/src/SYSTEM/INT_O2Press_Interpol.o
 .debug_aranges
                0x0000000000000570       0x20 Ventilation/src/SYSTEM/INT_PatPress_Interpol.o
 .debug_aranges
                0x0000000000000590       0x20 Ventilation/src/SYSTEM/INT_ProxiPress_Interpol.o
 .debug_aranges
                0x00000000000005b0       0x20 Ventilation/src/SYSTEM/INT_SpeedBlow_Interpol.o
 .debug_aranges
                0x00000000000005d0       0x20 Ventilation/src/SYSTEM/INT_ValvePress_Interpol.o
 .debug_aranges
                0x00000000000005f0       0x20 Ventilation/src/SYSTEM/INT_Voltages_Interpol.o
 .debug_aranges
                0x0000000000000610       0x20 Ventilation/src/SYSTEM/SYS_Backlight_Mngt.o
 .debug_aranges
                0x0000000000000630       0x20 Ventilation/src/SYSTEM/SYS_CurveFlowCalcul.o
 .debug_aranges
                0x0000000000000650       0x20 Ventilation/src/SYSTEM/SYS_Fio2Detection.o
 .debug_aranges
                0x0000000000000670       0x20 Ventilation/src/SYSTEM/SYS_Interpolation.o
 .debug_aranges
                0x0000000000000690       0x20 Ventilation/src/SYSTEM/SYS_Keyboard.o
 .debug_aranges
                0x00000000000006b0       0x20 Ventilation/src/SYSTEM/SYS_SetupLaunch.o
 .debug_aranges
                0x00000000000006d0       0x20 Ventilation/src/SYSTEM/SYS_SupplyDetect.o
 .debug_aranges
                0x00000000000006f0       0x20 Ventilation/src/TIMERS/TIM_Launch.o
 .debug_aranges
                0x0000000000000710       0x20 Ventilation/src/TIMERS/TIM_ReadCounterValue.o
 .debug_aranges
                0x0000000000000730       0x20 Ventilation/src/TIMERS/TIM_ReadDecounterValue.o
 .debug_aranges
                0x0000000000000750       0x20 Ventilation/src/TIMERS/TIM_StartDecounter.o
 .debug_aranges
                0x0000000000000770       0x20 Ventilation/src/TIMERS/TIM_Temporize.o
 .debug_aranges
                0x0000000000000790       0x20 Ventilation/src/VENTILATION/VEN_Cycles.o
 .debug_aranges
                0x00000000000007b0       0x20 Ventilation/src/VENTILATION/VEN_RiseCompute.o
 .debug_aranges
                0x00000000000007d0       0x40 src/MAIN.o
 .debug_aranges
                0x0000000000000810       0x28 startup/startup_stm32.o

.debug_ranges   0x0000000000000000      0x460
 .debug_ranges  0x0000000000000000       0x10 Ventilation/src/ACTUATOR/ACT_BlowerCmd.o
 .debug_ranges  0x0000000000000010       0x10 Ventilation/src/ACTUATOR/ACT_BrakePower.o
 .debug_ranges  0x0000000000000020       0x10 Ventilation/src/DATABASE/DB_AlarmInfoWrite.o
 .debug_ranges  0x0000000000000030       0x10 Ventilation/src/DATABASE/DB_AlarmStatusWrite.o
 .debug_ranges  0x0000000000000040       0x10 Ventilation/src/DATABASE/DB_ComputeRead.o
 .debug_ranges  0x0000000000000050       0x10 Ventilation/src/DATABASE/DB_ComputeWrite.o
 .debug_ranges  0x0000000000000060       0x10 Ventilation/src/DATABASE/DB_ConfigRead.o
 .debug_ranges  0x0000000000000070       0x10 Ventilation/src/DATABASE/DB_ControlRead.o
 .debug_ranges  0x0000000000000080       0x10 Ventilation/src/DATABASE/DB_ControlWrite.o
 .debug_ranges  0x0000000000000090       0x10 Ventilation/src/DATABASE/DB_CurrentRead.o
 .debug_ranges  0x00000000000000a0       0x18 Ventilation/src/DATABASE/DB_EventMngt.o
 .debug_ranges  0x00000000000000b8       0x10 Ventilation/src/DATABASE/DB_MeasurementWrite.o
 .debug_ranges  0x00000000000000c8       0x10 Ventilation/src/DATABASE/DB_RTCRead.o
 .debug_ranges  0x00000000000000d8       0x10 Ventilation/src/DATABASE/DB_RTCWrite.o
 .debug_ranges  0x00000000000000e8       0x10 Ventilation/src/DATABASE/DB_StartInitDb.o
 .debug_ranges  0x00000000000000f8       0x10 Ventilation/src/DATABASE/DB_TrendWrite.o
 .debug_ranges  0x0000000000000108       0x10 Ventilation/src/DISPLAY/DIS_FifoRead.o
 .debug_ranges  0x0000000000000118       0x10 Ventilation/src/GENERAL/Saturation.o
 .debug_ranges  0x0000000000000128       0x10 Ventilation/src/INTERRUPTS/It_watchdog.o
 .debug_ranges  0x0000000000000138       0x10 Ventilation/src/MAIN/MAIN_Global_Variables_Init.o
 .debug_ranges  0x0000000000000148       0x10 Ventilation/src/MAIN/MAIN_Interfaces_Init.o
 .debug_ranges  0x0000000000000158       0x10 Ventilation/src/MAIN/MAIN_Security_Init.o
 .debug_ranges  0x0000000000000168       0x10 Ventilation/src/MAIN/MAIN_System_Init.o
 .debug_ranges  0x0000000000000178       0x30 Ventilation/src/MAIN/MAIN_Target_Init.o
 .debug_ranges  0x00000000000001a8       0x10 Ventilation/src/MAIN/MAIN_Tasks_Init.o
 .debug_ranges  0x00000000000001b8       0x10 Ventilation/src/MAIN/MAIN_Ventilation_Init.o
 .debug_ranges  0x00000000000001c8       0x10 Ventilation/src/SCHEDULER/SCHED_Setup_Main.o
 .debug_ranges  0x00000000000001d8       0x38 Ventilation/src/SCHEDULER/SCHED_Setup_entry.o
 .debug_ranges  0x0000000000000210       0x10 Ventilation/src/SCHEDULER/SCHED_Ventilation_Main.o
 .debug_ranges  0x0000000000000220       0x10 Ventilation/src/SET_UP/SET_Actuator.o
 .debug_ranges  0x0000000000000230       0x10 Ventilation/src/SET_UP/SET_CalibrationManagement.o