Archive member included to satisfy reference by file (symbol)

/home/bhavya/Downloads/1/plugins/fr.ac6.mcu.externaltools.arm-none.linux64_1.17.0.201812190825/tools/compiler/bin/../lib/gcc/arm-none-eabi/7.3.1/../../../../arm-none-eabi/lib/thumb/v7e-m/fpv4-sp/hard/libm.a(lib_a-s_sin.o)
                              Ventilation/src/COMPUTE/CMP_InspPlatComputings.o (sin)
/home/bhavya/Downloads/1/plugins/fr.ac6.mcu.externaltools.arm-none.linux64_1.17.0.201812190825/tools/compiler/bin/../lib/gcc/arm-none-eabi/7.3.1/../../../../arm-none-eabi/lib/thumb/v7e-m/fpv4-sp/hard/libm.a(lib_a-w_sqrt.o)
                              Ventilation/src/COMPUTE/CMP_LeakComputing.o (sqrt)
/home/bhavya/Downloads/1/plugins/fr.ac6.mcu.externaltools.arm-none.linux64_1.17.0.201812190825/tools/compiler/bin/../lib/gcc/arm-none-eabi/7.3.1/../../../../arm-none-eabi/lib/thumb/v7e-m/fpv4-sp/hard/libm.a(lib_a-e_rem_pio2.o)
                              /home/bhavya/Downloads/1/plugins/fr.ac6.mcu.externaltools.arm-none.linux64_1.17.0.201812190825/tools/compiler/bin/../lib/gcc/arm-none-eabi/7.3.1/../../../../arm-none-eabi/lib/thumb/v7e-m/fpv4-sp/hard/libm.a(lib_a-s_sin.o) (__ieee754_rem_pio2)
/home/bhavya/Downloads/1/plugins/fr.ac6.mcu.externaltools.arm-none.linux64_1.17.0.201812190825/tools/compiler/bin/../lib/gcc/arm-none-eabi/7.3.1/../../../../arm-none-eabi/lib/thumb/v7e-m/fpv4-sp/hard/libm.a(lib_a-e_sqrt.o)
                              /home/bhavya/Downloads/1/plugins/fr.ac6.mcu.externaltools.arm-none.linux64_1.17.0.201812190825/tools/compiler/bin/../lib/gcc/arm-none-eabi/7.3.1/../../../../arm-none-eabi/lib/thumb/v7e-m/fpv4-sp/hard/libm.a(lib_a-w_sqrt.o) (__ieee754_sqrt)
/home/bhavya/Downloads/1/plugins/fr.ac6.mcu.externaltools.arm-none.linux64_1.17.0.201812190825/tools/compiler/bin/../lib/gcc/arm-none-eabi/7.3.1/../../../../arm-none-eabi/lib/thumb/v7e-m/fpv4-sp/hard/libm.a(lib_a-k_cos.o)
                              /home/bhavya/Downloads/1/plugins/fr.ac6.mcu.externaltools.arm-none.linux64_1.17.0.201812190825/tools/compiler/bin/../lib/gcc/arm-none-eabi/7.3.1/../../../../arm-none-eabi/lib/thumb/v7e-m/fpv4-sp/hard/libm.a(lib_a-s_sin.o) (__kernel_cos)
/home/bhavya/Downloads/1/plugins/fr.ac6.mcu.externaltools.arm-none.linux64_1.17.0.201812190825/tools/compiler/bin/../lib/gcc/arm-none-eabi/7.3.1/../../../../arm-none-eabi/lib/thumb/v7e-m/fpv4-sp/hard/libm.a(lib_a-k_rem_pio2.o)
                              /home/bhavya/Downloads/1/plugins/fr.ac6.mcu.externaltools.arm-none.linux64_1.17.0.201812190825/tools/compiler/bin/../lib/gcc/arm-none-eabi/7.3.1/../../../../arm-none-eabi/lib/thumb/v7e-m/fpv4-sp/hard/libm.a(lib_a-e_rem_pio2.o) (__kernel_rem_pio2)
/home/bhavya/Downloads/1/plugins/fr.ac6.mcu.externaltools.arm-none.linux64_1.17.0.201812190825/tools/compiler/bin/../lib/gcc/arm-none-eabi/7.3.1/../../../../arm-none-eabi/lib/thumb/v7e-m/fpv4-sp/hard/libm.a(lib_a-k_sin.o)
                              /home/bhavya/Downloads/1/plugins/fr.ac6.mcu.externaltools.arm-none.linux64_1.17.0.201812190825/tools/compiler/bin/../lib/gcc/arm-none-eabi/7.3.1/../../../../arm-none-eabi/lib/thumb/v7e-m/fpv4-sp/hard/libm.a(lib_a-s_sin.o) (__kernel_sin)
/home/bhavya/Downloads/1/plugins/fr.ac6.mcu.externaltools.arm-none.linux64_1.17.0.201812190825/tools/compiler/bin/../lib/gcc/arm-none-eabi/7.3.1/../../../../arm-none-eabi/lib/thumb/v7e-m/fpv4-sp/hard/libm.a(lib_a-s_fabs.o)
                              /home/bhavya/Downloads/1/plugins/fr.ac6.mcu.externaltools.arm-none.linux64_1.17.0.201812190825/tools/compiler/bin/../lib/gcc/arm-none-eabi/7.3.1/../../../../arm-none-eabi/lib/thumb/v7e-m/fpv4-sp/hard/libm.a(lib_a-e_rem_pio2.o) (fabs)
/home/bhavya/Downloads/1/plugins/fr.ac6.mcu.externaltools.arm-none.linux64_1.17.0.201812190825/tools/compiler/bin/../lib/gcc/arm-none-eabi/7.3.1/../../../../arm-none-eabi/lib/thumb/v7e-m/fpv4-sp/hard/libm.a(lib_a-s_floor.o)
                              /home/bhavya/Downloads/1/plugins/fr.ac6.mcu.externaltools.arm-none.linux64_1.17.0.201812190825/tools/compiler/bin/../lib/gcc/arm-none-eabi/7.3.1/../../../../arm-none-eabi/lib/thumb/v7e-m/fpv4-sp/hard/libm.a(lib_a-k_rem_pio2.o) (floor)
/home/bhavya/Downloads/1/plugins/fr.ac6.mcu.externaltools.arm-none.linux64_1.17.0.201812190825/tools/compiler/bin/../lib/gcc/arm-none-eabi/7.3.1/../../../../arm-none-eabi/lib/thumb/v7e-m/fpv4-sp/hard/libm.a(lib_a-s_lib_ver.o)
                              /home/bhavya/Downloads/1/plugins/fr.ac6.mcu.externaltools.arm-none.linux64_1.17.0.201812190825/tools/compiler/bin/../lib/gcc/arm-none-eabi/7.3.1/../../../../arm-none-eabi/lib/thumb/v7e-m/fpv4-sp/hard/libm.a(lib_a-w_sqrt.o) (__fdlib_version)
/home/bhavya/Downloads/1/plugins/fr.ac6.mcu.externaltools.arm-none.linux64_1.17.0.201812190825/tools/compiler/bin/../lib/gcc/arm-none-eabi/7.3.1/../../../../arm-none-eabi/lib/thumb/v7e-m/fpv4-sp/hard/libm.a(lib_a-s_matherr.o)
[...]
Memory Configuration

Name             Origin             Length             Attributes
RAM              0x0000000020000000 0x0000000000020000 xrw
ROM              0x0000000008000000 0x0000000000080000 xr
*default*        0x0000000000000000 0xffffffffffffffff

Linker script and memory map

LOAD /home/bhavya/Downloads/1/plugins/fr.ac6.mcu.externaltools.arm-none.linux64_1.17.0.201812190825/tools/compiler/bin/../lib/gcc/arm-none-eabi/7.3.1/thumb/v7e-m/fpv4-sp/hard/crti.o
LOAD /home/bhavya/Downloads/1/plugins/fr.ac6.mcu.externaltools.arm-none.linux64_1.17.0.201812190825/tools/compiler/bin/../lib/gcc/arm-none-eabi/7.3.1/thumb/v7e-m/fpv4-sp/hard/crtbegin.o
LOAD /home/bhavya/Downloads/1/plugins/fr.ac6.mcu.externaltools.arm-none.linux64_1.17.0.201812190825/tools/compiler/bin/../lib/gcc/arm-none-eabi/7.3.1/../../../../arm-none-eabi/lib/thumb/v7e-m/fpv4-sp/hard/crt0.o
LOAD Ventilation/src/ACTUATOR/ACT_BlowerCmd.o
LOAD Ventilation/src/ACTUATOR/ACT_BrakePower.o
LOAD Ventilation/src/ACTUATOR/ACT_O2ValveCmd.o
LOAD Ventilation/src/ACTUATOR/ACT_ValveCmd.o
LOAD Ventilation/src/ACTUATOR/ACT_ValveDetected.o
LOAD Ventilation/src/COMPUTE/CMP_AveragePressureComputing.o
LOAD Ventilation/src/COMPUTE/CMP_CalculAutoAdaptInsp.o
LOAD Ventilation/src/COMPUTE/CMP_CalculFlowLeak.o
LOAD Ventilation/src/COMPUTE/CMP_ExhPlatComputings.o
LOAD Ventilation/src/COMPUTE/CMP_ExhalationComputings.o
LOAD Ventilation/src/COMPUTE/CMP_InspPlatComputings.o
LOAD Ventilation/src/COMPUTE/CMP_InspRiseComputings.o
LOAD Ventilation/src/COMPUTE/CMP_InspirationComputings.o
LOAD Ventilation/src/COMPUTE/CMP_LeakComputing.o
LOAD Ventilation/src/COMPUTE/CMP_LeakFactors.o
LOAD Ventilation/src/COMPUTE/CMP_MeanTable.o
LOAD Ventilation/src/COMPUTE/CMP_TargetVt.o
LOAD Ventilation/src/COMPUTE/CMP_TimeComputing.o
LOAD Ventilation/src/COMPUTE/CMP_VentilationReport.o
LOAD Ventilation/src/CYCLES/CYC_CpapCyclesMngt.o
LOAD Ventilation/src/CYCLES/CYC_Exh_Controller_Phase.o
LOAD Ventilation/src/CYCLES/CYC_Insp_Controller_Phase.o
LOAD Ventilation/src/CYCLES/CYC_Pres_Vol_CyclesMngt.o
LOAD Ventilation/src/CYCLES/CYC_Psvt_CyclesMngt.o
LOAD Ventilation/src/CYCLES/CYC_TiLimitsCompute.o
LOAD Ventilation/src/CYCLES/CYC_TriggerEDetection.o
LOAD Ventilation/src/CYCLES/CYC_TriggerIDetection.o
LOAD Ventilation/src/DATABASE/DB_AlarmInfoRead.o
LOAD Ventilation/src/DATABASE/DB_AlarmInfoWrite.o
LOAD Ventilation/src/DATABASE/DB_AlarmStatusRead.o
LOAD Ventilation/src/DATABASE/DB_AlarmStatusWrite.o
LOAD Ventilation/src/DATABASE/DB_ComputeRead.o
LOAD Ventilation/src/DATABASE/DB_ComputeWrite.o
LOAD Ventilation/src/DATABASE/DB_ConfigRead.o
LOAD Ventilation/src/DATABASE/DB_ConfigWrite.o
LOAD Ventilation/src/DATABASE/DB_ControlRead.o
LOAD Ventilation/src/DATABASE/DB_ControlWrite.o
LOAD Ventilation/src/DATABASE/DB_CopyMngt.o
LOAD Ventilation/src/DATABASE/DB_CurrentRead.o
LOAD Ventilation/src/DATABASE/DB_CurrentWrite.o
LOAD Ventilation/src/DATABASE/DB_EventMngt.o
LOAD Ventilation/src/DATABASE/DB_KeyboardEventWrite.o
LOAD Ventilation/src/DATABASE/DB_MeasurementWrite.o
LOAD Ventilation/src/DATABASE/DB_RTCRead.o
LOAD Ventilation/src/DATABASE/DB_RTCWrite.o
LOAD Ventilation/src/DATABASE/DB_Revision.o
LOAD Ventilation/src/DATABASE/DB_StartInitDb.o
LOAD Ventilation/src/DATABASE/DB_TrendRead.o
LOAD Ventilation/src/DATABASE/DB_TrendWrite.o
LOAD Ventilation/src/DATABASE/DB_UsbRead.o
LOAD Ventilation/src/DATABASE/DB_WriteDataInEepAndRam.o
LOAD Ventilation/src/DATABASE_SETTINGS/DB_IHM_Decrease_Access.o
LOAD Ventilation/src/DATABASE_SETTINGS/DB_IHM_Increase_Access.o
LOAD Ventilation/src/DATABASE_SETTINGS/DB_IHM_Read_Access.o
LOAD Ventilation/src/DATABASE_SETTINGS/DB_IHM_Read_Info_Access.o
LOAD Ventilation/src/DATABASE_SETTINGS/DB_IHM_Setting_Rtc_Day.o
LOAD Ventilation/src/DATABASE_SETTINGS/DB_IHM_Write_Access.o
LOAD Ventilation/src/DATABASE_SETTINGS/DB_IHM_Write_Info_Access.o
LOAD Ventilation/src/DATABASE_SETTINGS/DB_IhmAccessParaDataBase.o
LOAD Ventilation/src/DISPLAY/DIS_Backlight.o
LOAD Ventilation/src/DISPLAY/DIS_Box.o
LOAD Ventilation/src/DISPLAY/DIS_DisplayPage.o
LOAD Ventilation/src/DISPLAY/DIS_ErasePage.o
LOAD Ventilation/src/DISPLAY/DIS_EraseZone.o
LOAD Ventilation/src/DISPLAY/DIS_FifoRead.o
LOAD Ventilation/src/DISPLAY/DIS_FifoWrite.o
LOAD Ventilation/src/DISPLAY/DIS_Line.o
LOAD Ventilation/src/DISPLAY/DIS_Number.o
LOAD Ventilation/src/DISPLAY/DIS_Pixel.o
LOAD Ventilation/src/DISPLAY/DIS_String.o
LOAD Ventilation/src/DISPLAY/DIS_Symbol.o
LOAD Ventilation/src/GENERAL/Average.o
LOAD Ventilation/src/GENERAL/Saturation.o
LOAD Ventilation/src/INTERRUPTS/It_watchdog.o
LOAD Ventilation/src/MAIN/MAIN_Global_Variables_Init.o
LOAD Ventilation/src/MAIN/MAIN_Interfaces_Init.o
LOAD Ventilation/src/MAIN/MAIN_Security_Init.o
LOAD Ventilation/src/MAIN/MAIN_System_Init.o
LOAD Ventilation/src/MAIN/MAIN_Target_Init.o
LOAD Ventilation/src/MAIN/MAIN_Tasks_Init.o
LOAD Ventilation/src/MAIN/MAIN_Ventilation_Init.o
LOAD Ventilation/src/SCHEDULER/SCHED_Setup_Main.o
LOAD Ventilation/src/SCHEDULER/SCHED_Setup_entry.o
LOAD Ventilation/src/SCHEDULER/SCHED_Ventilation_Main.o
LOAD Ventilation/src/SCHEDULER/SCHED_Ventilation_entry.o
LOAD Ventilation/src/SECURITY/SEC_ExhFlowOffsetDefault.o
LOAD Ventilation/src/SECURITY/SEC_LooseFlashPointer.o
LOAD Ventilation/src/SECURITY/SEC_TurbineOverheat.o
LOAD Ventilation/src/SECURITY/VEN_Security.o
LOAD Ventilation/src/SET_UP/SET_Actuator.o
LOAD Ventilation/src/SET_UP/SET_CalibrationManagement.o
LOAD Ventilation/src/SET_UP/SET_CalibrationVerification.o
LOAD Ventilation/src/SET_UP/SET_DefaultCalibration.o
LOAD Ventilation/src/SET_UP/SET_ExhFlowCalibration.o
LOAD Ventilation/src/SET_UP/SET_FasValveCalibration.o
LOAD Ventilation/src/SET_UP/SET_InspFlowOffsetDefault.o
LOAD Ventilation/src/SET_UP/SET_InternalPressureOffsetDefault.o
LOAD Ventilation/src/SET_UP/SET_O2FlowOffsetDefault.o
LOAD Ventilation/src/SET_UP/SET_O2PressureOffsetDefault.o
LOAD Ventilation/src/SET_UP/SET_ProximalPressureOffsetDefault.o
LOAD Ventilation/src/SET_UP/SET_RTC_Mngt.o
LOAD Ventilation/src/SET_UP/SET_TechnicalAlarms.o
LOAD Ventilation/src/SET_UP/SET_ValvePressureOffsetDefault.o
LOAD Ventilation/src/SYSTEM/INT_AbsPress_Interpol.o
LOAD Ventilation/src/SYSTEM/INT_BlowerTemperatureInterpol.o
LOAD Ventilation/src/SYSTEM/INT_ExhFlow_Interpol.o
LOAD Ventilation/src/SYSTEM/INT_Fio2_Interpol.o
LOAD Ventilation/src/SYSTEM/INT_Flow_Conversion_Equation.o
LOAD Ventilation/src/SYSTEM/INT_InspFlow_Interpol.o
LOAD Ventilation/src/SYSTEM/INT_O2Flow_Interpol.o
LOAD Ventilation/src/SYSTEM/INT_O2Press_Interpol.o
LOAD Ventilation/src/SYSTEM/INT_PatPress_Interpol.o
LOAD Ventilation/src/SYSTEM/INT_ProxiPress_Interpol.o
LOAD Ventilation/src/SYSTEM/INT_SpeedBlow_Interpol.o
LOAD Ventilation/src/SYSTEM/INT_ValvePress_Interpol.o
LOAD Ventilation/src/SYSTEM/INT_Voltages_Interpol.o
LOAD Ventilation/src/SYSTEM/KEY_Event.o
LOAD Ventilation/src/SYSTEM/SYS_Alarm_Remote_Detect.o
LOAD Ventilation/src/SYSTEM/SYS_Backlight_Mngt.o
LOAD Ventilation/src/SYSTEM/SYS_CalibrationManagement.o
LOAD Ventilation/src/SYSTEM/SYS_Counters.o
LOAD Ventilation/src/SYSTEM/SYS_CurveFlowCalcul.o
LOAD Ventilation/src/SYSTEM/SYS_ExhFlowCalibration.o
LOAD Ventilation/src/SYSTEM/SYS_Fio2Calibration.o
LOAD Ventilation/src/SYSTEM/SYS_Fio2Detection.o
LOAD Ventilation/src/SYSTEM/SYS_Interpolation.o
LOAD Ventilation/src/SYSTEM/SYS_Keyboard.o
LOAD Ventilation/src/SYSTEM/SYS_Monit_Buffer_Write.o
LOAD Ventilation/src/SYSTEM/SYS_PressionChoice.o
LOAD Ventilation/src/SYSTEM/SYS_RTC_Update.o
LOAD Ventilation/src/SYSTEM/SYS_ReadDataSpo2.o
LOAD Ventilation/src/SYSTEM/SYS_SPO2Interpol.o
LOAD Ventilation/src/SYSTEM/SYS_SetupLaunch.o
LOAD Ventilation/src/SYSTEM/SYS_SupplyDetect.o
LOAD Ventilation/src/SYSTEM/SYS_VentilationLaunch.o
LOAD Ventilation/src/TIMERS/TIM_Launch.o
LOAD Ventilation/src/TIMERS/TIM_ReadCounterValue.o
LOAD Ventilation/src/TIMERS/TIM_ReadDecounterValue.o
LOAD Ventilation/src/TIMERS/TIM_StartCounter.o
LOAD Ventilation/src/TIMERS/TIM_StartDecounter.o
LOAD Ventilation/src/TIMERS/TIM_StopDecounter.o
LOAD Ventilation/src/TIMERS/TIM_Temporize.o
LOAD Ventilation/src/TIMERS/TIM_TestOverflowOk.o
LOAD Ventilation/src/USB_SETTINGS/DB_IHM_Setting_Adjust_Usb.o
LOAD Ventilation/src/USB_SETTINGS/DB_IHM_Setting_Adjust_Usb_Default.o
LOAD Ventilation/src/USB_SETTINGS/DB_IHM_Setting_Adjust_Usb_Monitor_Transfer.o
LOAD Ventilation/src/USB_SETTINGS/DB_IHM_Setting_Adjust_Usb_Trend_Transfer.o
LOAD Ventilation/src/VENTILATION/VEN_Actuators.o
LOAD Ventilation/src/VENTILATION/VEN_Compute.o
LOAD Ventilation/src/VENTILATION/VEN_Cycles.o
LOAD Ventilation/src/VENTILATION/VEN_LeakActuators.o
LOAD Ventilation/src/VENTILATION/VEN_RiseCompute.o
LOAD src/MAIN.o
LOAD startup/startup_stm32.o
LOAD startup/sysmem.o
LOAD /home/bhavya/Downloads/1/plugins/fr.ac6.mcu.externaltools.arm-none.linux64_1.17.0.201812190825/tools/compiler/bin/../lib/gcc/arm-none-eabi/7.3.1/../../../../arm-none-eabi/lib/thumb/v7e-m/fpv4-sp/hard/libm.a
START GROUP
LOAD /home/bhavya/Downloads/1/plugins/fr.ac6.mcu.externaltools.arm-none.linux64_1.17.0.201812190825/tools/compiler/bin/../lib/gcc/arm-none-eabi/7.3.1/thumb/v7e-m/fpv4-sp/hard/libgcc.a
LOAD /home/bhavya/Downloads/1/plugins/fr.ac6.mcu.externaltools.arm-none.linux64_1.17.0.201812190825/tools/compiler/bin/../lib/gcc/arm-none-eabi/7.3.1/../../../../arm-none-eabi/lib/thumb/v7e-m/fpv4-sp/hard/libc.a
END GROUP
LOAD /home/bhavya/Downloads/1/plugins/fr.ac6.mcu.externaltools.arm-none.linux64_1.17.0.201812190825/tools/compiler/bin/../lib/gcc/arm-none-eabi/7.3.1/thumb/v7e-m/fpv4-sp/hard/crtend.o
LOAD /home/bhavya/Downloads/1/plugins/fr.ac6.mcu.externaltools.arm-none.linux64_1.17.0.201812190825/tools/compiler/bin/../lib/gcc/arm-none-eabi/7.3.1/thumb/v7e-m/fpv4-sp/hard/crtn.o
                0x0000000020020000                _estack = 0x20020000
                0x0000000000000000                _Min_Heap_Size = 0x0
                0x0000000000000400                _Min_Stack_Size = 0x400

.isr_vector     0x0000000008000000      0x1c4
                0x0000000008000000                . = ALIGN (0x4)
 *(.isr_vector)
 .isr_vector    0x0000000008000000      0x1c4 startup/startup_stm32.o
                0x0000000008000000                g_pfnVectors
                0x00000000080001c4                . = ALIGN (0x4)

.text           0x00000000080001c8     0xe134
                0x00000000080001c8                . = ALIGN (0x4)
 *(.text)
 .text          0x00000000080001c8       0x40 /home/bhavya/Downloads/1/plugins/fr.ac6.mcu.externaltools.arm-none.linux64_1.17.0.201812190825/tools/compiler/bin/../lib/gcc/arm-none-eabi/7.3.1/thumb/v7e-m/fpv4-sp/hard/crtbegin.o
 .text          0x0000000008000208      0x378 /home/bhavya/Downloads/1/plugins/fr.ac6.mcu.externaltools.arm-none.linux64_1.17.0.201812190825/tools/compiler/bin/../lib/gcc/arm-none-eabi/7.3.1/thumb/v7e-m/fpv4-sp/hard/libgcc.a(_arm_addsubdf3.o)
                0x0000000008000208                __aeabi_drsub
                0x0000000008000210                __aeabi_dsub
                0x0000000008000210                __subdf3
                0x0000000008000214                __adddf3
                0x0000000008000214                __aeabi_dadd
                0x000000000800048c                __aeabi_ui2d
                0x000000000800048c                __floatunsidf
                0x00000000080004ac                __floatsidf
                0x00000000080004ac                __aeabi_i2d
                0x00000000080004d0                __extendsfdf2
                0x00000000080004d0                __aeabi_f2d
                0x0000000008000514                __aeabi_ul2d
                0x0000000008000514                __floatundidf
                0x0000000008000524                __floatdidf
                0x0000000008000524                __aeabi_l2d
 .text          0x0000000008000580      0x424 /home/bhavya/Downloads/1/plugins/fr.ac6.mcu.externaltools.arm-none.linux64_1.17.0.201812190825/tools/compiler/bin/../lib/gcc/arm-none-eabi/7.3.1/thumb/v7e-m/fpv4-sp/hard/libgcc.a(_arm_muldivdf3.o)
                0x0000000008000580                __aeabi_dmul
                0x0000000008000580                __muldf3
                0x00000000080007d4                __aeabi_ddiv
                0x00000000080007d4                __divdf3
 .text          0x00000000080009a4      0x110 /home/bhavya/Downloads/1/plugins/fr.ac6.mcu.externaltools.arm-none.linux64_1.17.0.201812190825/tools/compiler/bin/../lib/gcc/arm-none-eabi/7.3.1/thumb/v7e-m/fpv4-sp/hard/libgcc.a(_arm_cmpdf2.o)
                0x00000000080009a4                __gtdf2
                0x00000000080009a4                __gedf2
                0x00000000080009ac                __ltdf2
                0x00000000080009ac                __ledf2
                0x00000000080009b4                __cmpdf2
                0x00000000080009b4                __eqdf2
                0x00000000080009b4                __nedf2
                0x0000000008000a30                __aeabi_cdrcmple
                0x0000000008000a40                __aeabi_cdcmple
                0x0000000008000a40                __aeabi_cdcmpeq
                0x0000000008000a50                __aeabi_dcmpeq
                0x0000000008000a64                __aeabi_dcmplt
                0x0000000008000a78                __aeabi_dcmple
                0x0000000008000a8c                __aeabi_dcmpge
                0x0000000008000aa0                __aeabi_dcmpgt
 .text          0x0000000008000ab4       0x2c /home/bhavya/Downloads/1/plugins/fr.ac6.mcu.externaltools.arm-none.linux64_1.17.0.201812190825/tools/compiler/bin/../lib/gcc/arm-none-eabi/7.3.1/thumb/v7e-m/fpv4-sp/hard/libgcc.a(_arm_unorddf2.o)
                0x0000000008000ab4                __aeabi_dcmpun
                0x0000000008000ab4                __unorddf2
 .text          0x0000000008000ae0       0x50 /home/bhavya/Downloads/1/plugins/fr.ac6.mcu.externaltools.arm-none.linux64_1.17.0.201812190825/tools/compiler/bin/../lib/gcc/arm-none-eabi/7.3.1/thumb/v7e-m/fpv4-sp/hard/libgcc.a(_arm_fixdfsi.o)
                0x0000000008000ae0                __fixdfsi
                0x0000000008000ae0                __aeabi_d2iz
 .text          0x0000000008000b30       0xa0 /home/bhavya/Downloads/1/plugins/fr.ac6.mcu.externaltools.arm-none.linux64_1.17.0.201812190825/tools/compiler/bin/../lib/gcc/arm-none-eabi/7.3.1/thumb/v7e-m/fpv4-sp/hard/libgcc.a(_arm_truncdfsf2.o)
                0x0000000008000b30                __aeabi_d2f
                0x0000000008000b30                __truncdfsf2
 .text          0x0000000008000bd0      0x134 /home/bhavya/Downloads/1/plugins/fr.ac6.mcu.externaltools.arm-none.linux64_1.17.0.201812190825/tools/compiler/bin/../lib/gcc/arm-none-eabi/7.3.1/../../../../arm-none-eabi/lib/thumb/v7e-m/fpv4-sp/hard/libc.a(lib_a-memcpy.o)
                0x0000000008000bd0                memcpy
 *(.text*)
 .text.ACT_BlowerCmd
                0x0000000008000d04       0x1a Ventilation/src/ACTUATOR/ACT_BlowerCmd.o
                0x0000000008000d04                ACT_BlowerCmd
 *fill*         0x0000000008000d1e        0x2 
 .text.ACT_BrakePower
                0x0000000008000d20       0x48 Ventilation/src/ACTUATOR/ACT_BrakePower.o
                0x0000000008000d20                ACT_BrakePower
 .text.ACT_O2ValveCmd
                0x0000000008000d68      0x11c Ventilation/src/ACTUATOR/ACT_O2ValveCmd.o
                0x0000000008000d68                ACT_O2ValveCmd
 .text.ACT_ValveCmd
                0x0000000008000e84       0x50 Ventilation/src/ACTUATOR/ACT_ValveCmd.o
                0x0000000008000e84                ACT_ValveCmd
 .text.ACT_ValveDetected
                0x0000000008000ed4       0x4a Ventilation/src/ACTUATOR/ACT_ValveDetected.o
                0x0000000008000ed4                ACT_ValveDetected
 *fill*         0x0000000008000f1e        0x2 
 .text.CMP_AveragePressureComputing
                0x0000000008000f20       0x8c Ventilation/src/COMPUTE/CMP_AveragePressureComputing.o
                0x0000000008000f20                CMP_AveragePressureComputing
 .text.CMP_CalculAutoAdaptInsp
                0x0000000008000fac      0x148 Ventilation/src/COMPUTE/CMP_CalculAutoAdaptInsp.o
                0x0000000008000fac                CMP_CalculAutoAdaptInsp
 .text.CMP_CalculFlowLeak
                0x00000000080010f4      0x908 Ventilation/src/COMPUTE/CMP_CalculFlowLeak.o
                0x00000000080010f4                CMP_CalculFlowLeak
 .text.CMP_ExhPlatComputings
                0x00000000080019fc      0x1d4 Ventilation/src/COMPUTE/CMP_ExhPlatComputings.o
                0x00000000080019fc                CMP_ExhPlatComputings
 .text.CMP_ExhalationComputings
                0x0000000008001bd0      0xacc Ventilation/src/COMPUTE/CMP_ExhalationComputings.o
                0x0000000008001bd0                CMP_ExhalationComputings
 .text.CMP_InspPlatComputings
                0x000000000800269c      0x168 Ventilation/src/COMPUTE/CMP_InspPlatComputings.o
                0x000000000800269c                CMP_InspPlatComputings
 .text.CMP_InspRiseComputings
                0x0000000008002804      0x23c Ventilation/src/COMPUTE/CMP_InspRiseComputings.o
                0x0000000008002804                CMP_InspRiseComputings
 .text.CMP_InspirationComputings
                0x0000000008002a40      0x738 Ventilation/src/COMPUTE/CMP_InspirationComputings.o
                0x0000000008002a40                CMP_InspirationComputings
 .text.CMP_LeakComputing
                0x0000000008003178       0xb8 Ventilation/src/COMPUTE/CMP_LeakComputing.o
                0x0000000008003178                CMP_LeakComputing
 .text.CMP_LeakFactors
                0x0000000008003230      0x584 Ventilation/src/COMPUTE/CMP_LeakFactors.o
                0x0000000008003230                CMP_LeakFactors
 .text.CMP_MeanTable
                0x00000000080037b4       0xc4 Ventilation/src/COMPUTE/CMP_MeanTable.o
                0x00000000080037b4                CMP_MeanTable
 .text.CMP_TargetVt
                0x0000000008003878      0x1d0 Ventilation/src/COMPUTE/CMP_TargetVt.o
                0x0000000008003878                CMP_TargetVt
 .text.CMP_TimeComputing
                0x0000000008003a48      0x124 Ventilation/src/COMPUTE/CMP_TimeComputing.o
                0x0000000008003a48                CMP_TimeComputing
 .text.CMP_VentilationReport
                0x0000000008003b6c      0x2fc Ventilation/src/COMPUTE/CMP_VentilationReport.o
                0x0000000008003b6c                CMP_VentilationReport
 .text.CYC_CpapCyclesMngt
                0x0000000008003e68      0x120 Ventilation/src/CYCLES/CYC_CpapCyclesMngt.o
                0x0000000008003e68                CYC_CpapCyclesMngt
 .text.CYC_Exh_Controller_Phase
                0x0000000008003f88       0xbc Ventilation/src/CYCLES/CYC_Exh_Controller_Phase.o
                0x0000000008003f88                CYC_Exh_Controller_Phase
 .text.CYC_Insp_Controller_Phase
                0x0000000008004044      0x17c Ventilation/src/CYCLES/CYC_Insp_Controller_Phase.o
                0x0000000008004044                CYC_Insp_Controller_Phase
 .text.CYC_Pres_Vol_CyclesMngt
                0x00000000080041c0      0x3b4 Ventilation/src/CYCLES/CYC_Pres_Vol_CyclesMngt.o
                0x00000000080041c0                CYC_Pres_Vol_CyclesMngt
 .text.CYC_Psvt_CyclesMngt
                0x0000000008004574      0x388 Ventilation/src/CYCLES/CYC_Psvt_CyclesMngt.o
                0x0000000008004574                CYC_Psvt_CyclesMngt
 .text.CYC_TiLimitsCompute
                0x00000000080048fc      0x124 Ventilation/src/CYCLES/CYC_TiLimitsCompute.o
                0x00000000080048fc                CYC_TiLimitsCompute
 .text.CYC_TriggerEDetection
                0x0000000008004a20       0xd8 Ventilation/src/CYCLES/CYC_TriggerEDetection.o
                0x0000000008004a20                CYC_TriggerEDetection
 .text.CYC_TriggerIDetection
                0x0000000008004af8      0x1bc Ventilation/src/CYCLES/CYC_TriggerIDetection.o
                0x0000000008004af8                CYC_TriggerIDetection
 .text.DB_AlarmInfoWrite
                0x0000000008004cb4       0x58 Ventilation/src/DATABASE/DB_AlarmInfoWrite.o
                0x0000000008004cb4                DB_AlarmInfoWrite
 .text.DB_AlarmStatusRead
                0x0000000008004d0c       0x28 Ventilation/src/DATABASE/DB_AlarmStatusRead.o
                0x0000000008004d0c                DB_AlarmStatusRead
 .text.DB_AlarmStatusWrite
                0x0000000008004d34       0x50 Ventilation/src/DATABASE/DB_AlarmStatusWrite.o
                0x0000000008004d34                DB_AlarmStatusWrite
 .text.DB_ComputeRead
                0x0000000008004d84       0x24 Ventilation/src/DATABASE/DB_ComputeRead.o
                0x0000000008004d84                DB_ComputeRead
 .text.DB_ComputeWrite
                0x0000000008004da8       0xf8 Ventilation/src/DATABASE/DB_ComputeWrite.o
                0x0000000008004da8                DB_ComputeWrite
 .text.DB_ConfigRead
                0x0000000008004ea0       0x24 Ventilation/src/DATABASE/DB_ConfigRead.o
                0x0000000008004ea0                DB_ConfigRead
 .text.DB_ConfigWrite
                0x0000000008004ec4       0xdc Ventilation/src/DATABASE/DB_ConfigWrite.o
                0x0000000008004ec4                DB_ConfigWrite
 .text.DB_ControlRead
                0x0000000008004fa0       0x24 Ventilation/src/DATABASE/DB_ControlRead.o
                0x0000000008004fa0                DB_ControlRead
 .text.DB_ControlWrite
                0x0000000008004fc4       0x2c Ventilation/src/DATABASE/DB_ControlWrite.o
                0x0000000008004fc4                DB_ControlWrite
 .text.DB_CopyMngt
                0x0000000008004ff0        0xe Ventilation/src/DATABASE/DB_CopyMngt.o
                0x0000000008004ff0                DB_CopyMngt
 *fill*         0x0000000008004ffe        0x2 
 .text.DB_CurrentRead
                0x0000000008005000       0x24 Ventilation/src/DATABASE/DB_CurrentRead.o
                0x0000000008005000                DB_CurrentRead
 .text.DB_CurrentWrite
                0x0000000008005024       0x2c Ventilation/src/DATABASE/DB_CurrentWrite.o
                0x0000000008005024                DB_CurrentWrite
 .text.DB_EventMngt
                0x0000000008005050      0x7a4 Ventilation/src/DATABASE/DB_EventMngt.o
                0x0000000008005050                DB_EventMngt
 .text.DRV_EVENT_PushEvent
                0x00000000080057f4       0x1c Ventilation/src/DATABASE/DB_EventMngt.o
                0x00000000080057f4                DRV_EVENT_PushEvent
 .text.DB_KeyboardEventWrite
                0x0000000008005810       0x2c Ventilation/src/DATABASE/DB_KeyboardEventWrite.o
                0x0000000008005810                DB_KeyboardEventWrite
 .text.DB_MeasurementWrite
                0x000000000800583c       0x18 Ventilation/src/DATABASE/DB_MeasurementWrite.o
                0x000000000800583c                DB_MeasurementWrite
 .text.DB_RTCRead
                0x0000000008005854       0x24 Ventilation/src/DATABASE/DB_RTCRead.o
                0x0000000008005854                DB_RTCRead
 .text.DB_RTCWrite
                0x0000000008005878       0x2c Ventilation/src/DATABASE/DB_RTCWrite.o
                0x0000000008005878                DB_RTCWrite
 .text.DB_TrendRead
                0x00000000080058a4       0x24 Ventilation/src/DATABASE/DB_TrendRead.o
                0x00000000080058a4                DB_TrendRead
 .text.DB_TrendWrite
                0x00000000080058c8       0x78 Ventilation/src/DATABASE/DB_TrendWrite.o
                0x00000000080058c8                DB_TrendWrite
 .text.EEP_FIFO_PushOneData
                0x0000000008005940       0x18 Ventilation/src/DATABASE/DB_WriteDataInEepAndRam.o
                0x0000000008005940                EEP_FIFO_PushOneData
 .text.DB_WriteDataInEepAndRam
                0x0000000008005958       0x20 Ventilation/src/DATABASE/DB_WriteDataInEepAndRam.o
                0x0000000008005958                DB_WriteDataInEepAndRam
 .text.DB_IHM_Decrease_Access
                0x0000000008005978       0x1c Ventilation/src/DATABASE_SETTINGS/DB_IHM_Decrease_Access.o
                0x0000000008005978                DB_IHM_Decrease_Access
 .text.DB_IHM_Increase_Access
                0x0000000008005994       0x1c Ventilation/src/DATABASE_SETTINGS/DB_IHM_Increase_Access.o
                0x0000000008005994                DB_IHM_Increase_Access
 .text.DB_IHM_Read_Access
                0x00000000080059b0       0x1c Ventilation/src/DATABASE_SETTINGS/DB_IHM_Read_Access.o
                0x00000000080059b0                DB_IHM_Read_Access
 .text.DB_IHM_Read_Info_Access
                0x00000000080059cc       0x1c Ventilation/src/DATABASE_SETTINGS/DB_IHM_Read_Info_Access.o
                0x00000000080059cc                DB_IHM_Read_Info_Access
 .text.DB_IHM_Write_Access
                0x00000000080059e8       0x1c Ventilation/src/DATABASE_SETTINGS/DB_IHM_Write_Access.o
                0x00000000080059e8                DB_IHM_Write_Access
 .text.DB_IHM_Write_Info_Access
                0x0000000008005a04       0x46 Ventilation/src/DATABASE_SETTINGS/DB_IHM_Write_Info_Access.o
                0x0000000008005a04                DB_IHM_Write_Info_Access
 *fill*         0x0000000008005a4a        0x2 
 .text.DB_IhmAccessParaDataBase
                0x0000000008005a4c      0x190 Ventilation/src/DATABASE_SETTINGS/DB_IhmAccessParaDataBase.o
                0x0000000008005a4c                DB_IhmAccessParaDataBase
 .text.DIS_Backlight
                0x0000000008005bdc       0x58 Ventilation/src/DISPLAY/DIS_Backlight.o
                0x0000000008005bdc                DIS_Backlight
 .text.DIS_Box  0x0000000008005c34       0x22 Ventilation/src/DISPLAY/DIS_Box.o
                0x0000000008005c34                DIS_Box
 .text.DIS_DisplayPage
                0x0000000008005c56       0x1c Ventilation/src/DISPLAY/DIS_DisplayPage.o
                0x0000000008005c56                DIS_DisplayPage
 .text.DIS_ErasePage
                0x0000000008005c72       0x16 Ventilation/src/DISPLAY/DIS_ErasePage.o
                0x0000000008005c72                DIS_ErasePage
 .text.DIS_EraseZone
                0x0000000008005c88       0x1e Ventilation/src/DISPLAY/DIS_EraseZone.o
                0x0000000008005c88                DIS_EraseZone
 *fill*         0x0000000008005ca6        0x2 
 .text.DIS_FifoRead
                0x0000000008005ca8      0x538 Ventilation/src/DISPLAY/DIS_FifoRead.o
                0x0000000008005ca8                DIS_FifoRead
 .text.DIS_FifoWrite
                0x00000000080061e0      0x178 Ventilation/src/DISPLAY/DIS_FifoWrite.o
                0x00000000080061e0                DIS_FifoWrite
 .text.DIS_Line
                0x0000000008006358       0x1e Ventilation/src/DISPLAY/DIS_Line.o
                0x0000000008006358                DIS_Line
 *fill*         0x0000000008006376        0x2 
 .text.DIS_Number
                0x0000000008006378      0x2e0 Ventilation/src/DISPLAY/DIS_Number.o
                0x0000000008006378                DIS_Number
 .text.DIS_Pixel
                0x0000000008006658       0x24 Ventilation/src/DISPLAY/DIS_Pixel.o
                0x0000000008006658                DIS_Pixel
 .text.DIS_String
                0x000000000800667c      0x190 Ventilation/src/DISPLAY/DIS_String.o
                0x000000000800667c                DIS_String
 .text.GetFontNameFromLang
                0x000000000800680c       0xa0 Ventilation/src/DISPLAY/DIS_String.o
                0x000000000800680c                GetFontNameFromLang
 .text.DIS_Symbol
                0x00000000080068ac       0x22 Ventilation/src/DISPLAY/DIS_Symbol.o
                0x00000000080068ac                DIS_Symbol
 *fill*         0x00000000080068ce        0x2 
 .text.average  0x00000000080068d0       0x88 Ventilation/src/GENERAL/Average.o
                0x00000000080068d0                average
 .text.saturation
                0x0000000008006958       0x3e Ventilation/src/GENERAL/Saturation.o
                0x0000000008006958                saturation
 .text.It_watchdog
                0x0000000008006996       0x24 Ventilation/src/INTERRUPTS/It_watchdog.o
                0x0000000008006996                It_watchdog
 *fill*         0x00000000080069ba        0x2 
 .text.MAIN_Global_Variables_Init
                0x00000000080069bc      0x214 Ventilation/src/MAIN/MAIN_Global_Variables_Init.o
                0x00000000080069bc                MAIN_Global_Variables_Init
 .text.MAIN_Interfaces_Init
                0x0000000008006bd0      0x11c Ventilation/src/MAIN/MAIN_Interfaces_Init.o
                0x0000000008006bd0                MAIN_Interfaces_Init
 .text.MAIN_Security_Init
                0x0000000008006cec      0x23c Ventilation/src/MAIN/MAIN_Security_Init.o
                0x0000000008006cec                MAIN_Security_Init
 .text.MAIN_System_Init
                0x0000000008006f28       0x94 Ventilation/src/MAIN/MAIN_System_Init.o
                0x0000000008006f28                MAIN_System_Init
 .text._srvwdt_
                0x0000000008006fbc        0xe Ventilation/src/MAIN/MAIN_Target_Init.o
                0x0000000008006fbc                _srvwdt_
 *fill*         0x0000000008006fca        0x2 
 .text.MAIN_Target_Init_FirstStep
                0x0000000008006fcc       0xbc Ventilation/src/MAIN/MAIN_Target_Init.o
                0x0000000008006fcc                MAIN_Target_Init_FirstStep
 .text.MAIN_Target_Init_SecondStep
                0x0000000008007088       0x58 Ventilation/src/MAIN/MAIN_Target_Init.o
                0x0000000008007088                MAIN_Target_Init_SecondStep
 .text.MAIN_Target_Init
                0x00000000080070e0       0x10 Ventilation/src/MAIN/MAIN_Target_Init.o
                0x00000000080070e0                MAIN_Target_Init
 .text.DRV_OutputPort
                0x00000000080070f0       0x18 Ventilation/src/MAIN/MAIN_Target_Init.o
                0x00000000080070f0                DRV_OutputPort
 .text.MAIN_Tasks_Init
                0x0000000008007108       0x14 Ventilation/src/MAIN/MAIN_Tasks_Init.o
                0x0000000008007108                MAIN_Tasks_Init
 .text.MAIN_Ventilation_Init
                0x000000000800711c       0xfc Ventilation/src/MAIN/MAIN_Ventilation_Init.o
                0x000000000800711c                MAIN_Ventilation_Init
 .text.SCHED_Setup_Main
                0x0000000008007218       0x20 Ventilation/src/SCHEDULER/SCHED_Setup_Main.o
                0x0000000008007218                SCHED_Setup_Main
 .text.DRV_EVENT_Launch
                0x0000000008007238        0xe Ventilation/src/SCHEDULER/SCHED_Setup_entry.o
                0x0000000008007238                DRV_EVENT_Launch
 .text.HMI_KeyboardEventLaunch
                0x0000000008007246        0xe Ventilation/src/SCHEDULER/SCHED_Setup_entry.o
                0x0000000008007246                HMI_KeyboardEventLaunch
 .text.IHM_TimerEventLauch
                0x0000000008007254        0xe Ventilation/src/SCHEDULER/SCHED_Setup_entry.o
                0x0000000008007254                IHM_TimerEventLauch
 .text.DRV_COM_Launch
                0x0000000008007262        0xe Ventilation/src/SCHEDULER/SCHED_Setup_entry.o
                0x0000000008007262                DRV_COM_Launch
 .text.DRV_SPIPowerSupplyUpdate
                0x0000000008007270        0xe Ventilation/src/SCHEDULER/SCHED_Setup_entry.o
                0x0000000008007270                DRV_SPIPowerSupplyUpdate
 *fill*         0x000000000800727e        0x2 
 .text.SCHED_Setup_entry
                0x0000000008007280       0x8c Ventilation/src/SCHEDULER/SCHED_Setup_entry.o
                0x0000000008007280                SCHED_Setup_entry
 .text.SCHED_Ventilation_Main
                0x000000000800730c       0x20 Ventilation/src/SCHEDULER/SCHED_Ventilation_Main.o
                0x000000000800730c                SCHED_Ventilation_Main
 .text.SCHED_Ventilation_entry
                0x000000000800732c       0x8c Ventilation/src/SCHEDULER/SCHED_Ventilation_entry.o
                0x000000000800732c                SCHED_Ventilation_entry
 .text.SEC_LooseFlashPointer
                0x00000000080073b8       0x38 Ventilation/src/SECURITY/SEC_LooseFlashPointer.o
                0x00000000080073b8                SEC_LooseFlashPointer
 .text.SEC_TurbineOverheat
                0x00000000080073f0      0x100 Ventilation/src/SECURITY/SEC_TurbineOverheat.o
                0x00000000080073f0                SEC_TurbineOverheat
 .text.VEN_Security
                0x00000000080074f0        0xe Ventilation/src/SECURITY/VEN_Security.o
                0x00000000080074f0                VEN_Security
 *fill*         0x00000000080074fe        0x2 
 .text.SET_Actuator
                0x0000000008007500      0x31c Ventilation/src/SET_UP/SET_Actuator.o
                0x0000000008007500                SET_Actuator
 .text.SET_CalibrationManagement
                0x000000000800781c      0x31c Ventilation/src/SET_UP/SET_CalibrationManagement.o
                0x000000000800781c                SET_CalibrationManagement
 .text.SET_CalibrationVerification
                0x0000000008007b38       0x86 Ventilation/src/SET_UP/SET_CalibrationVerification.o
                0x0000000008007b38                SET_CalibrationVerification
 *fill*         0x0000000008007bbe        0x2 
 .text.SET_DefaultCalibration
                0x0000000008007bc0      0x2d0 Ventilation/src/SET_UP/SET_DefaultCalibration.o
                0x0000000008007bc0                SET_DefaultCalibration
 .text.SET_ExhFlowCalibration
                0x0000000008007e90      0x2a4 Ventilation/src/SET_UP/SET_ExhFlowCalibration.o
                0x0000000008007e90                SET_ExhFlowCalibration
 .text.SET_FasValveCalibration
                0x0000000008008134      0x2b8 Ventilation/src/SET_UP/SET_FasValveCalibration.o
                0x0000000008008134                SET_FasValveCalibration
 .text.SET_InspFlowOffsetDefault
                0x00000000080083ec       0x38 Ventilation/src/SET_UP/SET_InspFlowOffsetDefault.o
                0x00000000080083ec                SET_InspFlowOffsetDefault
 .text.SET_InternalPressureOffsetDefault
                0x0000000008008424       0x38 Ventilation/src/SET_UP/SET_InternalPressureOffsetDefault.o
                0x0000000008008424                SET_InternalPressureOffsetDefault
 .text.SET_ProximalPressureOffsetDefault
                0x000000000800845c       0x38 Ventilation/src/SET_UP/SET_ProximalPressureOffsetDefault.o
                0x000000000800845c                SET_ProximalPressureOffsetDefault
 .text.SET_RTC_Mngt
                0x0000000008008494      0x1a4 Ventilation/src/SET_UP/SET_RTC_Mngt.o
                0x0000000008008494                SET_RTC_Mngt
 .text.DRV_RTC_ReadTimeAndDate
                0x0000000008008638       0x2c Ventilation/src/SET_UP/SET_RTC_Mngt.o
                0x0000000008008638                DRV_RTC_ReadTimeAndDate
 .text.DRV_RTC_WriteTimeAndDate
                0x0000000008008664       0x18 Ventilation/src/SET_UP/SET_RTC_Mngt.o
                0x0000000008008664                DRV_RTC_WriteTimeAndDate
 .text.SET_TechnicalAlarms
                0x000000000800867c       0x20 Ventilation/src/SET_UP/SET_TechnicalAlarms.o
                0x000000000800867c                SET_TechnicalAlarms
 .text.SET_ValvePressureOffsetDefault
                0x000000000800869c       0x3e Ventilation/src/SET_UP/SET_ValvePressureOffsetDefault.o
                0x000000000800869c                SET_ValvePressureOffsetDefault
 *fill*         0x00000000080086da        0x2 
 .text.INT_AbsPress_Interpol
                0x00000000080086dc      0x124 Ventilation/src/SYSTEM/INT_AbsPress_Interpol.o
                0x00000000080086dc                INT_AbsPress_Interpol
 .text.INT_BlowerTemperatureInterpol
                0x0000000008008800      0x1b4 Ventilation/src/SYSTEM/INT_BlowerTemperatureInterpol.o
                0x0000000008008800                INT_BlowerTemperatureInterpol
 .text.INT_ExhFlow_Interpol
                0x00000000080089b4      0x39c Ventilation/src/SYSTEM/INT_ExhFlow_Interpol.o
                0x00000000080089b4                INT_ExhFlow_Interpol
 .text.INT_Fio2_Interpol
                0x0000000008008d50      0x110 Ventilation/src/SYSTEM/INT_Fio2_Interpol.o
                0x0000000008008d50                INT_Fio2_Interpol
 .text.INT_Flow_Conversion_Equation
                0x0000000008008e60       0x9c Ventilation/src/SYSTEM/INT_Flow_Conversion_Equation.o
                0x0000000008008e60                INT_Flow_Conversion_Equation
 .text.INT_InspFlow_Interpol
                0x0000000008008efc      0x43c Ventilation/src/SYSTEM/INT_InspFlow_Interpol.o
                0x0000000008008efc                INT_InspFlow_Interpol
 .text.INT_O2Flow_Interpol
                0x0000000008009338      0x238 Ventilation/src/SYSTEM/INT_O2Flow_Interpol.o
                0x0000000008009338                INT_O2Flow_Interpol
 .text.INT_O2Press_Interpol
                0x0000000008009570       0xf4 Ventilation/src/SYSTEM/INT_O2Press_Interpol.o
                0x0000000008009570                INT_O2Press_Interpol
 .text.INT_PatPress_Interpol
                0x0000000008009664       0xf0 Ventilation/src/SYSTEM/INT_PatPress_Interpol.o
                0x0000000008009664                INT_PatPress_Interpol
 .text.INT_ProxiPress_Interpol
                0x0000000008009754       0xec Ventilation/src/SYSTEM/INT_ProxiPress_Interpol.o
                0x0000000008009754                INT_ProxiPress_Interpol
 .text.INT_SpeedBlow_Interpol
                0x0000000008009840       0xec Ventilation/src/SYSTEM/INT_SpeedBlow_Interpol.o
                0x0000000008009840                INT_SpeedBlow_Interpol
 .text.INT_ValvePress_Interpol
                0x000000000800992c      0x100 Ventilation/src/SYSTEM/INT_ValvePress_Interpol.o
                0x000000000800992c                INT_ValvePress_Interpol
 .text.INT_Voltages_Interpol
                0x0000000008009a2c      0x15c Ventilation/src/SYSTEM/INT_Voltages_Interpol.o
                0x0000000008009a2c                INT_Voltages_Interpol
 .text.KEY_Event
                0x0000000008009b88      0x654 Ventilation/src/SYSTEM/KEY_Event.o
                0x0000000008009b88                KEY_Event
 .text.SYS_Alarm_Remote_Detect
                0x000000000800a1dc       0x2a Ventilation/src/SYSTEM/SYS_Alarm_Remote_Detect.o
                0x000000000800a1dc                SYS_Alarm_Remote_Detect
 .text.SYS_Backlight_Mngt
                0x000000000800a206       0xac Ventilation/src/SYSTEM/SYS_Backlight_Mngt.o
                0x000000000800a206                SYS_Backlight_Mngt
 *fill*         0x000000000800a2b2        0x2 
 .text.SYS_CalibrationManagement
                0x000000000800a2b4       0xac Ventilation/src/SYSTEM/SYS_CalibrationManagement.o
                0x000000000800a2b4                SYS_CalibrationManagement
 .text.SYS_Counters
                0x000000000800a360       0xfc Ventilation/src/SYSTEM/SYS_Counters.o
                0x000000000800a360                SYS_Counters
 .text.SYS_CurveFlowCalcul
                0x000000000800a45c       0xa8 Ventilation/src/SYSTEM/SYS_CurveFlowCalcul.o
                0x000000000800a45c                SYS_CurveFlowCalcul
 .text.SYS_ExhFlowCalibration
                0x000000000800a504      0x2a0 Ventilation/src/SYSTEM/SYS_ExhFlowCalibration.o
                0x000000000800a504                SYS_ExhFlowCalibration
 .text.SYS_Fio2Calibration
                0x000000000800a7a4      0x10c Ventilation/src/SYSTEM/SYS_Fio2Calibration.o
                0x000000000800a7a4                SYS_Fio2Calibration
 .text.SYS_Fio2Detection
                0x000000000800a8b0       0xb8 Ventilation/src/SYSTEM/SYS_Fio2Detection.o
                0x000000000800a8b0                SYS_Fio2Detection
 .text.SYS_Interpolation
                0x000000000800a968       0x4c Ventilation/src/SYSTEM/SYS_Interpolation.o
                0x000000000800a968                SYS_Interpolation
 .text.SYS_Keyboard
                0x000000000800a9b4      0x350 Ventilation/src/SYSTEM/SYS_Keyboard.o
                0x000000000800a9b4                SYS_Keyboard
 .text.SYS_Monit_Buffer_Write
                0x000000000800ad04        0xe Ventilation/src/SYSTEM/SYS_Monit_Buffer_Write.o
                0x000000000800ad04                SYS_Monit_Buffer_Write
 *fill*         0x000000000800ad12        0x6 
 .text.SYS_PressionChoice
                0x000000000800ad18      0x660 Ventilation/src/SYSTEM/SYS_PressionChoice.o
                0x000000000800ad18                SYS_PressionChoice
 .text.SYS_RTC_Update
                0x000000000800b378       0x62 Ventilation/src/SYSTEM/SYS_RTC_Update.o
                0x000000000800b378                SYS_RTC_Update
 *fill*         0x000000000800b3da        0x2 
 .text.SYS_ReadDataSpo2
                0x000000000800b3dc       0x54 Ventilation/src/SYSTEM/SYS_ReadDataSpo2.o
                0x000000000800b3dc                SYS_ReadDataSpo2
 .text.SYS_SPO2Interpol
                0x000000000800b430       0x4c Ventilation/src/SYSTEM/SYS_SPO2Interpol.o
                0x000000000800b430                SYS_SPO2Interpol
 .text.SYS_SetupLaunch
                0x000000000800b47c       0x14 Ventilation/src/SYSTEM/SYS_SetupLaunch.o
                0x000000000800b47c                SYS_SetupLaunch
 .text.SYS_SupplyDetect
                0x000000000800b490        0xe Ventilation/src/SYSTEM/SYS_SupplyDetect.o
                0x000000000800b490                SYS_SupplyDetect
 *fill*         0x000000000800b49e        0x2 
 .text.SYS_VentilationLaunch
                0x000000000800b4a0       0x4c Ventilation/src/SYSTEM/SYS_VentilationLaunch.o
                0x000000000800b4a0                SYS_VentilationLaunch
 .text.TIM_Launch
                0x000000000800b4ec      0x198 Ventilation/src/TIMERS/TIM_Launch.o
                0x000000000800b4ec                TIM_Launch
 .text.TIM_ReadCounterValue
                0x000000000800b684       0x2c Ventilation/src/TIMERS/TIM_ReadCounterValue.o
                0x000000000800b684                TIM_ReadCounterValue
 .text.TIM_ReadDecounterValue
                0x000000000800b6b0       0x2c Ventilation/src/TIMERS/TIM_ReadDecounterValue.o
                0x000000000800b6b0                TIM_ReadDecounterValue
 .text.TIM_StartCounter
                0x000000000800b6dc       0x54 Ventilation/src/TIMERS/TIM_StartCounter.o
                0x000000000800b6dc                TIM_StartCounter
 .text.TIM_StartDecounter
                0x000000000800b730       0x58 Ventilation/src/TIMERS/TIM_StartDecounter.o
                0x000000000800b730                TIM_StartDecounter
 .text.TIM_StopDecounter
                0x000000000800b788       0x54 Ventilation/src/TIMERS/TIM_StopDecounter.o
                0x000000000800b788                TIM_StopDecounter
 .text.TIM_Temporize
                0x000000000800b7dc       0xd0 Ventilation/src/TIMERS/TIM_Temporize.o
                0x000000000800b7dc                TIM_Temporize
 .text.TIM_TestOverflowOk
                0x000000000800b8ac       0x60 Ventilation/src/TIMERS/TIM_TestOverflowOk.o
                0x000000000800b8ac                TIM_TestOverflowOk
 .text.VEN_Actuators
                0x000000000800b90c      0x7d0 Ventilation/src/VENTILATION/VEN_Actuators.o
                0x000000000800b90c                VEN_Actuators
 .text.VEN_Compute
                0x000000000800c0dc      0x3f0 Ventilation/src/VENTILATION/VEN_Compute.o
                0x000000000800c0dc                VEN_Compute
 .text.VEN_Cycles
                0x000000000800c4cc      0x22c Ventilation/src/VENTILATION/VEN_Cycles.o
                0x000000000800c4cc                VEN_Cycles
 .text.VEN_LeakActuators
                0x000000000800c6f8      0x284 Ventilation/src/VENTILATION/VEN_LeakActuators.o
                0x000000000800c6f8                VEN_LeakActuators
 .text.VEN_RiseCompute
                0x000000000800c97c       0x1c Ventilation/src/VENTILATION/VEN_RiseCompute.o
                0x000000000800c97c                VEN_RiseCompute
 .text.main     0x000000000800c998       0xbc src/MAIN.o
                0x000000000800c998                main
 .text.CIRCUIT_CHECK_HMI_Start
                0x000000000800ca54        0xe src/MAIN.o
                0x000000000800ca54                CIRCUIT_CHECK_HMI_Start
 .text.SETUP_HMI_Start
                0x000000000800ca62        0xe src/MAIN.o
                0x000000000800ca62                SETUP_HMI_Start
 .text.VENTILATION_HMI_Start
                0x000000000800ca70        0xe src/MAIN.o
                0x000000000800ca70                VENTILATION_HMI_Start
 .text.KEY_Touch_Detection
                0x000000000800ca7e       0x18 src/MAIN.o
                0x000000000800ca7e                KEY_Touch_Detection
 *fill*         0x000000000800ca96        0x2 
 .text.Reset_Handler
                0x000000000800ca98       0x50 startup/startup_stm32.o
                0x000000000800ca98                Reset_Handler
 .text.Default_Handler
                0x000000000800cae8        0x2 startup/startup_stm32.o
                0x000000000800cae8                RTC_Alarm_IRQHandler
                0x000000000800cae8                EXTI2_IRQHandler
                0x000000000800cae8                TIM8_CC_IRQHandler
                0x000000000800cae8                SPDIF_Rx_IRQHandler
                0x000000000800cae8                DebugMon_Handler
                0x000000000800cae8                SPI4_IRQHandler
                0x000000000800cae8                TIM1_CC_IRQHandler
                0x000000000800cae8                QuadSPI_IRQHandler
                0x000000000800cae8                DMA2_Stream5_IRQHandler
                0x000000000800cae8                HardFault_Handler
                0x000000000800cae8                DMA1_Stream5_IRQHandler
                0x000000000800cae8                SysTick_Handler
                0x000000000800cae8                PVD_IRQHandler
                0x000000000800cae8                SDIO_IRQHandler
                0x000000000800cae8                TAMP_STAMP_IRQHandler
                0x000000000800cae8                PendSV_Handler
                0x000000000800cae8                NMI_Handler
                0x000000000800cae8                CAN2_RX1_IRQHandler
                0x000000000800cae8                EXTI3_IRQHandler
                0x000000000800cae8                TIM8_TRG_COM_TIM14_IRQHandler
                0x000000000800cae8                TIM1_UP_TIM10_IRQHandler
                0x000000000800cae8                FMPI2C1_error_IRQHandler
                0x000000000800cae8                TIM8_UP_TIM13_IRQHandler
                0x000000000800cae8                I2C3_ER_IRQHandler
                0x000000000800cae8                EXTI0_IRQHandler
                0x000000000800cae8                I2C2_EV_IRQHandler
                0x000000000800cae8                DMA1_Stream2_IRQHandler
                0x000000000800cae8                CAN1_RX0_IRQHandler
                0x000000000800cae8                FPU_IRQHandler
                0x000000000800cae8                OTG_HS_WKUP_IRQHandler
                0x000000000800cae8                UsageFault_Handler
                0x000000000800cae8                CAN2_SCE_IRQHandler
                0x000000000800cae8                DMA2_Stream2_IRQHandler
                0x000000000800cae8                SPI1_IRQHandler
                0x000000000800cae8                TIM6_DAC_IRQHandler
                0x000000000800cae8                TIM1_BRK_TIM9_IRQHandler
                0x000000000800cae8                DCMI_IRQHandler
                0x000000000800cae8                CAN2_RX0_IRQHandler
                0x000000000800cae8                DMA2_Stream3_IRQHandler
                0x000000000800cae8                FMPI2C1_IRQHandler
                0x000000000800cae8                SAI2_IRQHandler
                0x000000000800cae8                USART6_IRQHandler
                0x000000000800cae8                USART3_IRQHandler
                0x000000000800cae8                CAN1_RX1_IRQHandler
                0x000000000800cae8                UART5_IRQHandler
                0x000000000800cae8                DMA2_Stream0_IRQHandler
                0x000000000800cae8                TIM4_IRQHandler
                0x000000000800cae8                I2C1_EV_IRQHandler
                0x000000000800cae8                HDMI_CEC_IRQHandler
                0x000000000800cae8                DMA1_Stream6_IRQHandler
                0x000000000800cae8                DMA1_Stream1_IRQHandler
                0x000000000800cae8                UART4_IRQHandler
                0x000000000800cae8                TIM3_IRQHandler
                0x000000000800cae8                RCC_IRQHandler
                0x000000000800cae8                TIM8_BRK_TIM12_IRQHandler
                0x000000000800cae8                Default_Handler
                0x000000000800cae8                EXTI15_10_IRQHandler
                0x000000000800cae8                ADC_IRQHandler
                0x000000000800cae8                DMA1_Stream7_IRQHandler
                0x000000000800cae8                TIM7_IRQHandler
                0x000000000800cae8                CAN2_TX_IRQHandler
                0x000000000800cae8                TIM5_IRQHandler
                0x000000000800cae8                DMA2_Stream7_IRQHandler
                0x000000000800cae8                I2C3_EV_IRQHandler
                0x000000000800cae8                EXTI9_5_IRQHandler
                0x000000000800cae8                RTC_WKUP_IRQHandler
                0x000000000800cae8                SPI2_IRQHandler
                0x000000000800cae8                OTG_HS_EP1_IN_IRQHandler
                0x000000000800cae8                MemManage_Handler
                0x000000000800cae8                DMA1_Stream0_IRQHandler
                0x000000000800cae8                CAN1_TX_IRQHandler
                0x000000000800cae8                SVC_Handler
                0x000000000800cae8                EXTI4_IRQHandler
                0x000000000800cae8                OTG_HS_EP1_OUT_IRQHandler
                0x000000000800cae8                WWDG_IRQHandler
                0x000000000800cae8                TIM2_IRQHandler
                0x000000000800cae8                OTG_FS_WKUP_IRQHandler
                0x000000000800cae8                TIM1_TRG_COM_TIM11_IRQHandler
                0x000000000800cae8                OTG_HS_IRQHandler
                0x000000000800cae8                EXTI1_IRQHandler
                0x000000000800cae8                USART2_IRQHandler
                0x000000000800cae8                I2C2_ER_IRQHandler
                0x000000000800cae8                DMA2_Stream1_IRQHandler
                0x000000000800cae8                CAN1_SCE_IRQHandler
                0x000000000800cae8                FLASH_IRQHandler
                0x000000000800cae8                DMA2_Stream4_IRQHandler
                0x000000000800cae8                BusFault_Handler
                0x000000000800cae8                USART1_IRQHandler
                0x000000000800cae8                OTG_FS_IRQHandler
                0x000000000800cae8                SPI3_IRQHandler
                0x000000000800cae8                DMA1_Stream4_IRQHandler
                0x000000000800cae8                I2C1_ER_IRQHandler
                0x000000000800cae8                FMC_IRQHandler
                0x000000000800cae8                DMA2_Stream6_IRQHandler
                0x000000000800cae8                SAI1_IRQHandler
                0x000000000800cae8                DMA1_Stream3_IRQHandler
 *fill*         0x000000000800caea        0x6 
 .text.sin      0x000000000800caf0       0xc0 /home/bhavya/Downloads/1/plugins/fr.ac6.mcu.externaltools.arm-none.linux64_1.17.0.201812190825/tools/compiler/bin/../lib/gcc/arm-none-eabi/7.3.1/../../../../arm-none-eabi/lib/thumb/v7e-m/fpv4-sp/hard/libm.a(lib_a-s_sin.o)
                0x000000000800caf0                sin
 .text.sqrt     0x000000000800cbb0       0xb8 /home/bhavya/Downloads/1/plugins/fr.ac6.mcu.externaltools.arm-none.linux64_1.17.0.201812190825/tools/compiler/bin/../lib/gcc/arm-none-eabi/7.3.1/../../../../arm-none-eabi/lib/thumb/v7e-m/fpv4-sp/hard/libm.a(lib_a-w_sqrt.o)
                0x000000000800cbb0                sqrt
 .text.__ieee754_rem_pio2
                0x000000000800cc68      0x454 /home/bhavya/Downloads/1/plugins/fr.ac6.mcu.externaltools.arm-none.linux64_1.17.0.201812190825/tools/compiler/bin/../lib/gcc/arm-none-eabi/7.3.1/../../../../arm-none-eabi/lib/thumb/v7e-m/fpv4-sp/hard/libm.a(lib_a-e_rem_pio2.o)
                0x000000000800cc68                __ieee754_rem_pio2
 .text.__ieee754_sqrt
                0x000000000800d0bc      0x194 /home/bhavya/Downloads/1/plugins/fr.ac6.mcu.externaltools.arm-none.linux64_1.17.0.201812190825/tools/compiler/bin/../lib/gcc/arm-none-eabi/7.3.1/../../../../arm-none-eabi/lib/thumb/v7e-m/fpv4-sp/hard/libm.a(lib_a-e_sqrt.o)
                0x000000000800d0bc                __ieee754_sqrt
 .text.__kernel_cos
                0x000000000800d250      0x284 /home/bhavya/Downloads/1/plugins/fr.ac6.mcu.externaltools.arm-none.linux64_1.17.0.201812190825/tools/compiler/bin/../lib/gcc/arm-none-eabi/7.3.1/../../../../arm-none-eabi/lib/thumb/v7e-m/fpv4-sp/hard/libm.a(lib_a-k_cos.o)
                0x000000000800d250                __kernel_cos
 *fill*         0x000000000800d4d4        0x4 
 .text.__kernel_rem_pio2
                0x000000000800d4d8      0x818 /home/bhavya/Downloads/1/plugins/fr.ac6.mcu.externaltools.arm-none.linux64_1.17.0.201812190825/tools/compiler/bin/../lib/gcc/arm-none-eabi/7.3.1/../../../../arm-none-eabi/lib/thumb/v7e-m/fpv4-sp/hard/libm.a(lib_a-k_rem_pio2.o)
                0x000000000800d4d8                __kernel_rem_pio2
 .text.__kernel_sin
                0x000000000800dcf0      0x194 /home/bhavya/Downloads/1/plugins/fr.ac6.mcu.externaltools.arm-none.linux64_1.17.0.201812190825/tools/compiler/bin/../lib/gcc/arm-none-eabi/7.3.1/../../../../arm-none-eabi/lib/thumb/v7e-m/fpv4-sp/hard/libm.a(lib_a-k_sin.o)
                0x000000000800dcf0                __kernel_sin
 .text.fabs     0x000000000800de84       0x14 /home/bhavya/Downloads/1/plugins/fr.ac6.mcu.externaltools.arm-none.linux64_1.17.0.201812190825/tools/compiler/bin/../lib/gcc/arm-none-eabi/7.3.1/../../../../arm-none-eabi/lib/thumb/v7e-m/fpv4-sp/hard/libm.a(lib_a-s_fabs.o)
                0x000000000800de84                fabs
 .text.floor    0x000000000800de98      0x110 /home/bhavya/Downloads/1/plugins/fr.ac6.mcu.externaltools.arm-none.linux64_1.17.0.201812190825/tools/compiler/bin/../lib/gcc/arm-none-eabi/7.3.1/../../../../arm-none-eabi/lib/thumb/v7e-m/fpv4-sp/hard/libm.a(lib_a-s_floor.o)
                0x000000000800de98                floor
 .text.matherr  0x000000000800dfa8        0x4 /home/bhavya/Downloads/1/plugins/fr.ac6.mcu.externaltools.arm-none.linux64_1.17.0.201812190825/tools/compiler/bin/../lib/gcc/arm-none-eabi/7.3.1/../../../../arm-none-eabi/lib/thumb/v7e-m/fpv4-sp/hard/libm.a(lib_a-s_matherr.o)
                0x000000000800dfa8                matherr
 *fill*         0x000000000800dfac        0x4 
 .text.scalbn   0x000000000800dfb0      0x114 /home/bhavya/Downloads/1/plugins/fr.ac6.mcu.externaltools.arm-none.linux64_1.17.0.201812190825/tools/compiler/bin/../lib/gcc/arm-none-eabi/7.3.1/../../../../arm-none-eabi/lib/thumb/v7e-m/fpv4-sp/hard/libm.a(lib_a-s_scalbn.o)
                0x000000000800dfb0                scalbn
 .text.copysign
                0x000000000800e0c4       0x1c /home/bhavya/Downloads/1/plugins/fr.ac6.mcu.externaltools.arm-none.linux64_1.17.0.201812190825/tools/compiler/bin/../lib/gcc/arm-none-eabi/7.3.1/../../../../arm-none-eabi/lib/thumb/v7e-m/fpv4-sp/hard/libm.a(lib_a-s_copysign.o)
                0x000000000800e0c4                copysign
 .text.__errno  0x000000000800e0e0        0xc /home/bhavya/Downloads/1/plugins/fr.ac6.mcu.externaltools.arm-none.linux64_1.17.0.201812190825/tools/compiler/bin/../lib/gcc/arm-none-eabi/7.3.1/../../../../arm-none-eabi/lib/thumb/v7e-m/fpv4-sp/hard/libc.a(lib_a-errno.o)
                0x000000000800e0e0                __errno
 .text.__libc_init_array
                0x000000000800e0ec       0x48 /home/bhavya/Downloads/1/plugins/fr.ac6.mcu.externaltools.arm-none.linux64_1.17.0.201812190825/tools/compiler/bin/../lib/gcc/arm-none-eabi/7.3.1/../../../../arm-none-eabi/lib/thumb/v7e-m/fpv4-sp/hard/libc.a(lib_a-init.o)
                0x000000000800e0ec                __libc_init_array
 .text.memset   0x000000000800e134       0x94 /home/bhavya/Downloads/1/plugins/fr.ac6.mcu.externaltools.arm-none.linux64_1.17.0.201812190825/tools/compiler/bin/../lib/gcc/arm-none-eabi/7.3.1/../../../../arm-none-eabi/lib/thumb/v7e-m/fpv4-sp/hard/libc.a(lib_a-memset.o)
                0x000000000800e134                memset
 .text.startup.register_fini
                0x000000000800e1c8       0x14 /home/bhavya/Downloads/1/plugins/fr.ac6.mcu.externaltools.arm-none.linux64_1.17.0.201812190825/tools/compiler/bin/../lib/gcc/arm-none-eabi/7.3.1/../../../../arm-none-eabi/lib/thumb/v7e-m/fpv4-sp/hard/libc.a(lib_a-__call_atexit.o)
 .text.atexit   0x000000000800e1dc        0xc /home/bhavya/Downloads/1/plugins/fr.ac6.mcu.externaltools.arm-none.linux64_1.17.0.201812190825/tools/compiler/bin/../lib/gcc/arm-none-eabi/7.3.1/../../../../arm-none-eabi/lib/thumb/v7e-m/fpv4-sp/hard/libc.a(lib_a-atexit.o)
                0x000000000800e1dc                atexit
 .text.__libc_fini_array
                0x000000000800e1e8       0x34 /home/bhavya/Downloads/1/plugins/fr.ac6.mcu.externaltools.arm-none.linux64_1.17.0.201812190825/tools/compiler/bin/../lib/gcc/arm-none-eabi/7.3.1/../../../../arm-none-eabi/lib/thumb/v7e-m/fpv4-sp/hard/libc.a(lib_a-fini.o)
                0x000000000800e1e8                __libc_fini_array
 .text.__retarget_lock_acquire_recursive
                0x000000000800e21c        0x4 /home/bhavya/Downloads/1/plugins/fr.ac6.mcu.externaltools.arm-none.linux64_1.17.0.201812190825/tools/compiler/bin/../lib/gcc/arm-none-eabi/7.3.1/../../../../arm-none-eabi/lib/thumb/v7e-m/fpv4-sp/hard/libc.a(lib_a-lock.o)
                0x000000000800e21c                __retarget_lock_acquire_recursive
 .text.__retarget_lock_release_recursive
                0x000000000800e220        0x4 /home/bhavya/Downloads/1/plugins/fr.ac6.mcu.externaltools.arm-none.linux64_1.17.0.201812190825/tools/compiler/bin/../lib/gcc/arm-none-eabi/7.3.1/../../../../arm-none-eabi/lib/thumb/v7e-m/fpv4-sp/hard/libc.a(lib_a-lock.o)
                0x000000000800e220                __retarget_lock_release_recursive
 .text.__register_exitproc
                0x000000000800e224       0xc0 /home/bhavya/Downloads/1/plugins/fr.ac6.mcu.externaltools.arm-none.linux64_1.17.0.201812190825/tools/compiler/bin/../lib/gcc/arm-none-eabi/7.3.1/../../../../arm-none-eabi/lib/thumb/v7e-m/fpv4-sp/hard/libc.a(lib_a-__atexit.o)
                0x000000000800e224                __register_exitproc
 *(.glue_7)
 .glue_7        0x000000000800e2e4        0x0 linker stubs
 *(.glue_7t)
 .glue_7t       0x000000000800e2e4        0x0 linker stubs
 *(.eh_frame)
 .eh_frame      0x000000000800e2e4        0x0 /home/bhavya/Downloads/1/plugins/fr.ac6.mcu.externaltools.arm-none.linux64_1.17.0.201812190825/tools/compiler/bin/../lib/gcc/arm-none-eabi/7.3.1/thumb/v7e-m/fpv4-sp/hard/crtbegin.o
 *(.init)
 .init          0x000000000800e2e4        0x4 /home/bhavya/Downloads/1/plugins/fr.ac6.mcu.externaltools.arm-none.linux64_1.17.0.201812190825/tools/compiler/bin/../lib/gcc/arm-none-eabi/7.3.1/thumb/v7e-m/fpv4-sp/hard/crti.o
                0x000000000800e2e4                _init
 .init          0x000000000800e2e8        0x8 /home/bhavya/Downloads/1/plugins/fr.ac6.mcu.externaltools.arm-none.linux64_1.17.0.201812190825/tools/compiler/bin/../lib/gcc/arm-none-eabi/7.3.1/thumb/v7e-m/fpv4-sp/hard/crtn.o
 *(.fini)
 .fini          0x000000000800e2f0        0x4 /home/bhavya/Downloads/1/plugins/fr.ac6.mcu.externaltools.arm-none.linux64_1.17.0.201812190825/tools/compiler/bin/../lib/gcc/arm-none-eabi/7.3.1/thumb/v7e-m/fpv4-sp/hard/crti.o
                0x000000000800e2f0                _fini
 .fini          0x000000000800e2f4        0x8 /home/bhavya/Downloads/1/plugins/fr.ac6.mcu.externaltools.arm-none.linux64_1.17.0.201812190825/tools/compiler/bin/../lib/gcc/arm-none-eabi/7.3.1/thumb/v7e-m/fpv4-sp/hard/crtn.o
                0x000000000800e2fc                . = ALIGN (0x4)
                0x000000000800e2fc                _etext = .

.vfp11_veneer   0x000000000800e2fc        0x0
 .vfp11_veneer  0x000000000800e2fc        0x0 linker stubs

.v4_bx          0x000000000800e2fc        0x0
 .v4_bx         0x000000000800e2fc        0x0 linker stubs

.iplt           0x000000000800e2fc        0x0
 .iplt          0x000000000800e2fc        0x0 /home/bhavya/Downloads/1/plugins/fr.ac6.mcu.externaltools.arm-none.linux64_1.17.0.201812190825/tools/compiler/bin/../lib/gcc/arm-none-eabi/7.3.1/thumb/v7e-m/fpv4-sp/hard/crtbegin.o

.rodata         0x000000000800e300     0x3264
                0x000000000800e300                . = ALIGN (0x4)
 *(.rodata)
 .rodata        0x000000000800e300        0x4 Ventilation/src/ACTUATOR/ACT_BlowerCmd.o
                0x000000000800e300                MAX_NEGATIVE_FLOW_COUNTER
 .rodata        0x000000000800e304      0x254 Ventilation/src/DATABASE/DB_EventMngt.o
                0x000000000800e304                BeginCommonEventParam
                0x000000000800e308                EndCommonEventParam
                0x000000000800e30c                BeginSpecificEventParam
                0x000000000800e310                EndSpecificEventParam
                0x000000000800e314                EventDataSchemaVersion
                0x000000000800e318                DB_CommonEventMngtParam
                0x000000000800e3d8                DB_PsvEventMngtParam
                0x000000000800e418                DB_PresEventMngtParam
                0x000000000800e458                DB_VolEventMngtParam
                0x000000000800e498                DB_VsimvEventMngtParam
                0x000000000800e4d8                DB_PsimvEventMngtParam
                0x000000000800e518                DB_CpapEventMngtParam
 .rodata        0x000000000800e558     0x2ac4 Ventilation/src/DATABASE/DB_StartInitDb.o
                0x000000000800e558                cDB_VSIMV_TEST_ADJUST_DB
                0x000000000800e8d8                cDB_PSIMV_TEST_ADJUST_DB
                0x000000000800ec58                cDB_VOL_TEST_ADJUST_DB
                0x000000000800efd8                cDB_PSV_TEST_ADJUST_DB
                0x000000000800f358                cDB_CPAP_TEST_ADJUST_DB
                0x000000000800f6d8                cDB_PRES_TEST_ADJUST_DB
                0x000000000800fa58                cDB_TEST_CONFIG_DB
                0x00000000080100d8                cDB_TEST_RTC_DB
                0x00000000080101a8                cDB_TEST_USB_DB
                0x0000000008010288                cDB_TEST_VERSION_DB
                0x0000000008010328                cDB_TEST_TREND_DB
                0x00000000080105d8                cDB_Saturate_COMPUTE
                0x0000000008010c7c                cDB_Saturate_POWERSUPPLY
                0x0000000008010f38                cMODE_HIGH_LIMIT_VALUE
                0x0000000008010f3c                EventNumber
 .rodata        0x000000000801101c      0x1b9 Ventilation/src/MAIN/MAIN_Global_Variables_Init.o
                0x000000000801101c                SYS_InitTimerKey
                0x000000000801104c                PATIENT_PRESSURE_CALIB_POINTS
                0x000000000801106c                FLOW_CALIB_POINTS
                0x000000000801108c                VALVE_PRESSURE_CALIB_POINTS
                0x00000000080110ac                VALVE_FAS_PWM_CALIB_POINTS
                0x00000000080110b8                VALVE_FAS_PRESS_CALIB_POINTS
                0x00000000080110d4                FIO2_CALIB_POINTS
                0x00000000080110f4                FLOW_O2_CALIB_POINTS
                0x0000000008011114                O2_PRESSURE_CALIB_POINTS
                0x0000000008011134                CalibrationParameters
                0x00000000080111d4                cTIM_TimePeriodMs
 *fill*         0x00000000080111d5        0x3 
 .rodata        0x00000000080111d8       0x92 Ventilation/src/SCHEDULER/SCHED_Setup_entry.o
                0x00000000080111d8                Setup_Tasks_Table
                0x0000000008011258                Setup_Sched_table
                0x0000000008011268                Setup_Number_of_tasks
                0x0000000008011269                Setup_sched_step_number
 *fill*         0x000000000801126a        0x2 
 .rodata        0x000000000801126c       0x86 Ventilation/src/SCHEDULER/SCHED_Ventilation_entry.o
                0x000000000801126c                Ventilation_Tasks_Table
                0x00000000080112e0                Ventilation_Sched_table
                0x00000000080112f0                Ventilation_Number_of_tasks
                0x00000000080112f1                Ventilation_sched_step_number
 *fill*         0x00000000080112f2        0x2 
 .rodata        0x00000000080112f4       0x88 Ventilation/src/SYSTEM/INT_BlowerTemperatureInterpol.o
 *(.rodata*)
 .rodata.sqrt.str1.4
                0x000000000801137c        0x8 /home/bhavya/Downloads/1/plugins/fr.ac6.mcu.externaltools.arm-none.linux64_1.17.0.201812190825/tools/compiler/bin/../lib/gcc/arm-none-eabi/7.3.1/../../../../arm-none-eabi/lib/thumb/v7e-m/fpv4-sp/hard/libm.a(lib_a-w_sqrt.o)
                                          0x5 (size before relaxing)
 .rodata.npio2_hw
                0x0000000008011384       0x80 /home/bhavya/Downloads/1/plugins/fr.ac6.mcu.externaltools.arm-none.linux64_1.17.0.201812190825/tools/compiler/bin/../lib/gcc/arm-none-eabi/7.3.1/../../../../arm-none-eabi/lib/thumb/v7e-m/fpv4-sp/hard/libm.a(lib_a-e_rem_pio2.o)
 .rodata.two_over_pi
                0x0000000008011404      0x108 /home/bhavya/Downloads/1/plugins/fr.ac6.mcu.externaltools.arm-none.linux64_1.17.0.201812190825/tools/compiler/bin/../lib/gcc/arm-none-eabi/7.3.1/../../../../arm-none-eabi/lib/thumb/v7e-m/fpv4-sp/hard/libm.a(lib_a-e_rem_pio2.o)
 *fill*         0x000000000801150c        0x4 
 .rodata.PIo2   0x0000000008011510       0x40 /home/bhavya/Downloads/1/plugins/fr.ac6.mcu.externaltools.arm-none.linux64_1.17.0.201812190825/tools/compiler/bin/../lib/gcc/arm-none-eabi/7.3.1/../../../../arm-none-eabi/lib/thumb/v7e-m/fpv4-sp/hard/libm.a(lib_a-k_rem_pio2.o)
 .rodata.init_jk
                0x0000000008011550       0x10 /home/bhavya/Downloads/1/plugins/fr.ac6.mcu.externaltools.arm-none.linux64_1.17.0.201812190825/tools/compiler/bin/../lib/gcc/arm-none-eabi/7.3.1/../../../../arm-none-eabi/lib/thumb/v7e-m/fpv4-sp/hard/libm.a(lib_a-k_rem_pio2.o)
 .rodata._global_impure_ptr
                0x0000000008011560        0x4 /home/bhavya/Downloads/1/plugins/fr.ac6.mcu.externaltools.arm-none.linux64_1.17.0.201812190825/tools/compiler/bin/../lib/gcc/arm-none-eabi/7.3.1/../../../../arm-none-eabi/lib/thumb/v7e-m/fpv4-sp/hard/libc.a(lib_a-impure.o)
                0x0000000008011560                _global_impure_ptr
                0x0000000008011564                . = ALIGN (0x4)

.rel.dyn        0x0000000008011564        0x0
 .rel.iplt      0x0000000008011564        0x0 /home/bhavya/Downloads/1/plugins/fr.ac6.mcu.externaltools.arm-none.linux64_1.17.0.201812190825/tools/compiler/bin/../lib/gcc/arm-none-eabi/7.3.1/thumb/v7e-m/fpv4-sp/hard/crtbegin.o

.ARM.extab      0x0000000008011564        0x0
                0x0000000008011564                . = ALIGN (0x4)
 *(.ARM.extab* .gnu.linkonce.armextab.*)
                0x0000000008011564                . = ALIGN (0x4)

.ARM            0x0000000008011564        0x0
                0x0000000008011564                . = ALIGN (0x4)
                0x0000000008011564                __exidx_start = .
 *(.ARM.exidx*)
                0x0000000008011564                __exidx_end = .
                0x0000000008011564                . = ALIGN (0x4)

.preinit_array  0x0000000008011564        0x0
                0x0000000008011564                . = ALIGN (0x4)
                0x0000000008011564                PROVIDE (__preinit_array_start = .)
 *(.preinit_array*)
                0x0000000008011564                PROVIDE (__preinit_array_end = .)
                0x0000000008011564                . = ALIGN (0x4)

.init_array     0x0000000008011564        0x8
                0x0000000008011564                . = ALIGN (0x4)
                0x0000000008011564                PROVIDE (__init_array_start = .)
 *(SORT_BY_NAME(.init_array.*))
 .init_array.00000
                0x0000000008011564        0x4 /home/bhavya/Downloads/1/plugins/fr.ac6.mcu.externaltools.arm-none.linux64_1.17.0.201812190825/tools/compiler/bin/../lib/gcc/arm-none-eabi/7.3.1/../../../../arm-none-eabi/lib/thumb/v7e-m/fpv4-sp/hard/libc.a(lib_a-__call_atexit.o)
 *(.init_array*)
 .init_array    0x0000000008011568        0x4 /home/bhavya/Downloads/1/plugins/fr.ac6.mcu.externaltools.arm-none.linux64_1.17.0.201812190825/tools/compiler/bin/../lib/gcc/arm-none-eabi/7.3.1/thumb/v7e-m/fpv4-sp/hard/crtbegin.o
                0x000000000801156c                PROVIDE (__init_array_end = .)
                0x000000000801156c                . = ALIGN (0x4)

.fini_array     0x000000000801156c        0x4
                0x000000000801156c                . = ALIGN (0x4)
                0x000000000801156c                PROVIDE (__fini_array_start = .)
 *(SORT_BY_NAME(.fini_array.*))
 *(.fini_array*)
 .fini_array    0x000000000801156c        0x4 /home/bhavya/Downloads/1/plugins/fr.ac6.mcu.externaltools.arm-none.linux64_1.17.0.201812190825/tools/compiler/bin/../lib/gcc/arm-none-eabi/7.3.1/thumb/v7e-m/fpv4-sp/hard/crtbegin.o
                0x0000000008011570                PROVIDE (__fini_array_end = .)
                0x0000000008011570                . = ALIGN (0x4)
                0x0000000008011570                _sidata = LOADADDR (.data)

.data           0x0000000020000000      0x5cc load address 0x0000000008011570
                0x0000000020000000                . = ALIGN (0x4)
                0x0000000020000000                _sdata = .
 *(.data)
 .data          0x0000000020000000      0x110 Ventilation/src/ACTUATOR/ACT_BlowerCmd.o
                0x0000000020000000                VEN_ControllerType
                0x0000000020000004                AdjustMode
                0x0000000020000008                VEN_TiTeValueMesured
                0x0000000020000010                VEN_MeasuredValues
                0x00000000200000b0                VEN_PeMin
                0x00000000200000b4                VEN_Vti
                0x00000000200000b8                VEN_Rise_Pi_Set_Point
                0x00000000200000bc                VEN_Qi_Set_Point
                0x00000000200000c0                VEN_PressureUpStep
                0x00000000200000c4                VEN_PressureDownStep
                0x00000000200000c8                VEN_PMax
                0x00000000200000cc                VEN_StartBip
                0x00000000200000d0                VEN_TemporaryMeasureQinspMin
                0x00000000200000d4                VEN_TemporaryMeasureQinspMax
                0x00000000200000d8                VEN_PreviousAverageFlow
                0x00000000200000dc                VEN_SIMV_PS_End
                0x000000002000010c                BLOWER_CMD_2
 .data          0x0000000020000110        0x4 Ventilation/src/ACTUATOR/ACT_BrakePower.o
                0x0000000020000110                BLOWER_CMD_1
 .data          0x0000000020000114        0x4 Ventilation/src/ACTUATOR/ACT_O2ValveCmd.o
                0x0000000020000114                VANNE_O2_CMD_2
 .data          0x0000000020000118        0x4 Ventilation/src/ACTUATOR/ACT_ValveCmd.o
                0x0000000020000118                VALVE_CMD_2
 .data          0x000000002000011c        0x4 Ventilation/src/COMPUTE/CMP_CalculFlowLeak.o
 .data          0x0000000020000120        0x1 Ventilation/src/CYCLES/CYC_Pres_Vol_CyclesMngt.o
 *fill*         0x0000000020000121        0x3 
 .data          0x0000000020000124        0x4 Ventilation/src/CYCLES/CYC_TriggerEDetection.o
 .data          0x0000000020000128        0x4 Ventilation/src/DISPLAY/DIS_Backlight.o
 .data          0x000000002000012c        0xc Ventilation/src/SET_UP/SET_Actuator.o
                0x000000002000012c                VANNE_O2_CMD_1
                0x0000000020000130                VALVE_CMD_1
                0x0000000020000134                BLOWER_CMD_3
 .data          0x0000000020000138        0x4 Ventilation/src/SET_UP/SET_ExhFlowCalibration.o
 .data          0x000000002000013c        0x8 Ventilation/src/SET_UP/SET_FasValveCalibration.o
 .data          0x0000000020000144        0x4 Ventilation/src/SET_UP/SET_RTC_Mngt.o
 .data          0x0000000020000148        0x4 Ventilation/src/SYSTEM/SYS_ExhFlowCalibration.o
 .data          0x000000002000014c       0x28 Ventilation/src/SYSTEM/SYS_PressionChoice.o
 .data          0x0000000020000174       0x10 Ventilation/src/VENTILATION/VEN_Actuators.o
                0x0000000020000174                VANNE_O2_1_CMD
                0x0000000020000178                VALVE_1_CMD
                0x000000002000017c                BLOWER_1_CMD
 .data          0x0000000020000184        0x8 Ventilation/src/VENTILATION/VEN_Compute.o
                0x0000000020000184                CMP_DefaultQinsp
                0x0000000020000188                CMP_CorrectorVtSin
 .data          0x000000002000018c        0x4 Ventilation/src/VENTILATION/VEN_Cycles.o
                0x000000002000018c                RazSightCpt
 .data          0x0000000020000190        0x8 Ventilation/src/VENTILATION/VEN_LeakActuators.o
                0x0000000020000190                VALVE_2_CMD
                0x0000000020000194                BLOWER_2_CMD
 *(.data*)
 .data.__fdlib_version
                0x0000000020000198        0x1 /home/bhavya/Downloads/1/plugins/fr.ac6.mcu.externaltools.arm-none.linux64_1.17.0.201812190825/tools/compiler/bin/../lib/gcc/arm-none-eabi/7.3.1/../../../../arm-none-eabi/lib/thumb/v7e-m/fpv4-sp/hard/libm.a(lib_a-s_lib_ver.o)
                0x0000000020000198                __fdlib_version
 *fill*         0x0000000020000199        0x3 
 .data._impure_ptr
                0x000000002000019c        0x4 /home/bhavya/Downloads/1/plugins/fr.ac6.mcu.externaltools.arm-none.linux64_1.17.0.201812190825/tools/compiler/bin/../lib/gcc/arm-none-eabi/7.3.1/../../../../arm-none-eabi/lib/thumb/v7e-m/fpv4-sp/hard/libc.a(lib_a-impure.o)
                0x000000002000019c                _impure_ptr
 .data.impure_data
                0x00000000200001a0      0x428 /home/bhavya/Downloads/1/plugins/fr.ac6.mcu.externaltools.arm-none.linux64_1.17.0.201812190825/tools/compiler/bin/../lib/gcc/arm-none-eabi/7.3.1/../../../../arm-none-eabi/lib/thumb/v7e-m/fpv4-sp/hard/libc.a(lib_a-impure.o)
 .data.__atexit_recursive_mutex
                0x00000000200005c8        0x4 /home/bhavya/Downloads/1/plugins/fr.ac6.mcu.externaltools.arm-none.linux64_1.17.0.201812190825/tools/compiler/bin/../lib/gcc/arm-none-eabi/7.3.1/../../../../arm-none-eabi/lib/thumb/v7e-m/fpv4-sp/hard/libc.a(lib_a-__call_atexit.o)
                0x00000000200005c8                __atexit_recursive_mutex
                0x00000000200005cc                . = ALIGN (0x4)
                0x00000000200005cc                _edata = .

.igot.plt       0x00000000200005cc        0x0 load address 0x0000000008011b3c
 .igot.plt      0x00000000200005cc        0x0 /home/bhavya/Downloads/1/plugins/fr.ac6.mcu.externaltools.arm-none.linux64_1.17.0.201812190825/tools/compiler/bin/../lib/gcc/arm-none-eabi/7.3.1/thumb/v7e-m/fpv4-sp/hard/crtbegin.o
                0x00000000200005cc                . = ALIGN (0x4)

.bss            0x00000000200005d0     0xfea4 load address 0x0000000008011b3c
                0x00000000200005d0                _sbss = .
                0x00000000200005d0                __bss_start__ = _sbss
 *(.bss)
 .bss           0x00000000200005d0       0x1c /home/bhavya/Downloads/1/plugins/fr.ac6.mcu.externaltools.arm-none.linux64_1.17.0.201812190825/tools/compiler/bin/../lib/gcc/arm-none-eabi/7.3.1/thumb/v7e-m/fpv4-sp/hard/crtbegin.o
 *fill*         0x00000000200005ec        0x4 
 .bss           0x00000000200005f0      0x100 Ventilation/src/ACTUATOR/ACT_BlowerCmd.o
                0x00000000200005f0                VEN_CptCumulValveCurrent
                0x00000000200005f4                VEN_IntegralBlower
                0x00000000200005f8                VEN_IntegralValve
                0x00000000200005fc                ChangeMode
                0x0000000020000600                VentilAuthorization
                0x0000000020000604                AdjustApnea
                0x0000000020000608                VEN_SIMVCycle
                0x0000000020000609                VEN_Controller_Phase
                0x000000002000060c                VEN_PerCentRisePI
                0x0000000020000610                VEN_PerCentRiseQI
                0x0000000020000614                VEN_CommandFlow
                0x0000000020000618                VEN_TargetFlow
                0x000000002000061c                VEN_ValveCurrentSat
                0x0000000020000620                VEN_FlowNegSat
                0x0000000020000628                VEN_LeakFlowFactorAverage
                0x0000000020000630                VEN_Qee_SampleSize
                0x0000000020000634                VEN_FleakMeasured
                0x0000000020000638                VEN_MemoFleakMeasured
                0x0000000020000640                VEN_LeakVtiCorrection
                0x0000000020000648                VEN_LeakVteCorrection
                0x0000000020000650                VEN_ExhalFlowMaxMeasured
                0x0000000020000654                VEN_TempRiseOpenValve
                0x0000000020000658                VEN_TRiseIncrem
                0x000000002000065c                VEN_TRiseDecrem
                0x0000000020000660                VEN_MutexSignal1
                0x0000000020000664                VEN_MutexSignal2
                0x0000000020000668                VEN_MutexSignal3
                0x000000002000066c                VEN_TRise_Rebond
                0x0000000020000670                VEN_PepMeasured
                0x0000000020000674                VEN_FirstCycle
                0x0000000020000678                VEN_SecondCycle
                0x000000002000067c                VEN_ThirdCycle
                0x0000000020000680                VEN_UnvolontaryStop
                0x0000000020000684                VEN_TeFall
                0x0000000020000688                VEN_SighDetected
                0x000000002000068c                VEN_AuthorizationRegulO2
                0x0000000020000690                VEN_LaunchCalibO2
                0x0000000020000694                VEN_IntegralValveO2
                0x0000000020000698                VEN_TrigExpDetected
                0x000000002000069c                VEN_InitValve
                0x00000000200006a0                VEN_CpapFirstCycle
                0x00000000200006a4                VEN_MeasureQinspMin
                0x00000000200006a8                VEN_MeasureQinspMax
                0x00000000200006ac                VEN_MutexReadjust
                0x00000000200006b0                VEN_CumulVtiCpap
                0x00000000200006b4                VEN_CumulFlowCounter
                0x00000000200006b8                VEN_PreviousMeasureQinsp
                0x00000000200006bc                VEN_PtrMesureFlowPress
                0x00000000200006c0                VEN_PtrLeakFlowFactor
                0x00000000200006c4                VEN_LeakFactorCptValues
                0x00000000200006c8                VEN_Mutex_High_Pressure
                0x00000000200006cc                VEN_MutexTimerReadjust
                0x00000000200006d0                VEN_Disconnexion_Flag
                0x00000000200006d4                VEN_VentilationStart
                0x00000000200006d8                VEN_MutexVanneO2
                0x00000000200006dc                VEN_Synchro_Reset_Alarms
                0x00000000200006e0                VEN_CircuitDisconnectLowPressLimit
                0x00000000200006e4                VEN_NegativeFlowCounter
                0x00000000200006e8                VEN_DetectedNegativeFlow
                0x00000000200006ec                VEN_IsVtiExhUpdated
 .bss           0x00000000200006f0        0x4 Ventilation/src/ACTUATOR/ACT_BrakePower.o
                0x00000000200006f0                BRAKE_BLOWER_2
 .bss           0x00000000200006f4        0xc Ventilation/src/COMPUTE/CMP_AveragePressureComputing.o
 .bss           0x0000000020000700        0x4 Ventilation/src/COMPUTE/CMP_CalculAutoAdaptInsp.o
 .bss           0x0000000020000704        0x4 Ventilation/src/COMPUTE/CMP_CalculFlowLeak.o
 .bss           0x0000000020000708        0x8 Ventilation/src/COMPUTE/CMP_ExhPlatComputings.o
 .bss           0x0000000020000710       0x18 Ventilation/src/COMPUTE/CMP_ExhalationComputings.o
 .bss           0x0000000020000728       0x20 Ventilation/src/COMPUTE/CMP_InspRiseComputings.o
 .bss           0x0000000020000748       0x30 Ventilation/src/COMPUTE/CMP_InspirationComputings.o
 .bss           0x0000000020000778       0x19 Ventilation/src/COMPUTE/CMP_LeakFactors.o
 *fill*         0x0000000020000791        0x3 
 .bss           0x0000000020000794       0x10 Ventilation/src/CYCLES/CYC_Pres_Vol_CyclesMngt.o
 .bss           0x00000000200007a4        0x8 Ventilation/src/CYCLES/CYC_Psvt_CyclesMngt.o
 .bss           0x00000000200007ac        0xc Ventilation/src/CYCLES/CYC_TriggerIDetection.o
 .bss           0x00000000200007b8       0x3c Ventilation/src/DATABASE/DB_StartInitDb.o
                0x00000000200007b8                MemoMode
                0x00000000200007bc                DB_FirstStart
                0x00000000200007c0                BadParameter
                0x00000000200007c4                NewVersionDetected
                0x00000000200007c8                BadVersion
                0x00000000200007cc                LoosePara
                0x00000000200007d0                DB_StartInitRequest
                0x00000000200007d4                SEC_High_Priority_1
                0x00000000200007d8                SEC_High_Priority_2
                0x00000000200007dc                SEC_High_Priority_3
                0x00000000200007e0                SEC_Medium_Priority_1
                0x00000000200007e4                SEC_Medium_Priority_2
                0x00000000200007e8                SEC_Medium_Priority_3
                0x00000000200007ec                SEC_Low_Priority
                0x00000000200007f0                SEC_SpeedTestEnded
 .bss           0x00000000200007f4        0x4 Ventilation/src/DISPLAY/DIS_FifoRead.o
                0x00000000200007f4                MASTERBUSY_1
 .bss           0x00000000200007f8       0xb0 Ventilation/src/MAIN/MAIN_Global_Variables_Init.o
                0x00000000200007f8                CONS_VIT
                0x00000000200007fc                DEF_TURB
                0x0000000020000800                ENABLE_TURB
                0x0000000020000804                BRAKE_BLOWER
                0x0000000020000808                SPEED_BLOWER_PIN
                0x000000002000080c                CD_VALVE
                0x0000000020000810                CD_VANNE_FIO2
                0x0000000020000814                ALIM_FAILURE_3_3V
                0x0000000020000818                ALIM_FAILURE_5VREF
                0x000000002000081c                ALIM_FAILURE_10VREF
                0x0000000020000820                RESET_USB
                0x0000000020000824                ALARM_REMOTE_STATE
                0x0000000020000828                WDOG
                0x000000002000082c                ARRET_INVOLONTAIRE
                0x0000000020000830                CMD_ME1
                0x0000000020000834                ALE_ME1
                0x0000000020000838                BHE
                0x000000002000083c                RF
                0x0000000020000840                IRQ_UART
                0x0000000020000844                TX_UART_ST
                0x0000000020000848                RX_UART_ST
                0x000000002000084c                MRST_SPI_ALIM
                0x0000000020000850                MTSR_SPI_ALIM
                0x0000000020000854                CLK_SPI_ALIM
                0x0000000020000858                MRST_SPI_CPU
                0x000000002000085c                MTSR_SPI_CPU
                0x0000000020000860                SCLK_SPI_CPU
                0x0000000020000864                JUMPER_JP8
                0x0000000020000868                JUMPER_JP7
                0x000000002000086c                SEC_BUZ
                0x0000000020000870                MASTERBUSY
                0x0000000020000874                INHIB_DETECTED
                0x0000000020000878                LED_ALARME_ROUGE
                0x000000002000087c                LED_ALARME_ORANGE
                0x0000000020000880                AC_SELECT
                0x0000000020000884                DC_SELECT
                0x0000000020000888                SYS_MutexStartStopVentilUP
                0x000000002000088c                SYS_MutexStopInfoVentil
                0x0000000020000890                SYS_WaitingForStopConfirm
                0x0000000020000894                SYS_CounterPatientMin
                0x0000000020000898                SYS_CounterPatientHour
                0x000000002000089c                SYS_CounterMachineMin
                0x00000000200008a0                SYS_CounterMachineHour
                0x00000000200008a4                SYS_CalibProcessing
 .bss           0x00000000200008a8        0x4 Ventilation/src/MAIN/MAIN_Target_Init.o
                0x00000000200008a8                RESET_USB_1
 .bss           0x00000000200008ac        0x4 Ventilation/src/MAIN/MAIN_Ventilation_Init.o
                0x00000000200008ac                BRAKE_BLOWER_1
 .bss           0x00000000200008b0        0x2 Ventilation/src/SCHEDULER/SCHED_Setup_entry.o
                0x00000000200008b0                Setup_CountActivateJob
                0x00000000200008b1                Setup_CountActivateTaskStep
 .bss           0x00000000200008b2        0x2 Ventilation/src/SCHEDULER/SCHED_Ventilation_entry.o
                0x00000000200008b2                Ventilation_CountActivateJob
                0x00000000200008b3                Ventilation_CountActivateTaskStep
 .bss           0x00000000200008b4        0x4 Ventilation/src/SECURITY/SEC_TurbineOverheat.o
 .bss           0x00000000200008b8       0x1c Ventilation/src/SET_UP/SET_Actuator.o
                0x00000000200008b8                CD_VANNE_FIO2_1
 .bss           0x00000000200008d4      0x3d0 Ventilation/src/SET_UP/SET_DefaultCalibration.o
 .bss           0x0000000020000ca4      0x14c Ventilation/src/SET_UP/SET_ExhFlowCalibration.o
 .bss           0x0000000020000df0      0x798 Ventilation/src/SET_UP/SET_FasValveCalibration.o
 .bss           0x0000000020001588      0x144 Ventilation/src/SYSTEM/INT_AbsPress_Interpol.o
 .bss           0x00000000200016cc       0x30 Ventilation/src/SYSTEM/INT_BlowerTemperatureInterpol.o
 .bss           0x00000000200016fc      0x144 Ventilation/src/SYSTEM/INT_ExhFlow_Interpol.o
 .bss           0x0000000020001840      0x170 Ventilation/src/SYSTEM/INT_InspFlow_Interpol.o
 .bss           0x00000000200019b0      0x144 Ventilation/src/SYSTEM/INT_O2Flow_Interpol.o
 .bss           0x0000000020001af4       0x2c Ventilation/src/SYSTEM/INT_O2Press_Interpol.o
 .bss           0x0000000020001b20       0x14 Ventilation/src/SYSTEM/INT_PatPress_Interpol.o
 .bss           0x0000000020001b34       0x14 Ventilation/src/SYSTEM/INT_ProxiPress_Interpol.o
 .bss           0x0000000020001b48       0x34 Ventilation/src/SYSTEM/INT_SpeedBlow_Interpol.o
                0x0000000020001b48                SpeedBlowerDigit
                0x0000000020001b4c                AvailableSpeedBlowerDigit
 .bss           0x0000000020001b7c       0x2c Ventilation/src/SYSTEM/INT_ValvePress_Interpol.o
 .bss           0x0000000020001ba8        0x4 Ventilation/src/SYSTEM/SYS_CalibrationManagement.o
 .bss           0x0000000020001bac      0x14c Ventilation/src/SYSTEM/SYS_ExhFlowCalibration.o
 .bss           0x0000000020001cf8      0x148 Ventilation/src/SYSTEM/SYS_Fio2Calibration.o
 .bss           0x0000000020001e40       0x10 Ventilation/src/SYSTEM/SYS_Fio2Detection.o
 .bss           0x0000000020001e50        0x4 Ventilation/src/SYSTEM/SYS_Interpolation.o
                0x0000000020001e50                DRV_Acquisition_Disponible
 .bss           0x0000000020001e54        0x2 Ventilation/src/SYSTEM/SYS_Keyboard.o
 *fill*         0x0000000020001e56        0x2 
 .bss           0x0000000020001e58        0xc Ventilation/src/SYSTEM/SYS_PressionChoice.o
 .bss           0x0000000020001e64        0x4 Ventilation/src/SYSTEM/SYS_VentilationLaunch.o
 .bss           0x0000000020001e68       0x10 Ventilation/src/VENTILATION/VEN_Actuators.o
                0x0000000020001e68                CD_VANNE_1_FIO2
 .bss           0x0000000020001e78       0x2f Ventilation/src/VENTILATION/VEN_Compute.o
                0x0000000020001e78                CMP_PMaxAutoAdapt
                0x0000000020001e7c                CMP_FlowMaxMeasuredInsp
                0x0000000020001e80                CMP_PreviousControllerPhase
                0x0000000020001e84                CMP_FullPepCounter
                0x0000000020001e88                CMP_FullPepMeasured
                0x0000000020001e8c                CMP_PvalveMeasured
                0x0000000020001e90                CMP_CumulVtiCorrected
                0x0000000020001e94                CMP_SetPoint_Mutex
                0x0000000020001e98                CMP_UpStep_Mutex
                0x0000000020001e9c                CMP_DownStep_Mutex
                0x0000000020001ea0                CMP_TargetVT_Pi
 *fill*         0x0000000020001ea7        0x1 
 .bss           0x0000000020001ea8       0x11 Ventilation/src/VENTILATION/VEN_Cycles.o
                0x0000000020001ea8                CYC_TiExpired
                0x0000000020001eac                CYC_TeExpired
                0x0000000020001eb0                CYC_FirstInspirationActive
                0x0000000020001eb4                CYC_Qmax
                0x0000000020001eb8                CYC_PreviousControllerPhase
 *fill*         0x0000000020001eb9        0x3 
 .bss           0x0000000020001ebc        0x8 Ventilation/src/VENTILATION/VEN_LeakActuators.o
 .bss           0x0000000020001ec4       0x20 src/MAIN.o
                0x0000000020001ec4                CounterTemperature
                0x0000000020001ec8                spi_chip_access
                0x0000000020001ecc                CounterTop1ms
                0x0000000020001ed0                MAIN_Interfaces_Second_Init
                0x0000000020001ed4                MAIN_End_of_init
                0x0000000020001ed8                MAIN_TopTimer5ms
                0x0000000020001edc                MAIN_CrcEepromTrouble
                0x0000000020001ee0                INHIB_DETECTED_1
 *(.bss*)
 *(COMMON)
 COMMON         0x0000000020001ee4      0x360 Ventilation/src/ACTUATOR/ACT_BlowerCmd.o
                0x0000000020001ee4                VEN_SIMV_Cycle_History
                0x0000000020001efc                VEN_MesureFlowQexh
                0x0000000020002014                VEN_MesureFlowQinsp
                0x000000002000212c                VEN_MesurePressure
 COMMON         0x0000000020002244      0x154 Ventilation/src/DATABASE/DB_ComputeWrite.o
                0x0000000020002244                DB_Compute
 COMMON         0x0000000020002398        0x4 Ventilation/src/DATABASE/DB_ConfigRead.o
                0x0000000020002398                EEP_DB_Config
 COMMON         0x000000002000239c      0x1b0 Ventilation/src/DATABASE/DB_ControlRead.o
                0x000000002000239c                DB_Control
 COMMON         0x000000002000254c       0xe0 Ventilation/src/DATABASE/DB_CurrentRead.o
                0x000000002000254c                DB_Current
 COMMON         0x000000002000262c       0x60 Ventilation/src/DATABASE/DB_KeyboardEventWrite.o
                0x000000002000262c                DB_KeyboardEvent
 COMMON         0x000000002000268c       0x34 Ventilation/src/DATABASE/DB_RTCWrite.o
                0x000000002000268c                DB_Rtc
 COMMON         0x00000000200026c0      0x3cc Ventilation/src/DATABASE/DB_StartInitDb.o
                0x00000000200026c0                DB_EepConfigDbError
                0x0000000020002860                DB_EepTrendDbError
                0x000000002000290c                DB_AlarmStatus
 COMMON         0x0000000020002a8c        0x4 Ventilation/src/DATABASE/DB_TrendRead.o
                0x0000000020002a8c                EEP_DB_TREND
 COMMON         0x0000000020002a90       0x10 Ventilation/src/DISPLAY/DIS_FifoRead.o
                0x0000000020002a90                T2
                0x0000000020002a94                T2CON
                0x0000000020002a98                T2IC
                0x0000000020002a9c                T2IR
 COMMON         0x0000000020002aa0     0xd8d4 Ventilation/src/MAIN/MAIN_Global_Variables_Init.o
                0x0000000020002aa0                PECC7
                0x0000000020002aa4                T1REL
                0x0000000020002aa8                DP8
                0x0000000020002aac                DP5
                0x0000000020002ab0                SYS_Num_Keyboard
                0x0000000020002d20                T7R
                0x0000000020002d24                S0TBUF
                0x0000000020002d28                XIR2SET
                0x0000000020002d2c                TIM_TableOfCntAndDecnt
                0x000000002000335c                XSSCRB
                0x0000000020003360                ADEIC
                0x0000000020003364                PECC0
                0x0000000020003368                T4IE
                0x000000002000336c                SRCP7
                0x0000000020003370                SSCRIC