Archive member included to satisfy reference by file (symbol)

/home/bhavya/Downloads/1/plugins/fr.ac6.mcu.externaltools.arm-none.linux64_1.17.0.201812190825/tools/compiler/bin/../lib/gcc/arm-none-eabi/7.3.1/../../../../arm-none-eabi/lib/thumb/v7e-m/fpv4-sp/hard/libc.a(lib_a-errno.o)
                              startup/sysmem.o (__errno)
/home/bhavya/Downloads/1/plugins/fr.ac6.mcu.externaltools.arm-none.linux64_1.17.0.201812190825/tools/compiler/bin/../lib/gcc/arm-none-eabi/7.3.1/../../../../arm-none-eabi/lib/thumb/v7e-m/fpv4-sp/hard/libc.a(lib_a-exit.o)
                              /home/bhavya/Downloads/1/plugins/fr.ac6.mcu.externaltools.arm-none.linux64_1.17.0.201812190825/tools/compiler/bin/../lib/gcc/arm-none-eabi/7.3.1/../../../../arm-none-eabi/lib/thumb/v7e-m/fpv4-sp/hard/crt0.o (exit)
/home/bhavya/Downloads/1/plugins/fr.ac6.mcu.externaltools.arm-none.linux64_1.17.0.201812190825/tools/compiler/bin/../lib/gcc/arm-none-eabi/7.3.1/../../../../arm-none-eabi/lib/thumb/v7e-m/fpv4-sp/hard/libc.a(lib_a-impure.o)
                              /home/bhavya/Downloads/1/plugins/fr.ac6.mcu.externaltools.arm-none.linux64_1.17.0.201812190825/tools/compiler/bin/../lib/gcc/arm-none-eabi/7.3.1/../../../../arm-none-eabi/lib/thumb/v7e-m/fpv4-sp/hard/libc.a(lib_a-exit.o) (_global_impure_ptr)
/home/bhavya/Downloads/1/plugins/fr.ac6.mcu.externaltools.arm-none.linux64_1.17.0.201812190825/tools/compiler/bin/../lib/gcc/arm-none-eabi/7.3.1/../../../../arm-none-eabi/lib/thumb/v7e-m/fpv4-sp/hard/libc.a(lib_a-init.o)
                              /home/bhavya/Downloads/1/plugins/fr.ac6.mcu.externaltools.arm-none.linux64_1.17.0.201812190825/tools/compiler/bin/../lib/gcc/arm-none-eabi/7.3.1/../../../../arm-none-eabi/lib/thumb/v7e-m/fpv4-sp/hard/crt0.o (__libc_init_array)
/home/bhavya/Downloads/1/plugins/fr.ac6.mcu.externaltools.arm-none.linux64_1.17.0.201812190825/tools/compiler/bin/../lib/gcc/arm-none-eabi/7.3.1/../../../../arm-none-eabi/lib/thumb/v7e-m/fpv4-sp/hard/libc.a(lib_a-memcpy.o)
                              Ventilation/src/SYSTEM/INT_BlowerTemperatureInterpol.o (memcpy)
/home/bhavya/Downloads/1/plugins/fr.ac6.mcu.externaltools.arm-none.linux64_1.17.0.201812190825/tools/compiler/bin/../lib/gcc/arm-none-eabi/7.3.1/../../../../arm-none-eabi/lib/thumb/v7e-m/fpv4-sp/hard/libc.a(lib_a-memset.o)
                              /home/bhavya/Downloads/1/plugins/fr.ac6.mcu.externaltools.arm-none.linux64_1.17.0.201812190825/tools/compiler/bin/../lib/gcc/arm-none-eabi/7.3.1/../../../../arm-none-eabi/lib/thumb/v7e-m/fpv4-sp/hard/crt0.o (memset)
/home/bhavya/Downloads/1/plugins/fr.ac6.mcu.externaltools.arm-none.linux64_1.17.0.201812190825/tools/compiler/bin/../lib/gcc/arm-none-eabi/7.3.1/../../../../arm-none-eabi/lib/thumb/v7e-m/fpv4-sp/hard/libc.a(lib_a-__call_atexit.o)
                              /home/bhavya/Downloads/1/plugins/fr.ac6.mcu.externaltools.arm-none.linux64_1.17.0.201812190825/tools/compiler/bin/../lib/gcc/arm-none-eabi/7.3.1/../../../../arm-none-eabi/lib/thumb/v7e-m/fpv4-sp/hard/libc.a(lib_a-exit.o) (__call_exitprocs)
/home/bhavya/Downloads/1/plugins/fr.ac6.mcu.externaltools.arm-none.linux64_1.17.0.201812190825/tools/compiler/bin/../lib/gcc/arm-none-eabi/7.3.1/../../../../arm-none-eabi/lib/thumb/v7e-m/fpv4-sp/hard/libc.a(lib_a-atexit.o)
                              /home/bhavya/Downloads/1/plugins/fr.ac6.mcu.externaltools.arm-none.linux64_1.17.0.201812190825/tools/compiler/bin/../lib/gcc/arm-none-eabi/7.3.1/../../../../arm-none-eabi/lib/thumb/v7e-m/fpv4-sp/hard/libc.a(lib_a-__call_atexit.o) (atexit)
/home/bhavya/Downloads/1/plugins/fr.ac6.mcu.externaltools.arm-none.linux64_1.17.0.201812190825/tools/compiler/bin/../lib/gcc/arm-none-eabi/7.3.1/../../../../arm-none-eabi/lib/thumb/v7e-m/fpv4-sp/hard/libc.a(lib_a-fini.o)
                              /home/bhavya/Downloads/1/plugins/fr.ac6.mcu.externaltools.arm-none.linux64_1.17.0.201812190825/tools/compiler/bin/../lib/gcc/arm-none-eabi/7.3.1/../../../../arm-none-eabi/lib/thumb/v7e-m/fpv4-sp/hard/libc.a(lib_a-__call_atexit.o) (__libc_fini_array)
/home/bhavya/Downloads/1/plugins/fr.ac6.mcu.externaltools.arm-none.linux64_1.17.0.201812190825/tools/compiler/bin/../lib/gcc/arm-none-eabi/7.3.1/../../../../arm-none-eabi/lib/thumb/v7e-m/fpv4-sp/hard/libc.a(lib_a-lock.o)
                              /home/bhavya/Downloads/1/plugins/fr.ac6.mcu.externaltools.arm-none.linux64_1.17.0.201812190825/tools/compiler/bin/../lib/gcc/arm-none-eabi/7.3.1/../../../../arm-none-eabi/lib/thumb/v7e-m/fpv4-sp/hard/libc.a(lib_a-__call_atexit.o) (__retarget_lock_acquire_recursive)
/home/bhavya/Downloads/1/plugins/fr.ac6.mcu.externaltools.arm-none.linux64_1.17.0.201812190825/tools/compiler/bin/../lib/gcc/arm-none-eabi/7.3.1/../../../../arm-none-eabi/lib/thumb/v7e-m/fpv4-sp/hard/libc.a(lib_a-__atexit.o)
[...]
Memory Configuration

Name             Origin             Length             Attributes
RAM              0x0000000020000000 0x0000000000020000 xrw
ROM              0x0000000008000000 0x0000000000080000 xr
*default*        0x0000000000000000 0xffffffffffffffff

Linker script and memory map

LOAD /home/bhavya/Downloads/1/plugins/fr.ac6.mcu.externaltools.arm-none.linux64_1.17.0.201812190825/tools/compiler/bin/../lib/gcc/arm-none-eabi/7.3.1/thumb/v7e-m/fpv4-sp/hard/crti.o
LOAD /home/bhavya/Downloads/1/plugins/fr.ac6.mcu.externaltools.arm-none.linux64_1.17.0.201812190825/tools/compiler/bin/../lib/gcc/arm-none-eabi/7.3.1/thumb/v7e-m/fpv4-sp/hard/crtbegin.o
LOAD /home/bhavya/Downloads/1/plugins/fr.ac6.mcu.externaltools.arm-none.linux64_1.17.0.201812190825/tools/compiler/bin/../lib/gcc/arm-none-eabi/7.3.1/../../../../arm-none-eabi/lib/thumb/v7e-m/fpv4-sp/hard/crt0.o
LOAD Ventilation/src/ACTUATOR/ACT_BlowerCmd.o
LOAD Ventilation/src/ACTUATOR/ACT_BrakePower.o
LOAD Ventilation/src/ACTUATOR/ACT_O2ValveCmd.o
LOAD Ventilation/src/ACTUATOR/ACT_ValveCmd.o
LOAD Ventilation/src/DATABASE/DB_AlarmInfoRead.o
LOAD Ventilation/src/DATABASE/DB_AlarmInfoWrite.o
LOAD Ventilation/src/DATABASE/DB_AlarmStatusRead.o
LOAD Ventilation/src/DATABASE/DB_AlarmStatusWrite.o
LOAD Ventilation/src/DATABASE/DB_ComputeRead.o
LOAD Ventilation/src/DATABASE/DB_ComputeWrite.o
LOAD Ventilation/src/DATABASE/DB_ConfigRead.o
LOAD Ventilation/src/DATABASE/DB_ConfigWrite.o
LOAD Ventilation/src/DATABASE/DB_ControlRead.o
LOAD Ventilation/src/DATABASE/DB_ControlWrite.o
LOAD Ventilation/src/DATABASE/DB_CurrentRead.o
LOAD Ventilation/src/DATABASE/DB_EventMngt.o
LOAD Ventilation/src/DATABASE/DB_MeasurementWrite.o
LOAD Ventilation/src/DATABASE/DB_RTCRead.o
LOAD Ventilation/src/DATABASE/DB_RTCWrite.o
LOAD Ventilation/src/DATABASE/DB_Revision.o
LOAD Ventilation/src/DATABASE/DB_StartInitDb.o
LOAD Ventilation/src/DATABASE/DB_TrendWrite.o
LOAD Ventilation/src/DATABASE/DB_UsbRead.o
LOAD Ventilation/src/DATABASE/DB_WriteDataInEepAndRam.o
LOAD Ventilation/src/DATABASE_SETTINGS/DB_IHM_Decrease_Access.o
LOAD Ventilation/src/DATABASE_SETTINGS/DB_IHM_Increase_Access.o
LOAD Ventilation/src/DATABASE_SETTINGS/DB_IHM_Read_Access.o
LOAD Ventilation/src/DATABASE_SETTINGS/DB_IHM_Read_Info_Access.o
LOAD Ventilation/src/DATABASE_SETTINGS/DB_IHM_Setting_Rtc_Day.o
LOAD Ventilation/src/DATABASE_SETTINGS/DB_IHM_Write_Access.o
LOAD Ventilation/src/DATABASE_SETTINGS/DB_IHM_Write_Info_Access.o
LOAD Ventilation/src/DATABASE_SETTINGS/DB_IhmAccessParaDataBase.o
LOAD Ventilation/src/DISPLAY/DIS_Box.o
LOAD Ventilation/src/DISPLAY/DIS_DisplayPage.o
LOAD Ventilation/src/DISPLAY/DIS_ErasePage.o
LOAD Ventilation/src/DISPLAY/DIS_EraseZone.o
LOAD Ventilation/src/DISPLAY/DIS_FifoRead.o
LOAD Ventilation/src/DISPLAY/DIS_Line.o
LOAD Ventilation/src/DISPLAY/DIS_Number.o
LOAD Ventilation/src/DISPLAY/DIS_Pixel.o
LOAD Ventilation/src/DISPLAY/DIS_String.o
LOAD Ventilation/src/DISPLAY/DIS_Symbol.o
LOAD Ventilation/src/GENERAL/Average.o
LOAD Ventilation/src/GENERAL/Saturation.o
LOAD Ventilation/src/INTERRUPTS/It_watchdog.o
LOAD Ventilation/src/MAIN/MAIN_Global_Variables_Init.o
LOAD Ventilation/src/MAIN/MAIN_Interfaces_Init.o
LOAD Ventilation/src/MAIN/MAIN_Security_Init.o
LOAD Ventilation/src/MAIN/MAIN_System_Init.o
LOAD Ventilation/src/MAIN/MAIN_Target_Init.o
LOAD Ventilation/src/MAIN/MAIN_Tasks_Init.o
LOAD Ventilation/src/MAIN/MAIN_Ventilation_Init.o
LOAD Ventilation/src/SCHEDULER/SCHED_Setup_Main.o
LOAD Ventilation/src/SCHEDULER/SCHED_Setup_entry.o
LOAD Ventilation/src/SCHEDULER/SCHED_Ventilation_Main.o
LOAD Ventilation/src/SCHEDULER/SCHED_Ventilation_entry.o
LOAD Ventilation/src/SECURITY/SEC_ExhFlowOffsetDefault.o
LOAD Ventilation/src/SECURITY/SEC_LooseFlashPointer.o
LOAD Ventilation/src/SECURITY/SEC_TurbineOverheat.o
LOAD Ventilation/src/SECURITY/VEN_Security.o
LOAD Ventilation/src/SET_UP/SET_Actuator.o
LOAD Ventilation/src/SET_UP/SET_CalibrationManagement.o
LOAD Ventilation/src/SET_UP/SET_CalibrationVerification.o
LOAD Ventilation/src/SET_UP/SET_DefaultCalibration.o
LOAD Ventilation/src/SET_UP/SET_ExhFlowCalibration.o
LOAD Ventilation/src/SET_UP/SET_FasValveCalibration.o
LOAD Ventilation/src/SET_UP/SET_InspFlowOffsetDefault.o
LOAD Ventilation/src/SET_UP/SET_InternalPressureOffsetDefault.o
LOAD Ventilation/src/SET_UP/SET_O2FlowOffsetDefault.o
LOAD Ventilation/src/SET_UP/SET_O2PressureOffsetDefault.o
LOAD Ventilation/src/SET_UP/SET_ProximalPressureOffsetDefault.o
LOAD Ventilation/src/SET_UP/SET_RTC_Mngt.o
LOAD Ventilation/src/SET_UP/SET_TechnicalAlarms.o
LOAD Ventilation/src/SET_UP/SET_ValvePressureOffsetDefault.o
LOAD Ventilation/src/SYSTEM/INT_AbsPress_Interpol.o
LOAD Ventilation/src/SYSTEM/INT_BlowerTemperatureInterpol.o
LOAD Ventilation/src/SYSTEM/INT_ExhFlow_Interpol.o
LOAD Ventilation/src/SYSTEM/INT_Fio2_Interpol.o
LOAD Ventilation/src/SYSTEM/INT_Flow_Conversion_Equation.o
LOAD Ventilation/src/SYSTEM/INT_InspFlow_Interpol.o
LOAD Ventilation/src/SYSTEM/INT_O2Flow_Interpol.o
LOAD Ventilation/src/SYSTEM/INT_O2Press_Interpol.o
LOAD Ventilation/src/SYSTEM/INT_PatPress_Interpol.o
LOAD Ventilation/src/SYSTEM/INT_ProxiPress_Interpol.o
LOAD Ventilation/src/SYSTEM/INT_SpeedBlow_Interpol.o
LOAD Ventilation/src/SYSTEM/INT_ValvePress_Interpol.o
LOAD Ventilation/src/SYSTEM/INT_Voltages_Interpol.o
LOAD Ventilation/src/SYSTEM/SYS_Backlight_Mngt.o
LOAD Ventilation/src/SYSTEM/SYS_CurveFlowCalcul.o
LOAD Ventilation/src/SYSTEM/SYS_Fio2Detection.o
LOAD Ventilation/src/SYSTEM/SYS_Interpolation.o
LOAD Ventilation/src/SYSTEM/SYS_Keyboard.o
LOAD Ventilation/src/SYSTEM/SYS_RTC_Update.o
LOAD Ventilation/src/SYSTEM/SYS_SetupLaunch.o
LOAD Ventilation/src/SYSTEM/SYS_SupplyDetect.o
LOAD Ventilation/src/SYSTEM/SYS_VentilationLaunch.o
LOAD Ventilation/src/TIMERS/TIM_Launch.o
LOAD Ventilation/src/TIMERS/TIM_ReadCounterValue.o
LOAD Ventilation/src/TIMERS/TIM_ReadDecounterValue.o
LOAD Ventilation/src/TIMERS/TIM_StartDecounter.o
LOAD Ventilation/src/TIMERS/TIM_Temporize.o
LOAD Ventilation/src/USB_SETTINGS/DB_IHM_Setting_Adjust_Usb.o
LOAD Ventilation/src/USB_SETTINGS/DB_IHM_Setting_Adjust_Usb_Default.o
LOAD Ventilation/src/USB_SETTINGS/DB_IHM_Setting_Adjust_Usb_Monitor_Transfer.o
LOAD Ventilation/src/USB_SETTINGS/DB_IHM_Setting_Adjust_Usb_Trend_Transfer.o
LOAD Ventilation/src/VENTILATION/VEN_Actuators.o
LOAD Ventilation/src/VENTILATION/VEN_Compute.o
LOAD Ventilation/src/VENTILATION/VEN_Cycles.o
LOAD Ventilation/src/VENTILATION/VEN_RiseCompute.o
LOAD src/MAIN.o
LOAD startup/startup_stm32.o
LOAD startup/sysmem.o
LOAD /home/bhavya/Downloads/1/plugins/fr.ac6.mcu.externaltools.arm-none.linux64_1.17.0.201812190825/tools/compiler/bin/../lib/gcc/arm-none-eabi/7.3.1/../../../../arm-none-eabi/lib/thumb/v7e-m/fpv4-sp/hard/libm.a
START GROUP
LOAD /home/bhavya/Downloads/1/plugins/fr.ac6.mcu.externaltools.arm-none.linux64_1.17.0.201812190825/tools/compiler/bin/../lib/gcc/arm-none-eabi/7.3.1/thumb/v7e-m/fpv4-sp/hard/libgcc.a
LOAD /home/bhavya/Downloads/1/plugins/fr.ac6.mcu.externaltools.arm-none.linux64_1.17.0.201812190825/tools/compiler/bin/../lib/gcc/arm-none-eabi/7.3.1/../../../../arm-none-eabi/lib/thumb/v7e-m/fpv4-sp/hard/libc.a
END GROUP
LOAD /home/bhavya/Downloads/1/plugins/fr.ac6.mcu.externaltools.arm-none.linux64_1.17.0.201812190825/tools/compiler/bin/../lib/gcc/arm-none-eabi/7.3.1/thumb/v7e-m/fpv4-sp/hard/crtend.o
LOAD /home/bhavya/Downloads/1/plugins/fr.ac6.mcu.externaltools.arm-none.linux64_1.17.0.201812190825/tools/compiler/bin/../lib/gcc/arm-none-eabi/7.3.1/thumb/v7e-m/fpv4-sp/hard/crtn.o
                0x0000000020020000                _estack = 0x20020000
                0x0000000000000000                _Min_Heap_Size = 0x0
                0x0000000000000400                _Min_Stack_Size = 0x400

.isr_vector     0x0000000008000000      0x1c4
                0x0000000008000000                . = ALIGN (0x4)
 *(.isr_vector)
 .isr_vector    0x0000000008000000      0x1c4 startup/startup_stm32.o
                0x0000000008000000                g_pfnVectors
                0x00000000080001c4                . = ALIGN (0x4)

.text           0x00000000080001c4     0x56e8
                0x00000000080001c4                . = ALIGN (0x4)
 *(.text)
 .text          0x00000000080001c4       0x40 /home/bhavya/Downloads/1/plugins/fr.ac6.mcu.externaltools.arm-none.linux64_1.17.0.201812190825/tools/compiler/bin/../lib/gcc/arm-none-eabi/7.3.1/thumb/v7e-m/fpv4-sp/hard/crtbegin.o
 .text          0x0000000008000204      0x134 /home/bhavya/Downloads/1/plugins/fr.ac6.mcu.externaltools.arm-none.linux64_1.17.0.201812190825/tools/compiler/bin/../lib/gcc/arm-none-eabi/7.3.1/../../../../arm-none-eabi/lib/thumb/v7e-m/fpv4-sp/hard/libc.a(lib_a-memcpy.o)
                0x0000000008000204                memcpy
 *(.text*)
 .text.ACT_BlowerCmd
                0x0000000008000338       0x1a Ventilation/src/ACTUATOR/ACT_BlowerCmd.o
                0x0000000008000338                ACT_BlowerCmd
 *fill*         0x0000000008000352        0x2 
 .text.ACT_BrakePower
                0x0000000008000354       0x48 Ventilation/src/ACTUATOR/ACT_BrakePower.o
                0x0000000008000354                ACT_BrakePower
 .text.ACT_O2ValveCmd
                0x000000000800039c      0x11c Ventilation/src/ACTUATOR/ACT_O2ValveCmd.o
                0x000000000800039c                ACT_O2ValveCmd
 .text.ACT_ValveCmd
                0x00000000080004b8       0x50 Ventilation/src/ACTUATOR/ACT_ValveCmd.o
                0x00000000080004b8                ACT_ValveCmd
 .text.DB_AlarmInfoWrite
                0x0000000008000508       0x58 Ventilation/src/DATABASE/DB_AlarmInfoWrite.o
                0x0000000008000508                DB_AlarmInfoWrite
 .text.DB_AlarmStatusRead
                0x0000000008000560       0x28 Ventilation/src/DATABASE/DB_AlarmStatusRead.o
                0x0000000008000560                DB_AlarmStatusRead
 .text.DB_AlarmStatusWrite
                0x0000000008000588       0x50 Ventilation/src/DATABASE/DB_AlarmStatusWrite.o
                0x0000000008000588                DB_AlarmStatusWrite
 .text.DB_ComputeRead
                0x00000000080005d8       0x24 Ventilation/src/DATABASE/DB_ComputeRead.o
                0x00000000080005d8                DB_ComputeRead
 .text.DB_ComputeWrite
                0x00000000080005fc       0xf8 Ventilation/src/DATABASE/DB_ComputeWrite.o
                0x00000000080005fc                DB_ComputeWrite
 .text.DB_ConfigRead
                0x00000000080006f4       0x24 Ventilation/src/DATABASE/DB_ConfigRead.o
                0x00000000080006f4                DB_ConfigRead
 .text.DB_ConfigWrite
                0x0000000008000718       0xdc Ventilation/src/DATABASE/DB_ConfigWrite.o
                0x0000000008000718                DB_ConfigWrite
 .text.DB_ControlRead
                0x00000000080007f4       0x24 Ventilation/src/DATABASE/DB_ControlRead.o
                0x00000000080007f4                DB_ControlRead
 .text.DB_ControlWrite
                0x0000000008000818       0x2c Ventilation/src/DATABASE/DB_ControlWrite.o
                0x0000000008000818                DB_ControlWrite
 .text.DB_CurrentRead
                0x0000000008000844       0x24 Ventilation/src/DATABASE/DB_CurrentRead.o
                0x0000000008000844                DB_CurrentRead
 .text.DB_EventMngt
                0x0000000008000868      0x7a4 Ventilation/src/DATABASE/DB_EventMngt.o
                0x0000000008000868                DB_EventMngt
 .text.DRV_EVENT_PushEvent
                0x000000000800100c       0x1c Ventilation/src/DATABASE/DB_EventMngt.o
                0x000000000800100c                DRV_EVENT_PushEvent
 .text.DB_MeasurementWrite
                0x0000000008001028       0x18 Ventilation/src/DATABASE/DB_MeasurementWrite.o
                0x0000000008001028                DB_MeasurementWrite
 .text.DB_RTCRead
                0x0000000008001040       0x24 Ventilation/src/DATABASE/DB_RTCRead.o
                0x0000000008001040                DB_RTCRead
 .text.DB_RTCWrite
                0x0000000008001064       0x2c Ventilation/src/DATABASE/DB_RTCWrite.o
                0x0000000008001064                DB_RTCWrite
 .text.DB_TrendWrite
                0x0000000008001090       0x78 Ventilation/src/DATABASE/DB_TrendWrite.o
                0x0000000008001090                DB_TrendWrite
 .text.EEP_FIFO_PushOneData
                0x0000000008001108       0x18 Ventilation/src/DATABASE/DB_WriteDataInEepAndRam.o
                0x0000000008001108                EEP_FIFO_PushOneData
 .text.DB_WriteDataInEepAndRam
                0x0000000008001120       0x20 Ventilation/src/DATABASE/DB_WriteDataInEepAndRam.o
                0x0000000008001120                DB_WriteDataInEepAndRam
 .text.DB_IHM_Decrease_Access
                0x0000000008001140       0x1c Ventilation/src/DATABASE_SETTINGS/DB_IHM_Decrease_Access.o
                0x0000000008001140                DB_IHM_Decrease_Access
 .text.DB_IHM_Increase_Access
                0x000000000800115c       0x1c Ventilation/src/DATABASE_SETTINGS/DB_IHM_Increase_Access.o
                0x000000000800115c                DB_IHM_Increase_Access
 .text.DB_IHM_Read_Access
                0x0000000008001178       0x1c Ventilation/src/DATABASE_SETTINGS/DB_IHM_Read_Access.o
                0x0000000008001178                DB_IHM_Read_Access
 .text.DB_IHM_Read_Info_Access
                0x0000000008001194       0x1c Ventilation/src/DATABASE_SETTINGS/DB_IHM_Read_Info_Access.o
                0x0000000008001194                DB_IHM_Read_Info_Access
 .text.DB_IHM_Write_Access
                0x00000000080011b0       0x1c Ventilation/src/DATABASE_SETTINGS/DB_IHM_Write_Access.o
                0x00000000080011b0                DB_IHM_Write_Access
 .text.DB_IHM_Write_Info_Access
                0x00000000080011cc       0x46 Ventilation/src/DATABASE_SETTINGS/DB_IHM_Write_Info_Access.o
                0x00000000080011cc                DB_IHM_Write_Info_Access
 *fill*         0x0000000008001212        0x2 
 .text.DB_IhmAccessParaDataBase
                0x0000000008001214      0x190 Ventilation/src/DATABASE_SETTINGS/DB_IhmAccessParaDataBase.o
                0x0000000008001214                DB_IhmAccessParaDataBase
 .text.DIS_Box  0x00000000080013a4       0x22 Ventilation/src/DISPLAY/DIS_Box.o
                0x00000000080013a4                DIS_Box
 .text.DIS_DisplayPage
                0x00000000080013c6       0x1c Ventilation/src/DISPLAY/DIS_DisplayPage.o
                0x00000000080013c6                DIS_DisplayPage
 .text.DIS_ErasePage
                0x00000000080013e2       0x16 Ventilation/src/DISPLAY/DIS_ErasePage.o
                0x00000000080013e2                DIS_ErasePage
 .text.DIS_EraseZone
                0x00000000080013f8       0x1e Ventilation/src/DISPLAY/DIS_EraseZone.o
                0x00000000080013f8                DIS_EraseZone
 *fill*         0x0000000008001416        0x2 
 .text.DIS_FifoRead
                0x0000000008001418      0x538 Ventilation/src/DISPLAY/DIS_FifoRead.o
                0x0000000008001418                DIS_FifoRead
 .text.DIS_Line
                0x0000000008001950       0x1e Ventilation/src/DISPLAY/DIS_Line.o
                0x0000000008001950                DIS_Line
 *fill*         0x000000000800196e        0x2 
 .text.DIS_Number
                0x0000000008001970      0x2e0 Ventilation/src/DISPLAY/DIS_Number.o
                0x0000000008001970                DIS_Number
 .text.DIS_Pixel
                0x0000000008001c50       0x24 Ventilation/src/DISPLAY/DIS_Pixel.o
                0x0000000008001c50                DIS_Pixel
 .text.DIS_String
                0x0000000008001c74      0x190 Ventilation/src/DISPLAY/DIS_String.o
                0x0000000008001c74                DIS_String
 .text.GetFontNameFromLang
                0x0000000008001e04       0xa0 Ventilation/src/DISPLAY/DIS_String.o
                0x0000000008001e04                GetFontNameFromLang
 .text.DIS_Symbol
                0x0000000008001ea4       0x22 Ventilation/src/DISPLAY/DIS_Symbol.o
                0x0000000008001ea4                DIS_Symbol
 *fill*         0x0000000008001ec6        0x2 
 .text.average  0x0000000008001ec8       0x88 Ventilation/src/GENERAL/Average.o
                0x0000000008001ec8                average
 .text.saturation
                0x0000000008001f50       0x3e Ventilation/src/GENERAL/Saturation.o
                0x0000000008001f50                saturation
 .text.It_watchdog
                0x0000000008001f8e       0x24 Ventilation/src/INTERRUPTS/It_watchdog.o
                0x0000000008001f8e                It_watchdog
 *fill*         0x0000000008001fb2        0x2 
 .text.MAIN_Global_Variables_Init
                0x0000000008001fb4      0x214 Ventilation/src/MAIN/MAIN_Global_Variables_Init.o
                0x0000000008001fb4                MAIN_Global_Variables_Init
 .text.MAIN_Interfaces_Init
                0x00000000080021c8      0x11c Ventilation/src/MAIN/MAIN_Interfaces_Init.o
                0x00000000080021c8                MAIN_Interfaces_Init
 .text.MAIN_Security_Init
                0x00000000080022e4      0x23c Ventilation/src/MAIN/MAIN_Security_Init.o
                0x00000000080022e4                MAIN_Security_Init
 .text.MAIN_System_Init
                0x0000000008002520       0x94 Ventilation/src/MAIN/MAIN_System_Init.o
                0x0000000008002520                MAIN_System_Init
 .text._srvwdt_
                0x00000000080025b4        0xe Ventilation/src/MAIN/MAIN_Target_Init.o
                0x00000000080025b4                _srvwdt_
 *fill*         0x00000000080025c2        0x2 
 .text.MAIN_Target_Init_FirstStep
                0x00000000080025c4       0xbc Ventilation/src/MAIN/MAIN_Target_Init.o
                0x00000000080025c4                MAIN_Target_Init_FirstStep
 .text.MAIN_Target_Init_SecondStep
                0x0000000008002680       0x58 Ventilation/src/MAIN/MAIN_Target_Init.o
                0x0000000008002680                MAIN_Target_Init_SecondStep
 .text.MAIN_Target_Init
                0x00000000080026d8       0x10 Ventilation/src/MAIN/MAIN_Target_Init.o
                0x00000000080026d8                MAIN_Target_Init
 .text.DRV_OutputPort
                0x00000000080026e8       0x18 Ventilation/src/MAIN/MAIN_Target_Init.o
                0x00000000080026e8                DRV_OutputPort
 .text.MAIN_Tasks_Init
                0x0000000008002700       0x14 Ventilation/src/MAIN/MAIN_Tasks_Init.o
                0x0000000008002700                MAIN_Tasks_Init
 .text.MAIN_Ventilation_Init
                0x0000000008002714       0xfc Ventilation/src/MAIN/MAIN_Ventilation_Init.o
                0x0000000008002714                MAIN_Ventilation_Init
 .text.SCHED_Setup_Main
                0x0000000008002810       0x20 Ventilation/src/SCHEDULER/SCHED_Setup_Main.o
                0x0000000008002810                SCHED_Setup_Main
 .text.DRV_EVENT_Launch
                0x0000000008002830        0xe Ventilation/src/SCHEDULER/SCHED_Setup_entry.o
                0x0000000008002830                DRV_EVENT_Launch
 .text.HMI_KeyboardEventLaunch
                0x000000000800283e        0xe Ventilation/src/SCHEDULER/SCHED_Setup_entry.o
                0x000000000800283e                HMI_KeyboardEventLaunch
 .text.IHM_TimerEventLauch
                0x000000000800284c        0xe Ventilation/src/SCHEDULER/SCHED_Setup_entry.o
                0x000000000800284c                IHM_TimerEventLauch
 .text.DRV_COM_Launch
                0x000000000800285a        0xe Ventilation/src/SCHEDULER/SCHED_Setup_entry.o
                0x000000000800285a                DRV_COM_Launch
 .text.DRV_SPIPowerSupplyUpdate
                0x0000000008002868        0xe Ventilation/src/SCHEDULER/SCHED_Setup_entry.o
                0x0000000008002868                DRV_SPIPowerSupplyUpdate
 *fill*         0x0000000008002876        0x2 
 .text.SCHED_Setup_entry
                0x0000000008002878       0x8c Ventilation/src/SCHEDULER/SCHED_Setup_entry.o
                0x0000000008002878                SCHED_Setup_entry
 .text.SCHED_Ventilation_Main
                0x0000000008002904        0xe Ventilation/src/SCHEDULER/SCHED_Ventilation_Main.o
                0x0000000008002904                SCHED_Ventilation_Main
 .text.SEC_LooseFlashPointer
                0x0000000008002912       0x38 Ventilation/src/SECURITY/SEC_LooseFlashPointer.o
                0x0000000008002912                SEC_LooseFlashPointer
 *fill*         0x000000000800294a        0x2 
 .text.SEC_TurbineOverheat
                0x000000000800294c      0x100 Ventilation/src/SECURITY/SEC_TurbineOverheat.o
                0x000000000800294c                SEC_TurbineOverheat
 .text.SET_Actuator
                0x0000000008002a4c      0x31c Ventilation/src/SET_UP/SET_Actuator.o
                0x0000000008002a4c                SET_Actuator
 .text.SET_CalibrationManagement
                0x0000000008002d68      0x31c Ventilation/src/SET_UP/SET_CalibrationManagement.o
                0x0000000008002d68                SET_CalibrationManagement
 .text.SET_CalibrationVerification
                0x0000000008003084       0x86 Ventilation/src/SET_UP/SET_CalibrationVerification.o
                0x0000000008003084                SET_CalibrationVerification
 *fill*         0x000000000800310a        0x2 
 .text.SET_DefaultCalibration
                0x000000000800310c      0x2d0 Ventilation/src/SET_UP/SET_DefaultCalibration.o
                0x000000000800310c                SET_DefaultCalibration
 .text.SET_ExhFlowCalibration
                0x00000000080033dc      0x2a4 Ventilation/src/SET_UP/SET_ExhFlowCalibration.o
                0x00000000080033dc                SET_ExhFlowCalibration
 .text.SET_FasValveCalibration
                0x0000000008003680      0x2b8 Ventilation/src/SET_UP/SET_FasValveCalibration.o
                0x0000000008003680                SET_FasValveCalibration
 .text.SET_InspFlowOffsetDefault
                0x0000000008003938       0x38 Ventilation/src/SET_UP/SET_InspFlowOffsetDefault.o
                0x0000000008003938                SET_InspFlowOffsetDefault
 .text.SET_InternalPressureOffsetDefault
                0x0000000008003970       0x38 Ventilation/src/SET_UP/SET_InternalPressureOffsetDefault.o
                0x0000000008003970                SET_InternalPressureOffsetDefault
 .text.SET_ProximalPressureOffsetDefault
                0x00000000080039a8       0x38 Ventilation/src/SET_UP/SET_ProximalPressureOffsetDefault.o
                0x00000000080039a8                SET_ProximalPressureOffsetDefault
 .text.SET_RTC_Mngt
                0x00000000080039e0      0x1a4 Ventilation/src/SET_UP/SET_RTC_Mngt.o
                0x00000000080039e0                SET_RTC_Mngt
 .text.DRV_RTC_ReadTimeAndDate
                0x0000000008003b84       0x2c Ventilation/src/SET_UP/SET_RTC_Mngt.o
                0x0000000008003b84                DRV_RTC_ReadTimeAndDate
 .text.DRV_RTC_WriteTimeAndDate
                0x0000000008003bb0       0x18 Ventilation/src/SET_UP/SET_RTC_Mngt.o
                0x0000000008003bb0                DRV_RTC_WriteTimeAndDate
 .text.SET_TechnicalAlarms
                0x0000000008003bc8       0x20 Ventilation/src/SET_UP/SET_TechnicalAlarms.o
                0x0000000008003bc8                SET_TechnicalAlarms
 .text.SET_ValvePressureOffsetDefault
                0x0000000008003be8       0x3e Ventilation/src/SET_UP/SET_ValvePressureOffsetDefault.o
                0x0000000008003be8                SET_ValvePressureOffsetDefault
 *fill*         0x0000000008003c26        0x2 
 .text.INT_AbsPress_Interpol
                0x0000000008003c28      0x124 Ventilation/src/SYSTEM/INT_AbsPress_Interpol.o
                0x0000000008003c28                INT_AbsPress_Interpol
 .text.INT_BlowerTemperatureInterpol
                0x0000000008003d4c      0x1b4 Ventilation/src/SYSTEM/INT_BlowerTemperatureInterpol.o
                0x0000000008003d4c                INT_BlowerTemperatureInterpol
 .text.INT_ExhFlow_Interpol
                0x0000000008003f00      0x39c Ventilation/src/SYSTEM/INT_ExhFlow_Interpol.o
                0x0000000008003f00                INT_ExhFlow_Interpol
 .text.INT_Fio2_Interpol
                0x000000000800429c      0x110 Ventilation/src/SYSTEM/INT_Fio2_Interpol.o
                0x000000000800429c                INT_Fio2_Interpol
 .text.INT_Flow_Conversion_Equation
                0x00000000080043ac       0x9c Ventilation/src/SYSTEM/INT_Flow_Conversion_Equation.o
                0x00000000080043ac                INT_Flow_Conversion_Equation
 .text.INT_InspFlow_Interpol
                0x0000000008004448      0x43c Ventilation/src/SYSTEM/INT_InspFlow_Interpol.o
                0x0000000008004448                INT_InspFlow_Interpol
 .text.INT_O2Flow_Interpol
                0x0000000008004884      0x238 Ventilation/src/SYSTEM/INT_O2Flow_Interpol.o
                0x0000000008004884                INT_O2Flow_Interpol
 .text.INT_O2Press_Interpol
                0x0000000008004abc       0xf4 Ventilation/src/SYSTEM/INT_O2Press_Interpol.o
                0x0000000008004abc                INT_O2Press_Interpol
 .text.INT_PatPress_Interpol
                0x0000000008004bb0       0xf0 Ventilation/src/SYSTEM/INT_PatPress_Interpol.o
                0x0000000008004bb0                INT_PatPress_Interpol
 .text.INT_ProxiPress_Interpol
                0x0000000008004ca0       0xec Ventilation/src/SYSTEM/INT_ProxiPress_Interpol.o
                0x0000000008004ca0                INT_ProxiPress_Interpol
 .text.INT_SpeedBlow_Interpol
                0x0000000008004d8c       0xec Ventilation/src/SYSTEM/INT_SpeedBlow_Interpol.o
                0x0000000008004d8c                INT_SpeedBlow_Interpol
 .text.INT_ValvePress_Interpol
                0x0000000008004e78      0x100 Ventilation/src/SYSTEM/INT_ValvePress_Interpol.o
                0x0000000008004e78                INT_ValvePress_Interpol
 .text.INT_Voltages_Interpol
                0x0000000008004f78      0x15c Ventilation/src/SYSTEM/INT_Voltages_Interpol.o
                0x0000000008004f78                INT_Voltages_Interpol
 .text.SYS_Backlight_Mngt
                0x00000000080050d4        0xe Ventilation/src/SYSTEM/SYS_Backlight_Mngt.o
                0x00000000080050d4                SYS_Backlight_Mngt
 .text.SYS_CurveFlowCalcul
                0x00000000080050e2       0xa8 Ventilation/src/SYSTEM/SYS_CurveFlowCalcul.o
                0x00000000080050e2                SYS_CurveFlowCalcul
 .text.SYS_Fio2Detection
                0x000000000800518a        0xe Ventilation/src/SYSTEM/SYS_Fio2Detection.o
                0x000000000800518a                SYS_Fio2Detection
 .text.SYS_Interpolation
                0x0000000008005198       0x4c Ventilation/src/SYSTEM/SYS_Interpolation.o
                0x0000000008005198                SYS_Interpolation
 .text.SYS_Keyboard
                0x00000000080051e4        0xe Ventilation/src/SYSTEM/SYS_Keyboard.o
                0x00000000080051e4                SYS_Keyboard
 .text.SYS_SetupLaunch
                0x00000000080051f2       0x14 Ventilation/src/SYSTEM/SYS_SetupLaunch.o
                0x00000000080051f2                SYS_SetupLaunch
 .text.SYS_SupplyDetect
                0x0000000008005206        0xe Ventilation/src/SYSTEM/SYS_SupplyDetect.o
                0x0000000008005206                SYS_SupplyDetect
 .text.TIM_Launch
                0x0000000008005214      0x198 Ventilation/src/TIMERS/TIM_Launch.o
                0x0000000008005214                TIM_Launch
 .text.TIM_ReadCounterValue
                0x00000000080053ac       0x2c Ventilation/src/TIMERS/TIM_ReadCounterValue.o
                0x00000000080053ac                TIM_ReadCounterValue
 .text.TIM_ReadDecounterValue
                0x00000000080053d8       0x2c Ventilation/src/TIMERS/TIM_ReadDecounterValue.o
                0x00000000080053d8                TIM_ReadDecounterValue
 .text.TIM_StartDecounter
                0x0000000008005404       0x58 Ventilation/src/TIMERS/TIM_StartDecounter.o
                0x0000000008005404                TIM_StartDecounter
 .text.TIM_Temporize
                0x000000000800545c       0xd0 Ventilation/src/TIMERS/TIM_Temporize.o
                0x000000000800545c                TIM_Temporize
 .text.VEN_RiseCompute
                0x000000000800552c       0x1c Ventilation/src/VENTILATION/VEN_RiseCompute.o
                0x000000000800552c                VEN_RiseCompute
 .text.main     0x0000000008005548       0xbc src/MAIN.o
                0x0000000008005548                main
 .text.CIRCUIT_CHECK_HMI_Start
                0x0000000008005604        0xe src/MAIN.o
                0x0000000008005604                CIRCUIT_CHECK_HMI_Start
 .text.SETUP_HMI_Start
                0x0000000008005612        0xe src/MAIN.o
                0x0000000008005612                SETUP_HMI_Start
 .text.VENTILATION_HMI_Start
                0x0000000008005620        0xe src/MAIN.o
                0x0000000008005620                VENTILATION_HMI_Start
 .text.KEY_Touch_Detection
                0x000000000800562e       0x18 src/MAIN.o
                0x000000000800562e                KEY_Touch_Detection
 *fill*         0x0000000008005646        0x2 
 .text.Reset_Handler
                0x0000000008005648       0x50 startup/startup_stm32.o
                0x0000000008005648                Reset_Handler
 .text.Default_Handler
                0x0000000008005698        0x2 startup/startup_stm32.o
                0x0000000008005698                RTC_Alarm_IRQHandler
                0x0000000008005698                EXTI2_IRQHandler
                0x0000000008005698                TIM8_CC_IRQHandler
                0x0000000008005698                SPDIF_Rx_IRQHandler
                0x0000000008005698                DebugMon_Handler
                0x0000000008005698                SPI4_IRQHandler
                0x0000000008005698                TIM1_CC_IRQHandler
                0x0000000008005698                QuadSPI_IRQHandler
                0x0000000008005698                DMA2_Stream5_IRQHandler
                0x0000000008005698                HardFault_Handler
                0x0000000008005698                DMA1_Stream5_IRQHandler
                0x0000000008005698                SysTick_Handler
                0x0000000008005698                PVD_IRQHandler
                0x0000000008005698                SDIO_IRQHandler
                0x0000000008005698                TAMP_STAMP_IRQHandler
                0x0000000008005698                PendSV_Handler
                0x0000000008005698                NMI_Handler
                0x0000000008005698                CAN2_RX1_IRQHandler
                0x0000000008005698                EXTI3_IRQHandler
                0x0000000008005698                TIM8_TRG_COM_TIM14_IRQHandler
                0x0000000008005698                TIM1_UP_TIM10_IRQHandler
                0x0000000008005698                FMPI2C1_error_IRQHandler
                0x0000000008005698                TIM8_UP_TIM13_IRQHandler
                0x0000000008005698                I2C3_ER_IRQHandler
                0x0000000008005698                EXTI0_IRQHandler
                0x0000000008005698                I2C2_EV_IRQHandler
                0x0000000008005698                DMA1_Stream2_IRQHandler
                0x0000000008005698                CAN1_RX0_IRQHandler
                0x0000000008005698                FPU_IRQHandler
                0x0000000008005698                OTG_HS_WKUP_IRQHandler
                0x0000000008005698                UsageFault_Handler
                0x0000000008005698                CAN2_SCE_IRQHandler
                0x0000000008005698                DMA2_Stream2_IRQHandler
                0x0000000008005698                SPI1_IRQHandler
                0x0000000008005698                TIM6_DAC_IRQHandler
                0x0000000008005698                TIM1_BRK_TIM9_IRQHandler
                0x0000000008005698                DCMI_IRQHandler
                0x0000000008005698                CAN2_RX0_IRQHandler
                0x0000000008005698                DMA2_Stream3_IRQHandler
                0x0000000008005698                FMPI2C1_IRQHandler
                0x0000000008005698                SAI2_IRQHandler
                0x0000000008005698                USART6_IRQHandler
                0x0000000008005698                USART3_IRQHandler
                0x0000000008005698                CAN1_RX1_IRQHandler
                0x0000000008005698                UART5_IRQHandler
                0x0000000008005698                DMA2_Stream0_IRQHandler
                0x0000000008005698                TIM4_IRQHandler
                0x0000000008005698                I2C1_EV_IRQHandler
                0x0000000008005698                HDMI_CEC_IRQHandler
                0x0000000008005698                DMA1_Stream6_IRQHandler
                0x0000000008005698                DMA1_Stream1_IRQHandler
                0x0000000008005698                UART4_IRQHandler
                0x0000000008005698                TIM3_IRQHandler
                0x0000000008005698                RCC_IRQHandler
                0x0000000008005698                TIM8_BRK_TIM12_IRQHandler
                0x0000000008005698                Default_Handler
                0x0000000008005698                EXTI15_10_IRQHandler
                0x0000000008005698                ADC_IRQHandler
                0x0000000008005698                DMA1_Stream7_IRQHandler
                0x0000000008005698                TIM7_IRQHandler
                0x0000000008005698                CAN2_TX_IRQHandler
                0x0000000008005698                TIM5_IRQHandler
                0x0000000008005698                DMA2_Stream7_IRQHandler
                0x0000000008005698                I2C3_EV_IRQHandler
                0x0000000008005698                EXTI9_5_IRQHandler
                0x0000000008005698                RTC_WKUP_IRQHandler
                0x0000000008005698                SPI2_IRQHandler
                0x0000000008005698                OTG_HS_EP1_IN_IRQHandler
                0x0000000008005698                MemManage_Handler
                0x0000000008005698                DMA1_Stream0_IRQHandler
                0x0000000008005698                CAN1_TX_IRQHandler
                0x0000000008005698                SVC_Handler
                0x0000000008005698                EXTI4_IRQHandler
                0x0000000008005698                OTG_HS_EP1_OUT_IRQHandler
                0x0000000008005698                WWDG_IRQHandler
                0x0000000008005698                TIM2_IRQHandler
                0x0000000008005698                OTG_FS_WKUP_IRQHandler
                0x0000000008005698                TIM1_TRG_COM_TIM11_IRQHandler
                0x0000000008005698                OTG_HS_IRQHandler
                0x0000000008005698                EXTI1_IRQHandler
                0x0000000008005698                USART2_IRQHandler
                0x0000000008005698                I2C2_ER_IRQHandler
                0x0000000008005698                DMA2_Stream1_IRQHandler
                0x0000000008005698                CAN1_SCE_IRQHandler
                0x0000000008005698                FLASH_IRQHandler
                0x0000000008005698                DMA2_Stream4_IRQHandler
                0x0000000008005698                BusFault_Handler
                0x0000000008005698                USART1_IRQHandler
                0x0000000008005698                OTG_FS_IRQHandler
                0x0000000008005698                SPI3_IRQHandler
                0x0000000008005698                DMA1_Stream4_IRQHandler
                0x0000000008005698                I2C1_ER_IRQHandler
                0x0000000008005698                FMC_IRQHandler
                0x0000000008005698                DMA2_Stream6_IRQHandler
                0x0000000008005698                SAI1_IRQHandler
                0x0000000008005698                DMA1_Stream3_IRQHandler
 *fill*         0x000000000800569a        0x2 
 .text.__libc_init_array
                0x000000000800569c       0x48 /home/bhavya/Downloads/1/plugins/fr.ac6.mcu.externaltools.arm-none.linux64_1.17.0.201812190825/tools/compiler/bin/../lib/gcc/arm-none-eabi/7.3.1/../../../../arm-none-eabi/lib/thumb/v7e-m/fpv4-sp/hard/libc.a(lib_a-init.o)
                0x000000000800569c                __libc_init_array
 .text.memset   0x00000000080056e4       0x94 /home/bhavya/Downloads/1/plugins/fr.ac6.mcu.externaltools.arm-none.linux64_1.17.0.201812190825/tools/compiler/bin/../lib/gcc/arm-none-eabi/7.3.1/../../../../arm-none-eabi/lib/thumb/v7e-m/fpv4-sp/hard/libc.a(lib_a-memset.o)
                0x00000000080056e4                memset
 .text.startup.register_fini
                0x0000000008005778       0x14 /home/bhavya/Downloads/1/plugins/fr.ac6.mcu.externaltools.arm-none.linux64_1.17.0.201812190825/tools/compiler/bin/../lib/gcc/arm-none-eabi/7.3.1/../../../../arm-none-eabi/lib/thumb/v7e-m/fpv4-sp/hard/libc.a(lib_a-__call_atexit.o)
 .text.atexit   0x000000000800578c        0xc /home/bhavya/Downloads/1/plugins/fr.ac6.mcu.externaltools.arm-none.linux64_1.17.0.201812190825/tools/compiler/bin/../lib/gcc/arm-none-eabi/7.3.1/../../../../arm-none-eabi/lib/thumb/v7e-m/fpv4-sp/hard/libc.a(lib_a-atexit.o)
                0x000000000800578c                atexit
 .text.__libc_fini_array
                0x0000000008005798       0x34 /home/bhavya/Downloads/1/plugins/fr.ac6.mcu.externaltools.arm-none.linux64_1.17.0.201812190825/tools/compiler/bin/../lib/gcc/arm-none-eabi/7.3.1/../../../../arm-none-eabi/lib/thumb/v7e-m/fpv4-sp/hard/libc.a(lib_a-fini.o)
                0x0000000008005798                __libc_fini_array
 .text.__retarget_lock_acquire_recursive
                0x00000000080057cc        0x4 /home/bhavya/Downloads/1/plugins/fr.ac6.mcu.externaltools.arm-none.linux64_1.17.0.201812190825/tools/compiler/bin/../lib/gcc/arm-none-eabi/7.3.1/../../../../arm-none-eabi/lib/thumb/v7e-m/fpv4-sp/hard/libc.a(lib_a-lock.o)
                0x00000000080057cc                __retarget_lock_acquire_recursive
 .text.__retarget_lock_release_recursive
                0x00000000080057d0        0x4 /home/bhavya/Downloads/1/plugins/fr.ac6.mcu.externaltools.arm-none.linux64_1.17.0.201812190825/tools/compiler/bin/../lib/gcc/arm-none-eabi/7.3.1/../../../../arm-none-eabi/lib/thumb/v7e-m/fpv4-sp/hard/libc.a(lib_a-lock.o)
                0x00000000080057d0                __retarget_lock_release_recursive
 .text.__register_exitproc
                0x00000000080057d4       0xc0 /home/bhavya/Downloads/1/plugins/fr.ac6.mcu.externaltools.arm-none.linux64_1.17.0.201812190825/tools/compiler/bin/../lib/gcc/arm-none-eabi/7.3.1/../../../../arm-none-eabi/lib/thumb/v7e-m/fpv4-sp/hard/libc.a(lib_a-__atexit.o)
                0x00000000080057d4                __register_exitproc
 *(.glue_7)
 .glue_7        0x0000000008005894        0x0 linker stubs
 *(.glue_7t)
 .glue_7t       0x0000000008005894        0x0 linker stubs
 *(.eh_frame)
 .eh_frame      0x0000000008005894        0x0 /home/bhavya/Downloads/1/plugins/fr.ac6.mcu.externaltools.arm-none.linux64_1.17.0.201812190825/tools/compiler/bin/../lib/gcc/arm-none-eabi/7.3.1/thumb/v7e-m/fpv4-sp/hard/crtbegin.o
 *(.init)
 .init          0x0000000008005894        0x4 /home/bhavya/Downloads/1/plugins/fr.ac6.mcu.externaltools.arm-none.linux64_1.17.0.201812190825/tools/compiler/bin/../lib/gcc/arm-none-eabi/7.3.1/thumb/v7e-m/fpv4-sp/hard/crti.o
                0x0000000008005894                _init
 .init          0x0000000008005898        0x8 /home/bhavya/Downloads/1/plugins/fr.ac6.mcu.externaltools.arm-none.linux64_1.17.0.201812190825/tools/compiler/bin/../lib/gcc/arm-none-eabi/7.3.1/thumb/v7e-m/fpv4-sp/hard/crtn.o
 *(.fini)
 .fini          0x00000000080058a0        0x4 /home/bhavya/Downloads/1/plugins/fr.ac6.mcu.externaltools.arm-none.linux64_1.17.0.201812190825/tools/compiler/bin/../lib/gcc/arm-none-eabi/7.3.1/thumb/v7e-m/fpv4-sp/hard/crti.o
                0x00000000080058a0                _fini
 .fini          0x00000000080058a4        0x8 /home/bhavya/Downloads/1/plugins/fr.ac6.mcu.externaltools.arm-none.linux64_1.17.0.201812190825/tools/compiler/bin/../lib/gcc/arm-none-eabi/7.3.1/thumb/v7e-m/fpv4-sp/hard/crtn.o
                0x00000000080058ac                . = ALIGN (0x4)
                0x00000000080058ac                _etext = .

.vfp11_veneer   0x00000000080058ac        0x0
 .vfp11_veneer  0x00000000080058ac        0x0 linker stubs

.v4_bx          0x00000000080058ac        0x0
 .v4_bx         0x00000000080058ac        0x0 linker stubs

.iplt           0x00000000080058ac        0x0
 .iplt          0x00000000080058ac        0x0 /home/bhavya/Downloads/1/plugins/fr.ac6.mcu.externaltools.arm-none.linux64_1.17.0.201812190825/tools/compiler/bin/../lib/gcc/arm-none-eabi/7.3.1/thumb/v7e-m/fpv4-sp/hard/crtbegin.o

.rodata         0x00000000080058ac     0x2ff4
                0x00000000080058ac                . = ALIGN (0x4)
 *(.rodata)
 .rodata        0x00000000080058ac      0x254 Ventilation/src/DATABASE/DB_EventMngt.o
                0x00000000080058ac                BeginCommonEventParam
                0x00000000080058b0                EndCommonEventParam
                0x00000000080058b4                BeginSpecificEventParam
                0x00000000080058b8                EndSpecificEventParam
                0x00000000080058bc                EventDataSchemaVersion
                0x00000000080058c0                DB_CommonEventMngtParam
                0x0000000008005980                DB_PsvEventMngtParam
                0x00000000080059c0                DB_PresEventMngtParam
                0x0000000008005a00                DB_VolEventMngtParam
                0x0000000008005a40                DB_VsimvEventMngtParam
                0x0000000008005a80                DB_PsimvEventMngtParam
                0x0000000008005ac0                DB_CpapEventMngtParam
 .rodata        0x0000000008005b00     0x2ac4 Ventilation/src/DATABASE/DB_StartInitDb.o
                0x0000000008005b00                cDB_VSIMV_TEST_ADJUST_DB
                0x0000000008005e80                cDB_PSIMV_TEST_ADJUST_DB
                0x0000000008006200                cDB_VOL_TEST_ADJUST_DB
                0x0000000008006580                cDB_PSV_TEST_ADJUST_DB
                0x0000000008006900                cDB_CPAP_TEST_ADJUST_DB
                0x0000000008006c80                cDB_PRES_TEST_ADJUST_DB
                0x0000000008007000                cDB_TEST_CONFIG_DB
                0x0000000008007680                cDB_TEST_RTC_DB
                0x0000000008007750                cDB_TEST_USB_DB
                0x0000000008007830                cDB_TEST_VERSION_DB
                0x00000000080078d0                cDB_TEST_TREND_DB
                0x0000000008007b80                cDB_Saturate_COMPUTE
                0x0000000008008224                cDB_Saturate_POWERSUPPLY
                0x00000000080084e0                cMODE_HIGH_LIMIT_VALUE
                0x00000000080084e4                EventNumber
 .rodata        0x00000000080085c4      0x1b9 Ventilation/src/MAIN/MAIN_Global_Variables_Init.o
                0x00000000080085c4                SYS_InitTimerKey
                0x00000000080085f4                PATIENT_PRESSURE_CALIB_POINTS
                0x0000000008008614                FLOW_CALIB_POINTS
                0x0000000008008634                VALVE_PRESSURE_CALIB_POINTS
                0x0000000008008654                VALVE_FAS_PWM_CALIB_POINTS
                0x0000000008008660                VALVE_FAS_PRESS_CALIB_POINTS
                0x000000000800867c                FIO2_CALIB_POINTS
                0x000000000800869c                FLOW_O2_CALIB_POINTS
                0x00000000080086bc                O2_PRESSURE_CALIB_POINTS
                0x00000000080086dc                CalibrationParameters
                0x000000000800877c                cTIM_TimePeriodMs
 *fill*         0x000000000800877d        0x3 
 .rodata        0x0000000008008780       0x92 Ventilation/src/SCHEDULER/SCHED_Setup_entry.o
                0x0000000008008780                Setup_Tasks_Table
                0x0000000008008800                Setup_Sched_table
                0x0000000008008810                Setup_Number_of_tasks
                0x0000000008008811                Setup_sched_step_number
 *fill*         0x0000000008008812        0x2 
 .rodata        0x0000000008008814       0x88 Ventilation/src/SYSTEM/INT_BlowerTemperatureInterpol.o
 *(.rodata*)
 .rodata._global_impure_ptr
                0x000000000800889c        0x4 /home/bhavya/Downloads/1/plugins/fr.ac6.mcu.externaltools.arm-none.linux64_1.17.0.201812190825/tools/compiler/bin/../lib/gcc/arm-none-eabi/7.3.1/../../../../arm-none-eabi/lib/thumb/v7e-m/fpv4-sp/hard/libc.a(lib_a-impure.o)
                0x000000000800889c                _global_impure_ptr
                0x00000000080088a0                . = ALIGN (0x4)

.rel.dyn        0x00000000080088a0        0x0
 .rel.iplt      0x00000000080088a0        0x0 /home/bhavya/Downloads/1/plugins/fr.ac6.mcu.externaltools.arm-none.linux64_1.17.0.201812190825/tools/compiler/bin/../lib/gcc/arm-none-eabi/7.3.1/thumb/v7e-m/fpv4-sp/hard/crtbegin.o

.ARM.extab      0x00000000080088a0        0x0
                0x00000000080088a0                . = ALIGN (0x4)
 *(.ARM.extab* .gnu.linkonce.armextab.*)
                0x00000000080088a0                . = ALIGN (0x4)

.ARM            0x00000000080088a0        0x0
                0x00000000080088a0                . = ALIGN (0x4)
                0x00000000080088a0                __exidx_start = .
 *(.ARM.exidx*)
                0x00000000080088a0                __exidx_end = .
                0x00000000080088a0                . = ALIGN (0x4)

.preinit_array  0x00000000080088a0        0x0
                0x00000000080088a0                . = ALIGN (0x4)
                0x00000000080088a0                PROVIDE (__preinit_array_start = .)
 *(.preinit_array*)
                0x00000000080088a0                PROVIDE (__preinit_array_end = .)
                0x00000000080088a0                . = ALIGN (0x4)

.init_array     0x00000000080088a0        0x8
                0x00000000080088a0                . = ALIGN (0x4)
                0x00000000080088a0                PROVIDE (__init_array_start = .)
 *(SORT_BY_NAME(.init_array.*))
 .init_array.00000
                0x00000000080088a0        0x4 /home/bhavya/Downloads/1/plugins/fr.ac6.mcu.externaltools.arm-none.linux64_1.17.0.201812190825/tools/compiler/bin/../lib/gcc/arm-none-eabi/7.3.1/../../../../arm-none-eabi/lib/thumb/v7e-m/fpv4-sp/hard/libc.a(lib_a-__call_atexit.o)
 *(.init_array*)
 .init_array    0x00000000080088a4        0x4 /home/bhavya/Downloads/1/plugins/fr.ac6.mcu.externaltools.arm-none.linux64_1.17.0.201812190825/tools/compiler/bin/../lib/gcc/arm-none-eabi/7.3.1/thumb/v7e-m/fpv4-sp/hard/crtbegin.o
                0x00000000080088a8                PROVIDE (__init_array_end = .)
                0x00000000080088a8                . = ALIGN (0x4)

.fini_array     0x00000000080088a8        0x4
                0x00000000080088a8                . = ALIGN (0x4)
                0x00000000080088a8                PROVIDE (__fini_array_start = .)
 *(SORT_BY_NAME(.fini_array.*))
 *(.fini_array*)
 .fini_array    0x00000000080088a8        0x4 /home/bhavya/Downloads/1/plugins/fr.ac6.mcu.externaltools.arm-none.linux64_1.17.0.201812190825/tools/compiler/bin/../lib/gcc/arm-none-eabi/7.3.1/thumb/v7e-m/fpv4-sp/hard/crtbegin.o
                0x00000000080088ac                PROVIDE (__fini_array_end = .)
                0x00000000080088ac                . = ALIGN (0x4)
                0x00000000080088ac                _sidata = LOADADDR (.data)

.data           0x0000000020000000      0x564 load address 0x00000000080088ac
                0x0000000020000000                . = ALIGN (0x4)
                0x0000000020000000                _sdata = .
 *(.data)
 .data          0x0000000020000000      0x110 Ventilation/src/ACTUATOR/ACT_BlowerCmd.o
                0x0000000020000000                VEN_ControllerType
                0x0000000020000004                AdjustMode
                0x0000000020000008                VEN_TiTeValueMesured
                0x0000000020000010                VEN_MeasuredValues
                0x00000000200000b0                VEN_PeMin
                0x00000000200000b4                VEN_Vti
                0x00000000200000b8                VEN_Rise_Pi_Set_Point
                0x00000000200000bc                VEN_Qi_Set_Point
                0x00000000200000c0                VEN_PressureUpStep
                0x00000000200000c4                VEN_PressureDownStep
                0x00000000200000c8                VEN_PMax
                0x00000000200000cc                VEN_StartBip
                0x00000000200000d0                VEN_TemporaryMeasureQinspMin
                0x00000000200000d4                VEN_TemporaryMeasureQinspMax
                0x00000000200000d8                VEN_PreviousAverageFlow
                0x00000000200000dc                VEN_SIMV_PS_End
                0x000000002000010c                BLOWER_CMD_2
 .data          0x0000000020000110        0x4 Ventilation/src/ACTUATOR/ACT_BrakePower.o
                0x0000000020000110                BLOWER_CMD_1
 .data          0x0000000020000114        0x4 Ventilation/src/ACTUATOR/ACT_O2ValveCmd.o
                0x0000000020000114                VANNE_O2_CMD_2
 .data          0x0000000020000118        0x4 Ventilation/src/ACTUATOR/ACT_ValveCmd.o
                0x0000000020000118                VALVE_CMD_2
 .data          0x000000002000011c        0xc Ventilation/src/SET_UP/SET_Actuator.o
                0x000000002000011c                VANNE_O2_CMD_1
                0x0000000020000120                VALVE_CMD_1
                0x0000000020000124                BLOWER_CMD_3
 .data          0x0000000020000128        0x4 Ventilation/src/SET_UP/SET_ExhFlowCalibration.o
 .data          0x000000002000012c        0x8 Ventilation/src/SET_UP/SET_FasValveCalibration.o
 .data          0x0000000020000134        0x4 Ventilation/src/SET_UP/SET_RTC_Mngt.o
 *(.data*)
 .data.impure_data
                0x0000000020000138      0x428 /home/bhavya/Downloads/1/plugins/fr.ac6.mcu.externaltools.arm-none.linux64_1.17.0.201812190825/tools/compiler/bin/../lib/gcc/arm-none-eabi/7.3.1/../../../../arm-none-eabi/lib/thumb/v7e-m/fpv4-sp/hard/libc.a(lib_a-impure.o)
 .data.__atexit_recursive_mutex
                0x0000000020000560        0x4 /home/bhavya/Downloads/1/plugins/fr.ac6.mcu.externaltools.arm-none.linux64_1.17.0.201812190825/tools/compiler/bin/../lib/gcc/arm-none-eabi/7.3.1/../../../../arm-none-eabi/lib/thumb/v7e-m/fpv4-sp/hard/libc.a(lib_a-__call_atexit.o)
                0x0000000020000560                __atexit_recursive_mutex
                0x0000000020000564                . = ALIGN (0x4)
                0x0000000020000564                _edata = .

.igot.plt       0x0000000020000564        0x0 load address 0x0000000008008e10
 .igot.plt      0x0000000020000564        0x0 /home/bhavya/Downloads/1/plugins/fr.ac6.mcu.externaltools.arm-none.linux64_1.17.0.201812190825/tools/compiler/bin/../lib/gcc/arm-none-eabi/7.3.1/thumb/v7e-m/fpv4-sp/hard/crtbegin.o
                0x0000000020000564                . = ALIGN (0x4)

.bss            0x0000000020000568     0xf694 load address 0x0000000008008e10
                0x0000000020000568                _sbss = .
                0x0000000020000568                __bss_start__ = _sbss
 *(.bss)
 .bss           0x0000000020000568       0x1c /home/bhavya/Downloads/1/plugins/fr.ac6.mcu.externaltools.arm-none.linux64_1.17.0.201812190825/tools/compiler/bin/../lib/gcc/arm-none-eabi/7.3.1/thumb/v7e-m/fpv4-sp/hard/crtbegin.o
 *fill*         0x0000000020000584        0x4 
 .bss           0x0000000020000588      0x100 Ventilation/src/ACTUATOR/ACT_BlowerCmd.o
                0x0000000020000588                VEN_CptCumulValveCurrent
                0x000000002000058c                VEN_IntegralBlower
                0x0000000020000590                VEN_IntegralValve
                0x0000000020000594                ChangeMode
                0x0000000020000598                VentilAuthorization
                0x000000002000059c                AdjustApnea
                0x00000000200005a0                VEN_SIMVCycle
                0x00000000200005a1                VEN_Controller_Phase
                0x00000000200005a4                VEN_PerCentRisePI
                0x00000000200005a8                VEN_PerCentRiseQI
                0x00000000200005ac                VEN_CommandFlow
                0x00000000200005b0                VEN_TargetFlow
                0x00000000200005b4                VEN_ValveCurrentSat
                0x00000000200005b8                VEN_FlowNegSat
                0x00000000200005c0                VEN_LeakFlowFactorAverage
                0x00000000200005c8                VEN_Qee_SampleSize
                0x00000000200005cc                VEN_FleakMeasured
                0x00000000200005d0                VEN_MemoFleakMeasured
                0x00000000200005d8                VEN_LeakVtiCorrection
                0x00000000200005e0                VEN_LeakVteCorrection
                0x00000000200005e8                VEN_ExhalFlowMaxMeasured
                0x00000000200005ec                VEN_TempRiseOpenValve
                0x00000000200005f0                VEN_TRiseIncrem
                0x00000000200005f4                VEN_TRiseDecrem
                0x00000000200005f8                VEN_MutexSignal1
                0x00000000200005fc                VEN_MutexSignal2
                0x0000000020000600                VEN_MutexSignal3
                0x0000000020000604                VEN_TRise_Rebond
                0x0000000020000608                VEN_PepMeasured
                0x000000002000060c                VEN_FirstCycle
                0x0000000020000610                VEN_SecondCycle
                0x0000000020000614                VEN_ThirdCycle
                0x0000000020000618                VEN_UnvolontaryStop
                0x000000002000061c                VEN_TeFall
                0x0000000020000620                VEN_SighDetected
                0x0000000020000624                VEN_AuthorizationRegulO2
                0x0000000020000628                VEN_LaunchCalibO2
                0x000000002000062c                VEN_IntegralValveO2
                0x0000000020000630                VEN_TrigExpDetected
                0x0000000020000634                VEN_InitValve
                0x0000000020000638                VEN_CpapFirstCycle
                0x000000002000063c                VEN_MeasureQinspMin
                0x0000000020000640                VEN_MeasureQinspMax
                0x0000000020000644                VEN_MutexReadjust
                0x0000000020000648                VEN_CumulVtiCpap
                0x000000002000064c                VEN_CumulFlowCounter
                0x0000000020000650                VEN_PreviousMeasureQinsp
                0x0000000020000654                VEN_PtrMesureFlowPress
                0x0000000020000658                VEN_PtrLeakFlowFactor
                0x000000002000065c                VEN_LeakFactorCptValues
                0x0000000020000660                VEN_Mutex_High_Pressure
                0x0000000020000664                VEN_MutexTimerReadjust
                0x0000000020000668                VEN_Disconnexion_Flag
                0x000000002000066c                VEN_VentilationStart
                0x0000000020000670                VEN_MutexVanneO2
                0x0000000020000674                VEN_Synchro_Reset_Alarms
                0x0000000020000678                VEN_CircuitDisconnectLowPressLimit
                0x000000002000067c                VEN_NegativeFlowCounter
                0x0000000020000680                VEN_DetectedNegativeFlow
                0x0000000020000684                VEN_IsVtiExhUpdated
 .bss           0x0000000020000688        0x4 Ventilation/src/ACTUATOR/ACT_BrakePower.o
                0x0000000020000688                BRAKE_BLOWER_2
 .bss           0x000000002000068c       0x3c Ventilation/src/DATABASE/DB_StartInitDb.o
                0x000000002000068c                MemoMode
                0x0000000020000690                DB_FirstStart
                0x0000000020000694                BadParameter
                0x0000000020000698                NewVersionDetected
                0x000000002000069c                BadVersion
                0x00000000200006a0                LoosePara
                0x00000000200006a4                DB_StartInitRequest
                0x00000000200006a8                SEC_High_Priority_1
                0x00000000200006ac                SEC_High_Priority_2
                0x00000000200006b0                SEC_High_Priority_3
                0x00000000200006b4                SEC_Medium_Priority_1
                0x00000000200006b8                SEC_Medium_Priority_2
                0x00000000200006bc                SEC_Medium_Priority_3
                0x00000000200006c0                SEC_Low_Priority
                0x00000000200006c4                SEC_SpeedTestEnded
 .bss           0x00000000200006c8        0x4 Ventilation/src/DISPLAY/DIS_FifoRead.o
                0x00000000200006c8                MASTERBUSY_1
 .bss           0x00000000200006cc       0xb0 Ventilation/src/MAIN/MAIN_Global_Variables_Init.o
                0x00000000200006cc                CONS_VIT
                0x00000000200006d0                DEF_TURB
                0x00000000200006d4                ENABLE_TURB
                0x00000000200006d8                BRAKE_BLOWER
                0x00000000200006dc                SPEED_BLOWER_PIN
                0x00000000200006e0                CD_VALVE
                0x00000000200006e4                CD_VANNE_FIO2
                0x00000000200006e8                ALIM_FAILURE_3_3V
                0x00000000200006ec                ALIM_FAILURE_5VREF
                0x00000000200006f0                ALIM_FAILURE_10VREF
                0x00000000200006f4                RESET_USB
                0x00000000200006f8                ALARM_REMOTE_STATE
                0x00000000200006fc                WDOG
                0x0000000020000700                ARRET_INVOLONTAIRE
                0x0000000020000704                CMD_ME1
                0x0000000020000708                ALE_ME1
                0x000000002000070c                BHE
                0x0000000020000710                RF
                0x0000000020000714                IRQ_UART
                0x0000000020000718                TX_UART_ST
                0x000000002000071c                RX_UART_ST
                0x0000000020000720                MRST_SPI_ALIM
                0x0000000020000724                MTSR_SPI_ALIM
                0x0000000020000728                CLK_SPI_ALIM
                0x000000002000072c                MRST_SPI_CPU
                0x0000000020000730                MTSR_SPI_CPU
                0x0000000020000734                SCLK_SPI_CPU
                0x0000000020000738                JUMPER_JP8
                0x000000002000073c                JUMPER_JP7
                0x0000000020000740                SEC_BUZ
                0x0000000020000744                MASTERBUSY
                0x0000000020000748                INHIB_DETECTED
                0x000000002000074c                LED_ALARME_ROUGE
                0x0000000020000750                LED_ALARME_ORANGE
                0x0000000020000754                AC_SELECT
                0x0000000020000758                DC_SELECT
                0x000000002000075c                SYS_MutexStartStopVentilUP
                0x0000000020000760                SYS_MutexStopInfoVentil
                0x0000000020000764                SYS_WaitingForStopConfirm
                0x0000000020000768                SYS_CounterPatientMin
                0x000000002000076c                SYS_CounterPatientHour
                0x0000000020000770                SYS_CounterMachineMin
                0x0000000020000774                SYS_CounterMachineHour
                0x0000000020000778                SYS_CalibProcessing
 .bss           0x000000002000077c        0x4 Ventilation/src/MAIN/MAIN_Target_Init.o
                0x000000002000077c                RESET_USB_1
 .bss           0x0000000020000780        0x4 Ventilation/src/MAIN/MAIN_Ventilation_Init.o
                0x0000000020000780                BRAKE_BLOWER_1
 .bss           0x0000000020000784        0x2 Ventilation/src/SCHEDULER/SCHED_Setup_entry.o
                0x0000000020000784                Setup_CountActivateJob
                0x0000000020000785                Setup_CountActivateTaskStep
 *fill*         0x0000000020000786        0x2 
 .bss           0x0000000020000788        0x4 Ventilation/src/SECURITY/SEC_TurbineOverheat.o
 .bss           0x000000002000078c       0x1c Ventilation/src/SET_UP/SET_Actuator.o
                0x000000002000078c                CD_VANNE_FIO2_1
 .bss           0x00000000200007a8      0x3d0 Ventilation/src/SET_UP/SET_DefaultCalibration.o
 .bss           0x0000000020000b78      0x14c Ventilation/src/SET_UP/SET_ExhFlowCalibration.o
 .bss           0x0000000020000cc4      0x798 Ventilation/src/SET_UP/SET_FasValveCalibration.o
 .bss           0x000000002000145c      0x144 Ventilation/src/SYSTEM/INT_AbsPress_Interpol.o
 .bss           0x00000000200015a0       0x30 Ventilation/src/SYSTEM/INT_BlowerTemperatureInterpol.o
 .bss           0x00000000200015d0      0x144 Ventilation/src/SYSTEM/INT_ExhFlow_Interpol.o
 .bss           0x0000000020001714      0x170 Ventilation/src/SYSTEM/INT_InspFlow_Interpol.o
 .bss           0x0000000020001884      0x144 Ventilation/src/SYSTEM/INT_O2Flow_Interpol.o
 .bss           0x00000000200019c8       0x2c Ventilation/src/SYSTEM/INT_O2Press_Interpol.o
 .bss           0x00000000200019f4       0x14 Ventilation/src/SYSTEM/INT_PatPress_Interpol.o
 .bss           0x0000000020001a08       0x14 Ventilation/src/SYSTEM/INT_ProxiPress_Interpol.o
 .bss           0x0000000020001a1c       0x34 Ventilation/src/SYSTEM/INT_SpeedBlow_Interpol.o
                0x0000000020001a1c                SpeedBlowerDigit
                0x0000000020001a20                AvailableSpeedBlowerDigit
 .bss           0x0000000020001a50       0x2c Ventilation/src/SYSTEM/INT_ValvePress_Interpol.o
 .bss           0x0000000020001a7c        0x4 Ventilation/src/SYSTEM/SYS_Interpolation.o
                0x0000000020001a7c                DRV_Acquisition_Disponible
 .bss           0x0000000020001a80       0x20 src/MAIN.o
                0x0000000020001a80                CounterTemperature
                0x0000000020001a84                spi_chip_access
                0x0000000020001a88                CounterTop1ms
                0x0000000020001a8c                MAIN_Interfaces_Second_Init
                0x0000000020001a90                MAIN_End_of_init
                0x0000000020001a94                MAIN_TopTimer5ms
                0x0000000020001a98                MAIN_CrcEepromTrouble
                0x0000000020001a9c                INHIB_DETECTED_1
 *(.bss*)
 *(COMMON)
 COMMON         0x0000000020001aa0      0x154 Ventilation/src/DATABASE/DB_ComputeWrite.o
                0x0000000020001aa0                DB_Compute
 COMMON         0x0000000020001bf4        0x4 Ventilation/src/DATABASE/DB_ConfigRead.o
                0x0000000020001bf4                EEP_DB_Config
 COMMON         0x0000000020001bf8      0x1b0 Ventilation/src/DATABASE/DB_ControlRead.o
                0x0000000020001bf8                DB_Control
 COMMON         0x0000000020001da8       0xe0 Ventilation/src/DATABASE/DB_CurrentRead.o
                0x0000000020001da8                DB_Current
 COMMON         0x0000000020001e88       0x34 Ventilation/src/DATABASE/DB_RTCWrite.o
                0x0000000020001e88                DB_Rtc
 COMMON         0x0000000020001ebc      0x3cc Ventilation/src/DATABASE/DB_StartInitDb.o
                0x0000000020001ebc                DB_EepConfigDbError
                0x000000002000205c                DB_EepTrendDbError
                0x0000000020002108                DB_AlarmStatus
 COMMON         0x0000000020002288       0x10 Ventilation/src/DISPLAY/DIS_FifoRead.o
                0x0000000020002288                T2
                0x000000002000228c                T2CON
                0x0000000020002290                T2IC
                0x0000000020002294                T2IR
 COMMON         0x0000000020002298     0xd8d4 Ventilation/src/MAIN/MAIN_Global_Variables_Init.o
                0x0000000020002298                PECC7
                0x000000002000229c                T1REL
                0x00000000200022a0                DP8
                0x00000000200022a4                DP5
                0x00000000200022a8                SYS_Num_Keyboard
                0x0000000020002518                T7R
                0x000000002000251c                S0TBUF
                0x0000000020002520                XIR2SET
                0x0000000020002524                TIM_TableOfCntAndDecnt
                0x0000000020002b54                XSSCRB
                0x0000000020002b58                ADEIC
                0x0000000020002b5c                PECC0
                0x0000000020002b60                T4IE
                0x0000000020002b64                SRCP7
                0x0000000020002b68                SSCRIC
                0x0000000020002b6c                XIR3SET
                0x0000000020002b70                IEN
                0x0000000020002b74                nbre_de_debordement_timer
                0x0000000020002b78                XP1IE
                0x0000000020002b7c                T4
                0x0000000020002b80                S0TBIR
                0x0000000020002b84                T8REL
                0x0000000020002b88                DSTP7
                0x0000000020002b8c                PW3
                0x0000000020002b90                XP2IE
                0x0000000020002b94                SSCCON
                0x0000000020002b98                S0RIC
                0x0000000020002b9c                XSSCTB
                0x0000000020002ba0                ODP4
                0x0000000020002ba4                P8
                0x0000000020002ba8                CCM2
                0x0000000020002bac                temporisation_terminee
                0x0000000020002bb0                T2R
                0x0000000020002bb4                XP2IC
                0x0000000020002bb8                ODP6
                0x0000000020002bbc                P6
                0x0000000020002bc0                T7REL
                0x0000000020002bc4                SSCTIC
                0x0000000020002bc8                CCM7
                0x0000000020002bcc                ADCIC
                0x0000000020002bd0                WDTCON
                0x0000000020002bd4                PWMCON0
                0x0000000020002bd8                S0TBIE
                0x0000000020002bdc                S0CON
                0x0000000020002be0                T6IC
                0x0000000020002be4                T1IR
                0x0000000020002be8                T5
                0x0000000020002bec                P2
                0x0000000020002bf0                T3IR
                0x0000000020002bf4                XIR2CLR
                0x0000000020002bf8                DataFrameUART1
                0x0000000020002bfc                DP4
                0x0000000020002c00                S0BG
                0x0000000020002c04                XSSCCONSET
                0x0000000020002c08                S0RBUF
                0x0000000020002c0c                ADEIE
                0x0000000020002c10                PUST_ERROR
                0x0000000020002c14                CC0IE
                0x0000000020002c18                SRCP6
                0x0000000020002c1c                XP3IC
                0x0000000020002c20                DIS_FifoDisplay
                0x000000002000f740                T1IE
                0x000000002000f744                DSTP6
                0x000000002000f748                ADCON
                0x000000002000f74c                T3
                0x000000002000f750                TIM_MinuteTableOfCntAndDecnt
                0x000000002000fa48                T5IE
                0x000000002000fa4c                dernier_chargement_T2
                0x000000002000fa50                S0TBIC
                0x000000002000fa54                SSCBSY
                0x000000002000fa58                ODP3
                0x000000002000fa5c                CCM0
                0x000000002000fa60                PECC2
                0x000000002000fa64                CC10IR
                0x000000002000fa68                T7
                0x000000002000fa6c                P4
                0x000000002000fa70                CC10IE
                0x000000002000fa74                SSCBR
                0x000000002000fa78                T6CON
                0x000000002000fa7c                T01CON
                0x000000002000fa80                T3CON
                0x000000002000fa84                T8R
                0x000000002000fa88                XIR3CLR
                0x000000002000fa8c                T5CON
                0x000000002000fa90                ADCIR
                0x000000002000fa94                XP2IR
                0x000000002000fa98                DSTP0
                0x000000002000fa9c                XSSCCONCLR
                0x000000002000faa0                T1
                0x000000002000faa4                CC0IC
                0x000000002000faa8                XP1IC
                0x000000002000faac                XS1RBUF
                0x000000002000fab0                XIR1SET
                0x000000002000fab4                ADEIR
                0x000000002000fab8                P3
                0x000000002000fabc                cpt_de_debordement_timer
                0x000000002000fac0                DIS_FifoIdxWrite
                0x000000002000fac4                T78CON
                0x000000002000fac8                SRCP0
                0x000000002000facc                XIR0SEL
                0x000000002000fad0                SSCTB
                0x000000002000fad4                XSSCBR
                0x000000002000fad8                DIS_FifoOverflow
                0x000000002000fadc                T1R
                0x000000002000fae0                T4IC
                0x000000002000fae4                DP3
                0x000000002000fae8                CC0
                0x000000002000faec                T1IC
                0x000000002000faf0                DP2
                0x000000002000faf4                DP7
                0x000000002000faf8                XP1IR
                0x000000002000fafc                T5IC
                0x000000002000fb00                T5R
                0x000000002000fb04                SSCRB
                0x000000002000fb08                SRCP2
                0x000000002000fb0c                PP3
                0x000000002000fb10                ADST
                0x000000002000fb14                CAPREL
                0x000000002000fb18                CC10IC
                0x000000002000fb1c                DSTP2
                0x000000002000fb20                XP0IC
                0x000000002000fb24                ODP5
                0x000000002000fb28                ODP2
                0x000000002000fb2c                T4R
                0x000000002000fb30                DP6
                0x000000002000fb34                PECC6
                0x000000002000fb38                ODP7
                0x000000002000fb3c                XS1PORT
                0x000000002000fb40                P7
                0x000000002000fb44                DIS_FifoIdxRead
                0x000000002000fb48                T2IE
                0x000000002000fb4c                CC0IR
                0x000000002000fb50                PWMCON1
                0x000000002000fb54                P5
                0x000000002000fb58                CC28
                0x000000002000fb5c                XIR1CLR
                0x000000002000fb60                T4CON
                0x000000002000fb64                ODP8
                0x000000002000fb68                XSSCPORT
 COMMON         0x000000002000fb6c        0x4 Ventilation/src/SCHEDULER/SCHED_Setup_entry.o
                0x000000002000fb6c                Setup_ListOfActivateJob
 COMMON         0x000000002000fb70       0x40 Ventilation/src/SET_UP/SET_CalibrationManagement.o
                0x000000002000fb70                AD_Digit
 COMMON         0x000000002000fbb0       0x18 Ventilation/src/SET_UP/SET_RTC_Mngt.o
                0x000000002000fbb0                RTC_Value
 COMMON         0x000000002000fbc8        0xe Ventilation/src/VENTILATION/VEN_Cycles.o
                0x000000002000fbc8                CYC_ActiveModeState
                0x000000002000fbd0                CYC_NextModeState
 *fill*         0x000000002000fbd6        0x2 
 COMMON         0x000000002000fbd8       0x21 /home/bhavya/Downloads/1/plugins/fr.ac6.mcu.externaltools.arm-none.linux64_1.17.0.201812190825/tools/compiler/bin/../lib/gcc/arm-none-eabi/7.3.1/../../../../arm-none-eabi/lib/thumb/v7e-m/fpv4-sp/hard/libc.a(lib_a-lock.o)
                0x000000002000fbd8                __lock___atexit_recursive_mutex
                0x000000002000fbdc                __lock___arc4random_mutex
                0x000000002000fbe0                __lock___env_recursive_mutex
                0x000000002000fbe4                __lock___sinit_recursive_mutex
                0x000000002000fbe8                __lock___malloc_recursive_mutex
                0x000000002000fbec                __lock___at_quick_exit_mutex
                0x000000002000fbf0                __lock___dd_hash_mutex
                0x000000002000fbf4                __lock___tz_mutex
                0x000000002000fbf8                __lock___sfp_recursive_mutex
                0x000000002000fbfc                . = ALIGN (0x4)
 *fill*         0x000000002000fbf9        0x3 
                0x000000002000fbfc                _ebss = .
                0x000000002000fbfc                __bss_end__ = _ebss

._user_heap_stack
                0x000000002000fbfc      0x404 load address 0x0000000008008e10
                0x000000002000fc00                . = ALIGN (0x8)
 *fill*         0x000000002000fbfc        0x4 
                0x000000002000fc00                PROVIDE (end = .)
                [!provide]                        PROVIDE (_end = .)
                0x000000002000fc00                . = (. + _Min_Heap_Size)
                0x0000000020010000                . = (. + _Min_Stack_Size)
 *fill*         0x000000002000fc00      0x400 
                0x0000000020010000                . = ALIGN (0x8)

/DISCARD/
 libc.a(*)
 libm.a(*)
 libgcc.a(*)

.ARM.attributes
                0x0000000000000000       0x30
 *(.ARM.attributes)
 .ARM.attributes
                0x0000000000000000       0x22 /home/bhavya/Downloads/1/plugins/fr.ac6.mcu.externaltools.arm-none.linux64_1.17.0.201812190825/tools/compiler/bin/../lib/gcc/arm-none-eabi/7.3.1/thumb/v7e-m/fpv4-sp/hard/crti.o
 .ARM.attributes
                0x0000000000000022       0x34 /home/bhavya/Downloads/1/plugins/fr.ac6.mcu.externaltools.arm-none.linux64_1.17.0.201812190825/tools/compiler/bin/../lib/gcc/arm-none-eabi/7.3.1/thumb/v7e-m/fpv4-sp/hard/crtbegin.o
 .ARM.attributes
                0x0000000000000056       0x39 Ventilation/src/ACTUATOR/ACT_BlowerCmd.o
 .ARM.attributes
                0x000000000000008f       0x39 Ventilation/src/ACTUATOR/ACT_BrakePower.o
 .ARM.attributes
                0x00000000000000c8       0x39 Ventilation/src/ACTUATOR/ACT_O2ValveCmd.o
 .ARM.attributes
                0x0000000000000101       0x39 Ventilation/src/ACTUATOR/ACT_ValveCmd.o
 .ARM.attributes
                0x000000000000013a       0x39 Ventilation/src/DATABASE/DB_AlarmInfoWrite.o
 .ARM.attributes
                0x0000000000000173       0x39 Ventilation/src/DATABASE/DB_AlarmStatusRead.o
 .ARM.attributes
                0x00000000000001ac       0x39 Ventilation/src/DATABASE/DB_AlarmStatusWrite.o
 .ARM.attributes
                0x00000000000001e5       0x39 Ventilation/src/DATABASE/DB_ComputeRead.o
 .ARM.attributes
                0x000000000000021e       0x39 Ventilation/src/DATABASE/DB_ComputeWrite.o
 .ARM.attributes
                0x0000000000000257       0x39 Ventilation/src/DATABASE/DB_ConfigRead.o
 .ARM.attributes
                0x0000000000000290       0x39 Ventilation/src/DATABASE/DB_ConfigWrite.o
 .ARM.attributes
                0x00000000000002c9       0x39 Ventilation/src/DATABASE/DB_ControlRead.o
 .ARM.attributes
                0x0000000000000302       0x39 Ventilation/src/DATABASE/DB_ControlWrite.o
 .ARM.attributes
                0x000000000000033b       0x39 Ventilation/src/DATABASE/DB_CurrentRead.o
 .ARM.attributes
                0x0000000000000374       0x39 Ventilation/src/DATABASE/DB_EventMngt.o
 .ARM.attributes
                0x00000000000003ad       0x39 Ventilation/src/DATABASE/DB_MeasurementWrite.o
 .ARM.attributes
                0x00000000000003e6       0x39 Ventilation/src/DATABASE/DB_RTCRead.o
 .ARM.attributes
                0x000000000000041f       0x39 Ventilation/src/DATABASE/DB_RTCWrite.o
 .ARM.attributes
                0x0000000000000458       0x39 Ventilation/src/DATABASE/DB_StartInitDb.o
 .ARM.attributes
                0x0000000000000491       0x39 Ventilation/src/DATABASE/DB_TrendWrite.o
 .ARM.attributes
                0x00000000000004ca       0x39 Ventilation/src/DATABASE/DB_WriteDataInEepAndRam.o
 .ARM.attributes
                0x0000000000000503       0x39 Ventilation/src/DATABASE_SETTINGS/DB_IHM_Decrease_Access.o
 .ARM.attributes
                0x000000000000053c       0x39 Ventilation/src/DATABASE_SETTINGS/DB_IHM_Increase_Access.o
 .ARM.attributes
                0x0000000000000575       0x39 Ventilation/src/DATABASE_SETTINGS/DB_IHM_Read_Access.o
 .ARM.attributes
                0x00000000000005ae       0x39 Ventilation/src/DATABASE_SETTINGS/DB_IHM_Read_Info_Access.o
 .ARM.attributes
                0x00000000000005e7       0x39 Ventilation/src/DATABASE_SETTINGS/DB_IHM_Write_Access.o
 .ARM.attributes
                0x0000000000000620       0x39 Ventilation/src/DATABASE_SETTINGS/DB_IHM_Write_Info_Access.o
 .ARM.attributes
                0x0000000000000659       0x39 Ventilation/src/DATABASE_SETTINGS/DB_IhmAccessParaDataBase.o
 .ARM.attributes
                0x0000000000000692       0x39 Ventilation/src/DISPLAY/DIS_Box.o
 .ARM.attributes
                0x00000000000006cb       0x39 Ventilation/src/DISPLAY/DIS_DisplayPage.o
 .ARM.attributes
                0x0000000000000704       0x39 Ventilation/src/DISPLAY/DIS_ErasePage.o
 .ARM.attributes
                0x000000000000073d       0x39 Ventilation/src/DISPLAY/DIS_EraseZone.o
 .ARM.attributes
                0x0000000000000776       0x39 Ventilation/src/DISPLAY/DIS_FifoRead.o
 .ARM.attributes
                0x00000000000007af       0x39 Ventilation/src/DISPLAY/DIS_Line.o
 .ARM.attributes
                0x00000000000007e8       0x39 Ventilation/src/DISPLAY/DIS_Number.o
 .ARM.attributes
                0x0000000000000821       0x39 Ventilation/src/DISPLAY/DIS_Pixel.o
 .ARM.attributes
                0x000000000000085a       0x39 Ventilation/src/DISPLAY/DIS_String.o
 .ARM.attributes
                0x0000000000000893       0x39 Ventilation/src/DISPLAY/DIS_Symbol.o
 .ARM.attributes
                0x00000000000008cc       0x39 Ventilation/src/GENERAL/Average.o
 .ARM.attributes
                0x0000000000000905       0x39 Ventilation/src/GENERAL/Saturation.o
 .ARM.attributes
                0x000000000000093e       0x39 Ventilation/src/INTERRUPTS/It_watchdog.o
 .ARM.attributes
                0x0000000000000977       0x39 Ventilation/src/MAIN/MAIN_Global_Variables_Init.o
 .ARM.attributes
                0x00000000000009b0       0x39 Ventilation/src/MAIN/MAIN_Interfaces_Init.o
 .ARM.attributes
                0x00000000000009e9       0x39 Ventilation/src/MAIN/MAIN_Security_Init.o
 .ARM.attributes
                0x0000000000000a22       0x39 Ventilation/src/MAIN/MAIN_System_Init.o
 .ARM.attributes
                0x0000000000000a5b       0x39 Ventilation/src/MAIN/MAIN_Target_Init.o
 .ARM.attributes
                0x0000000000000a94       0x39 Ventilation/src/MAIN/MAIN_Tasks_Init.o
 .ARM.attributes
                0x0000000000000acd       0x39 Ventilation/src/MAIN/MAIN_Ventilation_Init.o
 .ARM.attributes
                0x0000000000000b06       0x39 Ventilation/src/SCHEDULER/SCHED_Setup_Main.o
 .ARM.attributes
                0x0000000000000b3f       0x39 Ventilation/src/SCHEDULER/SCHED_Setup_entry.o
 .ARM.attributes
                0x0000000000000b78       0x39 Ventilation/src/SCHEDULER/SCHED_Ventilation_Main.o
 .ARM.attributes
                0x0000000000000bb1       0x39 Ventilation/src/SECURITY/SEC_LooseFlashPointer.o
 .ARM.attributes
                0x0000000000000bea       0x39 Ventilation/src/SECURITY/SEC_TurbineOverheat.o
 .ARM.attributes
                0x0000000000000c23       0x39 Ventilation/src/SET_UP/SET_Actuator.o
 .ARM.attributes
                0x0000000000000c5c       0x39 Ventilation/src/SET_UP/SET_CalibrationManagement.o
 .ARM.attributes
                0x0000000000000c95       0x39 Ventilation/src/SET_UP/SET_CalibrationVerification.o
 .ARM.attributes
                0x0000000000000cce       0x39 Ventilation/src/SET_UP/SET_DefaultCalibration.o
 .ARM.attributes
                0x0000000000000d07       0x39 Ventilation/src/SET_UP/SET_ExhFlowCalibration.o
 .ARM.attributes
                0x0000000000000d40       0x39 Ventilation/src/SET_UP/SET_FasValveCalibration.o
 .ARM.attributes
                0x0000000000000d79       0x39 Ventilation/src/SET_UP/SET_InspFlowOffsetDefault.o
 .ARM.attributes
                0x0000000000000db2       0x39 Ventilation/src/SET_UP/SET_InternalPressureOffsetDefault.o
 .ARM.attributes
                0x0000000000000deb       0x39 Ventilation/src/SET_UP/SET_ProximalPressureOffsetDefault.o
 .ARM.attributes
                0x0000000000000e24       0x39 Ventilation/src/SET_UP/SET_RTC_Mngt.o
 .ARM.attributes
                0x0000000000000e5d       0x39 Ventilation/src/SET_UP/SET_TechnicalAlarms.o
 .ARM.attributes
                0x0000000000000e96       0x39 Ventilation/src/SET_UP/SET_ValvePressureOffsetDefault.o
 .ARM.attributes
                0x0000000000000ecf       0x39 Ventilation/src/SYSTEM/INT_AbsPress_Interpol.o
 .ARM.attributes
                0x0000000000000f08       0x39 Ventilation/src/SYSTEM/INT_BlowerTemperatureInterpol.o
 .ARM.attributes
                0x0000000000000f41       0x39 Ventilation/src/SYSTEM/INT_ExhFlow_Interpol.o
 .ARM.attributes
                0x0000000000000f7a       0x39 Ventilation/src/SYSTEM/INT_Fio2_Interpol.o
 .ARM.attributes
                0x0000000000000fb3       0x39 Ventilation/src/SYSTEM/INT_Flow_Conversion_Equation.o
 .ARM.attributes
                0x0000000000000fec       0x39 Ventilation/src/SYSTEM/INT_InspFlow_Interpol.o
 .ARM.attributes
                0x0000000000001025       0x39 Ventilation/src/SYSTEM/INT_O2Flow_Interpol.o
 .ARM.attributes
                0x000000000000105e       0x39 Ventilation/src/SYSTEM/INT_O2Press_Interpol.o
 .ARM.attributes
                0x0000000000001097       0x39 Ventilation/src/SYSTEM/INT_PatPress_Interpol.o
 .ARM.attributes
                0x00000000000010d0       0x39 Ventilation/src/SYSTEM/INT_ProxiPress_Interpol.o
 .ARM.attributes
                0x0000000000001109       0x39 Ventilation/src/SYSTEM/INT_SpeedBlow_Interpol.o
 .ARM.attributes
                0x0000000000001142       0x39 Ventilation/src/SYSTEM/INT_ValvePress_Interpol.o
 .ARM.attributes
                0x000000000000117b       0x39 Ventilation/src/SYSTEM/INT_Voltages_Interpol.o
 .ARM.attributes
                0x00000000000011b4       0x39 Ventilation/src/SYSTEM/SYS_Backlight_Mngt.o
 .ARM.attributes
                0x00000000000011ed       0x39 Ventilation/src/SYSTEM/SYS_CurveFlowCalcul.o
 .ARM.attributes
                0x0000000000001226       0x39 Ventilation/src/SYSTEM/SYS_Fio2Detection.o
 .ARM.attributes
                0x000000000000125f       0x39 Ventilation/src/SYSTEM/SYS_Interpolation.o
 .ARM.attributes
                0x0000000000001298       0x39 Ventilation/src/SYSTEM/SYS_Keyboard.o
 .ARM.attributes
                0x00000000000012d1       0x39 Ventilation/src/SYSTEM/SYS_SetupLaunch.o
 .ARM.attributes
                0x000000000000130a       0x39 Ventilation/src/SYSTEM/SYS_SupplyDetect.o
 .ARM.attributes
                0x0000000000001343       0x39 Ventilation/src/TIMERS/TIM_Launch.o
 .ARM.attributes
                0x000000000000137c       0x39 Ventilation/src/TIMERS/TIM_ReadCounterValue.o
 .ARM.attributes
                0x00000000000013b5       0x39 Ventilation/src/TIMERS/TIM_ReadDecounterValue.o
 .ARM.attributes
                0x00000000000013ee       0x39 Ventilation/src/TIMERS/TIM_StartDecounter.o
 .ARM.attributes
                0x0000000000001427       0x39 Ventilation/src/TIMERS/TIM_Temporize.o
 .ARM.attributes
                0x0000000000001460       0x39 Ventilation/src/VENTILATION/VEN_Cycles.o
 .ARM.attributes
                0x0000000000001499       0x39 Ventilation/src/VENTILATION/VEN_RiseCompute.o
 .ARM.attributes
                0x00000000000014d2       0x39 src/MAIN.o
 .ARM.attributes
                0x000000000000150b       0x21 startup/startup_stm32.o
 .ARM.attributes
                0x000000000000152c       0x34 /home/bhavya/Downloads/1/plugins/fr.ac6.mcu.externaltools.arm-none.linux64_1.17.0.201812190825/tools/compiler/bin/../lib/gcc/arm-none-eabi/7.3.1/../../../../arm-none-eabi/lib/thumb/v7e-m/fpv4-sp/hard/libc.a(lib_a-impure.o)
 .ARM.attributes
                0x0000000000001560       0x34 /home/bhavya/Downloads/1/plugins/fr.ac6.mcu.externaltools.arm-none.linux64_1.17.0.201812190825/tools/compiler/bin/../lib/gcc/arm-none-eabi/7.3.1/../../../../arm-none-eabi/lib/thumb/v7e-m/fpv4-sp/hard/libc.a(lib_a-init.o)
 .ARM.attributes
                0x0000000000001594       0x20 /home/bhavya/Downloads/1/plugins/fr.ac6.mcu.externaltools.arm-none.linux64_1.17.0.201812190825/tools/compiler/bin/../lib/gcc/arm-none-eabi/7.3.1/../../../../arm-none-eabi/lib/thumb/v7e-m/fpv4-sp/hard/libc.a(lib_a-memcpy.o)
 .ARM.attributes
                0x00000000000015b4       0x34 /home/bhavya/Downloads/1/plugins/fr.ac6.mcu.externaltools.arm-none.linux64_1.17.0.201812190825/tools/compiler/bin/../lib/gcc/arm-none-eabi/7.3.1/../../../../arm-none-eabi/lib/thumb/v7e-m/fpv4-sp/hard/libc.a(lib_a-memset.o)
 .ARM.attributes
                0x00000000000015e8       0x34 /home/bhavya/Downloads/1/plugins/fr.ac6.mcu.externaltools.arm-none.linux64_1.17.0.201812190825/tools/compiler/bin/../lib/gcc/arm-none-eabi/7.3.1/../../../../arm-none-eabi/lib/thumb/v7e-m/fpv4-sp/hard/libc.a(lib_a-__call_atexit.o)
 .ARM.attributes
                0x000000000000161c       0x34 /home/bhavya/Downloads/1/plugins/fr.ac6.mcu.externaltools.arm-none.linux64_1.17.0.201812190825/tools/compiler/bin/../lib/gcc/arm-none-eabi/7.3.1/../../../../arm-none-eabi/lib/thumb/v7e-m/fpv4-sp/hard/libc.a(lib_a-atexit.o)
 .ARM.attributes
                0x0000000000001650       0x34 /home/bhavya/Downloads/1/plugins/fr.ac6.mcu.externaltools.arm-none.linux64_1.17.0.201812190825/tools/compiler/bin/../lib/gcc/arm-none-eabi/7.3.1/../../../../arm-none-eabi/lib/thumb/v7e-m/fpv4-sp/hard/libc.a(lib_a-fini.o)
 .ARM.attributes
                0x0000000000001684       0x34 /home/bhavya/Downloads/1/plugins/fr.ac6.mcu.externaltools.arm-none.linux64_1.17.0.201812190825/tools/compiler/bin/../lib/gcc/arm-none-eabi/7.3.1/../../../../arm-none-eabi/lib/thumb/v7e-m/fpv4-sp/hard/libc.a(lib_a-lock.o)
 .ARM.attributes
                0x00000000000016b8       0x34 /home/bhavya/Downloads/1/plugins/fr.ac6.mcu.externaltools.arm-none.linux64_1.17.0.201812190825/tools/compiler/bin/../lib/gcc/arm-none-eabi/7.3.1/../../../../arm-none-eabi/lib/thumb/v7e-m/fpv4-sp/hard/libc.a(lib_a-__atexit.o)
 .ARM.attributes
                0x00000000000016ec       0x22 /home/bhavya/Downloads/1/plugins/fr.ac6.mcu.externaltools.arm-none.linux64_1.17.0.201812190825/tools/compiler/bin/../lib/gcc/arm-none-eabi/7.3.1/thumb/v7e-m/fpv4-sp/hard/crtn.o
OUTPUT(Ventilation_Maintest.elf elf32-littlearm)

.debug_info     0x0000000000000000    0x2ea2f
 .debug_info    0x0000000000000000     0x132a Ventilation/src/ACTUATOR/ACT_BlowerCmd.o
 .debug_info    0x000000000000132a       0xa8 Ventilation/src/ACTUATOR/ACT_BrakePower.o
 .debug_info    0x00000000000013d2      0xf60 Ventilation/src/ACTUATOR/ACT_O2ValveCmd.o
 .debug_info    0x0000000000002332      0x5a1 Ventilation/src/ACTUATOR/ACT_ValveCmd.o
 .debug_info    0x00000000000028d3      0x332 Ventilation/src/DATABASE/DB_AlarmInfoWrite.o
 .debug_info    0x0000000000002c05      0x30f Ventilation/src/DATABASE/DB_AlarmStatusRead.o
 .debug_info    0x0000000000002f14      0x358 Ventilation/src/DATABASE/DB_AlarmStatusWrite.o
 .debug_info    0x000000000000326c      0x2c1 Ventilation/src/DATABASE/DB_ComputeRead.o
 .debug_info    0x000000000000352d      0x53b Ventilation/src/DATABASE/DB_ComputeWrite.o
 .debug_info    0x0000000000003a68      0x34f Ventilation/src/DATABASE/DB_ConfigRead.o
 .debug_info    0x0000000000003db7      0xc2c Ventilation/src/DATABASE/DB_ConfigWrite.o
 .debug_info    0x00000000000049e3      0x369 Ventilation/src/DATABASE/DB_ControlRead.o
 .debug_info    0x0000000000004d4c      0x638 Ventilation/src/DATABASE/DB_ControlWrite.o
 .debug_info    0x0000000000005384      0x219 Ventilation/src/DATABASE/DB_CurrentRead.o
 .debug_info    0x000000000000559d     0x1096 Ventilation/src/DATABASE/DB_EventMngt.o
 .debug_info    0x0000000000006633      0x103 Ventilation/src/DATABASE/DB_MeasurementWrite.o
 .debug_info    0x0000000000006736      0x111 Ventilation/src/DATABASE/DB_RTCRead.o
 .debug_info    0x0000000000006847      0x693 Ventilation/src/DATABASE/DB_RTCWrite.o
 .debug_info    0x0000000000006eda     0x1aac Ventilation/src/DATABASE/DB_StartInitDb.o
 .debug_info    0x0000000000008986      0x759 Ventilation/src/DATABASE/DB_TrendWrite.o
 .debug_info    0x00000000000090df       0xff Ventilation/src/DATABASE/DB_WriteDataInEepAndRam.o
 .debug_info    0x00000000000091de      0xed8 Ventilation/src/DATABASE_SETTINGS/DB_IHM_Decrease_Access.o
 .debug_info    0x000000000000a0b6     0x1153 Ventilation/src/DATABASE_SETTINGS/DB_IHM_Increase_Access.o
 .debug_info    0x000000000000b209     0x1344 Ventilation/src/DATABASE_SETTINGS/DB_IHM_Read_Access.o
 .debug_info    0x000000000000c54d      0x400 Ventilation/src/DATABASE_SETTINGS/DB_IHM_Read_Info_Access.o
 .debug_info    0x000000000000c94d      0x41b Ventilation/src/DATABASE_SETTINGS/DB_IHM_Write_Access.o
 .debug_info    0x000000000000cd68      0x430 Ventilation/src/DATABASE_SETTINGS/DB_IHM_Write_Info_Access.o
 .debug_info    0x000000000000d198      0x6f1 Ventilation/src/DATABASE_SETTINGS/DB_IhmAccessParaDataBase.o
 .debug_info    0x000000000000d889       0xe5 Ventilation/src/DISPLAY/DIS_Box.o
 .debug_info    0x000000000000d96e       0x94 Ventilation/src/DISPLAY/DIS_DisplayPage.o
 .debug_info    0x000000000000da02       0x86 Ventilation/src/DISPLAY/DIS_ErasePage.o
 .debug_info    0x000000000000da88       0xd7 Ventilation/src/DISPLAY/DIS_EraseZone.o
 .debug_info    0x000000000000db5f      0x309 Ventilation/src/DISPLAY/DIS_FifoRead.o
 .debug_info    0x000000000000de68       0xd7 Ventilation/src/DISPLAY/DIS_Line.o
 .debug_info    0x000000000000df3f      0x166 Ventilation/src/DISPLAY/DIS_Number.o
 .debug_info    0x000000000000e0a5       0xbb Ventilation/src/DISPLAY/DIS_Pixel.o
 .debug_info    0x000000000000e160      0x484 Ventilation/src/DISPLAY/DIS_String.o
 .debug_info    0x000000000000e5e4       0xbb Ventilation/src/DISPLAY/DIS_Symbol.o
 .debug_info    0x000000000000e69f       0xd5 Ventilation/src/GENERAL/Average.o
 .debug_info    0x000000000000e774       0xb4 Ventilation/src/GENERAL/Saturation.o
 .debug_info    0x000000000000e828       0x62 Ventilation/src/INTERRUPTS/It_watchdog.o
 .debug_info    0x000000000000e88a     0x2288 Ventilation/src/MAIN/MAIN_Global_Variables_Init.o
 .debug_info    0x0000000000010b12      0xeed Ventilation/src/MAIN/MAIN_Interfaces_Init.o
 .debug_info    0x00000000000119ff      0xda5 Ventilation/src/MAIN/MAIN_Security_Init.o
 .debug_info    0x00000000000127a4      0xa3b Ventilation/src/MAIN/MAIN_System_Init.o
 .debug_info    0x00000000000131df      0xa26 Ventilation/src/MAIN/MAIN_Target_Init.o
 .debug_info    0x0000000000013c05       0x3b Ventilation/src/MAIN/MAIN_Tasks_Init.o
 .debug_info    0x0000000000013c40     0x11a6 Ventilation/src/MAIN/MAIN_Ventilation_Init.o
 .debug_info    0x0000000000014de6       0xfc Ventilation/src/SCHEDULER/SCHED_Setup_Main.o
 .debug_info    0x0000000000014ee2      0x245 Ventilation/src/SCHEDULER/SCHED_Setup_entry.o
 .debug_info    0x0000000000015127       0xfc Ventilation/src/SCHEDULER/SCHED_Ventilation_Main.o
 .debug_info    0x0000000000015223      0x99d Ventilation/src/SECURITY/SEC_LooseFlashPointer.o
 .debug_info    0x0000000000015bc0     0x125e Ventilation/src/SECURITY/SEC_TurbineOverheat.o
 .debug_info    0x0000000000016e1e     0x14b8 Ventilation/src/SET_UP/SET_Actuator.o
 .debug_info    0x00000000000182d6     0x1033 Ventilation/src/SET_UP/SET_CalibrationManagement.o
 .debug_info    0x0000000000019309      0x72d Ventilation/src/SET_UP/SET_CalibrationVerification.o
 .debug_info    0x0000000000019a36      0xdcf Ventilation/src/SET_UP/SET_DefaultCalibration.o
 .debug_info    0x000000000001a805     0x1555 Ventilation/src/SET_UP/SET_ExhFlowCalibration.o
 .debug_info    0x000000000001bd5a     0x19f5 Ventilation/src/SET_UP/SET_FasValveCalibration.o
 .debug_info    0x000000000001d74f      0x99d Ventilation/src/SET_UP/SET_InspFlowOffsetDefault.o
 .debug_info    0x000000000001e0ec      0x99d Ventilation/src/SET_UP/SET_InternalPressureOffsetDefault.o
 .debug_info    0x000000000001ea89      0x99d Ventilation/src/SET_UP/SET_ProximalPressureOffsetDefault.o