Archive member included to satisfy reference by file (symbol)

/home/bhavya/Downloads/1/plugins/fr.ac6.mcu.externaltools.arm-none.linux64_1.17.0.201812190825/tools/compiler/bin/../lib/gcc/arm-none-eabi/7.3.1/../../../../arm-none-eabi/lib/thumb/v7e-m/fpv4-sp/hard/libm.a(lib_a-s_sin.o)
                              Ventilation/src/COMPUTE/CMP_InspPlatComputings.o (sin)
/home/bhavya/Downloads/1/plugins/fr.ac6.mcu.externaltools.arm-none.linux64_1.17.0.201812190825/tools/compiler/bin/../lib/gcc/arm-none-eabi/7.3.1/../../../../arm-none-eabi/lib/thumb/v7e-m/fpv4-sp/hard/libm.a(lib_a-w_sqrt.o)
                              Ventilation/src/COMPUTE/CMP_LeakComputing.o (sqrt)
/home/bhavya/Downloads/1/plugins/fr.ac6.mcu.externaltools.arm-none.linux64_1.17.0.201812190825/tools/compiler/bin/../lib/gcc/arm-none-eabi/7.3.1/../../../../arm-none-eabi/lib/thumb/v7e-m/fpv4-sp/hard/libm.a(lib_a-e_rem_pio2.o)
                              /home/bhavya/Downloads/1/plugins/fr.ac6.mcu.externaltools.arm-none.linux64_1.17.0.201812190825/tools/compiler/bin/../lib/gcc/arm-none-eabi/7.3.1/../../../../arm-none-eabi/lib/thumb/v7e-m/fpv4-sp/hard/libm.a(lib_a-s_sin.o) (__ieee754_rem_pio2)
/home/bhavya/Downloads/1/plugins/fr.ac6.mcu.externaltools.arm-none.linux64_1.17.0.201812190825/tools/compiler/bin/../lib/gcc/arm-none-eabi/7.3.1/../../../../arm-none-eabi/lib/thumb/v7e-m/fpv4-sp/hard/libm.a(lib_a-e_sqrt.o)
                              /home/bhavya/Downloads/1/plugins/fr.ac6.mcu.externaltools.arm-none.linux64_1.17.0.201812190825/tools/compiler/bin/../lib/gcc/arm-none-eabi/7.3.1/../../../../arm-none-eabi/lib/thumb/v7e-m/fpv4-sp/hard/libm.a(lib_a-w_sqrt.o) (__ieee754_sqrt)
/home/bhavya/Downloads/1/plugins/fr.ac6.mcu.externaltools.arm-none.linux64_1.17.0.201812190825/tools/compiler/bin/../lib/gcc/arm-none-eabi/7.3.1/../../../../arm-none-eabi/lib/thumb/v7e-m/fpv4-sp/hard/libm.a(lib_a-k_cos.o)
                              /home/bhavya/Downloads/1/plugins/fr.ac6.mcu.externaltools.arm-none.linux64_1.17.0.201812190825/tools/compiler/bin/../lib/gcc/arm-none-eabi/7.3.1/../../../../arm-none-eabi/lib/thumb/v7e-m/fpv4-sp/hard/libm.a(lib_a-s_sin.o) (__kernel_cos)
/home/bhavya/Downloads/1/plugins/fr.ac6.mcu.externaltools.arm-none.linux64_1.17.0.201812190825/tools/compiler/bin/../lib/gcc/arm-none-eabi/7.3.1/../../../../arm-none-eabi/lib/thumb/v7e-m/fpv4-sp/hard/libm.a(lib_a-k_rem_pio2.o)
                              /home/bhavya/Downloads/1/plugins/fr.ac6.mcu.externaltools.arm-none.linux64_1.17.0.201812190825/tools/compiler/bin/../lib/gcc/arm-none-eabi/7.3.1/../../../../arm-none-eabi/lib/thumb/v7e-m/fpv4-sp/hard/libm.a(lib_a-e_rem_pio2.o) (__kernel_rem_pio2)
/home/bhavya/Downloads/1/plugins/fr.ac6.mcu.externaltools.arm-none.linux64_1.17.0.201812190825/tools/compiler/bin/../lib/gcc/arm-none-eabi/7.3.1/../../../../arm-none-eabi/lib/thumb/v7e-m/fpv4-sp/hard/libm.a(lib_a-k_sin.o)
                              /home/bhavya/Downloads/1/plugins/fr.ac6.mcu.externaltools.arm-none.linux64_1.17.0.201812190825/tools/compiler/bin/../lib/gcc/arm-none-eabi/7.3.1/../../../../arm-none-eabi/lib/thumb/v7e-m/fpv4-sp/hard/libm.a(lib_a-s_sin.o) (__kernel_sin)
/home/bhavya/Downloads/1/plugins/fr.ac6.mcu.externaltools.arm-none.linux64_1.17.0.201812190825/tools/compiler/bin/../lib/gcc/arm-none-eabi/7.3.1/../../../../arm-none-eabi/lib/thumb/v7e-m/fpv4-sp/hard/libm.a(lib_a-s_fabs.o)
                              /home/bhavya/Downloads/1/plugins/fr.ac6.mcu.externaltools.arm-none.linux64_1.17.0.201812190825/tools/compiler/bin/../lib/gcc/arm-none-eabi/7.3.1/../../../../arm-none-eabi/lib/thumb/v7e-m/fpv4-sp/hard/libm.a(lib_a-e_rem_pio2.o) (fabs)
/home/bhavya/Downloads/1/plugins/fr.ac6.mcu.externaltools.arm-none.linux64_1.17.0.201812190825/tools/compiler/bin/../lib/gcc/arm-none-eabi/7.3.1/../../../../arm-none-eabi/lib/thumb/v7e-m/fpv4-sp/hard/libm.a(lib_a-s_floor.o)
                              /home/bhavya/Downloads/1/plugins/fr.ac6.mcu.externaltools.arm-none.linux64_1.17.0.201812190825/tools/compiler/bin/../lib/gcc/arm-none-eabi/7.3.1/../../../../arm-none-eabi/lib/thumb/v7e-m/fpv4-sp/hard/libm.a(lib_a-k_rem_pio2.o) (floor)
/home/bhavya/Downloads/1/plugins/fr.ac6.mcu.externaltools.arm-none.linux64_1.17.0.201812190825/tools/compiler/bin/../lib/gcc/arm-none-eabi/7.3.1/../../../../arm-none-eabi/lib/thumb/v7e-m/fpv4-sp/hard/libm.a(lib_a-s_lib_ver.o)
                              /home/bhavya/Downloads/1/plugins/fr.ac6.mcu.externaltools.arm-none.linux64_1.17.0.201812190825/tools/compiler/bin/../lib/gcc/arm-none-eabi/7.3.1/../../../../arm-none-eabi/lib/thumb/v7e-m/fpv4-sp/hard/libm.a(lib_a-w_sqrt.o) (__fdlib_version)
/home/bhavya/Downloads/1/plugins/fr.ac6.mcu.externaltools.arm-none.linux64_1.17.0.201812190825/tools/compiler/bin/../lib/gcc/arm-none-eabi/7.3.1/../../../../arm-none-eabi/lib/thumb/v7e-m/fpv4-sp/hard/libm.a(lib_a-s_matherr.o)
[...]
Memory Configuration

Name             Origin             Length             Attributes
RAM              0x0000000020000000 0x0000000000020000 xrw
ROM              0x0000000008000000 0x0000000000080000 xr
*default*        0x0000000000000000 0xffffffffffffffff

Linker script and memory map

LOAD /home/bhavya/Downloads/1/plugins/fr.ac6.mcu.externaltools.arm-none.linux64_1.17.0.201812190825/tools/compiler/bin/../lib/gcc/arm-none-eabi/7.3.1/thumb/v7e-m/fpv4-sp/hard/crti.o
LOAD /home/bhavya/Downloads/1/plugins/fr.ac6.mcu.externaltools.arm-none.linux64_1.17.0.201812190825/tools/compiler/bin/../lib/gcc/arm-none-eabi/7.3.1/thumb/v7e-m/fpv4-sp/hard/crtbegin.o
LOAD /home/bhavya/Downloads/1/plugins/fr.ac6.mcu.externaltools.arm-none.linux64_1.17.0.201812190825/tools/compiler/bin/../lib/gcc/arm-none-eabi/7.3.1/../../../../arm-none-eabi/lib/thumb/v7e-m/fpv4-sp/hard/crt0.o
LOAD Ventilation/src/ACTUATOR/ACT_BlowerCmd.o
LOAD Ventilation/src/ACTUATOR/ACT_BrakePower.o
LOAD Ventilation/src/ACTUATOR/ACT_O2ValveCmd.o
LOAD Ventilation/src/ACTUATOR/ACT_ValveCmd.o
LOAD Ventilation/src/ACTUATOR/ACT_ValveDetected.o
LOAD Ventilation/src/COMPUTE/CMP_AveragePressureComputing.o
LOAD Ventilation/src/COMPUTE/CMP_CalculAutoAdaptInsp.o
LOAD Ventilation/src/COMPUTE/CMP_CalculFlowLeak.o
LOAD Ventilation/src/COMPUTE/CMP_ExhPlatComputings.o
LOAD Ventilation/src/COMPUTE/CMP_ExhalationComputings.o
LOAD Ventilation/src/COMPUTE/CMP_InspPlatComputings.o
LOAD Ventilation/src/COMPUTE/CMP_InspRiseComputings.o
LOAD Ventilation/src/COMPUTE/CMP_InspirationComputings.o
LOAD Ventilation/src/COMPUTE/CMP_LeakComputing.o
LOAD Ventilation/src/COMPUTE/CMP_LeakFactors.o
LOAD Ventilation/src/COMPUTE/CMP_MeanTable.o
LOAD Ventilation/src/COMPUTE/CMP_TargetVt.o
LOAD Ventilation/src/COMPUTE/CMP_TimeComputing.o
LOAD Ventilation/src/COMPUTE/CMP_VentilationReport.o
LOAD Ventilation/src/CPAP_SETTINGS/DB_IHM_Setting_Adjust_Cpap_Mode.o
LOAD Ventilation/src/CPAP_SETTINGS/DB_IHM_Setting_Adjust_Cpap_Mode_Apnea_Time.o
LOAD Ventilation/src/CPAP_SETTINGS/DB_IHM_Setting_Adjust_Cpap_Mode_Disco_Delay.o
LOAD Ventilation/src/CPAP_SETTINGS/DB_IHM_Setting_Adjust_Cpap_Mode_High_Leak.o
LOAD Ventilation/src/CPAP_SETTINGS/DB_IHM_Setting_Adjust_Cpap_Mode_High_R.o
LOAD Ventilation/src/CPAP_SETTINGS/DB_IHM_Setting_Adjust_Cpap_Mode_High_Vti.o
LOAD Ventilation/src/CPAP_SETTINGS/DB_IHM_Setting_Adjust_Cpap_Mode_Low_Vti.o
LOAD Ventilation/src/CPAP_SETTINGS/DB_IHM_Setting_Adjust_Cpap_Mode_Peep.o
LOAD Ventilation/src/CYCLES/CYC_CpapCyclesMngt.o
LOAD Ventilation/src/CYCLES/CYC_Exh_Controller_Phase.o
LOAD Ventilation/src/CYCLES/CYC_Insp_Controller_Phase.o
LOAD Ventilation/src/CYCLES/CYC_Pres_Vol_CyclesMngt.o
LOAD Ventilation/src/CYCLES/CYC_Psvt_CyclesMngt.o
LOAD Ventilation/src/CYCLES/CYC_TiLimitsCompute.o
LOAD Ventilation/src/CYCLES/CYC_TriggerEDetection.o
LOAD Ventilation/src/CYCLES/CYC_TriggerIDetection.o
LOAD Ventilation/src/DATABASE/DB_AlarmInfoRead.o
LOAD Ventilation/src/DATABASE/DB_AlarmInfoWrite.o
LOAD Ventilation/src/DATABASE/DB_AlarmStatusRead.o
LOAD Ventilation/src/DATABASE/DB_AlarmStatusWrite.o
LOAD Ventilation/src/DATABASE/DB_ComputeBreathTimingRatios.o
LOAD Ventilation/src/DATABASE/DB_ComputeRead.o
LOAD Ventilation/src/DATABASE/DB_ComputeWrite.o
LOAD Ventilation/src/DATABASE/DB_ConfigRead.o
LOAD Ventilation/src/DATABASE/DB_ConfigWrite.o
LOAD Ventilation/src/DATABASE/DB_ControlRead.o
LOAD Ventilation/src/DATABASE/DB_ControlWrite.o
LOAD Ventilation/src/DATABASE/DB_CopyMngt.o
LOAD Ventilation/src/DATABASE/DB_CurrentRead.o
LOAD Ventilation/src/DATABASE/DB_CurrentWrite.o
LOAD Ventilation/src/DATABASE/DB_EventMngt.o
LOAD Ventilation/src/DATABASE/DB_KeyboardEventRead.o
LOAD Ventilation/src/DATABASE/DB_KeyboardEventWrite.o
LOAD Ventilation/src/DATABASE/DB_MeasurementWrite.o
LOAD Ventilation/src/DATABASE/DB_RTCRead.o
LOAD Ventilation/src/DATABASE/DB_RTCWrite.o
LOAD Ventilation/src/DATABASE/DB_Revision.o
LOAD Ventilation/src/DATABASE/DB_StartInitDb.o
LOAD Ventilation/src/DATABASE/DB_TrendRead.o
LOAD Ventilation/src/DATABASE/DB_TrendWrite.o
LOAD Ventilation/src/DATABASE/DB_UsbRead.o
LOAD Ventilation/src/DATABASE/DB_WriteDataInEepAndRam.o
LOAD Ventilation/src/DATABASE_SETTINGS/DB_IHM_Decrease_Access.o
LOAD Ventilation/src/DATABASE_SETTINGS/DB_IHM_Decrease_Config.o
LOAD Ventilation/src/DATABASE_SETTINGS/DB_IHM_Increase_Access.o
LOAD Ventilation/src/DATABASE_SETTINGS/DB_IHM_Read_Access.o
LOAD Ventilation/src/DATABASE_SETTINGS/DB_IHM_Read_Info_Access.o
LOAD Ventilation/src/DATABASE_SETTINGS/DB_IHM_Setting_Rtc_Day.o
LOAD Ventilation/src/DATABASE_SETTINGS/DB_IHM_Write_Access.o
LOAD Ventilation/src/DATABASE_SETTINGS/DB_IHM_Write_Info_Access.o
LOAD Ventilation/src/DATABASE_SETTINGS/DB_IhmAccessParaDataBase.o
LOAD Ventilation/src/DISPLAY/DIS_Backlight.o
LOAD Ventilation/src/DISPLAY/DIS_Box.o
LOAD Ventilation/src/DISPLAY/DIS_DisplayPage.o
LOAD Ventilation/src/DISPLAY/DIS_ErasePage.o
LOAD Ventilation/src/DISPLAY/DIS_EraseZone.o
LOAD Ventilation/src/DISPLAY/DIS_FifoRead.o
LOAD Ventilation/src/DISPLAY/DIS_FifoWrite.o
LOAD Ventilation/src/DISPLAY/DIS_Line.o
LOAD Ventilation/src/DISPLAY/DIS_Number.o
LOAD Ventilation/src/DISPLAY/DIS_Pixel.o
LOAD Ventilation/src/DISPLAY/DIS_String.o
LOAD Ventilation/src/DISPLAY/DIS_Symbol.o
LOAD Ventilation/src/GENERAL/Average.o
LOAD Ventilation/src/GENERAL/Saturation.o
LOAD Ventilation/src/INTERRUPTS/It_watchdog.o
LOAD Ventilation/src/MAIN/MAIN_Global_Variables_Init.o
LOAD Ventilation/src/MAIN/MAIN_Interfaces_Init.o
LOAD Ventilation/src/MAIN/MAIN_Security_Init.o
LOAD Ventilation/src/MAIN/MAIN_System_Init.o
LOAD Ventilation/src/MAIN/MAIN_Target_Init.o
LOAD Ventilation/src/MAIN/MAIN_Tasks_Init.o
LOAD Ventilation/src/MAIN/MAIN_Ventilation_Init.o
LOAD Ventilation/src/PRES_SETTINGS/DB_IHM_Setting_Adjust_Pres_Mode.o
LOAD Ventilation/src/PRES_SETTINGS/DB_IHM_Setting_Adjust_Pres_Mode_Control_R.o
LOAD Ventilation/src/PRES_SETTINGS/DB_IHM_Setting_Adjust_Pres_Mode_Disco_Delay.o
LOAD Ventilation/src/PRES_SETTINGS/DB_IHM_Setting_Adjust_Pres_Mode_High_Vti.o
LOAD Ventilation/src/PRES_SETTINGS/DB_IHM_Setting_Adjust_Pres_Mode_Insp_Sens.o
LOAD Ventilation/src/PRES_SETTINGS/DB_IHM_Setting_Adjust_Pres_Mode_Low_Vti.o
LOAD Ventilation/src/PRES_SETTINGS/DB_IHM_Setting_Adjust_Pres_Mode_Max_Pressure.o
LOAD Ventilation/src/PRES_SETTINGS/DB_IHM_Setting_Adjust_Pres_Mode_Peep.o
LOAD Ventilation/src/PRES_SETTINGS/DB_IHM_Setting_Adjust_Pres_Mode_Rise_Time.o
LOAD Ventilation/src/PRES_SETTINGS/DB_IHM_Setting_Adjust_Pres_Mode_Target_Vt.o
LOAD Ventilation/src/PRES_SETTINGS/DB_IHM_Setting_Adjust_Pres_Mode_Ti_Control.o
LOAD Ventilation/src/SCHEDULER/SCHED_Setup_Main.o
LOAD Ventilation/src/SCHEDULER/SCHED_Setup_entry.o
LOAD Ventilation/src/SCHEDULER/SCHED_Ventilation_Main.o
LOAD Ventilation/src/SCHEDULER/SCHED_Ventilation_entry.o
LOAD Ventilation/src/SECURITY/SEC_100_FiO2.o
LOAD Ventilation/src/SECURITY/SEC_ACPowerFail.o
LOAD Ventilation/src/SECURITY/SEC_AlarmIndication.o
LOAD Ventilation/src/SECURITY/SEC_AmbientTemperature.o
LOAD Ventilation/src/SECURITY/SEC_Apnea.o
LOAD Ventilation/src/SECURITY/SEC_BatteryTemperature.o
LOAD Ventilation/src/SECURITY/SEC_BuzzerBatteryChargeFailure.o
LOAD Ventilation/src/SECURITY/SEC_BuzzerBatteryLow.o
LOAD Ventilation/src/SECURITY/SEC_CalibrationFailure.o
LOAD Ventilation/src/SECURITY/SEC_CanceledStateMngt.o
LOAD Ventilation/src/SECURITY/SEC_CheckBattery.o
LOAD Ventilation/src/SECURITY/SEC_CheckBatteryCharge.o
LOAD Ventilation/src/SECURITY/SEC_CheckBuzzer.o
LOAD Ventilation/src/SECURITY/SEC_CheckFio2.o
LOAD Ventilation/src/SECURITY/SEC_CheckFio2_XL2.o
LOAD Ventilation/src/SECURITY/SEC_CheckO2.o
LOAD Ventilation/src/SECURITY/SEC_CheckO2Supply.o
LOAD Ventilation/src/SECURITY/SEC_CheckPressure.o
LOAD Ventilation/src/SECURITY/SEC_CheckProximal.o
LOAD Ventilation/src/SECURITY/SEC_CheckRemoteAlarm.o
LOAD Ventilation/src/SECURITY/SEC_CheckSettings.o
LOAD Ventilation/src/SECURITY/SEC_CheckSupply.o
LOAD Ventilation/src/SECURITY/SEC_CheckValve.o
LOAD Ventilation/src/SECURITY/SEC_CheckValvePressure.o
LOAD Ventilation/src/SECURITY/SEC_ClockDefault.o
LOAD Ventilation/src/SECURITY/SEC_ControlledCycles.o
LOAD Ventilation/src/SECURITY/SEC_CoolingFanFailure.o
LOAD Ventilation/src/SECURITY/SEC_CpapMode.o
LOAD Ventilation/src/SECURITY/SEC_CpuReferenceFailure.o
LOAD Ventilation/src/SECURITY/SEC_DCPowerFail.o
LOAD Ventilation/src/SECURITY/SEC_Disconnection.o
LOAD Ventilation/src/SECURITY/SEC_EndOfBattery.o
LOAD Ventilation/src/SECURITY/SEC_ExhFlowOffsetDefault.o
LOAD Ventilation/src/SECURITY/SEC_Failure24V.o
LOAD Ventilation/src/SECURITY/SEC_Fio2CalibrationNeeded.o
LOAD Ventilation/src/SECURITY/SEC_Fio2OffsetDefault.o
LOAD Ventilation/src/SECURITY/SEC_FirstCycleDetection.o
LOAD Ventilation/src/SECURITY/SEC_ForceUnknownBattery.o
LOAD Ventilation/src/SECURITY/SEC_HighFio2_M2.o
LOAD Ventilation/src/SECURITY/SEC_HighPressure.o
LOAD Ventilation/src/SECURITY/SEC_HighRate.o
LOAD Ventilation/src/SECURITY/SEC_HighVte.o
LOAD Ventilation/src/SECURITY/SEC_HighVti.o
LOAD Ventilation/src/SECURITY/SEC_KeyboardDefault.o
LOAD Ventilation/src/SECURITY/SEC_LeakDisconnection.o
LOAD Ventilation/src/SECURITY/SEC_LeakOcclusion.o
LOAD Ventilation/src/SECURITY/SEC_Leakage.o
LOAD Ventilation/src/SECURITY/SEC_LooseFlashPointer.o
LOAD Ventilation/src/SECURITY/SEC_LowBattery.o
LOAD Ventilation/src/SECURITY/SEC_LowVte.o
LOAD Ventilation/src/SECURITY/SEC_LowVti.o
LOAD Ventilation/src/SECURITY/SEC_MissingO2Supply.o
LOAD Ventilation/src/SECURITY/SEC_NoBattery.o
LOAD Ventilation/src/SECURITY/SEC_NoFio2Sensor_XL2.o
LOAD Ventilation/src/SECURITY/SEC_Occlusion.o
LOAD Ventilation/src/SECURITY/SEC_PresMode.o
LOAD Ventilation/src/SECURITY/SEC_ProxDisconnection.o
LOAD Ventilation/src/SECURITY/SEC_PsimvMode.o
LOAD Ventilation/src/SECURITY/SEC_PsvtMode.o
LOAD Ventilation/src/SECURITY/SEC_ResetAlarms.o
LOAD Ventilation/src/SECURITY/SEC_SpeedDefault.o
LOAD Ventilation/src/SECURITY/SEC_SupplyMeasureFailure.o
LOAD Ventilation/src/SECURITY/SEC_TechnicalProblem.o
LOAD Ventilation/src/SECURITY/SEC_TurbineOverheat.o
LOAD Ventilation/src/SECURITY/SEC_UnknownBattery.o
LOAD Ventilation/src/SECURITY/SEC_ValveAlarmsToReset.o
LOAD Ventilation/src/SECURITY/SEC_ValveLeakage.o
LOAD Ventilation/src/SECURITY/SEC_ValveUseChangeMngt.o
LOAD Ventilation/src/SECURITY/SEC_VentilAuthorization.o
LOAD Ventilation/src/SECURITY/SEC_VeryLowInternalPressure.o
LOAD Ventilation/src/SECURITY/SEC_VeryLowProximalPressure.o
LOAD Ventilation/src/SECURITY/SEC_VeryLowValvePressure.o
LOAD Ventilation/src/SECURITY/SEC_VolMode.o
LOAD Ventilation/src/SECURITY/SEC_VoluntaryStop.o
LOAD Ventilation/src/SECURITY/SEC_VsimvMode.o
LOAD Ventilation/src/SECURITY/VEN_Security.o
LOAD Ventilation/src/SET_UP/SET_Actuator.o
LOAD Ventilation/src/SET_UP/SET_CalibrationManagement.o
LOAD Ventilation/src/SET_UP/SET_CalibrationVerification.o
LOAD Ventilation/src/SET_UP/SET_DefaultCalibration.o
LOAD Ventilation/src/SET_UP/SET_ExhFlowCalibration.o
LOAD Ventilation/src/SET_UP/SET_FasValveCalibration.o
LOAD Ventilation/src/SET_UP/SET_InspFlowOffsetDefault.o
LOAD Ventilation/src/SET_UP/SET_InternalPressureOffsetDefault.o
LOAD Ventilation/src/SET_UP/SET_O2FlowOffsetDefault.o
LOAD Ventilation/src/SET_UP/SET_O2PressureOffsetDefault.o
LOAD Ventilation/src/SET_UP/SET_ProximalPressureOffsetDefault.o
LOAD Ventilation/src/SET_UP/SET_RTC_Mngt.o
LOAD Ventilation/src/SET_UP/SET_TechnicalAlarms.o
LOAD Ventilation/src/SET_UP/SET_ValvePressureOffsetDefault.o
LOAD Ventilation/src/SYSTEM/INT_AbsPress_Interpol.o
LOAD Ventilation/src/SYSTEM/INT_BlowerTemperatureInterpol.o
LOAD Ventilation/src/SYSTEM/INT_ExhFlow_Interpol.o
LOAD Ventilation/src/SYSTEM/INT_Fio2_Interpol.o
LOAD Ventilation/src/SYSTEM/INT_Flow_Conversion_Equation.o
LOAD Ventilation/src/SYSTEM/INT_InspFlow_Interpol.o
LOAD Ventilation/src/SYSTEM/INT_O2Flow_Interpol.o
LOAD Ventilation/src/SYSTEM/INT_O2Press_Interpol.o
LOAD Ventilation/src/SYSTEM/INT_PatPress_Interpol.o
LOAD Ventilation/src/SYSTEM/INT_ProxiPress_Interpol.o
LOAD Ventilation/src/SYSTEM/INT_SpeedBlow_Interpol.o
LOAD Ventilation/src/SYSTEM/INT_ValvePress_Interpol.o
LOAD Ventilation/src/SYSTEM/INT_Voltages_Interpol.o
LOAD Ventilation/src/SYSTEM/KEY_Event.o
LOAD Ventilation/src/SYSTEM/SYS_Alarm_Remote_Detect.o
LOAD Ventilation/src/SYSTEM/SYS_Backlight_Mngt.o
LOAD Ventilation/src/SYSTEM/SYS_CalibrationManagement.o
LOAD Ventilation/src/SYSTEM/SYS_Counters.o
LOAD Ventilation/src/SYSTEM/SYS_CurveFlowCalcul.o
LOAD Ventilation/src/SYSTEM/SYS_ExhFlowCalibration.o
LOAD Ventilation/src/SYSTEM/SYS_Fio2Calibration.o
LOAD Ventilation/src/SYSTEM/SYS_Fio2Detection.o
LOAD Ventilation/src/SYSTEM/SYS_Interpolation.o
LOAD Ventilation/src/SYSTEM/SYS_Keyboard.o
LOAD Ventilation/src/SYSTEM/SYS_Monit_Buffer_Write.o
LOAD Ventilation/src/SYSTEM/SYS_PressionChoice.o
LOAD Ventilation/src/SYSTEM/SYS_RTC_Update.o
LOAD Ventilation/src/SYSTEM/SYS_ReadDataSpo2.o
LOAD Ventilation/src/SYSTEM/SYS_SPO2Interpol.o
LOAD Ventilation/src/SYSTEM/SYS_SetupLaunch.o
LOAD Ventilation/src/SYSTEM/SYS_SupplyDetect.o
LOAD Ventilation/src/SYSTEM/SYS_VentilationLaunch.o
LOAD Ventilation/src/TIMERS/TIM_Launch.o
LOAD Ventilation/src/TIMERS/TIM_ReadCounterValue.o
LOAD Ventilation/src/TIMERS/TIM_ReadDecounterValue.o
LOAD Ventilation/src/TIMERS/TIM_ReadMinuteCounterValue.o
LOAD Ventilation/src/TIMERS/TIM_ReadMinuteDecounterValue.o
LOAD Ventilation/src/TIMERS/TIM_StartCounter.o
LOAD Ventilation/src/TIMERS/TIM_StartDecounter.o
LOAD Ventilation/src/TIMERS/TIM_StartMinuteCounter.o
LOAD Ventilation/src/TIMERS/TIM_StartMinuteDecounter.o
LOAD Ventilation/src/TIMERS/TIM_StopDecounter.o
LOAD Ventilation/src/TIMERS/TIM_Temporize.o
LOAD Ventilation/src/TIMERS/TIM_TestOverflowOk.o
LOAD Ventilation/src/USB_SETTINGS/DB_IHM_Setting_Adjust_Usb.o
LOAD Ventilation/src/USB_SETTINGS/DB_IHM_Setting_Adjust_Usb_Default.o
LOAD Ventilation/src/USB_SETTINGS/DB_IHM_Setting_Adjust_Usb_Monitor_Transfer.o
LOAD Ventilation/src/USB_SETTINGS/DB_IHM_Setting_Adjust_Usb_Trend_Transfer.o
LOAD Ventilation/src/VENTILATION/VEN_Actuators.o
LOAD Ventilation/src/VENTILATION/VEN_Compute.o
LOAD Ventilation/src/VENTILATION/VEN_Cycles.o
LOAD Ventilation/src/VENTILATION/VEN_LeakActuators.o
LOAD Ventilation/src/VENTILATION/VEN_RiseCompute.o
LOAD src/MAIN.o
LOAD startup/startup_stm32.o
LOAD startup/sysmem.o
LOAD /home/bhavya/Downloads/1/plugins/fr.ac6.mcu.externaltools.arm-none.linux64_1.17.0.201812190825/tools/compiler/bin/../lib/gcc/arm-none-eabi/7.3.1/../../../../arm-none-eabi/lib/thumb/v7e-m/fpv4-sp/hard/libm.a
START GROUP
LOAD /home/bhavya/Downloads/1/plugins/fr.ac6.mcu.externaltools.arm-none.linux64_1.17.0.201812190825/tools/compiler/bin/../lib/gcc/arm-none-eabi/7.3.1/thumb/v7e-m/fpv4-sp/hard/libgcc.a
LOAD /home/bhavya/Downloads/1/plugins/fr.ac6.mcu.externaltools.arm-none.linux64_1.17.0.201812190825/tools/compiler/bin/../lib/gcc/arm-none-eabi/7.3.1/../../../../arm-none-eabi/lib/thumb/v7e-m/fpv4-sp/hard/libc.a
END GROUP
LOAD /home/bhavya/Downloads/1/plugins/fr.ac6.mcu.externaltools.arm-none.linux64_1.17.0.201812190825/tools/compiler/bin/../lib/gcc/arm-none-eabi/7.3.1/thumb/v7e-m/fpv4-sp/hard/crtend.o
LOAD /home/bhavya/Downloads/1/plugins/fr.ac6.mcu.externaltools.arm-none.linux64_1.17.0.201812190825/tools/compiler/bin/../lib/gcc/arm-none-eabi/7.3.1/thumb/v7e-m/fpv4-sp/hard/crtn.o
                0x0000000020020000                _estack = 0x20020000
                0x0000000000000000                _Min_Heap_Size = 0x0
                0x0000000000000400                _Min_Stack_Size = 0x400

.isr_vector     0x0000000008000000      0x1c4
                0x0000000008000000                . = ALIGN (0x4)
 *(.isr_vector)
 .isr_vector    0x0000000008000000      0x1c4 startup/startup_stm32.o
                0x0000000008000000                g_pfnVectors
                0x00000000080001c4                . = ALIGN (0x4)

.text           0x00000000080001c8    0x13134
                0x00000000080001c8                . = ALIGN (0x4)
 *(.text)
 .text          0x00000000080001c8       0x40 /home/bhavya/Downloads/1/plugins/fr.ac6.mcu.externaltools.arm-none.linux64_1.17.0.201812190825/tools/compiler/bin/../lib/gcc/arm-none-eabi/7.3.1/thumb/v7e-m/fpv4-sp/hard/crtbegin.o
 .text          0x0000000008000208      0x378 /home/bhavya/Downloads/1/plugins/fr.ac6.mcu.externaltools.arm-none.linux64_1.17.0.201812190825/tools/compiler/bin/../lib/gcc/arm-none-eabi/7.3.1/thumb/v7e-m/fpv4-sp/hard/libgcc.a(_arm_addsubdf3.o)
                0x0000000008000208                __aeabi_drsub
                0x0000000008000210                __aeabi_dsub
                0x0000000008000210                __subdf3
                0x0000000008000214                __adddf3
                0x0000000008000214                __aeabi_dadd
                0x000000000800048c                __aeabi_ui2d
                0x000000000800048c                __floatunsidf
                0x00000000080004ac                __floatsidf
                0x00000000080004ac                __aeabi_i2d
                0x00000000080004d0                __extendsfdf2
                0x00000000080004d0                __aeabi_f2d
                0x0000000008000514                __aeabi_ul2d
                0x0000000008000514                __floatundidf
                0x0000000008000524                __floatdidf
                0x0000000008000524                __aeabi_l2d
 .text          0x0000000008000580      0x424 /home/bhavya/Downloads/1/plugins/fr.ac6.mcu.externaltools.arm-none.linux64_1.17.0.201812190825/tools/compiler/bin/../lib/gcc/arm-none-eabi/7.3.1/thumb/v7e-m/fpv4-sp/hard/libgcc.a(_arm_muldivdf3.o)
                0x0000000008000580                __aeabi_dmul
                0x0000000008000580                __muldf3
                0x00000000080007d4                __aeabi_ddiv
                0x00000000080007d4                __divdf3
 .text          0x00000000080009a4      0x110 /home/bhavya/Downloads/1/plugins/fr.ac6.mcu.externaltools.arm-none.linux64_1.17.0.201812190825/tools/compiler/bin/../lib/gcc/arm-none-eabi/7.3.1/thumb/v7e-m/fpv4-sp/hard/libgcc.a(_arm_cmpdf2.o)
                0x00000000080009a4                __gtdf2
                0x00000000080009a4                __gedf2
                0x00000000080009ac                __ltdf2
                0x00000000080009ac                __ledf2
                0x00000000080009b4                __cmpdf2
                0x00000000080009b4                __eqdf2
                0x00000000080009b4                __nedf2
                0x0000000008000a30                __aeabi_cdrcmple
                0x0000000008000a40                __aeabi_cdcmple
                0x0000000008000a40                __aeabi_cdcmpeq
                0x0000000008000a50                __aeabi_dcmpeq
                0x0000000008000a64                __aeabi_dcmplt
                0x0000000008000a78                __aeabi_dcmple
                0x0000000008000a8c                __aeabi_dcmpge
                0x0000000008000aa0                __aeabi_dcmpgt
 .text          0x0000000008000ab4       0x2c /home/bhavya/Downloads/1/plugins/fr.ac6.mcu.externaltools.arm-none.linux64_1.17.0.201812190825/tools/compiler/bin/../lib/gcc/arm-none-eabi/7.3.1/thumb/v7e-m/fpv4-sp/hard/libgcc.a(_arm_unorddf2.o)
                0x0000000008000ab4                __aeabi_dcmpun
                0x0000000008000ab4                __unorddf2
 .text          0x0000000008000ae0       0x50 /home/bhavya/Downloads/1/plugins/fr.ac6.mcu.externaltools.arm-none.linux64_1.17.0.201812190825/tools/compiler/bin/../lib/gcc/arm-none-eabi/7.3.1/thumb/v7e-m/fpv4-sp/hard/libgcc.a(_arm_fixdfsi.o)
                0x0000000008000ae0                __fixdfsi
                0x0000000008000ae0                __aeabi_d2iz
 .text          0x0000000008000b30       0xa0 /home/bhavya/Downloads/1/plugins/fr.ac6.mcu.externaltools.arm-none.linux64_1.17.0.201812190825/tools/compiler/bin/../lib/gcc/arm-none-eabi/7.3.1/thumb/v7e-m/fpv4-sp/hard/libgcc.a(_arm_truncdfsf2.o)
                0x0000000008000b30                __aeabi_d2f
                0x0000000008000b30                __truncdfsf2
 .text          0x0000000008000bd0      0x134 /home/bhavya/Downloads/1/plugins/fr.ac6.mcu.externaltools.arm-none.linux64_1.17.0.201812190825/tools/compiler/bin/../lib/gcc/arm-none-eabi/7.3.1/../../../../arm-none-eabi/lib/thumb/v7e-m/fpv4-sp/hard/libc.a(lib_a-memcpy.o)
                0x0000000008000bd0                memcpy
 *(.text*)
 .text.ACT_BlowerCmd
                0x0000000008000d04       0x1a Ventilation/src/ACTUATOR/ACT_BlowerCmd.o
                0x0000000008000d04                ACT_BlowerCmd
 *fill*         0x0000000008000d1e        0x2 
 .text.ACT_BrakePower
                0x0000000008000d20       0x48 Ventilation/src/ACTUATOR/ACT_BrakePower.o
                0x0000000008000d20                ACT_BrakePower
 .text.ACT_O2ValveCmd
                0x0000000008000d68      0x11c Ventilation/src/ACTUATOR/ACT_O2ValveCmd.o
                0x0000000008000d68                ACT_O2ValveCmd
 .text.ACT_ValveCmd
                0x0000000008000e84       0x50 Ventilation/src/ACTUATOR/ACT_ValveCmd.o
                0x0000000008000e84                ACT_ValveCmd
 .text.ACT_ValveDetected
                0x0000000008000ed4       0x4a Ventilation/src/ACTUATOR/ACT_ValveDetected.o
                0x0000000008000ed4                ACT_ValveDetected
 *fill*         0x0000000008000f1e        0x2 
 .text.CMP_AveragePressureComputing
                0x0000000008000f20       0x8c Ventilation/src/COMPUTE/CMP_AveragePressureComputing.o
                0x0000000008000f20                CMP_AveragePressureComputing
 .text.CMP_CalculAutoAdaptInsp
                0x0000000008000fac      0x148 Ventilation/src/COMPUTE/CMP_CalculAutoAdaptInsp.o
                0x0000000008000fac                CMP_CalculAutoAdaptInsp
 .text.CMP_CalculFlowLeak
                0x00000000080010f4      0x908 Ventilation/src/COMPUTE/CMP_CalculFlowLeak.o
                0x00000000080010f4                CMP_CalculFlowLeak
 .text.CMP_ExhPlatComputings
                0x00000000080019fc      0x1d4 Ventilation/src/COMPUTE/CMP_ExhPlatComputings.o
                0x00000000080019fc                CMP_ExhPlatComputings
 .text.CMP_ExhalationComputings
                0x0000000008001bd0      0xacc Ventilation/src/COMPUTE/CMP_ExhalationComputings.o
                0x0000000008001bd0                CMP_ExhalationComputings
 .text.CMP_InspPlatComputings
                0x000000000800269c      0x168 Ventilation/src/COMPUTE/CMP_InspPlatComputings.o
                0x000000000800269c                CMP_InspPlatComputings
 .text.CMP_InspRiseComputings
                0x0000000008002804      0x23c Ventilation/src/COMPUTE/CMP_InspRiseComputings.o
                0x0000000008002804                CMP_InspRiseComputings
 .text.CMP_InspirationComputings
                0x0000000008002a40      0x738 Ventilation/src/COMPUTE/CMP_InspirationComputings.o
                0x0000000008002a40                CMP_InspirationComputings
 .text.CMP_LeakComputing
                0x0000000008003178       0xb8 Ventilation/src/COMPUTE/CMP_LeakComputing.o
                0x0000000008003178                CMP_LeakComputing
 .text.CMP_LeakFactors
                0x0000000008003230      0x584 Ventilation/src/COMPUTE/CMP_LeakFactors.o
                0x0000000008003230                CMP_LeakFactors
 .text.CMP_MeanTable
                0x00000000080037b4       0xc4 Ventilation/src/COMPUTE/CMP_MeanTable.o
                0x00000000080037b4                CMP_MeanTable
 .text.CMP_TargetVt
                0x0000000008003878      0x1d0 Ventilation/src/COMPUTE/CMP_TargetVt.o
                0x0000000008003878                CMP_TargetVt
 .text.CMP_TimeComputing
                0x0000000008003a48      0x124 Ventilation/src/COMPUTE/CMP_TimeComputing.o
                0x0000000008003a48                CMP_TimeComputing
 .text.CMP_VentilationReport
                0x0000000008003b6c      0x2fc Ventilation/src/COMPUTE/CMP_VentilationReport.o
                0x0000000008003b6c                CMP_VentilationReport
 .text.CYC_CpapCyclesMngt
                0x0000000008003e68      0x120 Ventilation/src/CYCLES/CYC_CpapCyclesMngt.o
                0x0000000008003e68                CYC_CpapCyclesMngt
 .text.CYC_Exh_Controller_Phase
                0x0000000008003f88       0xbc Ventilation/src/CYCLES/CYC_Exh_Controller_Phase.o
                0x0000000008003f88                CYC_Exh_Controller_Phase
 .text.CYC_Insp_Controller_Phase
                0x0000000008004044      0x17c Ventilation/src/CYCLES/CYC_Insp_Controller_Phase.o
                0x0000000008004044                CYC_Insp_Controller_Phase
 .text.CYC_Pres_Vol_CyclesMngt
                0x00000000080041c0      0x3b4 Ventilation/src/CYCLES/CYC_Pres_Vol_CyclesMngt.o
                0x00000000080041c0                CYC_Pres_Vol_CyclesMngt
 .text.CYC_Psvt_CyclesMngt
                0x0000000008004574      0x388 Ventilation/src/CYCLES/CYC_Psvt_CyclesMngt.o
                0x0000000008004574                CYC_Psvt_CyclesMngt
 .text.CYC_TiLimitsCompute
                0x00000000080048fc      0x124 Ventilation/src/CYCLES/CYC_TiLimitsCompute.o
                0x00000000080048fc                CYC_TiLimitsCompute
 .text.CYC_TriggerEDetection
                0x0000000008004a20       0xd8 Ventilation/src/CYCLES/CYC_TriggerEDetection.o
                0x0000000008004a20                CYC_TriggerEDetection
 .text.CYC_TriggerIDetection
                0x0000000008004af8      0x1bc Ventilation/src/CYCLES/CYC_TriggerIDetection.o
                0x0000000008004af8                CYC_TriggerIDetection
 .text.DB_AlarmInfoWrite
                0x0000000008004cb4       0x58 Ventilation/src/DATABASE/DB_AlarmInfoWrite.o
                0x0000000008004cb4                DB_AlarmInfoWrite
 .text.DB_AlarmStatusRead
                0x0000000008004d0c       0x28 Ventilation/src/DATABASE/DB_AlarmStatusRead.o
                0x0000000008004d0c                DB_AlarmStatusRead
 .text.DB_AlarmStatusWrite
                0x0000000008004d34       0x50 Ventilation/src/DATABASE/DB_AlarmStatusWrite.o
                0x0000000008004d34                DB_AlarmStatusWrite
 .text.DB_ComputeRead
                0x0000000008004d84       0x24 Ventilation/src/DATABASE/DB_ComputeRead.o
                0x0000000008004d84                DB_ComputeRead
 .text.DB_ComputeWrite
                0x0000000008004da8       0xf8 Ventilation/src/DATABASE/DB_ComputeWrite.o
                0x0000000008004da8                DB_ComputeWrite
 .text.DB_ConfigRead
                0x0000000008004ea0       0x24 Ventilation/src/DATABASE/DB_ConfigRead.o
                0x0000000008004ea0                DB_ConfigRead
 .text.DB_ConfigWrite
                0x0000000008004ec4       0xdc Ventilation/src/DATABASE/DB_ConfigWrite.o
                0x0000000008004ec4                DB_ConfigWrite
 .text.DB_ControlRead
                0x0000000008004fa0       0x24 Ventilation/src/DATABASE/DB_ControlRead.o
                0x0000000008004fa0                DB_ControlRead
 .text.DB_ControlWrite
                0x0000000008004fc4       0x2c Ventilation/src/DATABASE/DB_ControlWrite.o
                0x0000000008004fc4                DB_ControlWrite
 .text.DB_CopyMngt
                0x0000000008004ff0        0xe Ventilation/src/DATABASE/DB_CopyMngt.o
                0x0000000008004ff0                DB_CopyMngt
 *fill*         0x0000000008004ffe        0x2 
 .text.DB_CurrentRead
                0x0000000008005000       0x24 Ventilation/src/DATABASE/DB_CurrentRead.o
                0x0000000008005000                DB_CurrentRead
 .text.DB_CurrentWrite
                0x0000000008005024       0x2c Ventilation/src/DATABASE/DB_CurrentWrite.o
                0x0000000008005024                DB_CurrentWrite
 .text.DB_EventMngt
                0x0000000008005050      0x7a4 Ventilation/src/DATABASE/DB_EventMngt.o
                0x0000000008005050                DB_EventMngt
 .text.DRV_EVENT_PushEvent
                0x00000000080057f4       0x1c Ventilation/src/DATABASE/DB_EventMngt.o
                0x00000000080057f4                DRV_EVENT_PushEvent
 .text.DB_KeyboardEventRead
                0x0000000008005810       0x24 Ventilation/src/DATABASE/DB_KeyboardEventRead.o
                0x0000000008005810                DB_KeyboardEventRead
 .text.DB_KeyboardEventWrite
                0x0000000008005834       0x2c Ventilation/src/DATABASE/DB_KeyboardEventWrite.o
                0x0000000008005834                DB_KeyboardEventWrite
 .text.DB_MeasurementWrite
                0x0000000008005860       0x18 Ventilation/src/DATABASE/DB_MeasurementWrite.o
                0x0000000008005860                DB_MeasurementWrite
 .text.DB_RTCRead
                0x0000000008005878       0x24 Ventilation/src/DATABASE/DB_RTCRead.o
                0x0000000008005878                DB_RTCRead
 .text.DB_RTCWrite
                0x000000000800589c       0x2c Ventilation/src/DATABASE/DB_RTCWrite.o
                0x000000000800589c                DB_RTCWrite
 .text.DB_TrendRead
                0x00000000080058c8       0x24 Ventilation/src/DATABASE/DB_TrendRead.o
                0x00000000080058c8                DB_TrendRead
 .text.DB_TrendWrite
                0x00000000080058ec       0x78 Ventilation/src/DATABASE/DB_TrendWrite.o
                0x00000000080058ec                DB_TrendWrite
 .text.EEP_FIFO_PushOneData
                0x0000000008005964       0x18 Ventilation/src/DATABASE/DB_WriteDataInEepAndRam.o
                0x0000000008005964                EEP_FIFO_PushOneData
 .text.DB_WriteDataInEepAndRam
                0x000000000800597c       0x20 Ventilation/src/DATABASE/DB_WriteDataInEepAndRam.o
                0x000000000800597c                DB_WriteDataInEepAndRam
 .text.DB_IHM_Decrease_Access
                0x000000000800599c       0x1c Ventilation/src/DATABASE_SETTINGS/DB_IHM_Decrease_Access.o
                0x000000000800599c                DB_IHM_Decrease_Access
 .text.DB_IHM_Increase_Access
                0x00000000080059b8       0x1c Ventilation/src/DATABASE_SETTINGS/DB_IHM_Increase_Access.o
                0x00000000080059b8                DB_IHM_Increase_Access
 .text.DB_IHM_Read_Access
                0x00000000080059d4       0x1c Ventilation/src/DATABASE_SETTINGS/DB_IHM_Read_Access.o
                0x00000000080059d4                DB_IHM_Read_Access
 .text.DB_IHM_Read_Info_Access
                0x00000000080059f0       0x1c Ventilation/src/DATABASE_SETTINGS/DB_IHM_Read_Info_Access.o
                0x00000000080059f0                DB_IHM_Read_Info_Access
 .text.DB_IHM_Write_Access
                0x0000000008005a0c       0x1c Ventilation/src/DATABASE_SETTINGS/DB_IHM_Write_Access.o
                0x0000000008005a0c                DB_IHM_Write_Access
 .text.DB_IHM_Write_Info_Access
                0x0000000008005a28       0x46 Ventilation/src/DATABASE_SETTINGS/DB_IHM_Write_Info_Access.o
                0x0000000008005a28                DB_IHM_Write_Info_Access
 *fill*         0x0000000008005a6e        0x2 
 .text.DB_IhmAccessParaDataBase
                0x0000000008005a70      0x190 Ventilation/src/DATABASE_SETTINGS/DB_IhmAccessParaDataBase.o
                0x0000000008005a70                DB_IhmAccessParaDataBase
 .text.DIS_Backlight
                0x0000000008005c00       0x58 Ventilation/src/DISPLAY/DIS_Backlight.o
                0x0000000008005c00                DIS_Backlight
 .text.DIS_Box  0x0000000008005c58       0x22 Ventilation/src/DISPLAY/DIS_Box.o
                0x0000000008005c58                DIS_Box
 .text.DIS_DisplayPage
                0x0000000008005c7a       0x1c Ventilation/src/DISPLAY/DIS_DisplayPage.o
                0x0000000008005c7a                DIS_DisplayPage
 .text.DIS_ErasePage
                0x0000000008005c96       0x16 Ventilation/src/DISPLAY/DIS_ErasePage.o
                0x0000000008005c96                DIS_ErasePage
 .text.DIS_EraseZone
                0x0000000008005cac       0x1e Ventilation/src/DISPLAY/DIS_EraseZone.o
                0x0000000008005cac                DIS_EraseZone
 *fill*         0x0000000008005cca        0x2 
 .text.DIS_FifoRead
                0x0000000008005ccc      0x538 Ventilation/src/DISPLAY/DIS_FifoRead.o
                0x0000000008005ccc                DIS_FifoRead
 .text.DIS_FifoWrite
                0x0000000008006204      0x178 Ventilation/src/DISPLAY/DIS_FifoWrite.o
                0x0000000008006204                DIS_FifoWrite
 .text.DIS_Line
                0x000000000800637c       0x1e Ventilation/src/DISPLAY/DIS_Line.o
                0x000000000800637c                DIS_Line
 *fill*         0x000000000800639a        0x2 
 .text.DIS_Number
                0x000000000800639c      0x2e0 Ventilation/src/DISPLAY/DIS_Number.o
                0x000000000800639c                DIS_Number
 .text.DIS_Pixel
                0x000000000800667c       0x24 Ventilation/src/DISPLAY/DIS_Pixel.o
                0x000000000800667c                DIS_Pixel
 .text.DIS_String
                0x00000000080066a0      0x190 Ventilation/src/DISPLAY/DIS_String.o
                0x00000000080066a0                DIS_String
 .text.GetFontNameFromLang
                0x0000000008006830       0xa0 Ventilation/src/DISPLAY/DIS_String.o
                0x0000000008006830                GetFontNameFromLang
 .text.DIS_Symbol
                0x00000000080068d0       0x22 Ventilation/src/DISPLAY/DIS_Symbol.o
                0x00000000080068d0                DIS_Symbol
 *fill*         0x00000000080068f2        0x2 
 .text.average  0x00000000080068f4       0x88 Ventilation/src/GENERAL/Average.o
                0x00000000080068f4                average
 .text.saturation
                0x000000000800697c       0x3e Ventilation/src/GENERAL/Saturation.o
                0x000000000800697c                saturation
 .text.It_watchdog
                0x00000000080069ba       0x24 Ventilation/src/INTERRUPTS/It_watchdog.o
                0x00000000080069ba                It_watchdog
 *fill*         0x00000000080069de        0x2 
 .text.MAIN_Global_Variables_Init
                0x00000000080069e0      0x214 Ventilation/src/MAIN/MAIN_Global_Variables_Init.o
                0x00000000080069e0                MAIN_Global_Variables_Init
 .text.MAIN_Interfaces_Init
                0x0000000008006bf4      0x11c Ventilation/src/MAIN/MAIN_Interfaces_Init.o
                0x0000000008006bf4                MAIN_Interfaces_Init
 .text.MAIN_Security_Init
                0x0000000008006d10      0x23c Ventilation/src/MAIN/MAIN_Security_Init.o
                0x0000000008006d10                MAIN_Security_Init
 .text.MAIN_System_Init
                0x0000000008006f4c       0x94 Ventilation/src/MAIN/MAIN_System_Init.o
                0x0000000008006f4c                MAIN_System_Init
 .text._srvwdt_
                0x0000000008006fe0        0xe Ventilation/src/MAIN/MAIN_Target_Init.o
                0x0000000008006fe0                _srvwdt_
 *fill*         0x0000000008006fee        0x2 
 .text.MAIN_Target_Init_FirstStep
                0x0000000008006ff0       0xbc Ventilation/src/MAIN/MAIN_Target_Init.o
                0x0000000008006ff0                MAIN_Target_Init_FirstStep
 .text.MAIN_Target_Init_SecondStep
                0x00000000080070ac       0x58 Ventilation/src/MAIN/MAIN_Target_Init.o
                0x00000000080070ac                MAIN_Target_Init_SecondStep
 .text.MAIN_Target_Init
                0x0000000008007104       0x10 Ventilation/src/MAIN/MAIN_Target_Init.o
                0x0000000008007104                MAIN_Target_Init
 .text.DRV_OutputPort
                0x0000000008007114       0x18 Ventilation/src/MAIN/MAIN_Target_Init.o
                0x0000000008007114                DRV_OutputPort
 .text.MAIN_Tasks_Init
                0x000000000800712c       0x14 Ventilation/src/MAIN/MAIN_Tasks_Init.o
                0x000000000800712c                MAIN_Tasks_Init
 .text.MAIN_Ventilation_Init
                0x0000000008007140       0xfc Ventilation/src/MAIN/MAIN_Ventilation_Init.o
                0x0000000008007140                MAIN_Ventilation_Init
 .text.SCHED_Setup_Main
                0x000000000800723c       0x20 Ventilation/src/SCHEDULER/SCHED_Setup_Main.o
                0x000000000800723c                SCHED_Setup_Main
 .text.DRV_EVENT_Launch
                0x000000000800725c        0xe Ventilation/src/SCHEDULER/SCHED_Setup_entry.o
                0x000000000800725c                DRV_EVENT_Launch
 .text.HMI_KeyboardEventLaunch
                0x000000000800726a        0xe Ventilation/src/SCHEDULER/SCHED_Setup_entry.o
                0x000000000800726a                HMI_KeyboardEventLaunch
 .text.IHM_TimerEventLauch
                0x0000000008007278        0xe Ventilation/src/SCHEDULER/SCHED_Setup_entry.o
                0x0000000008007278                IHM_TimerEventLauch
 .text.DRV_COM_Launch
                0x0000000008007286        0xe Ventilation/src/SCHEDULER/SCHED_Setup_entry.o
                0x0000000008007286                DRV_COM_Launch
 .text.DRV_SPIPowerSupplyUpdate
                0x0000000008007294        0xe Ventilation/src/SCHEDULER/SCHED_Setup_entry.o
                0x0000000008007294                DRV_SPIPowerSupplyUpdate
 *fill*         0x00000000080072a2        0x2 
 .text.SCHED_Setup_entry
                0x00000000080072a4       0x8c Ventilation/src/SCHEDULER/SCHED_Setup_entry.o
                0x00000000080072a4                SCHED_Setup_entry
 .text.SCHED_Ventilation_Main
                0x0000000008007330       0x20 Ventilation/src/SCHEDULER/SCHED_Ventilation_Main.o
                0x0000000008007330                SCHED_Ventilation_Main
 .text.SCHED_Ventilation_entry
                0x0000000008007350       0x8c Ventilation/src/SCHEDULER/SCHED_Ventilation_entry.o
                0x0000000008007350                SCHED_Ventilation_entry
 .text.SEC_ACPowerFail
                0x00000000080073dc      0x294 Ventilation/src/SECURITY/SEC_ACPowerFail.o
                0x00000000080073dc                SEC_ACPowerFail
 .text.DB_PowerSupplyRead
                0x0000000008007670       0x24 Ventilation/src/SECURITY/SEC_ACPowerFail.o
                0x0000000008007670                DB_PowerSupplyRead
 .text.SEC_AlarmIndication
                0x0000000008007694        0xe Ventilation/src/SECURITY/SEC_AlarmIndication.o
                0x0000000008007694                SEC_AlarmIndication
 *fill*         0x00000000080076a2        0x2 
 .text.SEC_AmbientTemperature
                0x00000000080076a4      0x118 Ventilation/src/SECURITY/SEC_AmbientTemperature.o
                0x00000000080076a4                SEC_AmbientTemperature
 .text.SEC_Apnea
                0x00000000080077bc      0x1f4 Ventilation/src/SECURITY/SEC_Apnea.o
                0x00000000080077bc                SEC_Apnea
 .text.SEC_BatteryTemperature
                0x00000000080079b0      0x118 Ventilation/src/SECURITY/SEC_BatteryTemperature.o
                0x00000000080079b0                SEC_BatteryTemperature
 .text.SEC_BuzzerBatteryChargeFailure
                0x0000000008007ac8       0xec Ventilation/src/SECURITY/SEC_BuzzerBatteryChargeFailure.o
                0x0000000008007ac8                SEC_BuzzerBatteryChargeFailure
 .text.SEC_BuzzerBatteryLow
                0x0000000008007bb4      0x17c Ventilation/src/SECURITY/SEC_BuzzerBatteryLow.o
                0x0000000008007bb4                SEC_BuzzerBatteryLow
 .text.SEC_CanceledStateMngt
                0x0000000008007d30      0x416 Ventilation/src/SECURITY/SEC_CanceledStateMngt.o
                0x0000000008007d30                SEC_CanceledStateMngt
 *fill*         0x0000000008008146        0x2 
 .text.SEC_CheckBattery
                0x0000000008008148       0xc8 Ventilation/src/SECURITY/SEC_CheckBattery.o
                0x0000000008008148                SEC_CheckBattery
 .text.SEC_CheckBatteryCharge
                0x0000000008008210      0x128 Ventilation/src/SECURITY/SEC_CheckBatteryCharge.o
                0x0000000008008210                SEC_CheckBatteryCharge
 .text.SEC_CheckBuzzer
                0x0000000008008338      0x10c Ventilation/src/SECURITY/SEC_CheckBuzzer.o
                0x0000000008008338                SEC_CheckBuzzer
 .text.SEC_CheckPressure
                0x0000000008008444      0x138 Ventilation/src/SECURITY/SEC_CheckPressure.o
                0x0000000008008444                SEC_CheckPressure
 .text.SEC_CheckProximal
                0x000000000800857c      0x1c8 Ventilation/src/SECURITY/SEC_CheckProximal.o
                0x000000000800857c                SEC_CheckProximal
 .text.SEC_CheckRemoteAlarm
                0x0000000008008744      0x128 Ventilation/src/SECURITY/SEC_CheckRemoteAlarm.o
                0x0000000008008744                SEC_CheckRemoteAlarm
 .text.SEC_CheckSettings
                0x000000000800886c       0x6c Ventilation/src/SECURITY/SEC_CheckSettings.o
                0x000000000800886c                SEC_CheckSettings
 .text.SEC_CheckSupply
                0x00000000080088d8      0x110 Ventilation/src/SECURITY/SEC_CheckSupply.o
                0x00000000080088d8                SEC_CheckSupply
 .text.SEC_CheckValve
                0x00000000080089e8      0x220 Ventilation/src/SECURITY/SEC_CheckValve.o
                0x00000000080089e8                SEC_CheckValve
 .text.SEC_CheckValvePressure
                0x0000000008008c08      0x1a0 Ventilation/src/SECURITY/SEC_CheckValvePressure.o
                0x0000000008008c08                SEC_CheckValvePressure
 .text.SEC_ClockDefault
                0x0000000008008da8       0xc0 Ventilation/src/SECURITY/SEC_ClockDefault.o
                0x0000000008008da8                SEC_ClockDefault
 .text.SEC_ControlledCycles
                0x0000000008008e68      0x184 Ventilation/src/SECURITY/SEC_ControlledCycles.o
                0x0000000008008e68                SEC_ControlledCycles
 .text.SEC_CoolingFanFailure
                0x0000000008008fec      0x114 Ventilation/src/SECURITY/SEC_CoolingFanFailure.o
                0x0000000008008fec                SEC_CoolingFanFailure
 .text.SEC_CpapMode
                0x0000000008009100      0x11c Ventilation/src/SECURITY/SEC_CpapMode.o
                0x0000000008009100                SEC_CpapMode
 .text.SEC_CpuReferenceFailure
                0x000000000800921c      0x168 Ventilation/src/SECURITY/SEC_CpuReferenceFailure.o
                0x000000000800921c                SEC_CpuReferenceFailure
 .text.SEC_DCPowerFail
                0x0000000008009384      0x198 Ventilation/src/SECURITY/SEC_DCPowerFail.o
                0x0000000008009384                SEC_DCPowerFail
 .text.SEC_Disconnection
                0x000000000800951c      0x16c Ventilation/src/SECURITY/SEC_Disconnection.o
                0x000000000800951c                SEC_Disconnection
 .text.SEC_EndOfBattery
                0x0000000008009688      0x24c Ventilation/src/SECURITY/SEC_EndOfBattery.o
                0x0000000008009688                SEC_EndOfBattery
 .text.SEC_Failure24V
                0x00000000080098d4       0xb8 Ventilation/src/SECURITY/SEC_Failure24V.o
                0x00000000080098d4                SEC_Failure24V
 .text.SEC_Fio2CalibrationNeeded
                0x000000000800998c      0x154 Ventilation/src/SECURITY/SEC_Fio2CalibrationNeeded.o
                0x000000000800998c                SEC_Fio2CalibrationNeeded
 .text.SEC_Fio2OffsetDefault
                0x0000000008009ae0       0x38 Ventilation/src/SECURITY/SEC_Fio2OffsetDefault.o
                0x0000000008009ae0                SEC_Fio2OffsetDefault
 .text.SEC_FirstCycleDetection
                0x0000000008009b18       0xbc Ventilation/src/SECURITY/SEC_FirstCycleDetection.o
                0x0000000008009b18                SEC_FirstCycleDetection
 .text.SEC_HighPressure
                0x0000000008009bd4      0x4f4 Ventilation/src/SECURITY/SEC_HighPressure.o
                0x0000000008009bd4                SEC_HighPressure
 .text.SEC_HighRate
                0x000000000800a0c8      0x160 Ventilation/src/SECURITY/SEC_HighRate.o
                0x000000000800a0c8                SEC_HighRate
 .text.SEC_HighVti
                0x000000000800a228      0x180 Ventilation/src/SECURITY/SEC_HighVti.o
                0x000000000800a228                SEC_HighVti
 .text.SEC_KeyboardDefault
                0x000000000800a3a8       0x7c Ventilation/src/SECURITY/SEC_KeyboardDefault.o
                0x000000000800a3a8                SEC_KeyboardDefault
 .text.SEC_LeakDisconnection
                0x000000000800a424      0x13c Ventilation/src/SECURITY/SEC_LeakDisconnection.o
                0x000000000800a424                SEC_LeakDisconnection
 .text.SEC_LeakOcclusion
                0x000000000800a560      0x10c Ventilation/src/SECURITY/SEC_LeakOcclusion.o
                0x000000000800a560                SEC_LeakOcclusion
 .text.SEC_Leakage
                0x000000000800a66c      0x168 Ventilation/src/SECURITY/SEC_Leakage.o
                0x000000000800a66c                SEC_Leakage
 .text.SEC_LooseFlashPointer
                0x000000000800a7d4       0x38 Ventilation/src/SECURITY/SEC_LooseFlashPointer.o
                0x000000000800a7d4                SEC_LooseFlashPointer
 .text.SEC_LowBattery
                0x000000000800a80c      0x248 Ventilation/src/SECURITY/SEC_LowBattery.o
                0x000000000800a80c                SEC_LowBattery
 .text.SEC_LowVti
                0x000000000800aa54      0x188 Ventilation/src/SECURITY/SEC_LowVti.o
                0x000000000800aa54                SEC_LowVti
 .text.SEC_NoBattery
                0x000000000800abdc       0xc8 Ventilation/src/SECURITY/SEC_NoBattery.o
                0x000000000800abdc                SEC_NoBattery
 .text.SEC_Occlusion
                0x000000000800aca4      0x21c Ventilation/src/SECURITY/SEC_Occlusion.o
                0x000000000800aca4                SEC_Occlusion
 .text.SEC_PresMode
                0x000000000800aec0      0x104 Ventilation/src/SECURITY/SEC_PresMode.o
                0x000000000800aec0                SEC_PresMode
 .text.SEC_ProxDisconnection
                0x000000000800afc4      0x134 Ventilation/src/SECURITY/SEC_ProxDisconnection.o
                0x000000000800afc4                SEC_ProxDisconnection
 .text.SEC_PsvtMode
                0x000000000800b0f8      0x150 Ventilation/src/SECURITY/SEC_PsvtMode.o
                0x000000000800b0f8                SEC_PsvtMode
 .text.SEC_ResetAlarms
                0x000000000800b248      0x194 Ventilation/src/SECURITY/SEC_ResetAlarms.o
                0x000000000800b248                SEC_ResetAlarms
 .text.SEC_SpeedDefault
                0x000000000800b3dc       0xa8 Ventilation/src/SECURITY/SEC_SpeedDefault.o
                0x000000000800b3dc                SEC_SpeedDefault
 .text.SEC_SupplyMeasureFailure
                0x000000000800b484      0x138 Ventilation/src/SECURITY/SEC_SupplyMeasureFailure.o
                0x000000000800b484                SEC_SupplyMeasureFailure
 .text.SEC_TechnicalProblem
                0x000000000800b5bc      0x11c Ventilation/src/SECURITY/SEC_TechnicalProblem.o
                0x000000000800b5bc                SEC_TechnicalProblem
 .text.SEC_TurbineOverheat
                0x000000000800b6d8      0x100 Ventilation/src/SECURITY/SEC_TurbineOverheat.o
                0x000000000800b6d8                SEC_TurbineOverheat
 .text.SEC_UnknownBattery
                0x000000000800b7d8       0xd8 Ventilation/src/SECURITY/SEC_UnknownBattery.o
                0x000000000800b7d8                SEC_UnknownBattery
 .text.SEC_ForceUnknownBattery
                0x000000000800b8b0       0x18 Ventilation/src/SECURITY/SEC_UnknownBattery.o
                0x000000000800b8b0                SEC_ForceUnknownBattery
 .text.SEC_ValveAlarmsToReset
                0x000000000800b8c8       0x64 Ventilation/src/SECURITY/SEC_ValveAlarmsToReset.o
                0x000000000800b8c8                SEC_ValveAlarmsToReset
 .text.SEC_ValveLeakage
                0x000000000800b92c      0x184 Ventilation/src/SECURITY/SEC_ValveLeakage.o
                0x000000000800b92c                SEC_ValveLeakage
 .text.SEC_ValveUseChangeMngt
                0x000000000800bab0      0x34c Ventilation/src/SECURITY/SEC_ValveUseChangeMngt.o
                0x000000000800bab0                SEC_ValveUseChangeMngt
 .text.SEC_VentilAuthorization
                0x000000000800bdfc      0x168 Ventilation/src/SECURITY/SEC_VentilAuthorization.o
                0x000000000800bdfc                SEC_VentilAuthorization
 .text.SEC_VeryLowInternalPressure
                0x000000000800bf64       0x76 Ventilation/src/SECURITY/SEC_VeryLowInternalPressure.o
                0x000000000800bf64                SEC_VeryLowInternalPressure
 .text.SEC_VeryLowProximalPressure
                0x000000000800bfda       0x76 Ventilation/src/SECURITY/SEC_VeryLowProximalPressure.o
                0x000000000800bfda                SEC_VeryLowProximalPressure
 .text.SEC_VeryLowValvePressure
                0x000000000800c050       0x76 Ventilation/src/SECURITY/SEC_VeryLowValvePressure.o
                0x000000000800c050                SEC_VeryLowValvePressure
 *fill*         0x000000000800c0c6        0x2 
 .text.SEC_VoluntaryStop
                0x000000000800c0c8      0x114 Ventilation/src/SECURITY/SEC_VoluntaryStop.o
                0x000000000800c0c8                SEC_VoluntaryStop
 .text.VEN_Security
                0x000000000800c1dc      0x1e0 Ventilation/src/SECURITY/VEN_Security.o
                0x000000000800c1dc                VEN_Security
 .text.SET_Actuator
                0x000000000800c3bc      0x31c Ventilation/src/SET_UP/SET_Actuator.o
                0x000000000800c3bc                SET_Actuator
 .text.SET_CalibrationManagement
                0x000000000800c6d8      0x31c Ventilation/src/SET_UP/SET_CalibrationManagement.o
                0x000000000800c6d8                SET_CalibrationManagement
 .text.SET_CalibrationVerification
                0x000000000800c9f4       0x86 Ventilation/src/SET_UP/SET_CalibrationVerification.o
                0x000000000800c9f4                SET_CalibrationVerification
 *fill*         0x000000000800ca7a        0x2 
 .text.SET_DefaultCalibration
                0x000000000800ca7c      0x2d0 Ventilation/src/SET_UP/SET_DefaultCalibration.o
                0x000000000800ca7c                SET_DefaultCalibration
 .text.SET_ExhFlowCalibration
                0x000000000800cd4c      0x2a4 Ventilation/src/SET_UP/SET_ExhFlowCalibration.o
                0x000000000800cd4c                SET_ExhFlowCalibration
 .text.SET_FasValveCalibration
                0x000000000800cff0      0x2b8 Ventilation/src/SET_UP/SET_FasValveCalibration.o
                0x000000000800cff0                SET_FasValveCalibration
 .text.SET_InspFlowOffsetDefault
                0x000000000800d2a8       0x38 Ventilation/src/SET_UP/SET_InspFlowOffsetDefault.o
                0x000000000800d2a8                SET_InspFlowOffsetDefault
 .text.SET_InternalPressureOffsetDefault
                0x000000000800d2e0       0x38 Ventilation/src/SET_UP/SET_InternalPressureOffsetDefault.o
                0x000000000800d2e0                SET_InternalPressureOffsetDefault
 .text.SET_ProximalPressureOffsetDefault
                0x000000000800d318       0x38 Ventilation/src/SET_UP/SET_ProximalPressureOffsetDefault.o
                0x000000000800d318                SET_ProximalPressureOffsetDefault
 .text.SET_RTC_Mngt
                0x000000000800d350      0x1a4 Ventilation/src/SET_UP/SET_RTC_Mngt.o
                0x000000000800d350                SET_RTC_Mngt
 .text.DRV_RTC_ReadTimeAndDate
                0x000000000800d4f4       0x2c Ventilation/src/SET_UP/SET_RTC_Mngt.o
                0x000000000800d4f4                DRV_RTC_ReadTimeAndDate
 .text.DRV_RTC_WriteTimeAndDate
                0x000000000800d520       0x18 Ventilation/src/SET_UP/SET_RTC_Mngt.o
                0x000000000800d520                DRV_RTC_WriteTimeAndDate
 .text.SET_TechnicalAlarms
                0x000000000800d538       0x20 Ventilation/src/SET_UP/SET_TechnicalAlarms.o
                0x000000000800d538                SET_TechnicalAlarms
 .text.SET_ValvePressureOffsetDefault
                0x000000000800d558       0x3e Ventilation/src/SET_UP/SET_ValvePressureOffsetDefault.o
                0x000000000800d558                SET_ValvePressureOffsetDefault
 *fill*         0x000000000800d596        0x2 
 .text.INT_AbsPress_Interpol
                0x000000000800d598      0x124 Ventilation/src/SYSTEM/INT_AbsPress_Interpol.o
                0x000000000800d598                INT_AbsPress_Interpol
 .text.INT_BlowerTemperatureInterpol
                0x000000000800d6bc      0x1b4 Ventilation/src/SYSTEM/INT_BlowerTemperatureInterpol.o
                0x000000000800d6bc                INT_BlowerTemperatureInterpol
 .text.INT_ExhFlow_Interpol
                0x000000000800d870      0x39c Ventilation/src/SYSTEM/INT_ExhFlow_Interpol.o
                0x000000000800d870                INT_ExhFlow_Interpol
 .text.INT_Fio2_Interpol
                0x000000000800dc0c      0x110 Ventilation/src/SYSTEM/INT_Fio2_Interpol.o
                0x000000000800dc0c                INT_Fio2_Interpol
 .text.INT_Flow_Conversion_Equation
                0x000000000800dd1c       0x9c Ventilation/src/SYSTEM/INT_Flow_Conversion_Equation.o
                0x000000000800dd1c                INT_Flow_Conversion_Equation
 .text.INT_InspFlow_Interpol
                0x000000000800ddb8      0x43c Ventilation/src/SYSTEM/INT_InspFlow_Interpol.o
                0x000000000800ddb8                INT_InspFlow_Interpol
 .text.INT_O2Flow_Interpol
                0x000000000800e1f4      0x238 Ventilation/src/SYSTEM/INT_O2Flow_Interpol.o
                0x000000000800e1f4                INT_O2Flow_Interpol
 .text.INT_O2Press_Interpol
                0x000000000800e42c       0xf4 Ventilation/src/SYSTEM/INT_O2Press_Interpol.o
                0x000000000800e42c                INT_O2Press_Interpol
 .text.INT_PatPress_Interpol
                0x000000000800e520       0xf0 Ventilation/src/SYSTEM/INT_PatPress_Interpol.o
                0x000000000800e520                INT_PatPress_Interpol
 .text.INT_ProxiPress_Interpol
                0x000000000800e610       0xec Ventilation/src/SYSTEM/INT_ProxiPress_Interpol.o
                0x000000000800e610                INT_ProxiPress_Interpol
 .text.INT_SpeedBlow_Interpol
                0x000000000800e6fc       0xec Ventilation/src/SYSTEM/INT_SpeedBlow_Interpol.o
                0x000000000800e6fc                INT_SpeedBlow_Interpol
 .text.INT_ValvePress_Interpol
                0x000000000800e7e8      0x100 Ventilation/src/SYSTEM/INT_ValvePress_Interpol.o
                0x000000000800e7e8                INT_ValvePress_Interpol
 .text.INT_Voltages_Interpol
                0x000000000800e8e8      0x15c Ventilation/src/SYSTEM/INT_Voltages_Interpol.o
                0x000000000800e8e8                INT_Voltages_Interpol
 .text.KEY_Event
                0x000000000800ea44      0x654 Ventilation/src/SYSTEM/KEY_Event.o
                0x000000000800ea44                KEY_Event
 .text.SYS_Alarm_Remote_Detect
                0x000000000800f098       0x2a Ventilation/src/SYSTEM/SYS_Alarm_Remote_Detect.o
                0x000000000800f098                SYS_Alarm_Remote_Detect
 .text.SYS_Backlight_Mngt
                0x000000000800f0c2       0xac Ventilation/src/SYSTEM/SYS_Backlight_Mngt.o
                0x000000000800f0c2                SYS_Backlight_Mngt
 *fill*         0x000000000800f16e        0x2 
 .text.SYS_CalibrationManagement
                0x000000000800f170       0xac Ventilation/src/SYSTEM/SYS_CalibrationManagement.o
                0x000000000800f170                SYS_CalibrationManagement
 .text.SYS_Counters
                0x000000000800f21c       0xfc Ventilation/src/SYSTEM/SYS_Counters.o
                0x000000000800f21c                SYS_Counters
 .text.SYS_CurveFlowCalcul
                0x000000000800f318       0xa8 Ventilation/src/SYSTEM/SYS_CurveFlowCalcul.o
                0x000000000800f318                SYS_CurveFlowCalcul
 .text.SYS_ExhFlowCalibration
                0x000000000800f3c0      0x2a0 Ventilation/src/SYSTEM/SYS_ExhFlowCalibration.o
                0x000000000800f3c0                SYS_ExhFlowCalibration
 .text.SYS_Fio2Calibration
                0x000000000800f660      0x10c Ventilation/src/SYSTEM/SYS_Fio2Calibration.o
                0x000000000800f660                SYS_Fio2Calibration
 .text.SYS_Fio2Detection
                0x000000000800f76c       0xb8 Ventilation/src/SYSTEM/SYS_Fio2Detection.o
                0x000000000800f76c                SYS_Fio2Detection
 .text.SYS_Interpolation
                0x000000000800f824       0x4c Ventilation/src/SYSTEM/SYS_Interpolation.o
                0x000000000800f824                SYS_Interpolation
 .text.SYS_Keyboard
                0x000000000800f870      0x350 Ventilation/src/SYSTEM/SYS_Keyboard.o
                0x000000000800f870                SYS_Keyboard
 .text.SYS_Monit_Buffer_Write
                0x000000000800fbc0        0xe Ventilation/src/SYSTEM/SYS_Monit_Buffer_Write.o
                0x000000000800fbc0                SYS_Monit_Buffer_Write
 *fill*         0x000000000800fbce        0x2 
 .text.SYS_PressionChoice
                0x000000000800fbd0      0x660 Ventilation/src/SYSTEM/SYS_PressionChoice.o
                0x000000000800fbd0                SYS_PressionChoice
 .text.SYS_RTC_Update
                0x0000000008010230       0x62 Ventilation/src/SYSTEM/SYS_RTC_Update.o
                0x0000000008010230                SYS_RTC_Update
 *fill*         0x0000000008010292        0x2 
 .text.SYS_ReadDataSpo2
                0x0000000008010294       0x54 Ventilation/src/SYSTEM/SYS_ReadDataSpo2.o
                0x0000000008010294                SYS_ReadDataSpo2
 .text.SYS_SPO2Interpol
                0x00000000080102e8       0x4c Ventilation/src/SYSTEM/SYS_SPO2Interpol.o
                0x00000000080102e8                SYS_SPO2Interpol
 .text.SYS_SetupLaunch
                0x0000000008010334       0x14 Ventilation/src/SYSTEM/SYS_SetupLaunch.o
                0x0000000008010334                SYS_SetupLaunch
 .text.SYS_SupplyDetect
                0x0000000008010348        0xe Ventilation/src/SYSTEM/SYS_SupplyDetect.o
                0x0000000008010348                SYS_SupplyDetect
 *fill*         0x0000000008010356        0x2 
 .text.SYS_VentilationLaunch
                0x0000000008010358       0x4c Ventilation/src/SYSTEM/SYS_VentilationLaunch.o
                0x0000000008010358                SYS_VentilationLaunch
 .text.TIM_Launch
                0x00000000080103a4      0x198 Ventilation/src/TIMERS/TIM_Launch.o
                0x00000000080103a4                TIM_Launch
 .text.TIM_ReadCounterValue
                0x000000000801053c       0x2c Ventilation/src/TIMERS/TIM_ReadCounterValue.o
                0x000000000801053c                TIM_ReadCounterValue
 .text.TIM_ReadDecounterValue
                0x0000000008010568       0x2c Ventilation/src/TIMERS/TIM_ReadDecounterValue.o
                0x0000000008010568                TIM_ReadDecounterValue
 .text.TIM_ReadMinuteCounterValue
                0x0000000008010594       0x2c Ventilation/src/TIMERS/TIM_ReadMinuteCounterValue.o
                0x0000000008010594                TIM_ReadMinuteCounterValue
 .text.TIM_ReadMinuteDecounterValue
                0x00000000080105c0       0x2c Ventilation/src/TIMERS/TIM_ReadMinuteDecounterValue.o
                0x00000000080105c0                TIM_ReadMinuteDecounterValue
 .text.TIM_StartCounter
                0x00000000080105ec       0x54 Ventilation/src/TIMERS/TIM_StartCounter.o
                0x00000000080105ec                TIM_StartCounter
 .text.TIM_StartDecounter
                0x0000000008010640       0x58 Ventilation/src/TIMERS/TIM_StartDecounter.o
                0x0000000008010640                TIM_StartDecounter
 .text.TIM_StartMinuteCounter
                0x0000000008010698       0x54 Ventilation/src/TIMERS/TIM_StartMinuteCounter.o
                0x0000000008010698                TIM_StartMinuteCounter
 .text.TIM_StartMinuteDecounter
                0x00000000080106ec       0x9c Ventilation/src/TIMERS/TIM_StartMinuteDecounter.o
                0x00000000080106ec                TIM_StartMinuteDecounter
 .text.TIM_StopDecounter
                0x0000000008010788       0x54 Ventilation/src/TIMERS/TIM_StopDecounter.o
                0x0000000008010788                TIM_StopDecounter
 .text.TIM_Temporize
                0x00000000080107dc       0xd0 Ventilation/src/TIMERS/TIM_Temporize.o
                0x00000000080107dc                TIM_Temporize
 .text.TIM_TestOverflowOk
                0x00000000080108ac       0x60 Ventilation/src/TIMERS/TIM_TestOverflowOk.o
                0x00000000080108ac                TIM_TestOverflowOk
 .text.VEN_Actuators
                0x000000000801090c      0x7d0 Ventilation/src/VENTILATION/VEN_Actuators.o
                0x000000000801090c                VEN_Actuators
 .text.VEN_Compute
                0x00000000080110dc      0x3f0 Ventilation/src/VENTILATION/VEN_Compute.o
                0x00000000080110dc                VEN_Compute
 .text.VEN_Cycles
                0x00000000080114cc      0x22c Ventilation/src/VENTILATION/VEN_Cycles.o
                0x00000000080114cc                VEN_Cycles
 .text.VEN_LeakActuators
                0x00000000080116f8      0x284 Ventilation/src/VENTILATION/VEN_LeakActuators.o
                0x00000000080116f8                VEN_LeakActuators
 .text.VEN_RiseCompute
                0x000000000801197c       0x1c Ventilation/src/VENTILATION/VEN_RiseCompute.o
                0x000000000801197c                VEN_RiseCompute
 .text.main     0x0000000008011998       0xbc src/MAIN.o
                0x0000000008011998                main
 .text.CIRCUIT_CHECK_HMI_Start
                0x0000000008011a54        0xe src/MAIN.o
                0x0000000008011a54                CIRCUIT_CHECK_HMI_Start
 .text.SETUP_HMI_Start
                0x0000000008011a62        0xe src/MAIN.o
                0x0000000008011a62                SETUP_HMI_Start
 .text.VENTILATION_HMI_Start
                0x0000000008011a70        0xe src/MAIN.o
                0x0000000008011a70                VENTILATION_HMI_Start
 .text.KEY_Touch_Detection
                0x0000000008011a7e       0x18 src/MAIN.o
                0x0000000008011a7e                KEY_Touch_Detection
 *fill*         0x0000000008011a96        0x2 
 .text.Reset_Handler
                0x0000000008011a98       0x50 startup/startup_stm32.o
                0x0000000008011a98                Reset_Handler
 .text.Default_Handler
                0x0000000008011ae8        0x2 startup/startup_stm32.o
                0x0000000008011ae8                RTC_Alarm_IRQHandler
                0x0000000008011ae8                EXTI2_IRQHandler
                0x0000000008011ae8                TIM8_CC_IRQHandler
                0x0000000008011ae8                SPDIF_Rx_IRQHandler
                0x0000000008011ae8                DebugMon_Handler
                0x0000000008011ae8                SPI4_IRQHandler
                0x0000000008011ae8                TIM1_CC_IRQHandler
                0x0000000008011ae8                QuadSPI_IRQHandler
                0x0000000008011ae8                DMA2_Stream5_IRQHandler
                0x0000000008011ae8                HardFault_Handler
                0x0000000008011ae8                DMA1_Stream5_IRQHandler
                0x0000000008011ae8                SysTick_Handler
                0x0000000008011ae8                PVD_IRQHandler
                0x0000000008011ae8                SDIO_IRQHandler
                0x0000000008011ae8                TAMP_STAMP_IRQHandler
                0x0000000008011ae8                PendSV_Handler
                0x0000000008011ae8                NMI_Handler
                0x0000000008011ae8                CAN2_RX1_IRQHandler
                0x0000000008011ae8                EXTI3_IRQHandler
                0x0000000008011ae8                TIM8_TRG_COM_TIM14_IRQHandler
                0x0000000008011ae8                TIM1_UP_TIM10_IRQHandler
                0x0000000008011ae8                FMPI2C1_error_IRQHandler
                0x0000000008011ae8                TIM8_UP_TIM13_IRQHandler
                0x0000000008011ae8                I2C3_ER_IRQHandler
                0x0000000008011ae8                EXTI0_IRQHandler
                0x0000000008011ae8                I2C2_EV_IRQHandler
                0x0000000008011ae8                DMA1_Stream2_IRQHandler
                0x0000000008011ae8                CAN1_RX0_IRQHandler
                0x0000000008011ae8                FPU_IRQHandler
                0x0000000008011ae8                OTG_HS_WKUP_IRQHandler
                0x0000000008011ae8                UsageFault_Handler
                0x0000000008011ae8                CAN2_SCE_IRQHandler
                0x0000000008011ae8                DMA2_Stream2_IRQHandler
                0x0000000008011ae8                SPI1_IRQHandler
                0x0000000008011ae8                TIM6_DAC_IRQHandler
                0x0000000008011ae8                TIM1_BRK_TIM9_IRQHandler
                0x0000000008011ae8                DCMI_IRQHandler
                0x0000000008011ae8                CAN2_RX0_IRQHandler
                0x0000000008011ae8                DMA2_Stream3_IRQHandler
                0x0000000008011ae8                FMPI2C1_IRQHandler
                0x0000000008011ae8                SAI2_IRQHandler
                0x0000000008011ae8                USART6_IRQHandler
                0x0000000008011ae8                USART3_IRQHandler
                0x0000000008011ae8                CAN1_RX1_IRQHandler
                0x0000000008011ae8                UART5_IRQHandler
                0x0000000008011ae8                DMA2_Stream0_IRQHandler
                0x0000000008011ae8                TIM4_IRQHandler
                0x0000000008011ae8                I2C1_EV_IRQHandler
                0x0000000008011ae8                HDMI_CEC_IRQHandler
                0x0000000008011ae8                DMA1_Stream6_IRQHandler
                0x0000000008011ae8                DMA1_Stream1_IRQHandler
                0x0000000008011ae8                UART4_IRQHandler
                0x0000000008011ae8                TIM3_IRQHandler
                0x0000000008011ae8                RCC_IRQHandler
                0x0000000008011ae8                TIM8_BRK_TIM12_IRQHandler
                0x0000000008011ae8                Default_Handler
                0x0000000008011ae8                EXTI15_10_IRQHandler
                0x0000000008011ae8                ADC_IRQHandler
                0x0000000008011ae8                DMA1_Stream7_IRQHandler
                0x0000000008011ae8                TIM7_IRQHandler
                0x0000000008011ae8                CAN2_TX_IRQHandler
                0x0000000008011ae8                TIM5_IRQHandler
                0x0000000008011ae8                DMA2_Stream7_IRQHandler
                0x0000000008011ae8                I2C3_EV_IRQHandler
                0x0000000008011ae8                EXTI9_5_IRQHandler
                0x0000000008011ae8                RTC_WKUP_IRQHandler
                0x0000000008011ae8                SPI2_IRQHandler
                0x0000000008011ae8                OTG_HS_EP1_IN_IRQHandler
                0x0000000008011ae8                MemManage_Handler
                0x0000000008011ae8                DMA1_Stream0_IRQHandler
                0x0000000008011ae8                CAN1_TX_IRQHandler
                0x0000000008011ae8                SVC_Handler
                0x0000000008011ae8                EXTI4_IRQHandler
                0x0000000008011ae8                OTG_HS_EP1_OUT_IRQHandler
                0x0000000008011ae8                WWDG_IRQHandler
                0x0000000008011ae8                TIM2_IRQHandler
                0x0000000008011ae8                OTG_FS_WKUP_IRQHandler
                0x0000000008011ae8                TIM1_TRG_COM_TIM11_IRQHandler
                0x0000000008011ae8                OTG_HS_IRQHandler
                0x0000000008011ae8                EXTI1_IRQHandler
                0x0000000008011ae8                USART2_IRQHandler
                0x0000000008011ae8                I2C2_ER_IRQHandler
                0x0000000008011ae8                DMA2_Stream1_IRQHandler
                0x0000000008011ae8                CAN1_SCE_IRQHandler
                0x0000000008011ae8                FLASH_IRQHandler
                0x0000000008011ae8                DMA2_Stream4_IRQHandler
                0x0000000008011ae8                BusFault_Handler
                0x0000000008011ae8                USART1_IRQHandler
                0x0000000008011ae8                OTG_FS_IRQHandler
                0x0000000008011ae8                SPI3_IRQHandler
                0x0000000008011ae8                DMA1_Stream4_IRQHandler
                0x0000000008011ae8                I2C1_ER_IRQHandler
                0x0000000008011ae8                FMC_IRQHandler
                0x0000000008011ae8                DMA2_Stream6_IRQHandler
                0x0000000008011ae8                SAI1_IRQHandler
                0x0000000008011ae8                DMA1_Stream3_IRQHandler
 *fill*         0x0000000008011aea        0x6 
 .text.sin      0x0000000008011af0       0xc0 /home/bhavya/Downloads/1/plugins/fr.ac6.mcu.externaltools.arm-none.linux64_1.17.0.201812190825/tools/compiler/bin/../lib/gcc/arm-none-eabi/7.3.1/../../../../arm-none-eabi/lib/thumb/v7e-m/fpv4-sp/hard/libm.a(lib_a-s_sin.o)
                0x0000000008011af0                sin
 .text.sqrt     0x0000000008011bb0       0xb8 /home/bhavya/Downloads/1/plugins/fr.ac6.mcu.externaltools.arm-none.linux64_1.17.0.201812190825/tools/compiler/bin/../lib/gcc/arm-none-eabi/7.3.1/../../../../arm-none-eabi/lib/thumb/v7e-m/fpv4-sp/hard/libm.a(lib_a-w_sqrt.o)
                0x0000000008011bb0                sqrt
 .text.__ieee754_rem_pio2
                0x0000000008011c68      0x454 /home/bhavya/Downloads/1/plugins/fr.ac6.mcu.externaltools.arm-none.linux64_1.17.0.201812190825/tools/compiler/bin/../lib/gcc/arm-none-eabi/7.3.1/../../../../arm-none-eabi/lib/thumb/v7e-m/fpv4-sp/hard/libm.a(lib_a-e_rem_pio2.o)
                0x0000000008011c68                __ieee754_rem_pio2
 .text.__ieee754_sqrt
                0x00000000080120bc      0x194 /home/bhavya/Downloads/1/plugins/fr.ac6.mcu.externaltools.arm-none.linux64_1.17.0.201812190825/tools/compiler/bin/../lib/gcc/arm-none-eabi/7.3.1/../../../../arm-none-eabi/lib/thumb/v7e-m/fpv4-sp/hard/libm.a(lib_a-e_sqrt.o)
                0x00000000080120bc                __ieee754_sqrt
 .text.__kernel_cos
                0x0000000008012250      0x284 /home/bhavya/Downloads/1/plugins/fr.ac6.mcu.externaltools.arm-none.linux64_1.17.0.201812190825/tools/compiler/bin/../lib/gcc/arm-none-eabi/7.3.1/../../../../arm-none-eabi/lib/thumb/v7e-m/fpv4-sp/hard/libm.a(lib_a-k_cos.o)
                0x0000000008012250                __kernel_cos
 *fill*         0x00000000080124d4        0x4 
 .text.__kernel_rem_pio2
                0x00000000080124d8      0x818 /home/bhavya/Downloads/1/plugins/fr.ac6.mcu.externaltools.arm-none.linux64_1.17.0.201812190825/tools/compiler/bin/../lib/gcc/arm-none-eabi/7.3.1/../../../../arm-none-eabi/lib/thumb/v7e-m/fpv4-sp/hard/libm.a(lib_a-k_rem_pio2.o)
                0x00000000080124d8                __kernel_rem_pio2
 .text.__kernel_sin
                0x0000000008012cf0      0x194 /home/bhavya/Downloads/1/plugins/fr.ac6.mcu.externaltools.arm-none.linux64_1.17.0.201812190825/tools/compiler/bin/../lib/gcc/arm-none-eabi/7.3.1/../../../../arm-none-eabi/lib/thumb/v7e-m/fpv4-sp/hard/libm.a(lib_a-k_sin.o)
                0x0000000008012cf0                __kernel_sin
 .text.fabs     0x0000000008012e84       0x14 /home/bhavya/Downloads/1/plugins/fr.ac6.mcu.externaltools.arm-none.linux64_1.17.0.201812190825/tools/compiler/bin/../lib/gcc/arm-none-eabi/7.3.1/../../../../arm-none-eabi/lib/thumb/v7e-m/fpv4-sp/hard/libm.a(lib_a-s_fabs.o)
                0x0000000008012e84                fabs
 .text.floor    0x0000000008012e98      0x110 /home/bhavya/Downloads/1/plugins/fr.ac6.mcu.externaltools.arm-none.linux64_1.17.0.201812190825/tools/compiler/bin/../lib/gcc/arm-none-eabi/7.3.1/../../../../arm-none-eabi/lib/thumb/v7e-m/fpv4-sp/hard/libm.a(lib_a-s_floor.o)
                0x0000000008012e98                floor
 .text.matherr  0x0000000008012fa8        0x4 /home/bhavya/Downloads/1/plugins/fr.ac6.mcu.externaltools.arm-none.linux64_1.17.0.201812190825/tools/compiler/bin/../lib/gcc/arm-none-eabi/7.3.1/../../../../arm-none-eabi/lib/thumb/v7e-m/fpv4-sp/hard/libm.a(lib_a-s_matherr.o)
                0x0000000008012fa8                matherr
 *fill*         0x0000000008012fac        0x4 
 .text.scalbn   0x0000000008012fb0      0x114 /home/bhavya/Downloads/1/plugins/fr.ac6.mcu.externaltools.arm-none.linux64_1.17.0.201812190825/tools/compiler/bin/../lib/gcc/arm-none-eabi/7.3.1/../../../../arm-none-eabi/lib/thumb/v7e-m/fpv4-sp/hard/libm.a(lib_a-s_scalbn.o)
                0x0000000008012fb0                scalbn
 .text.copysign
                0x00000000080130c4       0x1c /home/bhavya/Downloads/1/plugins/fr.ac6.mcu.externaltools.arm-none.linux64_1.17.0.201812190825/tools/compiler/bin/../lib/gcc/arm-none-eabi/7.3.1/../../../../arm-none-eabi/lib/thumb/v7e-m/fpv4-sp/hard/libm.a(lib_a-s_copysign.o)
                0x00000000080130c4                copysign
 .text.__errno  0x00000000080130e0        0xc /home/bhavya/Downloads/1/plugins/fr.ac6.mcu.externaltools.arm-none.linux64_1.17.0.201812190825/tools/compiler/bin/../lib/gcc/arm-none-eabi/7.3.1/../../../../arm-none-eabi/lib/thumb/v7e-m/fpv4-sp/hard/libc.a(lib_a-errno.o)
                0x00000000080130e0                __errno
 .text.__libc_init_array
                0x00000000080130ec       0x48 /home/bhavya/Downloads/1/plugins/fr.ac6.mcu.externaltools.arm-none.linux64_1.17.0.201812190825/tools/compiler/bin/../lib/gcc/arm-none-eabi/7.3.1/../../../../arm-none-eabi/lib/thumb/v7e-m/fpv4-sp/hard/libc.a(lib_a-init.o)
                0x00000000080130ec                __libc_init_array
 .text.memset   0x0000000008013134       0x94 /home/bhavya/Downloads/1/plugins/fr.ac6.mcu.externaltools.arm-none.linux64_1.17.0.201812190825/tools/compiler/bin/../lib/gcc/arm-none-eabi/7.3.1/../../../../arm-none-eabi/lib/thumb/v7e-m/fpv4-sp/hard/libc.a(lib_a-memset.o)
                0x0000000008013134                memset
 .text.startup.register_fini
                0x00000000080131c8       0x14 /home/bhavya/Downloads/1/plugins/fr.ac6.mcu.externaltools.arm-none.linux64_1.17.0.201812190825/tools/compiler/bin/../lib/gcc/arm-none-eabi/7.3.1/../../../../arm-none-eabi/lib/thumb/v7e-m/fpv4-sp/hard/libc.a(lib_a-__call_atexit.o)
 .text.atexit   0x00000000080131dc        0xc /home/bhavya/Downloads/1/plugins/fr.ac6.mcu.externaltools.arm-none.linux64_1.17.0.201812190825/tools/compiler/bin/../lib/gcc/arm-none-eabi/7.3.1/../../../../arm-none-eabi/lib/thumb/v7e-m/fpv4-sp/hard/libc.a(lib_a-atexit.o)
                0x00000000080131dc                atexit
 .text.__libc_fini_array
                0x00000000080131e8       0x34 /home/bhavya/Downloads/1/plugins/fr.ac6.mcu.externaltools.arm-none.linux64_1.17.0.201812190825/tools/compiler/bin/../lib/gcc/arm-none-eabi/7.3.1/../../../../arm-none-eabi/lib/thumb/v7e-m/fpv4-sp/hard/libc.a(lib_a-fini.o)
                0x00000000080131e8                __libc_fini_array
 .text.__retarget_lock_acquire_recursive
                0x000000000801321c        0x4 /home/bhavya/Downloads/1/plugins/fr.ac6.mcu.externaltools.arm-none.linux64_1.17.0.201812190825/tools/compiler/bin/../lib/gcc/arm-none-eabi/7.3.1/../../../../arm-none-eabi/lib/thumb/v7e-m/fpv4-sp/hard/libc.a(lib_a-lock.o)
                0x000000000801321c                __retarget_lock_acquire_recursive
 .text.__retarget_lock_release_recursive
                0x0000000008013220        0x4 /home/bhavya/Downloads/1/plugins/fr.ac6.mcu.externaltools.arm-none.linux64_1.17.0.201812190825/tools/compiler/bin/../lib/gcc/arm-none-eabi/7.3.1/../../../../arm-none-eabi/lib/thumb/v7e-m/fpv4-sp/hard/libc.a(lib_a-lock.o)
                0x0000000008013220                __retarget_lock_release_recursive
 .text.__register_exitproc
                0x0000000008013224       0xc0 /home/bhavya/Downloads/1/plugins/fr.ac6.mcu.externaltools.arm-none.linux64_1.17.0.201812190825/tools/compiler/bin/../lib/gcc/arm-none-eabi/7.3.1/../../../../arm-none-eabi/lib/thumb/v7e-m/fpv4-sp/hard/libc.a(lib_a-__atexit.o)
                0x0000000008013224                __register_exitproc
 *(.glue_7)
 .glue_7        0x00000000080132e4        0x0 linker stubs
 *(.glue_7t)
 .glue_7t       0x00000000080132e4        0x0 linker stubs
 *(.eh_frame)
 .eh_frame      0x00000000080132e4        0x0 /home/bhavya/Downloads/1/plugins/fr.ac6.mcu.externaltools.arm-none.linux64_1.17.0.201812190825/tools/compiler/bin/../lib/gcc/arm-none-eabi/7.3.1/thumb/v7e-m/fpv4-sp/hard/crtbegin.o
 *(.init)
 .init          0x00000000080132e4        0x4 /home/bhavya/Downloads/1/plugins/fr.ac6.mcu.externaltools.arm-none.linux64_1.17.0.201812190825/tools/compiler/bin/../lib/gcc/arm-none-eabi/7.3.1/thumb/v7e-m/fpv4-sp/hard/crti.o
                0x00000000080132e4                _init
 .init          0x00000000080132e8        0x8 /home/bhavya/Downloads/1/plugins/fr.ac6.mcu.externaltools.arm-none.linux64_1.17.0.201812190825/tools/compiler/bin/../lib/gcc/arm-none-eabi/7.3.1/thumb/v7e-m/fpv4-sp/hard/crtn.o
 *(.fini)
 .fini          0x00000000080132f0        0x4 /home/bhavya/Downloads/1/plugins/fr.ac6.mcu.externaltools.arm-none.linux64_1.17.0.201812190825/tools/compiler/bin/../lib/gcc/arm-none-eabi/7.3.1/thumb/v7e-m/fpv4-sp/hard/crti.o
                0x00000000080132f0                _fini
 .fini          0x00000000080132f4        0x8 /home/bhavya/Downloads/1/plugins/fr.ac6.mcu.externaltools.arm-none.linux64_1.17.0.201812190825/tools/compiler/bin/../lib/gcc/arm-none-eabi/7.3.1/thumb/v7e-m/fpv4-sp/hard/crtn.o
                0x00000000080132fc                . = ALIGN (0x4)
                0x00000000080132fc                _etext = .

.vfp11_veneer   0x00000000080132fc        0x0
 .vfp11_veneer  0x00000000080132fc        0x0 linker stubs

.v4_bx          0x00000000080132fc        0x0
 .v4_bx         0x00000000080132fc        0x0 linker stubs

.iplt           0x00000000080132fc        0x0
 .iplt          0x00000000080132fc        0x0 /home/bhavya/Downloads/1/plugins/fr.ac6.mcu.externaltools.arm-none.linux64_1.17.0.201812190825/tools/compiler/bin/../lib/gcc/arm-none-eabi/7.3.1/thumb/v7e-m/fpv4-sp/hard/crtbegin.o

.rodata         0x0000000008013300     0x3264
                0x0000000008013300                . = ALIGN (0x4)
 *(.rodata)
 .rodata        0x0000000008013300        0x4 Ventilation/src/ACTUATOR/ACT_BlowerCmd.o
                0x0000000008013300                MAX_NEGATIVE_FLOW_COUNTER
 .rodata        0x0000000008013304      0x254 Ventilation/src/DATABASE/DB_EventMngt.o
                0x0000000008013304                BeginCommonEventParam
                0x0000000008013308                EndCommonEventParam
                0x000000000801330c                BeginSpecificEventParam
                0x0000000008013310                EndSpecificEventParam
                0x0000000008013314                EventDataSchemaVersion
                0x0000000008013318                DB_CommonEventMngtParam
                0x00000000080133d8                DB_PsvEventMngtParam
                0x0000000008013418                DB_PresEventMngtParam
                0x0000000008013458                DB_VolEventMngtParam
                0x0000000008013498                DB_VsimvEventMngtParam
                0x00000000080134d8                DB_PsimvEventMngtParam
                0x0000000008013518                DB_CpapEventMngtParam
 .rodata        0x0000000008013558     0x2ac4 Ventilation/src/DATABASE/DB_StartInitDb.o
                0x0000000008013558                cDB_VSIMV_TEST_ADJUST_DB
                0x00000000080138d8                cDB_PSIMV_TEST_ADJUST_DB
                0x0000000008013c58                cDB_VOL_TEST_ADJUST_DB
                0x0000000008013fd8                cDB_PSV_TEST_ADJUST_DB
                0x0000000008014358                cDB_CPAP_TEST_ADJUST_DB
                0x00000000080146d8                cDB_PRES_TEST_ADJUST_DB
                0x0000000008014a58                cDB_TEST_CONFIG_DB
                0x00000000080150d8                cDB_TEST_RTC_DB
                0x00000000080151a8                cDB_TEST_USB_DB
                0x0000000008015288                cDB_TEST_VERSION_DB
                0x0000000008015328                cDB_TEST_TREND_DB
                0x00000000080155d8                cDB_Saturate_COMPUTE
                0x0000000008015c7c                cDB_Saturate_POWERSUPPLY
                0x0000000008015f38                cMODE_HIGH_LIMIT_VALUE
                0x0000000008015f3c                EventNumber
 .rodata        0x000000000801601c      0x1b9 Ventilation/src/MAIN/MAIN_Global_Variables_Init.o
                0x000000000801601c                SYS_InitTimerKey
                0x000000000801604c                PATIENT_PRESSURE_CALIB_POINTS
                0x000000000801606c                FLOW_CALIB_POINTS
                0x000000000801608c                VALVE_PRESSURE_CALIB_POINTS
                0x00000000080160ac                VALVE_FAS_PWM_CALIB_POINTS
                0x00000000080160b8                VALVE_FAS_PRESS_CALIB_POINTS
                0x00000000080160d4                FIO2_CALIB_POINTS
                0x00000000080160f4                FLOW_O2_CALIB_POINTS
                0x0000000008016114                O2_PRESSURE_CALIB_POINTS
                0x0000000008016134                CalibrationParameters
                0x00000000080161d4                cTIM_TimePeriodMs
 *fill*         0x00000000080161d5        0x3 
 .rodata        0x00000000080161d8       0x92 Ventilation/src/SCHEDULER/SCHED_Setup_entry.o
                0x00000000080161d8                Setup_Tasks_Table
                0x0000000008016258                Setup_Sched_table
                0x0000000008016268                Setup_Number_of_tasks
                0x0000000008016269                Setup_sched_step_number
 *fill*         0x000000000801626a        0x2 
 .rodata        0x000000000801626c       0x86 Ventilation/src/SCHEDULER/SCHED_Ventilation_entry.o
                0x000000000801626c                Ventilation_Tasks_Table
                0x00000000080162e0                Ventilation_Sched_table
                0x00000000080162f0                Ventilation_Number_of_tasks
                0x00000000080162f1                Ventilation_sched_step_number
 *fill*         0x00000000080162f2        0x2 
 .rodata        0x00000000080162f4       0x88 Ventilation/src/SYSTEM/INT_BlowerTemperatureInterpol.o
 *(.rodata*)
 .rodata.sqrt.str1.4
                0x000000000801637c        0x8 /home/bhavya/Downloads/1/plugins/fr.ac6.mcu.externaltools.arm-none.linux64_1.17.0.201812190825/tools/compiler/bin/../lib/gcc/arm-none-eabi/7.3.1/../../../../arm-none-eabi/lib/thumb/v7e-m/fpv4-sp/hard/libm.a(lib_a-w_sqrt.o)
                                          0x5 (size before relaxing)
 .rodata.npio2_hw
                0x0000000008016384       0x80 /home/bhavya/Downloads/1/plugins/fr.ac6.mcu.externaltools.arm-none.linux64_1.17.0.201812190825/tools/compiler/bin/../lib/gcc/arm-none-eabi/7.3.1/../../../../arm-none-eabi/lib/thumb/v7e-m/fpv4-sp/hard/libm.a(lib_a-e_rem_pio2.o)
 .rodata.two_over_pi
                0x0000000008016404      0x108 /home/bhavya/Downloads/1/plugins/fr.ac6.mcu.externaltools.arm-none.linux64_1.17.0.201812190825/tools/compiler/bin/../lib/gcc/arm-none-eabi/7.3.1/../../../../arm-none-eabi/lib/thumb/v7e-m/fpv4-sp/hard/libm.a(lib_a-e_rem_pio2.o)
 *fill*         0x000000000801650c        0x4 
 .rodata.PIo2   0x0000000008016510       0x40 /home/bhavya/Downloads/1/plugins/fr.ac6.mcu.externaltools.arm-none.linux64_1.17.0.201812190825/tools/compiler/bin/../lib/gcc/arm-none-eabi/7.3.1/../../../../arm-none-eabi/lib/thumb/v7e-m/fpv4-sp/hard/libm.a(lib_a-k_rem_pio2.o)
 .rodata.init_jk
                0x0000000008016550       0x10 /home/bhavya/Downloads/1/plugins/fr.ac6.mcu.externaltools.arm-none.linux64_1.17.0.201812190825/tools/compiler/bin/../lib/gcc/arm-none-eabi/7.3.1/../../../../arm-none-eabi/lib/thumb/v7e-m/fpv4-sp/hard/libm.a(lib_a-k_rem_pio2.o)
 .rodata._global_impure_ptr
                0x0000000008016560        0x4 /home/bhavya/Downloads/1/plugins/fr.ac6.mcu.externaltools.arm-none.linux64_1.17.0.201812190825/tools/compiler/bin/../lib/gcc/arm-none-eabi/7.3.1/../../../../arm-none-eabi/lib/thumb/v7e-m/fpv4-sp/hard/libc.a(lib_a-impure.o)
                0x0000000008016560                _global_impure_ptr
                0x0000000008016564                . = ALIGN (0x4)

.rel.dyn        0x0000000008016564        0x0
 .rel.iplt      0x0000000008016564        0x0 /home/bhavya/Downloads/1/plugins/fr.ac6.mcu.externaltools.arm-none.linux64_1.17.0.201812190825/tools/compiler/bin/../lib/gcc/arm-none-eabi/7.3.1/thumb/v7e-m/fpv4-sp/hard/crtbegin.o

.ARM.extab      0x0000000008016564        0x0
                0x0000000008016564                . = ALIGN (0x4)
 *(.ARM.extab* .gnu.linkonce.armextab.*)
                0x0000000008016564                . = ALIGN (0x4)

.ARM            0x0000000008016564        0x0
                0x0000000008016564                . = ALIGN (0x4)
                0x0000000008016564                __exidx_start = .
 *(.ARM.exidx*)
                0x0000000008016564                __exidx_end = .
                0x0000000008016564                . = ALIGN (0x4)

.preinit_array  0x0000000008016564        0x0
                0x0000000008016564                . = ALIGN (0x4)
                0x0000000008016564                PROVIDE (__preinit_array_start = .)
 *(.preinit_array*)
                0x0000000008016564                PROVIDE (__preinit_array_end = .)
                0x0000000008016564                . = ALIGN (0x4)

.init_array     0x0000000008016564        0x8
                0x0000000008016564                . = ALIGN (0x4)
                0x0000000008016564                PROVIDE (__init_array_start = .)
 *(SORT_BY_NAME(.init_array.*))
 .init_array.00000
                0x0000000008016564        0x4 /home/bhavya/Downloads/1/plugins/fr.ac6.mcu.externaltools.arm-none.linux64_1.17.0.201812190825/tools/compiler/bin/../lib/gcc/arm-none-eabi/7.3.1/../../../../arm-none-eabi/lib/thumb/v7e-m/fpv4-sp/hard/libc.a(lib_a-__call_atexit.o)
 *(.init_array*)
 .init_array    0x0000000008016568        0x4 /home/bhavya/Downloads/1/plugins/fr.ac6.mcu.externaltools.arm-none.linux64_1.17.0.201812190825/tools/compiler/bin/../lib/gcc/arm-none-eabi/7.3.1/thumb/v7e-m/fpv4-sp/hard/crtbegin.o
                0x000000000801656c                PROVIDE (__init_array_end = .)
                0x000000000801656c                . = ALIGN (0x4)

.fini_array     0x000000000801656c        0x4
                0x000000000801656c                . = ALIGN (0x4)
                0x000000000801656c                PROVIDE (__fini_array_start = .)
 *(SORT_BY_NAME(.fini_array.*))
 *(.fini_array*)
 .fini_array    0x000000000801656c        0x4 /home/bhavya/Downloads/1/plugins/fr.ac6.mcu.externaltools.arm-none.linux64_1.17.0.201812190825/tools/compiler/bin/../lib/gcc/arm-none-eabi/7.3.1/thumb/v7e-m/fpv4-sp/hard/crtbegin.o
                0x0000000008016570                PROVIDE (__fini_array_end = .)
                0x0000000008016570                . = ALIGN (0x4)
                0x0000000008016570                _sidata = LOADADDR (.data)

.data           0x0000000020000000      0x61c load address 0x0000000008016570
                0x0000000020000000                . = ALIGN (0x4)
                0x0000000020000000                _sdata = .
 *(.data)
 .data          0x0000000020000000      0x110 Ventilation/src/ACTUATOR/ACT_BlowerCmd.o
                0x0000000020000000                VEN_ControllerType
                0x0000000020000004                AdjustMode
                0x0000000020000008                VEN_TiTeValueMesured
                0x0000000020000010                VEN_MeasuredValues
                0x00000000200000b0                VEN_PeMin
                0x00000000200000b4                VEN_Vti
                0x00000000200000b8                VEN_Rise_Pi_Set_Point
                0x00000000200000bc                VEN_Qi_Set_Point
                0x00000000200000c0                VEN_PressureUpStep
                0x00000000200000c4                VEN_PressureDownStep
                0x00000000200000c8                VEN_PMax
                0x00000000200000cc                VEN_StartBip
                0x00000000200000d0                VEN_TemporaryMeasureQinspMin
                0x00000000200000d4                VEN_TemporaryMeasureQinspMax
                0x00000000200000d8                VEN_PreviousAverageFlow
                0x00000000200000dc                VEN_SIMV_PS_End
                0x000000002000010c                BLOWER_CMD_2
 .data          0x0000000020000110        0x4 Ventilation/src/ACTUATOR/ACT_BrakePower.o
                0x0000000020000110                BLOWER_CMD_1
 .data          0x0000000020000114        0x4 Ventilation/src/ACTUATOR/ACT_O2ValveCmd.o
                0x0000000020000114                VANNE_O2_CMD_2
 .data          0x0000000020000118        0x4 Ventilation/src/ACTUATOR/ACT_ValveCmd.o
                0x0000000020000118                VALVE_CMD_2
 .data          0x000000002000011c        0x4 Ventilation/src/COMPUTE/CMP_CalculFlowLeak.o
 .data          0x0000000020000120        0x1 Ventilation/src/CYCLES/CYC_Pres_Vol_CyclesMngt.o
 *fill*         0x0000000020000121        0x3 
 .data          0x0000000020000124        0x4 Ventilation/src/CYCLES/CYC_TriggerEDetection.o
 .data          0x0000000020000128        0x4 Ventilation/src/DISPLAY/DIS_Backlight.o
 .data          0x000000002000012c        0x9 Ventilation/src/SECURITY/SEC_ACPowerFail.o
 .data          0x0000000020000135        0x1 Ventilation/src/SECURITY/SEC_Apnea.o
 .data          0x0000000020000136        0x1 Ventilation/src/SECURITY/SEC_CheckValve.o
 *fill*         0x0000000020000137        0x1 
 .data          0x0000000020000138        0x5 Ventilation/src/SECURITY/SEC_CheckValvePressure.o
 *fill*         0x000000002000013d        0x3 
 .data          0x0000000020000140        0x4 Ventilation/src/SECURITY/SEC_ClockDefault.o
 .data          0x0000000020000144        0x1 Ventilation/src/SECURITY/SEC_ControlledCycles.o
 *fill*         0x0000000020000145        0x3 
 .data          0x0000000020000148        0x4 Ventilation/src/SECURITY/SEC_DCPowerFail.o
 .data          0x000000002000014c        0x8 Ventilation/src/SECURITY/SEC_EndOfBattery.o
 .data          0x0000000020000154        0x4 Ventilation/src/SECURITY/SEC_FirstCycleDetection.o
 .data          0x0000000020000158        0x4 Ventilation/src/SECURITY/SEC_HighPressure.o
 .data          0x000000002000015c        0x1 Ventilation/src/SECURITY/SEC_HighRate.o
 .data          0x000000002000015d        0x1 Ventilation/src/SECURITY/SEC_HighVti.o
 .data          0x000000002000015e        0x1 Ventilation/src/SECURITY/SEC_Leakage.o
 *fill*         0x000000002000015f        0x1 
 .data          0x0000000020000160       0x10 Ventilation/src/SECURITY/SEC_LowBattery.o
 .data          0x0000000020000170        0x4 Ventilation/src/SECURITY/SEC_LowVti.o
 .data          0x0000000020000174        0x1 Ventilation/src/SECURITY/SEC_Occlusion.o
 .data          0x0000000020000175        0x1 Ventilation/src/SECURITY/SEC_ValveLeakage.o
 *fill*         0x0000000020000176        0x2 
 .data          0x0000000020000178        0xc Ventilation/src/SET_UP/SET_Actuator.o
                0x0000000020000178                VANNE_O2_CMD_1
                0x000000002000017c                VALVE_CMD_1
                0x0000000020000180                BLOWER_CMD_3
 .data          0x0000000020000184        0x4 Ventilation/src/SET_UP/SET_ExhFlowCalibration.o
 .data          0x0000000020000188        0x8 Ventilation/src/SET_UP/SET_FasValveCalibration.o
 .data          0x0000000020000190        0x4 Ventilation/src/SET_UP/SET_RTC_Mngt.o
 .data          0x0000000020000194        0x4 Ventilation/src/SYSTEM/SYS_ExhFlowCalibration.o
 .data          0x0000000020000198       0x28 Ventilation/src/SYSTEM/SYS_PressionChoice.o
 .data          0x00000000200001c0       0x10 Ventilation/src/VENTILATION/VEN_Actuators.o
                0x00000000200001c0                VANNE_O2_1_CMD
                0x00000000200001c4                VALVE_1_CMD
                0x00000000200001c8                BLOWER_1_CMD
 .data          0x00000000200001d0        0x8 Ventilation/src/VENTILATION/VEN_Compute.o
                0x00000000200001d0                CMP_DefaultQinsp
                0x00000000200001d4                CMP_CorrectorVtSin
 .data          0x00000000200001d8        0x4 Ventilation/src/VENTILATION/VEN_Cycles.o
                0x00000000200001d8                RazSightCpt
 .data          0x00000000200001dc        0x8 Ventilation/src/VENTILATION/VEN_LeakActuators.o
                0x00000000200001dc                VALVE_2_CMD
                0x00000000200001e0                BLOWER_2_CMD
 *(.data*)
 .data.__fdlib_version
                0x00000000200001e4        0x1 /home/bhavya/Downloads/1/plugins/fr.ac6.mcu.externaltools.arm-none.linux64_1.17.0.201812190825/tools/compiler/bin/../lib/gcc/arm-none-eabi/7.3.1/../../../../arm-none-eabi/lib/thumb/v7e-m/fpv4-sp/hard/libm.a(lib_a-s_lib_ver.o)
                0x00000000200001e4                __fdlib_version
 *fill*         0x00000000200001e5        0x3 
 .data._impure_ptr
                0x00000000200001e8        0x4 /home/bhavya/Downloads/1/plugins/fr.ac6.mcu.externaltools.arm-none.linux64_1.17.0.201812190825/tools/compiler/bin/../lib/gcc/arm-none-eabi/7.3.1/../../../../arm-none-eabi/lib/thumb/v7e-m/fpv4-sp/hard/libc.a(lib_a-impure.o)
                0x00000000200001e8                _impure_ptr
 *fill*         0x00000000200001ec        0x4 
 .data.impure_data
                0x00000000200001f0      0x428 /home/bhavya/Downloads/1/plugins/fr.ac6.mcu.externaltools.arm-none.linux64_1.17.0.201812190825/tools/compiler/bin/../lib/gcc/arm-none-eabi/7.3.1/../../../../arm-none-eabi/lib/thumb/v7e-m/fpv4-sp/hard/libc.a(lib_a-impure.o)
 .data.__atexit_recursive_mutex